{"type": "TaskStarted", "timestamp": "2026-02-24T15:21:00.560Z", "sessionID": "ffa1293d-9b89-4567-8219-6764d0a0e92d"}
{"type": "idSubmitted", "timestamp": "2026-02-24T15:21:00.563Z", "sessionID": "ffa1293d-9b89-4567-8219-6764d0a0e92d", "uid": "Participant9"}
{"type": "queryBoxFocused", "timestamp": "2026-02-24T15:21:10.230Z", "sessionID": "ffa1293d-9b89-4567-8219-6764d0a0e92d"}
{"type": "querySubmitted", "timestamp": "2026-02-24T15:21:12.346Z", "sessionID": "ffa1293d-9b89-4567-8219-6764d0a0e92d", "query": "query"}
{"type": "searchResultGenerated", "timestamp": "2026-02-24T15:21:13.388Z", "sessionID": "ffa1293d-9b89-4567-8219-6764d0a0e92d", "query": "query", "docid": "4282", "rank": "1", "page": "1", "url": "http://www.gutenberg.org/files/18880/18880-h/18880-h.htm#Prince_Trubetskois_Appeal_to_Russians_to_Help_the_Polish_Victims_of_War", "windowLocation": "http://localhost:7001/result?query=query&page=1"}
{"type": "searchResultGenerated", "timestamp": "2026-02-24T15:21:13.388Z", "sessionID": "ffa1293d-9b89-4567-8219-6764d0a0e92d", "query": "query", "docid": "732", "rank": "2", "page": "1", "url": "http://www.gutenberg.org/cache/epub/14566/pg14566-images.html", "windowLocation": "http://localhost:7001/result?query=query&page=1"}
{"type": "searchResultGenerated", "timestamp": "2026-02-24T15:21:13.388Z", "sessionID": "ffa1293d-9b89-4567-8219-6764d0a0e92d", "query": "query", "docid": "1905", "rank": "3", "page": "1", "url": "https://en.wikipedia.org/wiki/Big_data", "windowLocation": "http://localhost:7001/result?query=query&page=1"}
{"type": "cursorEnteredSnippet", "timestamp": "2026-02-24T15:21:14.183Z", "sessionID": "ffa1293d-9b89-4567-8219-6764d0a0e92d", "query": "query", "docid": "4282", "rank": "1", "page": "1"}
{"type": "cursorLeftSnippet", "timestamp": "2026-02-24T15:21:14.516Z", "sessionID": "ffa1293d-9b89-4567-8219-6764d0a0e92d", "query": "query", "docid": "4282", "rank": "1", "page": "1"}
{"type": "cursorEnteredSnippet", "timestamp": "2026-02-24T15:21:14.699Z", "sessionID": "ffa1293d-9b89-4567-8219-6764d0a0e92d", "query": "query", "docid": "732", "rank": "2", "page": "1"}
{"type": "clickedResult", "timestamp": "2026-02-24T15:21:15.589Z", "sessionID": "ffa1293d-9b89-4567-8219-6764d0a0e92d", "query": "query", "rank": "2", "page": "1", "url": "http://www.gutenberg.org/cache/epub/14566/pg14566-images.html"}
{"type": "cursorLeftSnippet", "timestamp": "2026-02-24T15:21:16.018Z", "sessionID": "ffa1293d-9b89-4567-8219-6764d0a0e92d", "query": "query", "docid": "732", "rank": "2", "page": "1"}
{"type": "wentBack", "timestamp": "2026-02-24T15:21:17.946Z", "sessionID": "ffa1293d-9b89-4567-8219-6764d0a0e92d"}
{"type": "queryBoxFocused", "timestamp": "2026-02-24T15:21:19.010Z", "sessionID": "ffa1293d-9b89-4567-8219-6764d0a0e92d"}
{"type": "querySubmitted", "timestamp": "2026-02-24T15:21:21.535Z", "sessionID": "ffa1293d-9b89-4567-8219-6764d0a0e92d", "query": "ducks"}
{"type": "searchResultGenerated", "timestamp": "2026-02-24T15:21:21.737Z", "sessionID": "ffa1293d-9b89-4567-8219-6764d0a0e92d", "query": "ducks", "docid": "2938", "rank": "1", "page": "1", "url": "https://www.africanstorybook.org/#", "windowLocation": "http://localhost:7001/result?query=ducks&page=1"}
{"type": "searchResultGenerated", "timestamp": "2026-02-24T15:21:21.737Z", "sessionID": "ffa1293d-9b89-4567-8219-6764d0a0e92d", "query": "ducks", "docid": "5607", "rank": "2", "page": "1", "url": "http://www.gutenberg.org/files/15170/15170-h/15170-h.htm#mirror", "windowLocation": "http://localhost:7001/result?query=ducks&page=1"}
{"type": "searchResultGenerated", "timestamp": "2026-02-24T15:21:21.738Z", "sessionID": "ffa1293d-9b89-4567-8219-6764d0a0e92d", "query": "ducks", "docid": "5292", "rank": "3", "page": "1", "url": "http://www.gutenberg.org/files/40756/40756-h/40756-h.htm#Page_135", "windowLocation": "http://localhost:7001/result?query=ducks&page=1"}
{"type": "searchResultGenerated", "timestamp": "2026-02-24T15:21:21.738Z", "sessionID": "ffa1293d-9b89-4567-8219-6764d0a0e92d", "query": "ducks", "docid": "5499", "rank": "4", "page": "1", "url": "http://www.gutenberg.org/files/28130/28130-h/28130-h.htm#Page_57", "windowLocation": "http://localhost:7001/result?query=ducks&page=1"}
{"type": "searchResultGenerated", "timestamp": "2026-02-24T15:21:21.738Z", "sessionID": "ffa1293d-9b89-4567-8219-6764d0a0e92d", "query": "ducks", "docid": "5642", "rank": "5", "page": "1", "url": "http://www.gutenberg.org/files/16522/16522-h/16522-h.htm#ELSIES_DUCKS", "windowLocation": "http://localhost:7001/result?query=ducks&page=1"}
{"type": "searchResultGenerated", "timestamp": "2026-02-24T15:21:21.738Z", "sessionID": "ffa1293d-9b89-4567-8219-6764d0a0e92d", "query": "ducks", "docid": "4817", "rank": "6", "page": "1", "url": "http://www.gutenberg.org/files/902/902-h/902-h.htm", "windowLocation": "http://localhost:7001/result?query=ducks&page=1"}
{"type": "searchResultGenerated", "timestamp": "2026-02-24T15:21:21.738Z", "sessionID": "ffa1293d-9b89-4567-8219-6764d0a0e92d", "query": "ducks", "docid": "4970", "rank": "7", "page": "1", "url": "http://www.gutenberg.org/files/8950/8950-h/8950-h.htm", "windowLocation": "http://localhost:7001/result?query=ducks&page=1"}
{"type": "searchResultGenerated", "timestamp": "2026-02-24T15:21:21.738Z", "sessionID": "ffa1293d-9b89-4567-8219-6764d0a0e92d", "query": "ducks", "docid": "6202", "rank": "8", "page": "1", "url": "http://www.gutenberg.org/files/16891/16891-h/16891-h.htm", "windowLocation": "http://localhost:7001/result?query=ducks&page=1"}
{"type": "searchResultGenerated", "timestamp": "2026-02-24T15:21:21.738Z", "sessionID": "ffa1293d-9b89-4567-8219-6764d0a0e92d", "query": "ducks", "docid": "5714", "rank": "9", "page": "1", "url": "http://www.gutenberg.org/files/24940/24940-h/24940-h.htm#Page_69", "windowLocation": "http://localhost:7001/result?query=ducks&page=1"}
{"type": "searchResultGenerated", "timestamp": "2026-02-24T15:21:21.738Z", "sessionID": "ffa1293d-9b89-4567-8219-6764d0a0e92d", "query": "ducks", "docid": "5589", "rank": "10", "page": "1", "url": "http://www.gutenberg.org/files/28133/28133-h/28133-h.htm#Page_139", "windowLocation": "http://localhost:7001/result?query=ducks&page=1"}
{"type": "cursorEnteredSnippet", "timestamp": "2026-02-24T15:21:22.866Z", "sessionID": "ffa1293d-9b89-4567-8219-6764d0a0e92d", "query": "ducks", "docid": "5607", "rank": "2", "page": "1"}
{"type": "cursorLeftSnippet", "timestamp": "2026-02-24T15:21:22.916Z", "sessionID": "ffa1293d-9b89-4567-8219-6764d0a0e92d", "query": "ducks", "docid": "5607", "rank": "2", "page": "1"}
{"type": "cursorEnteredSnippet", "timestamp": "2026-02-24T15:21:22.916Z", "sessionID": "ffa1293d-9b89-4567-8219-6764d0a0e92d", "query": "ducks", "docid": "5292", "rank": "3", "page": "1"}
{"type": "cursorLeftSnippet", "timestamp": "2026-02-24T15:21:23.799Z", "sessionID": "ffa1293d-9b89-4567-8219-6764d0a0e92d", "query": "ducks", "docid": "5292", "rank": "3", "page": "1"}
{"type": "cursorEnteredSnippet", "timestamp": "2026-02-24T15:21:23.799Z", "sessionID": "ffa1293d-9b89-4567-8219-6764d0a0e92d", "query": "ducks", "docid": "5642", "rank": "5", "page": "1"}
{"type": "clickedResult", "timestamp": "2026-02-24T15:21:24.485Z", "sessionID": "ffa1293d-9b89-4567-8219-6764d0a0e92d", "query": "ducks", "rank": "5", "page": "1", "url": "http://www.gutenberg.org/files/16522/16522-h/16522-h.htm#ELSIES_DUCKS"}
{"type": "cursorLeftSnippet", "timestamp": "2026-02-24T15:21:24.648Z", "sessionID": "ffa1293d-9b89-4567-8219-6764d0a0e92d", "query": "ducks", "docid": "5642", "rank": "5", "page": "1"}
{"type": "wentBack", "timestamp": "2026-02-24T15:21:26.613Z", "sessionID": "ffa1293d-9b89-4567-8219-6764d0a0e92d"}
{"type": "searchResultGenerated", "timestamp": "2026-02-24T15:21:27.619Z", "sessionID": "ffa1293d-9b89-4567-8219-6764d0a0e92d", "query": "query", "docid": "4282", "rank": "1", "page": "1", "url": "http://www.gutenberg.org/files/18880/18880-h/18880-h.htm#Prince_Trubetskois_Appeal_to_Russians_to_Help_the_Polish_Victims_of_War", "windowLocation": "http://localhost:7001/result?query=query&page=1"}
{"type": "searchResultGenerated", "timestamp": "2026-02-24T15:21:27.619Z", "sessionID": "ffa1293d-9b89-4567-8219-6764d0a0e92d", "query": "query", "docid": "732", "rank": "2", "page": "1", "url": "http://www.gutenberg.org/cache/epub/14566/pg14566-images.html", "windowLocation": "http://localhost:7001/result?query=query&page=1"}
{"type": "searchResultGenerated", "timestamp": "2026-02-24T15:21:27.619Z", "sessionID": "ffa1293d-9b89-4567-8219-6764d0a0e92d", "query": "query", "docid": "1905", "rank": "3", "page": "1", "url": "https://en.wikipedia.org/wiki/Big_data", "windowLocation": "http://localhost:7001/result?query=query&page=1"}
{"type": "searchResultGenerated", "timestamp": "2026-02-24T15:21:35.289Z", "sessionID": "ffa1293d-9b89-4567-8219-6764d0a0e92d", "query": "ducks", "docid": "2938", "rank": "1", "page": "1", "url": "https://www.africanstorybook.org/#", "windowLocation": "http://localhost:7001/result?query=ducks&page=1"}
{"type": "searchResultGenerated", "timestamp": "2026-02-24T15:21:35.289Z", "sessionID": "ffa1293d-9b89-4567-8219-6764d0a0e92d", "query": "ducks", "docid": "5607", "rank": "2", "page": "1", "url": "http://www.gutenberg.org/files/15170/15170-h/15170-h.htm#mirror", "windowLocation": "http://localhost:7001/result?query=ducks&page=1"}
{"type": "searchResultGenerated", "timestamp": "2026-02-24T15:21:35.289Z", "sessionID": "ffa1293d-9b89-4567-8219-6764d0a0e92d", "query": "ducks", "docid": "5292", "rank": "3", "page": "1", "url": "http://www.gutenberg.org/files/40756/40756-h/40756-h.htm#Page_135", "windowLocation": "http://localhost:7001/result?query=ducks&page=1"}
{"type": "searchResultGenerated", "timestamp": "2026-02-24T15:21:35.290Z", "sessionID": "ffa1293d-9b89-4567-8219-6764d0a0e92d", "query": "ducks", "docid": "5499", "rank": "4", "page": "1", "url": "http://www.gutenberg.org/files/28130/28130-h/28130-h.htm#Page_57", "windowLocation": "http://localhost:7001/result?query=ducks&page=1"}
{"type": "searchResultGenerated", "timestamp": "2026-02-24T15:21:35.290Z", "sessionID": "ffa1293d-9b89-4567-8219-6764d0a0e92d", "query": "ducks", "docid": "5642", "rank": "5", "page": "1", "url": "http://www.gutenberg.org/files/16522/16522-h/16522-h.htm#ELSIES_DUCKS", "windowLocation": "http://localhost:7001/result?query=ducks&page=1"}
{"type": "searchResultGenerated", "timestamp": "2026-02-24T15:21:35.291Z", "sessionID": "ffa1293d-9b89-4567-8219-6764d0a0e92d", "query": "ducks", "docid": "4817", "rank": "6", "page": "1", "url": "http://www.gutenberg.org/files/902/902-h/902-h.htm", "windowLocation": "http://localhost:7001/result?query=ducks&page=1"}
{"type": "searchResultGenerated", "timestamp": "2026-02-24T15:21:35.291Z", "sessionID": "ffa1293d-9b89-4567-8219-6764d0a0e92d", "query": "ducks", "docid": "4970", "rank": "7", "page": "1", "url": "http://www.gutenberg.org/files/8950/8950-h/8950-h.htm", "windowLocation": "http://localhost:7001/result?query=ducks&page=1"}
{"type": "searchResultGenerated", "timestamp": "2026-02-24T15:21:35.291Z", "sessionID": "ffa1293d-9b89-4567-8219-6764d0a0e92d", "query": "ducks", "docid": "6202", "rank": "8", "page": "1", "url": "http://www.gutenberg.org/files/16891/16891-h/16891-h.htm", "windowLocation": "http://localhost:7001/result?query=ducks&page=1"}
{"type": "searchResultGenerated", "timestamp": "2026-02-24T15:21:35.292Z", "sessionID": "ffa1293d-9b89-4567-8219-6764d0a0e92d", "query": "ducks", "docid": "5714", "rank": "9", "page": "1", "url": "http://www.gutenberg.org/files/24940/24940-h/24940-h.htm#Page_69", "windowLocation": "http://localhost:7001/result?query=ducks&page=1"}
{"type": "searchResultGenerated", "timestamp": "2026-02-24T15:21:35.292Z", "sessionID": "ffa1293d-9b89-4567-8219-6764d0a0e92d", "query": "ducks", "docid": "5589", "rank": "10", "page": "1", "url": "http://www.gutenberg.org/files/28133/28133-h/28133-h.htm#Page_139", "windowLocation": "http://localhost:7001/result?query=ducks&page=1"}
{"type": "searchResultGenerated", "timestamp": "2026-02-24T15:21:38.687Z", "sessionID": "ffa1293d-9b89-4567-8219-6764d0a0e92d", "query": "ducks", "docid": "2938", "rank": "1", "page": "1", "url": "https://www.africanstorybook.org/#", "windowLocation": "http://localhost:7001/result?query=ducks&page=1"}
{"type": "searchResultGenerated", "timestamp": "2026-02-24T15:21:38.687Z", "sessionID": "ffa1293d-9b89-4567-8219-6764d0a0e92d", "query": "ducks", "docid": "5607", "rank": "2", "page": "1", "url": "http://www.gutenberg.org/files/15170/15170-h/15170-h.htm#mirror", "windowLocation": "http://localhost:7001/result?query=ducks&page=1"}
{"type": "searchResultGenerated", "timestamp": "2026-02-24T15:21:38.687Z", "sessionID": "ffa1293d-9b89-4567-8219-6764d0a0e92d", "query": "ducks", "docid": "5292", "rank": "3", "page": "1", "url": "http://www.gutenberg.org/files/40756/40756-h/40756-h.htm#Page_135", "windowLocation": "http://localhost:7001/result?query=ducks&page=1"}
{"type": "searchResultGenerated", "timestamp": "2026-02-24T15:21:38.687Z", "sessionID": "ffa1293d-9b89-4567-8219-6764d0a0e92d", "query": "ducks", "docid": "5499", "rank": "4", "page": "1", "url": "http://www.gutenberg.org/files/28130/28130-h/28130-h.htm#Page_57", "windowLocation": "http://localhost:7001/result?query=ducks&page=1"}
{"type": "searchResultGenerated", "timestamp": "2026-02-24T15:21:38.687Z", "sessionID": "ffa1293d-9b89-4567-8219-6764d0a0e92d", "query": "ducks", "docid": "5642", "rank": "5", "page": "1", "url": "http://www.gutenberg.org/files/16522/16522-h/16522-h.htm#ELSIES_DUCKS", "windowLocation": "http://localhost:7001/result?query=ducks&page=1"}
{"type": "searchResultGenerated", "timestamp": "2026-02-24T15:21:38.688Z", "sessionID": "ffa1293d-9b89-4567-8219-6764d0a0e92d", "query": "ducks", "docid": "4817", "rank": "6", "page": "1", "url": "http://www.gutenberg.org/files/902/902-h/902-h.htm", "windowLocation": "http://localhost:7001/result?query=ducks&page=1"}
{"type": "searchResultGenerated", "timestamp": "2026-02-24T15:21:38.688Z", "sessionID": "ffa1293d-9b89-4567-8219-6764d0a0e92d", "query": "ducks", "docid": "4970", "rank": "7", "page": "1", "url": "http://www.gutenberg.org/files/8950/8950-h/8950-h.htm", "windowLocation": "http://localhost:7001/result?query=ducks&page=1"}
{"type": "searchResultGenerated", "timestamp": "2026-02-24T15:21:38.688Z", "sessionID": "ffa1293d-9b89-4567-8219-6764d0a0e92d", "query": "ducks", "docid": "6202", "rank": "8", "page": "1", "url": "http://www.gutenberg.org/files/16891/16891-h/16891-h.htm", "windowLocation": "http://localhost:7001/result?query=ducks&page=1"}
{"type": "searchResultGenerated", "timestamp": "2026-02-24T15:21:38.688Z", "sessionID": "ffa1293d-9b89-4567-8219-6764d0a0e92d", "query": "ducks", "docid": "5714", "rank": "9", "page": "1", "url": "http://www.gutenberg.org/files/24940/24940-h/24940-h.htm#Page_69", "windowLocation": "http://localhost:7001/result?query=ducks&page=1"}
{"type": "searchResultGenerated", "timestamp": "2026-02-24T15:21:38.688Z", "sessionID": "ffa1293d-9b89-4567-8219-6764d0a0e92d", "query": "ducks", "docid": "5589", "rank": "10", "page": "1", "url": "http://www.gutenberg.org/files/28133/28133-h/28133-h.htm#Page_139", "windowLocation": "http://localhost:7001/result?query=ducks&page=1"}
{"type": "ClickedEndTask", "timestamp": "2026-02-24T15:21:42.851Z", "sessionID": "ffa1293d-9b89-4567-8219-6764d0a0e92d"}
{"type": "TaskEndConfirmed", "timestamp": "2026-02-24T15:21:43.669Z", "sessionID": "ffa1293d-9b89-4567-8219-6764d0a0e92d"}
