{"type": "TaskStarted", "timestamp": "2026-02-24T13:55:08.952Z", "sessionID": "096f4269-190e-4384-95d0-0a32244534c9"}
{"type": "idSubmitted", "timestamp": "2026-02-24T13:55:08.954Z", "sessionID": "096f4269-190e-4384-95d0-0a32244534c9", "uid": "Participant16"}
{"type": "queryBoxFocused", "timestamp": "2026-02-24T13:55:10.641Z", "sessionID": "096f4269-190e-4384-95d0-0a32244534c9"}
{"type": "querySubmitted", "timestamp": "2026-02-24T13:55:12.095Z", "sessionID": "096f4269-190e-4384-95d0-0a32244534c9", "query": "ducks"}
{"type": "searchResultGenerated", "timestamp": "2026-02-24T13:55:13.192Z", "sessionID": "096f4269-190e-4384-95d0-0a32244534c9", "query": "ducks", "docid": "2938", "rank": "1", "page": "1", "url": "https://www.africanstorybook.org/#", "windowLocation": "http://localhost:7001/result?query=ducks&page=1"}
{"type": "searchResultGenerated", "timestamp": "2026-02-24T13:55:13.192Z", "sessionID": "096f4269-190e-4384-95d0-0a32244534c9", "query": "ducks", "docid": "5607", "rank": "2", "page": "1", "url": "http://www.gutenberg.org/files/15170/15170-h/15170-h.htm#mirror", "windowLocation": "http://localhost:7001/result?query=ducks&page=1"}
{"type": "searchResultGenerated", "timestamp": "2026-02-24T13:55:13.192Z", "sessionID": "096f4269-190e-4384-95d0-0a32244534c9", "query": "ducks", "docid": "5292", "rank": "3", "page": "1", "url": "http://www.gutenberg.org/files/40756/40756-h/40756-h.htm#Page_135", "windowLocation": "http://localhost:7001/result?query=ducks&page=1"}
{"type": "searchResultGenerated", "timestamp": "2026-02-24T13:55:13.192Z", "sessionID": "096f4269-190e-4384-95d0-0a32244534c9", "query": "ducks", "docid": "5499", "rank": "4", "page": "1", "url": "http://www.gutenberg.org/files/28130/28130-h/28130-h.htm#Page_57", "windowLocation": "http://localhost:7001/result?query=ducks&page=1"}
{"type": "searchResultGenerated", "timestamp": "2026-02-24T13:55:13.192Z", "sessionID": "096f4269-190e-4384-95d0-0a32244534c9", "query": "ducks", "docid": "5642", "rank": "5", "page": "1", "url": "http://www.gutenberg.org/files/16522/16522-h/16522-h.htm#ELSIES_DUCKS", "windowLocation": "http://localhost:7001/result?query=ducks&page=1"}
{"type": "searchResultGenerated", "timestamp": "2026-02-24T13:55:13.192Z", "sessionID": "096f4269-190e-4384-95d0-0a32244534c9", "query": "ducks", "docid": "4817", "rank": "6", "page": "1", "url": "http://www.gutenberg.org/files/902/902-h/902-h.htm", "windowLocation": "http://localhost:7001/result?query=ducks&page=1"}
{"type": "searchResultGenerated", "timestamp": "2026-02-24T13:55:13.192Z", "sessionID": "096f4269-190e-4384-95d0-0a32244534c9", "query": "ducks", "docid": "4970", "rank": "7", "page": "1", "url": "http://www.gutenberg.org/files/8950/8950-h/8950-h.htm", "windowLocation": "http://localhost:7001/result?query=ducks&page=1"}
{"type": "searchResultGenerated", "timestamp": "2026-02-24T13:55:13.193Z", "sessionID": "096f4269-190e-4384-95d0-0a32244534c9", "query": "ducks", "docid": "6202", "rank": "8", "page": "1", "url": "http://www.gutenberg.org/files/16891/16891-h/16891-h.htm", "windowLocation": "http://localhost:7001/result?query=ducks&page=1"}
{"type": "searchResultGenerated", "timestamp": "2026-02-24T13:55:13.193Z", "sessionID": "096f4269-190e-4384-95d0-0a32244534c9", "query": "ducks", "docid": "5714", "rank": "9", "page": "1", "url": "http://www.gutenberg.org/files/24940/24940-h/24940-h.htm#Page_69", "windowLocation": "http://localhost:7001/result?query=ducks&page=1"}
{"type": "searchResultGenerated", "timestamp": "2026-02-24T13:55:13.193Z", "sessionID": "096f4269-190e-4384-95d0-0a32244534c9", "query": "ducks", "docid": "5589", "rank": "10", "page": "1", "url": "http://www.gutenberg.org/files/28133/28133-h/28133-h.htm#Page_139", "windowLocation": "http://localhost:7001/result?query=ducks&page=1"}
{"type": "cursorEnteredSnippet", "timestamp": "2026-02-24T13:55:13.497Z", "sessionID": "096f4269-190e-4384-95d0-0a32244534c9", "query": "ducks", "docid": "2938", "rank": "1", "page": "1"}
{"type": "cursorLeftSnippet", "timestamp": "2026-02-24T13:55:13.529Z", "sessionID": "096f4269-190e-4384-95d0-0a32244534c9", "query": "ducks", "docid": "2938", "rank": "1", "page": "1"}
{"type": "cursorEnteredSnippet", "timestamp": "2026-02-24T13:55:13.529Z", "sessionID": "096f4269-190e-4384-95d0-0a32244534c9", "query": "ducks", "docid": "5607", "rank": "2", "page": "1"}
{"type": "cursorLeftSnippet", "timestamp": "2026-02-24T13:55:13.564Z", "sessionID": "096f4269-190e-4384-95d0-0a32244534c9", "query": "ducks", "docid": "5607", "rank": "2", "page": "1"}
{"type": "cursorEnteredSnippet", "timestamp": "2026-02-24T13:55:13.564Z", "sessionID": "096f4269-190e-4384-95d0-0a32244534c9", "query": "ducks", "docid": "5292", "rank": "3", "page": "1"}
{"type": "cursorLeftSnippet", "timestamp": "2026-02-24T13:55:13.612Z", "sessionID": "096f4269-190e-4384-95d0-0a32244534c9", "query": "ducks", "docid": "5292", "rank": "3", "page": "1"}
{"type": "cursorEnteredSnippet", "timestamp": "2026-02-24T13:55:13.679Z", "sessionID": "096f4269-190e-4384-95d0-0a32244534c9", "query": "ducks", "docid": "5292", "rank": "3", "page": "1"}
{"type": "cursorLeftSnippet", "timestamp": "2026-02-24T13:55:13.946Z", "sessionID": "096f4269-190e-4384-95d0-0a32244534c9", "query": "ducks", "docid": "5292", "rank": "3", "page": "1"}
{"type": "cursorEnteredSnippet", "timestamp": "2026-02-24T13:55:13.962Z", "sessionID": "096f4269-190e-4384-95d0-0a32244534c9", "query": "ducks", "docid": "5499", "rank": "4", "page": "1"}
{"type": "clickedResult", "timestamp": "2026-02-24T13:55:14.480Z", "sessionID": "096f4269-190e-4384-95d0-0a32244534c9", "query": "ducks", "rank": "4", "page": "1", "url": "http://www.gutenberg.org/files/28130/28130-h/28130-h.htm#Page_57"}
{"type": "cursorLeftSnippet", "timestamp": "2026-02-24T13:55:14.634Z", "sessionID": "096f4269-190e-4384-95d0-0a32244534c9", "query": "ducks", "docid": "5499", "rank": "4", "page": "1"}
{"type": "searchResultGenerated", "timestamp": "2026-02-24T13:55:16.898Z", "sessionID": "096f4269-190e-4384-95d0-0a32244534c9", "query": "ducks", "docid": "2938", "rank": "1", "page": "1", "url": "https://www.africanstorybook.org/#", "windowLocation": "http://localhost:7001/result?query=ducks&page=1"}
{"type": "searchResultGenerated", "timestamp": "2026-02-24T13:55:16.899Z", "sessionID": "096f4269-190e-4384-95d0-0a32244534c9", "query": "ducks", "docid": "5607", "rank": "2", "page": "1", "url": "http://www.gutenberg.org/files/15170/15170-h/15170-h.htm#mirror", "windowLocation": "http://localhost:7001/result?query=ducks&page=1"}
{"type": "searchResultGenerated", "timestamp": "2026-02-24T13:55:16.899Z", "sessionID": "096f4269-190e-4384-95d0-0a32244534c9", "query": "ducks", "docid": "5292", "rank": "3", "page": "1", "url": "http://www.gutenberg.org/files/40756/40756-h/40756-h.htm#Page_135", "windowLocation": "http://localhost:7001/result?query=ducks&page=1"}
{"type": "searchResultGenerated", "timestamp": "2026-02-24T13:55:16.899Z", "sessionID": "096f4269-190e-4384-95d0-0a32244534c9", "query": "ducks", "docid": "5499", "rank": "4", "page": "1", "url": "http://www.gutenberg.org/files/28130/28130-h/28130-h.htm#Page_57", "windowLocation": "http://localhost:7001/result?query=ducks&page=1"}
{"type": "searchResultGenerated", "timestamp": "2026-02-24T13:55:16.899Z", "sessionID": "096f4269-190e-4384-95d0-0a32244534c9", "query": "ducks", "docid": "5642", "rank": "5", "page": "1", "url": "http://www.gutenberg.org/files/16522/16522-h/16522-h.htm#ELSIES_DUCKS", "windowLocation": "http://localhost:7001/result?query=ducks&page=1"}
{"type": "searchResultGenerated", "timestamp": "2026-02-24T13:55:16.899Z", "sessionID": "096f4269-190e-4384-95d0-0a32244534c9", "query": "ducks", "docid": "4817", "rank": "6", "page": "1", "url": "http://www.gutenberg.org/files/902/902-h/902-h.htm", "windowLocation": "http://localhost:7001/result?query=ducks&page=1"}
{"type": "searchResultGenerated", "timestamp": "2026-02-24T13:55:16.900Z", "sessionID": "096f4269-190e-4384-95d0-0a32244534c9", "query": "ducks", "docid": "4970", "rank": "7", "page": "1", "url": "http://www.gutenberg.org/files/8950/8950-h/8950-h.htm", "windowLocation": "http://localhost:7001/result?query=ducks&page=1"}
{"type": "searchResultGenerated", "timestamp": "2026-02-24T13:55:16.900Z", "sessionID": "096f4269-190e-4384-95d0-0a32244534c9", "query": "ducks", "docid": "6202", "rank": "8", "page": "1", "url": "http://www.gutenberg.org/files/16891/16891-h/16891-h.htm", "windowLocation": "http://localhost:7001/result?query=ducks&page=1"}
{"type": "searchResultGenerated", "timestamp": "2026-02-24T13:55:16.900Z", "sessionID": "096f4269-190e-4384-95d0-0a32244534c9", "query": "ducks", "docid": "5714", "rank": "9", "page": "1", "url": "http://www.gutenberg.org/files/24940/24940-h/24940-h.htm#Page_69", "windowLocation": "http://localhost:7001/result?query=ducks&page=1"}
{"type": "searchResultGenerated", "timestamp": "2026-02-24T13:55:16.900Z", "sessionID": "096f4269-190e-4384-95d0-0a32244534c9", "query": "ducks", "docid": "5589", "rank": "10", "page": "1", "url": "http://www.gutenberg.org/files/28133/28133-h/28133-h.htm#Page_139", "windowLocation": "http://localhost:7001/result?query=ducks&page=1"}
{"type": "cursorEnteredSnippet", "timestamp": "2026-02-24T13:55:16.996Z", "sessionID": "096f4269-190e-4384-95d0-0a32244534c9", "query": "ducks", "docid": "5607", "rank": "2", "page": "1"}
{"type": "cursorLeftSnippet", "timestamp": "2026-02-24T13:55:17.062Z", "sessionID": "096f4269-190e-4384-95d0-0a32244534c9", "query": "ducks", "docid": "5607", "rank": "2", "page": "1"}
{"type": "cursorEnteredSnippet", "timestamp": "2026-02-24T13:55:17.063Z", "sessionID": "096f4269-190e-4384-95d0-0a32244534c9", "query": "ducks", "docid": "5292", "rank": "3", "page": "1"}
{"type": "cursorLeftSnippet", "timestamp": "2026-02-24T13:55:19.147Z", "sessionID": "096f4269-190e-4384-95d0-0a32244534c9", "query": "ducks", "docid": "5292", "rank": "3", "page": "1"}
{"type": "cursorEnteredSnippet", "timestamp": "2026-02-24T13:55:19.148Z", "sessionID": "096f4269-190e-4384-95d0-0a32244534c9", "query": "ducks", "docid": "5714", "rank": "9", "page": "1"}
{"type": "cursorLeftSnippet", "timestamp": "2026-02-24T13:55:19.195Z", "sessionID": "096f4269-190e-4384-95d0-0a32244534c9", "query": "ducks", "docid": "5714", "rank": "9", "page": "1"}
{"type": "cursorEnteredSnippet", "timestamp": "2026-02-24T13:55:19.212Z", "sessionID": "096f4269-190e-4384-95d0-0a32244534c9", "query": "ducks", "docid": "5589", "rank": "10", "page": "1"}
{"type": "cursorLeftSnippet", "timestamp": "2026-02-24T13:55:19.279Z", "sessionID": "096f4269-190e-4384-95d0-0a32244534c9", "query": "ducks", "docid": "5589", "rank": "10", "page": "1"}
{"type": "cursorEnteredSnippet", "timestamp": "2026-02-24T13:55:19.995Z", "sessionID": "096f4269-190e-4384-95d0-0a32244534c9", "query": "ducks", "docid": "5589", "rank": "10", "page": "1"}
{"type": "cursorLeftSnippet", "timestamp": "2026-02-24T13:55:20.212Z", "sessionID": "096f4269-190e-4384-95d0-0a32244534c9", "query": "ducks", "docid": "5589", "rank": "10", "page": "1"}
{"type": "pageNavigationClicked", "timestamp": "2026-02-24T13:55:20.604Z", "sessionID": "096f4269-190e-4384-95d0-0a32244534c9", "clicked": "3", "fromPage": 1, "toPage": 3}
{"type": "searchResultGenerated", "timestamp": "2026-02-24T13:55:20.982Z", "sessionID": "096f4269-190e-4384-95d0-0a32244534c9", "query": "ducks", "docid": "6235", "rank": "1", "page": "3", "url": "http://www.gutenberg.org/files/7252/7252-h/7252-h.htm", "windowLocation": "http://localhost:7001/result?query=ducks&page=3"}
{"type": "searchResultGenerated", "timestamp": "2026-02-24T13:55:20.982Z", "sessionID": "096f4269-190e-4384-95d0-0a32244534c9", "query": "ducks", "docid": "2047", "rank": "2", "page": "3", "url": "https://kids.frontiersin.org/article/10.3389/frym.2020.00083", "windowLocation": "http://localhost:7001/result?query=ducks&page=3"}
{"type": "searchResultGenerated", "timestamp": "2026-02-24T13:55:20.983Z", "sessionID": "096f4269-190e-4384-95d0-0a32244534c9", "query": "ducks", "docid": "7365", "rank": "3", "page": "3", "url": "https://www.digitallibrary.io/en/books/details/1391", "windowLocation": "http://localhost:7001/result?query=ducks&page=3"}
{"type": "searchResultGenerated", "timestamp": "2026-02-24T13:55:20.983Z", "sessionID": "096f4269-190e-4384-95d0-0a32244534c9", "query": "ducks", "docid": "3208", "rank": "4", "page": "3", "url": "https://www.africanstorybook.org/", "windowLocation": "http://localhost:7001/result?query=ducks&page=3"}
{"type": "searchResultGenerated", "timestamp": "2026-02-24T13:55:20.983Z", "sessionID": "096f4269-190e-4384-95d0-0a32244534c9", "query": "ducks", "docid": "4340", "rank": "5", "page": "3", "url": "https://www.commonlit.org/texts/the-open-window", "windowLocation": "http://localhost:7001/result?query=ducks&page=3"}
{"type": "searchResultGenerated", "timestamp": "2026-02-24T13:55:20.983Z", "sessionID": "096f4269-190e-4384-95d0-0a32244534c9", "query": "ducks", "docid": "5234", "rank": "6", "page": "3", "url": "http://www.gutenberg.org/files/42159/42159-h/42159-h.htm#Page_308", "windowLocation": "http://localhost:7001/result?query=ducks&page=3"}
{"type": "searchResultGenerated", "timestamp": "2026-02-24T13:55:20.984Z", "sessionID": "096f4269-190e-4384-95d0-0a32244534c9", "query": "ducks", "docid": "4261", "rank": "7", "page": "3", "url": "http://www.gutenberg.org/files/20521/20521-h/20521-h.htm#French_Amenities", "windowLocation": "http://localhost:7001/result?query=ducks&page=3"}
{"type": "searchResultGenerated", "timestamp": "2026-02-24T13:55:20.984Z", "sessionID": "096f4269-190e-4384-95d0-0a32244534c9", "query": "ducks", "docid": "2967", "rank": "8", "page": "3", "url": "https://kids.frontiersin.org/article/10.3389/frym.2017.00007", "windowLocation": "http://localhost:7001/result?query=ducks&page=3"}
{"type": "searchResultGenerated", "timestamp": "2026-02-24T13:55:20.984Z", "sessionID": "096f4269-190e-4384-95d0-0a32244534c9", "query": "ducks", "docid": "3071", "rank": "9", "page": "3", "url": "https://www.africanstorybook.org/", "windowLocation": "http://localhost:7001/result?query=ducks&page=3"}
{"type": "searchResultGenerated", "timestamp": "2026-02-24T13:55:20.984Z", "sessionID": "096f4269-190e-4384-95d0-0a32244534c9", "query": "ducks", "docid": "7254", "rank": "10", "page": "3", "url": "https://www.digitallibrary.io/en/books/details/3753", "windowLocation": "http://localhost:7001/result?query=ducks&page=3"}
{"type": "cursorEnteredSnippet", "timestamp": "2026-02-24T13:55:21.288Z", "sessionID": "096f4269-190e-4384-95d0-0a32244534c9", "query": "ducks", "docid": "7365", "rank": "3", "page": "3"}
{"type": "clickedResult", "timestamp": "2026-02-24T13:55:22.007Z", "sessionID": "096f4269-190e-4384-95d0-0a32244534c9", "query": "ducks", "rank": "3", "page": "3", "url": "https://www.digitallibrary.io/en/books/details/1391"}
{"type": "cursorLeftSnippet", "timestamp": "2026-02-24T13:55:22.653Z", "sessionID": "096f4269-190e-4384-95d0-0a32244534c9", "query": "ducks", "docid": "7365", "rank": "3", "page": "3"}
{"type": "searchResultGenerated", "timestamp": "2026-02-24T13:55:27.499Z", "sessionID": "096f4269-190e-4384-95d0-0a32244534c9", "query": "ducks", "docid": "2938", "rank": "1", "page": "1", "url": "https://www.africanstorybook.org/#", "windowLocation": "http://localhost:7001/result?query=ducks&page=1"}
{"type": "searchResultGenerated", "timestamp": "2026-02-24T13:55:27.500Z", "sessionID": "096f4269-190e-4384-95d0-0a32244534c9", "query": "ducks", "docid": "5607", "rank": "2", "page": "1", "url": "http://www.gutenberg.org/files/15170/15170-h/15170-h.htm#mirror", "windowLocation": "http://localhost:7001/result?query=ducks&page=1"}
{"type": "searchResultGenerated", "timestamp": "2026-02-24T13:55:27.500Z", "sessionID": "096f4269-190e-4384-95d0-0a32244534c9", "query": "ducks", "docid": "5292", "rank": "3", "page": "1", "url": "http://www.gutenberg.org/files/40756/40756-h/40756-h.htm#Page_135", "windowLocation": "http://localhost:7001/result?query=ducks&page=1"}
{"type": "searchResultGenerated", "timestamp": "2026-02-24T13:55:27.500Z", "sessionID": "096f4269-190e-4384-95d0-0a32244534c9", "query": "ducks", "docid": "5499", "rank": "4", "page": "1", "url": "http://www.gutenberg.org/files/28130/28130-h/28130-h.htm#Page_57", "windowLocation": "http://localhost:7001/result?query=ducks&page=1"}
{"type": "searchResultGenerated", "timestamp": "2026-02-24T13:55:27.501Z", "sessionID": "096f4269-190e-4384-95d0-0a32244534c9", "query": "ducks", "docid": "5642", "rank": "5", "page": "1", "url": "http://www.gutenberg.org/files/16522/16522-h/16522-h.htm#ELSIES_DUCKS", "windowLocation": "http://localhost:7001/result?query=ducks&page=1"}
{"type": "searchResultGenerated", "timestamp": "2026-02-24T13:55:27.501Z", "sessionID": "096f4269-190e-4384-95d0-0a32244534c9", "query": "ducks", "docid": "4817", "rank": "6", "page": "1", "url": "http://www.gutenberg.org/files/902/902-h/902-h.htm", "windowLocation": "http://localhost:7001/result?query=ducks&page=1"}
{"type": "searchResultGenerated", "timestamp": "2026-02-24T13:55:27.501Z", "sessionID": "096f4269-190e-4384-95d0-0a32244534c9", "query": "ducks", "docid": "4970", "rank": "7", "page": "1", "url": "http://www.gutenberg.org/files/8950/8950-h/8950-h.htm", "windowLocation": "http://localhost:7001/result?query=ducks&page=1"}
{"type": "searchResultGenerated", "timestamp": "2026-02-24T13:55:27.501Z", "sessionID": "096f4269-190e-4384-95d0-0a32244534c9", "query": "ducks", "docid": "6202", "rank": "8", "page": "1", "url": "http://www.gutenberg.org/files/16891/16891-h/16891-h.htm", "windowLocation": "http://localhost:7001/result?query=ducks&page=1"}
{"type": "searchResultGenerated", "timestamp": "2026-02-24T13:55:27.502Z", "sessionID": "096f4269-190e-4384-95d0-0a32244534c9", "query": "ducks", "docid": "5714", "rank": "9", "page": "1", "url": "http://www.gutenberg.org/files/24940/24940-h/24940-h.htm#Page_69", "windowLocation": "http://localhost:7001/result?query=ducks&page=1"}
{"type": "searchResultGenerated", "timestamp": "2026-02-24T13:55:27.502Z", "sessionID": "096f4269-190e-4384-95d0-0a32244534c9", "query": "ducks", "docid": "5589", "rank": "10", "page": "1", "url": "http://www.gutenberg.org/files/28133/28133-h/28133-h.htm#Page_139", "windowLocation": "http://localhost:7001/result?query=ducks&page=1"}
{"type": "ClickedEndTask", "timestamp": "2026-02-24T13:55:29.022Z", "sessionID": "096f4269-190e-4384-95d0-0a32244534c9"}
{"type": "TaskEndConfirmed", "timestamp": "2026-02-24T13:55:29.999Z", "sessionID": "096f4269-190e-4384-95d0-0a32244534c9"}
