{"type": "TaskStarted", "timestamp": "2026-02-24T14:13:19.048Z", "sessionID": "43ee2dd0-cd6f-4143-8288-515c3bbd0b3f"}
{"type": "idSubmitted", "timestamp": "2026-02-24T14:13:19.051Z", "sessionID": "43ee2dd0-cd6f-4143-8288-515c3bbd0b3f", "uid": "Participant9"}
{"type": "queryBoxFocused", "timestamp": "2026-02-24T14:13:20.497Z", "sessionID": "43ee2dd0-cd6f-4143-8288-515c3bbd0b3f"}
{"type": "querySubmitted", "timestamp": "2026-02-24T14:13:21.921Z", "sessionID": "43ee2dd0-cd6f-4143-8288-515c3bbd0b3f", "query": "trees"}
{"type": "searchResultGenerated", "timestamp": "2026-02-24T14:13:22.340Z", "sessionID": "43ee2dd0-cd6f-4143-8288-515c3bbd0b3f", "query": "trees", "docid": "4690", "rank": "1", "page": "1", "url": "http://www.gutenberg.org/files/7841/7841-h/7841-h.htm#i", "windowLocation": "http://localhost:7001/result?query=trees&page=1", "windowHistoryState": null}
{"type": "searchResultGenerated", "timestamp": "2026-02-24T14:13:22.340Z", "sessionID": "43ee2dd0-cd6f-4143-8288-515c3bbd0b3f", "query": "trees", "docid": "2414", "rank": "2", "page": "1", "url": "https://www.africanstorybook.org/#", "windowLocation": "http://localhost:7001/result?query=trees&page=1", "windowHistoryState": null}
{"type": "searchResultGenerated", "timestamp": "2026-02-24T14:13:22.341Z", "sessionID": "43ee2dd0-cd6f-4143-8288-515c3bbd0b3f", "query": "trees", "docid": "1166", "rank": "3", "page": "1", "url": "http://www.gutenberg.org/files/16534/16534-h/16534-h.htm", "windowLocation": "http://localhost:7001/result?query=trees&page=1", "windowHistoryState": null}
{"type": "searchResultGenerated", "timestamp": "2026-02-24T14:13:22.341Z", "sessionID": "43ee2dd0-cd6f-4143-8288-515c3bbd0b3f", "query": "trees", "docid": "2879", "rank": "4", "page": "1", "url": "https://www.africanstorybook.org/", "windowLocation": "http://localhost:7001/result?query=trees&page=1", "windowHistoryState": null}
{"type": "searchResultGenerated", "timestamp": "2026-02-24T14:13:22.341Z", "sessionID": "43ee2dd0-cd6f-4143-8288-515c3bbd0b3f", "query": "trees", "docid": "3092", "rank": "5", "page": "1", "url": "https://www.africanstorybook.org/#", "windowLocation": "http://localhost:7001/result?query=trees&page=1", "windowHistoryState": null}
{"type": "searchResultGenerated", "timestamp": "2026-02-24T14:13:22.341Z", "sessionID": "43ee2dd0-cd6f-4143-8288-515c3bbd0b3f", "query": "trees", "docid": "2659", "rank": "6", "page": "1", "url": "https://www.africanstorybook.org/", "windowLocation": "http://localhost:7001/result?query=trees&page=1", "windowHistoryState": null}
{"type": "searchResultGenerated", "timestamp": "2026-02-24T14:13:22.341Z", "sessionID": "43ee2dd0-cd6f-4143-8288-515c3bbd0b3f", "query": "trees", "docid": "7303", "rank": "7", "page": "1", "url": "http://www.gutenberg.org/files/11344/11344-h/11344-h.htm#25", "windowLocation": "http://localhost:7001/result?query=trees&page=1", "windowHistoryState": null}
{"type": "searchResultGenerated", "timestamp": "2026-02-24T14:13:22.342Z", "sessionID": "43ee2dd0-cd6f-4143-8288-515c3bbd0b3f", "query": "trees", "docid": "2795", "rank": "8", "page": "1", "url": "https://kids.frontiersin.org/article/10.3389/frym.2018.00033", "windowLocation": "http://localhost:7001/result?query=trees&page=1", "windowHistoryState": null}
{"type": "searchResultGenerated", "timestamp": "2026-02-24T14:13:22.342Z", "sessionID": "43ee2dd0-cd6f-4143-8288-515c3bbd0b3f", "query": "trees", "docid": "5085", "rank": "9", "page": "1", "url": "http://www.gutenberg.org/files/8559/8559-h/8559-h.htm#23", "windowLocation": "http://localhost:7001/result?query=trees&page=1", "windowHistoryState": null}
{"type": "searchResultGenerated", "timestamp": "2026-02-24T14:13:22.342Z", "sessionID": "43ee2dd0-cd6f-4143-8288-515c3bbd0b3f", "query": "trees", "docid": "6260", "rank": "10", "page": "1", "url": "http://www.gutenberg.org/files/32455/32455-h/32455-h.htm", "windowLocation": "http://localhost:7001/result?query=trees&page=1", "windowHistoryState": null}
{"type": "queryBoxFocused", "timestamp": "2026-02-24T14:13:23.668Z", "sessionID": "43ee2dd0-cd6f-4143-8288-515c3bbd0b3f"}
{"type": "querySubmitted", "timestamp": "2026-02-24T14:13:25.754Z", "sessionID": "43ee2dd0-cd6f-4143-8288-515c3bbd0b3f", "query": "ducks"}
{"type": "searchResultGenerated", "timestamp": "2026-02-24T14:13:26.145Z", "sessionID": "43ee2dd0-cd6f-4143-8288-515c3bbd0b3f", "query": "ducks", "docid": "2938", "rank": "1", "page": "1", "url": "https://www.africanstorybook.org/#", "windowLocation": "http://localhost:7001/result?query=ducks&page=1", "windowHistoryState": null}
{"type": "searchResultGenerated", "timestamp": "2026-02-24T14:13:26.146Z", "sessionID": "43ee2dd0-cd6f-4143-8288-515c3bbd0b3f", "query": "ducks", "docid": "5607", "rank": "2", "page": "1", "url": "http://www.gutenberg.org/files/15170/15170-h/15170-h.htm#mirror", "windowLocation": "http://localhost:7001/result?query=ducks&page=1", "windowHistoryState": null}
{"type": "searchResultGenerated", "timestamp": "2026-02-24T14:13:26.146Z", "sessionID": "43ee2dd0-cd6f-4143-8288-515c3bbd0b3f", "query": "ducks", "docid": "5292", "rank": "3", "page": "1", "url": "http://www.gutenberg.org/files/40756/40756-h/40756-h.htm#Page_135", "windowLocation": "http://localhost:7001/result?query=ducks&page=1", "windowHistoryState": null}
{"type": "searchResultGenerated", "timestamp": "2026-02-24T14:13:26.147Z", "sessionID": "43ee2dd0-cd6f-4143-8288-515c3bbd0b3f", "query": "ducks", "docid": "5499", "rank": "4", "page": "1", "url": "http://www.gutenberg.org/files/28130/28130-h/28130-h.htm#Page_57", "windowLocation": "http://localhost:7001/result?query=ducks&page=1", "windowHistoryState": null}
{"type": "searchResultGenerated", "timestamp": "2026-02-24T14:13:26.147Z", "sessionID": "43ee2dd0-cd6f-4143-8288-515c3bbd0b3f", "query": "ducks", "docid": "5642", "rank": "5", "page": "1", "url": "http://www.gutenberg.org/files/16522/16522-h/16522-h.htm#ELSIES_DUCKS", "windowLocation": "http://localhost:7001/result?query=ducks&page=1", "windowHistoryState": null}
{"type": "searchResultGenerated", "timestamp": "2026-02-24T14:13:26.148Z", "sessionID": "43ee2dd0-cd6f-4143-8288-515c3bbd0b3f", "query": "ducks", "docid": "4817", "rank": "6", "page": "1", "url": "http://www.gutenberg.org/files/902/902-h/902-h.htm", "windowLocation": "http://localhost:7001/result?query=ducks&page=1", "windowHistoryState": null}
{"type": "searchResultGenerated", "timestamp": "2026-02-24T14:13:26.148Z", "sessionID": "43ee2dd0-cd6f-4143-8288-515c3bbd0b3f", "query": "ducks", "docid": "4970", "rank": "7", "page": "1", "url": "http://www.gutenberg.org/files/8950/8950-h/8950-h.htm", "windowLocation": "http://localhost:7001/result?query=ducks&page=1", "windowHistoryState": null}
{"type": "searchResultGenerated", "timestamp": "2026-02-24T14:13:26.149Z", "sessionID": "43ee2dd0-cd6f-4143-8288-515c3bbd0b3f", "query": "ducks", "docid": "6202", "rank": "8", "page": "1", "url": "http://www.gutenberg.org/files/16891/16891-h/16891-h.htm", "windowLocation": "http://localhost:7001/result?query=ducks&page=1", "windowHistoryState": null}
{"type": "searchResultGenerated", "timestamp": "2026-02-24T14:13:26.149Z", "sessionID": "43ee2dd0-cd6f-4143-8288-515c3bbd0b3f", "query": "ducks", "docid": "5714", "rank": "9", "page": "1", "url": "http://www.gutenberg.org/files/24940/24940-h/24940-h.htm#Page_69", "windowLocation": "http://localhost:7001/result?query=ducks&page=1", "windowHistoryState": null}
{"type": "searchResultGenerated", "timestamp": "2026-02-24T14:13:26.149Z", "sessionID": "43ee2dd0-cd6f-4143-8288-515c3bbd0b3f", "query": "ducks", "docid": "5589", "rank": "10", "page": "1", "url": "http://www.gutenberg.org/files/28133/28133-h/28133-h.htm#Page_139", "windowLocation": "http://localhost:7001/result?query=ducks&page=1", "windowHistoryState": null}
{"type": "queryBoxFocused", "timestamp": "2026-02-24T14:13:26.858Z", "sessionID": "43ee2dd0-cd6f-4143-8288-515c3bbd0b3f"}
{"type": "querySubmitted", "timestamp": "2026-02-24T14:13:28.266Z", "sessionID": "43ee2dd0-cd6f-4143-8288-515c3bbd0b3f", "query": "cats"}
{"type": "searchResultGenerated", "timestamp": "2026-02-24T14:13:28.683Z", "sessionID": "43ee2dd0-cd6f-4143-8288-515c3bbd0b3f", "query": "cats", "docid": "2940", "rank": "1", "page": "1", "url": "https://www.africanstorybook.org/#", "windowLocation": "http://localhost:7001/result?query=cats&page=1", "windowHistoryState": null}
{"type": "searchResultGenerated", "timestamp": "2026-02-24T14:13:28.683Z", "sessionID": "43ee2dd0-cd6f-4143-8288-515c3bbd0b3f", "query": "cats", "docid": "2936", "rank": "2", "page": "1", "url": "https://www.africanstorybook.org/#", "windowLocation": "http://localhost:7001/result?query=cats&page=1", "windowHistoryState": null}
{"type": "searchResultGenerated", "timestamp": "2026-02-24T14:13:28.684Z", "sessionID": "43ee2dd0-cd6f-4143-8288-515c3bbd0b3f", "query": "cats", "docid": "3568", "rank": "3", "page": "1", "url": "http://www.gutenberg.org/files/30017/30017-h/30017-h.htm", "windowLocation": "http://localhost:7001/result?query=cats&page=1", "windowHistoryState": null}
{"type": "searchResultGenerated", "timestamp": "2026-02-24T14:13:28.684Z", "sessionID": "43ee2dd0-cd6f-4143-8288-515c3bbd0b3f", "query": "cats", "docid": "2937", "rank": "4", "page": "1", "url": "https://www.africanstorybook.org/#", "windowLocation": "http://localhost:7001/result?query=cats&page=1", "windowHistoryState": null}
{"type": "searchResultGenerated", "timestamp": "2026-02-24T14:13:28.684Z", "sessionID": "43ee2dd0-cd6f-4143-8288-515c3bbd0b3f", "query": "cats", "docid": "2939", "rank": "5", "page": "1", "url": "https://www.africanstorybook.org/#", "windowLocation": "http://localhost:7001/result?query=cats&page=1", "windowHistoryState": null}
{"type": "searchResultGenerated", "timestamp": "2026-02-24T14:13:28.685Z", "sessionID": "43ee2dd0-cd6f-4143-8288-515c3bbd0b3f", "query": "cats", "docid": "2941", "rank": "6", "page": "1", "url": "https://www.africanstorybook.org/", "windowLocation": "http://localhost:7001/result?query=cats&page=1", "windowHistoryState": null}
{"type": "searchResultGenerated", "timestamp": "2026-02-24T14:13:28.685Z", "sessionID": "43ee2dd0-cd6f-4143-8288-515c3bbd0b3f", "query": "cats", "docid": "5652", "rank": "7", "page": "1", "url": "http://www.gutenberg.org/files/16522/16522-h/16522-h.htm#THE_CAT_SHOW", "windowLocation": "http://localhost:7001/result?query=cats&page=1", "windowHistoryState": null}
{"type": "searchResultGenerated", "timestamp": "2026-02-24T14:13:28.686Z", "sessionID": "43ee2dd0-cd6f-4143-8288-515c3bbd0b3f", "query": "cats", "docid": "2892", "rank": "8", "page": "1", "url": "https://www.africanstorybook.org/#", "windowLocation": "http://localhost:7001/result?query=cats&page=1", "windowHistoryState": null}
{"type": "searchResultGenerated", "timestamp": "2026-02-24T14:13:28.686Z", "sessionID": "43ee2dd0-cd6f-4143-8288-515c3bbd0b3f", "query": "cats", "docid": "7013", "rank": "9", "page": "1", "url": "http://www.gutenberg.org/files/25359/25359-h/25359-h.htm#Page_176", "windowLocation": "http://localhost:7001/result?query=cats&page=1", "windowHistoryState": null}
{"type": "searchResultGenerated", "timestamp": "2026-02-24T14:13:28.686Z", "sessionID": "43ee2dd0-cd6f-4143-8288-515c3bbd0b3f", "query": "cats", "docid": "2942", "rank": "10", "page": "1", "url": "https://www.africanstorybook.org/#", "windowLocation": "http://localhost:7001/result?query=cats&page=1", "windowHistoryState": null}
{"type": "cursorEnteredSnippet", "timestamp": "2026-02-24T14:13:30.307Z", "sessionID": "43ee2dd0-cd6f-4143-8288-515c3bbd0b3f", "query": "cats", "docid": "2940", "rank": "1", "page": "1"}
{"type": "cursorLeftSnippet", "timestamp": "2026-02-24T14:13:30.324Z", "sessionID": "43ee2dd0-cd6f-4143-8288-515c3bbd0b3f", "query": "cats", "docid": "2940", "rank": "1", "page": "1"}
{"type": "ClickedEndTask", "timestamp": "2026-02-24T14:13:31.008Z", "sessionID": "43ee2dd0-cd6f-4143-8288-515c3bbd0b3f"}
{"type": "TaskEndConfirmed", "timestamp": "2026-02-24T14:13:31.855Z", "sessionID": "43ee2dd0-cd6f-4143-8288-515c3bbd0b3f"}
