{"type": "TaskStarted", "timestamp": "2026-02-25T11:07:55.214Z", "sessionID": "7c28d79f-69c9-4627-a726-cd3cc13d0bb8"}
{"type": "idSubmitted", "timestamp": "2026-02-25T11:07:55.217Z", "sessionID": "7c28d79f-69c9-4627-a726-cd3cc13d0bb8", "uid": "Participant8"}
{"type": "queryBoxFocused", "timestamp": "2026-02-25T11:07:57.568Z", "sessionID": "7c28d79f-69c9-4627-a726-cd3cc13d0bb8"}
{"type": "querySubmitted", "timestamp": "2026-02-25T11:07:59.021Z", "sessionID": "7c28d79f-69c9-4627-a726-cd3cc13d0bb8", "query": "ducks"}
{"type": "searchResultGenerated", "timestamp": "2026-02-25T11:08:00.081Z", "sessionID": "7c28d79f-69c9-4627-a726-cd3cc13d0bb8", "query": "ducks", "docid": "2938", "rank": "1", "page": "1", "url": "https://www.africanstorybook.org/#", "windowLocation": "http://localhost:7001/result?query=ducks&page=1"}
{"type": "searchResultGenerated", "timestamp": "2026-02-25T11:08:00.081Z", "sessionID": "7c28d79f-69c9-4627-a726-cd3cc13d0bb8", "query": "ducks", "docid": "5607", "rank": "2", "page": "1", "url": "http://www.gutenberg.org/files/15170/15170-h/15170-h.htm#mirror", "windowLocation": "http://localhost:7001/result?query=ducks&page=1"}
{"type": "searchResultGenerated", "timestamp": "2026-02-25T11:08:00.082Z", "sessionID": "7c28d79f-69c9-4627-a726-cd3cc13d0bb8", "query": "ducks", "docid": "5292", "rank": "3", "page": "1", "url": "http://www.gutenberg.org/files/40756/40756-h/40756-h.htm#Page_135", "windowLocation": "http://localhost:7001/result?query=ducks&page=1"}
{"type": "searchResultGenerated", "timestamp": "2026-02-25T11:08:00.082Z", "sessionID": "7c28d79f-69c9-4627-a726-cd3cc13d0bb8", "query": "ducks", "docid": "5499", "rank": "4", "page": "1", "url": "http://www.gutenberg.org/files/28130/28130-h/28130-h.htm#Page_57", "windowLocation": "http://localhost:7001/result?query=ducks&page=1"}
{"type": "searchResultGenerated", "timestamp": "2026-02-25T11:08:00.082Z", "sessionID": "7c28d79f-69c9-4627-a726-cd3cc13d0bb8", "query": "ducks", "docid": "5642", "rank": "5", "page": "1", "url": "http://www.gutenberg.org/files/16522/16522-h/16522-h.htm#ELSIES_DUCKS", "windowLocation": "http://localhost:7001/result?query=ducks&page=1"}
{"type": "searchResultGenerated", "timestamp": "2026-02-25T11:08:00.083Z", "sessionID": "7c28d79f-69c9-4627-a726-cd3cc13d0bb8", "query": "ducks", "docid": "4817", "rank": "6", "page": "1", "url": "http://www.gutenberg.org/files/902/902-h/902-h.htm", "windowLocation": "http://localhost:7001/result?query=ducks&page=1"}
{"type": "searchResultGenerated", "timestamp": "2026-02-25T11:08:00.083Z", "sessionID": "7c28d79f-69c9-4627-a726-cd3cc13d0bb8", "query": "ducks", "docid": "4970", "rank": "7", "page": "1", "url": "http://www.gutenberg.org/files/8950/8950-h/8950-h.htm", "windowLocation": "http://localhost:7001/result?query=ducks&page=1"}
{"type": "searchResultGenerated", "timestamp": "2026-02-25T11:08:00.083Z", "sessionID": "7c28d79f-69c9-4627-a726-cd3cc13d0bb8", "query": "ducks", "docid": "6202", "rank": "8", "page": "1", "url": "http://www.gutenberg.org/files/16891/16891-h/16891-h.htm", "windowLocation": "http://localhost:7001/result?query=ducks&page=1"}
{"type": "searchResultGenerated", "timestamp": "2026-02-25T11:08:00.083Z", "sessionID": "7c28d79f-69c9-4627-a726-cd3cc13d0bb8", "query": "ducks", "docid": "5714", "rank": "9", "page": "1", "url": "http://www.gutenberg.org/files/24940/24940-h/24940-h.htm#Page_69", "windowLocation": "http://localhost:7001/result?query=ducks&page=1"}
{"type": "searchResultGenerated", "timestamp": "2026-02-25T11:08:00.084Z", "sessionID": "7c28d79f-69c9-4627-a726-cd3cc13d0bb8", "query": "ducks", "docid": "5589", "rank": "10", "page": "1", "url": "http://www.gutenberg.org/files/28133/28133-h/28133-h.htm#Page_139", "windowLocation": "http://localhost:7001/result?query=ducks&page=1"}
{"type": "queryBoxFocused", "timestamp": "2026-02-25T11:08:04.283Z", "sessionID": "7c28d79f-69c9-4627-a726-cd3cc13d0bb8"}
{"type": "querySubmitted", "timestamp": "2026-02-25T11:08:05.989Z", "sessionID": "7c28d79f-69c9-4627-a726-cd3cc13d0bb8", "query": "boats"}
{"type": "searchResultGenerated", "timestamp": "2026-02-25T11:08:06.371Z", "sessionID": "7c28d79f-69c9-4627-a726-cd3cc13d0bb8", "query": "boats", "docid": "7248", "rank": "1", "page": "1", "url": "http://www.gutenberg.org/files/8504/8504-h/8504-h.htm#5", "windowLocation": "http://localhost:7001/result?query=boats&page=1"}
{"type": "searchResultGenerated", "timestamp": "2026-02-25T11:08:06.371Z", "sessionID": "7c28d79f-69c9-4627-a726-cd3cc13d0bb8", "query": "boats", "docid": "1102", "rank": "2", "page": "1", "url": "http://www.gutenberg.org/files/22168/22168-h/22168-h.htm#h2H_4_0007", "windowLocation": "http://localhost:7001/result?query=boats&page=1"}
{"type": "searchResultGenerated", "timestamp": "2026-02-25T11:08:06.371Z", "sessionID": "7c28d79f-69c9-4627-a726-cd3cc13d0bb8", "query": "boats", "docid": "5775", "rank": "3", "page": "1", "url": "http://www.gutenberg.org/files/24477/24477-h/24477-h.htm#Page_110", "windowLocation": "http://localhost:7001/result?query=boats&page=1"}
{"type": "searchResultGenerated", "timestamp": "2026-02-25T11:08:06.372Z", "sessionID": "7c28d79f-69c9-4627-a726-cd3cc13d0bb8", "query": "boats", "docid": "5855", "rank": "4", "page": "1", "url": "http://www.online-literature.com/wilkie-collins/rambles-beyond-railways/0/", "windowLocation": "http://localhost:7001/result?query=boats&page=1"}
{"type": "searchResultGenerated", "timestamp": "2026-02-25T11:08:06.372Z", "sessionID": "7c28d79f-69c9-4627-a726-cd3cc13d0bb8", "query": "boats", "docid": "3758", "rank": "5", "page": "1", "url": "http://www.gutenberg.org/files/38750/38750-h/38750-h.htm#Page_290", "windowLocation": "http://localhost:7001/result?query=boats&page=1"}
{"type": "searchResultGenerated", "timestamp": "2026-02-25T11:08:06.372Z", "sessionID": "7c28d79f-69c9-4627-a726-cd3cc13d0bb8", "query": "boats", "docid": "5524", "rank": "6", "page": "1", "url": "http://www.gutenberg.org/files/28130/28130-h/28130-h.htm#Page_47", "windowLocation": "http://localhost:7001/result?query=boats&page=1"}
{"type": "searchResultGenerated", "timestamp": "2026-02-25T11:08:06.372Z", "sessionID": "7c28d79f-69c9-4627-a726-cd3cc13d0bb8", "query": "boats", "docid": "3809", "rank": "7", "page": "1", "url": "http://www.gutenberg.org/files/2591/2591-h/2591-h.htm", "windowLocation": "http://localhost:7001/result?query=boats&page=1"}
{"type": "searchResultGenerated", "timestamp": "2026-02-25T11:08:06.373Z", "sessionID": "7c28d79f-69c9-4627-a726-cd3cc13d0bb8", "query": "boats", "docid": "6588", "rank": "8", "page": "1", "url": "http://www.gutenberg.org/files/13577/13577-h/13577-h.htm", "windowLocation": "http://localhost:7001/result?query=boats&page=1"}
{"type": "searchResultGenerated", "timestamp": "2026-02-25T11:08:06.373Z", "sessionID": "7c28d79f-69c9-4627-a726-cd3cc13d0bb8", "query": "boats", "docid": "7051", "rank": "9", "page": "1", "url": "http://www.gutenberg.org/files/20117/20117-h/20117-h.htm#A_COAT_OF_PAINT", "windowLocation": "http://localhost:7001/result?query=boats&page=1"}
{"type": "searchResultGenerated", "timestamp": "2026-02-25T11:08:06.373Z", "sessionID": "7c28d79f-69c9-4627-a726-cd3cc13d0bb8", "query": "boats", "docid": "1201", "rank": "10", "page": "1", "url": "http://www.gutenberg.org/files/21137/21137-h/21137-h.htm", "windowLocation": "http://localhost:7001/result?query=boats&page=1"}
{"type": "cursorEnteredSnippet", "timestamp": "2026-02-25T11:08:07.802Z", "sessionID": "7c28d79f-69c9-4627-a726-cd3cc13d0bb8", "query": "boats", "docid": "7248", "rank": "1", "page": "1"}
{"type": "cursorLeftSnippet", "timestamp": "2026-02-25T11:08:07.836Z", "sessionID": "7c28d79f-69c9-4627-a726-cd3cc13d0bb8", "query": "boats", "docid": "7248", "rank": "1", "page": "1"}
{"type": "cursorEnteredSnippet", "timestamp": "2026-02-25T11:08:07.836Z", "sessionID": "7c28d79f-69c9-4627-a726-cd3cc13d0bb8", "query": "boats", "docid": "1102", "rank": "2", "page": "1"}
{"type": "cursorLeftSnippet", "timestamp": "2026-02-25T11:08:08.003Z", "sessionID": "7c28d79f-69c9-4627-a726-cd3cc13d0bb8", "query": "boats", "docid": "1102", "rank": "2", "page": "1"}
{"type": "cursorEnteredSnippet", "timestamp": "2026-02-25T11:08:08.004Z", "sessionID": "7c28d79f-69c9-4627-a726-cd3cc13d0bb8", "query": "boats", "docid": "7248", "rank": "1", "page": "1"}
{"type": "cursorLeftSnippet", "timestamp": "2026-02-25T11:08:08.235Z", "sessionID": "7c28d79f-69c9-4627-a726-cd3cc13d0bb8", "query": "boats", "docid": "7248", "rank": "1", "page": "1"}
{"type": "ClickedEndTask", "timestamp": "2026-02-25T11:08:09.144Z", "sessionID": "7c28d79f-69c9-4627-a726-cd3cc13d0bb8"}
{"type": "TaskEndConfirmed", "timestamp": "2026-02-25T11:08:10.360Z", "sessionID": "7c28d79f-69c9-4627-a726-cd3cc13d0bb8"}
