{"type": "TaskStarted", "timestamp": "2026-02-17T13:38:10.206Z", "sessionID": "d502fd1b-7e4e-48ec-b3f3-95930c67eea8"}
{"type": "idSubmitted", "timestamp": "2026-02-17T13:38:10.208Z", "sessionID": "d502fd1b-7e4e-48ec-b3f3-95930c67eea8", "uid": "Participant7"}
{"type": "queryBoxFocused", "timestamp": "2026-02-17T13:38:36.761Z", "sessionID": "d502fd1b-7e4e-48ec-b3f3-95930c67eea8"}
{"type": "searchResultGenerated", "timestamp": "2026-02-17T13:38:36.787Z", "sessionID": "d502fd1b-7e4e-48ec-b3f3-95930c67eea8", "query": "clinton", "docid": "S1d282c3d-A932dc0a3", "rank": "1", "page": "1", "url": "https://www.debate.org/debates/Hillary-Clinton-is-the-Sara-Palin-of-the-Democratic-Party-./1/"}
{"type": "searchResultGenerated", "timestamp": "2026-02-17T13:38:36.787Z", "sessionID": "d502fd1b-7e4e-48ec-b3f3-95930c67eea8", "query": "clinton", "docid": "Sf97757f3-Ae0f08494", "rank": "2", "page": "1", "url": "https://www.debate.org/debates/Clintons-House-of-cards-about-to-come-crashing-down/1/"}
{"type": "searchResultGenerated", "timestamp": "2026-02-17T13:38:36.787Z", "sessionID": "d502fd1b-7e4e-48ec-b3f3-95930c67eea8", "query": "clinton", "docid": "S6a18e3d9-A157f794e", "rank": "3", "page": "1", "url": "https://www.debate.org/debates/hillery-clinton/1/"}
{"type": "searchResultGenerated", "timestamp": "2026-02-17T13:38:36.788Z", "sessionID": "d502fd1b-7e4e-48ec-b3f3-95930c67eea8", "query": "clinton", "docid": "S83a08de1-A41eaceff", "rank": "4", "page": "1", "url": "https://www.debate.org/debates/Obama-is-a-Believer-in-atheist-Dogma-Not-a-Muslim/4/"}
{"type": "searchResultGenerated", "timestamp": "2026-02-17T13:38:36.788Z", "sessionID": "d502fd1b-7e4e-48ec-b3f3-95930c67eea8", "query": "clinton", "docid": "Sf97757f3-A7da82ddb", "rank": "5", "page": "1", "url": "https://www.debate.org/debates/Clintons-House-of-cards-about-to-come-crashing-down/1/"}
{"type": "searchResultGenerated", "timestamp": "2026-02-17T13:38:36.788Z", "sessionID": "d502fd1b-7e4e-48ec-b3f3-95930c67eea8", "query": "clinton", "docid": "S1aac65e8-A49f9a643", "rank": "6", "page": "1", "url": "https://www.debate.org/debates/Donald-Trumps-true-campaign-is-to-put-Clinton-in-office/1/"}
{"type": "searchResultGenerated", "timestamp": "2026-02-17T13:38:36.788Z", "sessionID": "d502fd1b-7e4e-48ec-b3f3-95930c67eea8", "query": "clinton", "docid": "S1aac65e8-Acea1ca63", "rank": "7", "page": "1", "url": "https://www.debate.org/debates/Donald-Trumps-true-campaign-is-to-put-Clinton-in-office/1/"}
{"type": "searchResultGenerated", "timestamp": "2026-02-17T13:38:36.788Z", "sessionID": "d502fd1b-7e4e-48ec-b3f3-95930c67eea8", "query": "clinton", "docid": "Se223ed4b-A7f9562a4", "rank": "8", "page": "1", "url": "https://www.debate.org/debates/Clinton-Shouldnt-Be-Allowed-To-Run-Until-The-FBI-Finish-Their-Investigation/1/"}
{"type": "searchResultGenerated", "timestamp": "2026-02-17T13:38:36.788Z", "sessionID": "d502fd1b-7e4e-48ec-b3f3-95930c67eea8", "query": "clinton", "docid": "Sa34fef23-Aaa602eb2", "rank": "9", "page": "1", "url": "https://www.debate.org/debates/Hillary-Clinton-wreckage/1/"}
{"type": "searchResultGenerated", "timestamp": "2026-02-17T13:38:36.789Z", "sessionID": "d502fd1b-7e4e-48ec-b3f3-95930c67eea8", "query": "clinton", "docid": "Se4117131-Aeb9d32b3", "rank": "10", "page": "1", "url": "https://www.debate.org/debates/Bill-Clinton-should-have-resigned-post-impeachment./1/"}
{"type": "cursorEnteredSnippet", "timestamp": "2026-02-17T13:38:39.273Z", "sessionID": "d502fd1b-7e4e-48ec-b3f3-95930c67eea8", "query": "clinton", "docid": "Sf97757f3-Ae0f08494", "rank": "2", "page": "1"}
{"type": "cursorLeftSnippet", "timestamp": "2026-02-17T13:38:39.489Z", "sessionID": "d502fd1b-7e4e-48ec-b3f3-95930c67eea8", "query": "clinton", "docid": "Sf97757f3-Ae0f08494", "rank": "2", "page": "1"}
{"type": "searchResultGenerated", "timestamp": "2026-02-17T13:38:39.758Z", "sessionID": "d502fd1b-7e4e-48ec-b3f3-95930c67eea8", "query": "trump", "docid": "S5c58870f-A5d72cb4", "rank": "1", "page": "1", "url": "https://www.debate.org/debates/Hillary-is-better-than-Trump/2/"}
{"type": "searchResultGenerated", "timestamp": "2026-02-17T13:38:39.758Z", "sessionID": "d502fd1b-7e4e-48ec-b3f3-95930c67eea8", "query": "trump", "docid": "S54db2959-A66eff8d1", "rank": "2", "page": "1", "url": "https://www.debate.org/debates/Things-that-Donald-Trump-the-worst-president-of-all-time-and-god-both-are-unclean-have-in-common/2/"}
{"type": "searchResultGenerated", "timestamp": "2026-02-17T13:38:39.758Z", "sessionID": "d502fd1b-7e4e-48ec-b3f3-95930c67eea8", "query": "trump", "docid": "S6fb67f39-Ae34eeece", "rank": "3", "page": "1", "url": "https://www.debate.org/debates/Trump-has-finally-gone-to-far/1/"}
{"type": "searchResultGenerated", "timestamp": "2026-02-17T13:38:39.759Z", "sessionID": "d502fd1b-7e4e-48ec-b3f3-95930c67eea8", "query": "trump", "docid": "S1b5369b7-Ae0635aa3", "rank": "4", "page": "1", "url": "https://www.debate.org/debates/i-can-list-more-lies-from-trump-than-you-can-from-hilary/1/"}
{"type": "searchResultGenerated", "timestamp": "2026-02-17T13:38:39.759Z", "sessionID": "d502fd1b-7e4e-48ec-b3f3-95930c67eea8", "query": "trump", "docid": "Sde529d61-A61d220f9", "rank": "5", "page": "1", "url": "https://www.debate.org/debates/i-can-list-more-lies-from-trump-than-u-can-from-hilary/1/"}
{"type": "searchResultGenerated", "timestamp": "2026-02-17T13:38:39.759Z", "sessionID": "d502fd1b-7e4e-48ec-b3f3-95930c67eea8", "query": "trump", "docid": "S68402198-Af559decc", "rank": "6", "page": "1", "url": "https://www.debate.org/debates/Donald-Trump-will-make-a-great-President/1/"}
{"type": "searchResultGenerated", "timestamp": "2026-02-17T13:38:39.759Z", "sessionID": "d502fd1b-7e4e-48ec-b3f3-95930c67eea8", "query": "trump", "docid": "S1aac65e8-A49f9a643", "rank": "7", "page": "1", "url": "https://www.debate.org/debates/Donald-Trumps-true-campaign-is-to-put-Clinton-in-office/1/"}
{"type": "searchResultGenerated", "timestamp": "2026-02-17T13:38:39.759Z", "sessionID": "d502fd1b-7e4e-48ec-b3f3-95930c67eea8", "query": "trump", "docid": "Sb91d4292-A293ddb2c", "rank": "8", "page": "1", "url": "https://www.debate.org/debates/Who-would-be-the-best-Republican-candidate-to-be-president./1/"}
{"type": "searchResultGenerated", "timestamp": "2026-02-17T13:38:39.759Z", "sessionID": "d502fd1b-7e4e-48ec-b3f3-95930c67eea8", "query": "trump", "docid": "S5f55160a-Ad8a37772", "rank": "9", "page": "1", "url": "https://www.debate.org/debates/Trumps-Brain-will-explode-once-the-Democratic-congress-is-seated/1/"}
{"type": "searchResultGenerated", "timestamp": "2026-02-17T13:38:39.759Z", "sessionID": "d502fd1b-7e4e-48ec-b3f3-95930c67eea8", "query": "trump", "docid": "Sf6c224ef-A5926791a", "rank": "10", "page": "1", "url": "https://www.debate.org/debates/Donald-Trump-2016/1/"}
{"type": "cursorEnteredSnippet", "timestamp": "2026-02-17T13:39:02.938Z", "sessionID": "d502fd1b-7e4e-48ec-b3f3-95930c67eea8", "query": "trump", "docid": "S5c58870f-A5d72cb4", "rank": "1", "page": "1"}
{"type": "cursorLeftSnippet", "timestamp": "2026-02-17T13:39:03.021Z", "sessionID": "d502fd1b-7e4e-48ec-b3f3-95930c67eea8", "query": "trump", "docid": "S5c58870f-A5d72cb4", "rank": "1", "page": "1"}
{"type": "cursorEnteredSnippet", "timestamp": "2026-02-17T13:39:03.022Z", "sessionID": "d502fd1b-7e4e-48ec-b3f3-95930c67eea8", "query": "trump", "docid": "S54db2959-A66eff8d1", "rank": "2", "page": "1"}
{"type": "cursorLeftSnippet", "timestamp": "2026-02-17T13:39:03.560Z", "sessionID": "d502fd1b-7e4e-48ec-b3f3-95930c67eea8", "query": "trump", "docid": "S54db2959-A66eff8d1", "rank": "2", "page": "1"}
{"type": "cursorEnteredSnippet", "timestamp": "2026-02-17T13:39:03.561Z", "sessionID": "d502fd1b-7e4e-48ec-b3f3-95930c67eea8", "query": "trump", "docid": "S6fb67f39-Ae34eeece", "rank": "3", "page": "1"}
{"type": "cursorLeftSnippet", "timestamp": "2026-02-17T13:39:03.689Z", "sessionID": "d502fd1b-7e4e-48ec-b3f3-95930c67eea8", "query": "trump", "docid": "S6fb67f39-Ae34eeece", "rank": "3", "page": "1"}
{"type": "cursorEnteredSnippet", "timestamp": "2026-02-17T13:39:03.689Z", "sessionID": "d502fd1b-7e4e-48ec-b3f3-95930c67eea8", "query": "trump", "docid": "S1b5369b7-Ae0635aa3", "rank": "4", "page": "1"}
{"type": "cursorLeftSnippet", "timestamp": "2026-02-17T13:39:04.539Z", "sessionID": "d502fd1b-7e4e-48ec-b3f3-95930c67eea8", "query": "trump", "docid": "S1b5369b7-Ae0635aa3", "rank": "4", "page": "1"}
{"type": "cursorEnteredSnippet", "timestamp": "2026-02-17T13:39:04.540Z", "sessionID": "d502fd1b-7e4e-48ec-b3f3-95930c67eea8", "query": "trump", "docid": "S1aac65e8-A49f9a643", "rank": "7", "page": "1"}
{"type": "clickedResult", "timestamp": "2026-02-17T13:39:05.330Z", "sessionID": "d502fd1b-7e4e-48ec-b3f3-95930c67eea8", "query": "trump", "rank": "7", "page": "1", "url": "https://www.debate.org/debates/Donald-Trumps-true-campaign-is-to-put-Clinton-in-office/1/"}
{"type": "cursorLeftSnippet", "timestamp": "2026-02-17T13:39:05.550Z", "sessionID": "d502fd1b-7e4e-48ec-b3f3-95930c67eea8", "query": "trump", "docid": "S1aac65e8-A49f9a643", "rank": "7", "page": "1"}
{"type": "searchResultGenerated", "timestamp": "2026-02-17T13:39:07.023Z", "sessionID": "d502fd1b-7e4e-48ec-b3f3-95930c67eea8", "query": "trump", "docid": "S5c58870f-A5d72cb4", "rank": "1", "page": "1", "url": "https://www.debate.org/debates/Hillary-is-better-than-Trump/2/"}
{"type": "searchResultGenerated", "timestamp": "2026-02-17T13:39:07.024Z", "sessionID": "d502fd1b-7e4e-48ec-b3f3-95930c67eea8", "query": "trump", "docid": "S54db2959-A66eff8d1", "rank": "2", "page": "1", "url": "https://www.debate.org/debates/Things-that-Donald-Trump-the-worst-president-of-all-time-and-god-both-are-unclean-have-in-common/2/"}
{"type": "searchResultGenerated", "timestamp": "2026-02-17T13:39:07.024Z", "sessionID": "d502fd1b-7e4e-48ec-b3f3-95930c67eea8", "query": "trump", "docid": "S6fb67f39-Ae34eeece", "rank": "3", "page": "1", "url": "https://www.debate.org/debates/Trump-has-finally-gone-to-far/1/"}
{"type": "searchResultGenerated", "timestamp": "2026-02-17T13:39:07.024Z", "sessionID": "d502fd1b-7e4e-48ec-b3f3-95930c67eea8", "query": "trump", "docid": "S1b5369b7-Ae0635aa3", "rank": "4", "page": "1", "url": "https://www.debate.org/debates/i-can-list-more-lies-from-trump-than-you-can-from-hilary/1/"}
{"type": "searchResultGenerated", "timestamp": "2026-02-17T13:39:07.025Z", "sessionID": "d502fd1b-7e4e-48ec-b3f3-95930c67eea8", "query": "trump", "docid": "Sde529d61-A61d220f9", "rank": "5", "page": "1", "url": "https://www.debate.org/debates/i-can-list-more-lies-from-trump-than-u-can-from-hilary/1/"}
{"type": "searchResultGenerated", "timestamp": "2026-02-17T13:39:07.025Z", "sessionID": "d502fd1b-7e4e-48ec-b3f3-95930c67eea8", "query": "trump", "docid": "S68402198-Af559decc", "rank": "6", "page": "1", "url": "https://www.debate.org/debates/Donald-Trump-will-make-a-great-President/1/"}
{"type": "searchResultGenerated", "timestamp": "2026-02-17T13:39:07.025Z", "sessionID": "d502fd1b-7e4e-48ec-b3f3-95930c67eea8", "query": "trump", "docid": "S1aac65e8-A49f9a643", "rank": "7", "page": "1", "url": "https://www.debate.org/debates/Donald-Trumps-true-campaign-is-to-put-Clinton-in-office/1/"}
{"type": "searchResultGenerated", "timestamp": "2026-02-17T13:39:07.025Z", "sessionID": "d502fd1b-7e4e-48ec-b3f3-95930c67eea8", "query": "trump", "docid": "Sb91d4292-A293ddb2c", "rank": "8", "page": "1", "url": "https://www.debate.org/debates/Who-would-be-the-best-Republican-candidate-to-be-president./1/"}
{"type": "searchResultGenerated", "timestamp": "2026-02-17T13:39:07.026Z", "sessionID": "d502fd1b-7e4e-48ec-b3f3-95930c67eea8", "query": "trump", "docid": "S5f55160a-Ad8a37772", "rank": "9", "page": "1", "url": "https://www.debate.org/debates/Trumps-Brain-will-explode-once-the-Democratic-congress-is-seated/1/"}
{"type": "searchResultGenerated", "timestamp": "2026-02-17T13:39:07.026Z", "sessionID": "d502fd1b-7e4e-48ec-b3f3-95930c67eea8", "query": "trump", "docid": "Sf6c224ef-A5926791a", "rank": "10", "page": "1", "url": "https://www.debate.org/debates/Donald-Trump-2016/1/"}
{"type": "cursorEnteredSnippet", "timestamp": "2026-02-17T13:39:07.095Z", "sessionID": "d502fd1b-7e4e-48ec-b3f3-95930c67eea8", "query": "trump", "docid": "S68402198-Af559decc", "rank": "6", "page": "1"}
{"type": "cursorLeftSnippet", "timestamp": "2026-02-17T13:39:07.172Z", "sessionID": "d502fd1b-7e4e-48ec-b3f3-95930c67eea8", "query": "trump", "docid": "S68402198-Af559decc", "rank": "6", "page": "1"}
{"type": "cursorEnteredSnippet", "timestamp": "2026-02-17T13:39:07.188Z", "sessionID": "d502fd1b-7e4e-48ec-b3f3-95930c67eea8", "query": "trump", "docid": "S1aac65e8-A49f9a643", "rank": "7", "page": "1"}
{"type": "cursorLeftSnippet", "timestamp": "2026-02-17T13:39:07.606Z", "sessionID": "d502fd1b-7e4e-48ec-b3f3-95930c67eea8", "query": "trump", "docid": "S1aac65e8-A49f9a643", "rank": "7", "page": "1"}
{"type": "cursorEnteredSnippet", "timestamp": "2026-02-17T13:39:07.607Z", "sessionID": "d502fd1b-7e4e-48ec-b3f3-95930c67eea8", "query": "trump", "docid": "Sb91d4292-A293ddb2c", "rank": "8", "page": "1"}
{"type": "cursorLeftSnippet", "timestamp": "2026-02-17T13:39:07.729Z", "sessionID": "d502fd1b-7e4e-48ec-b3f3-95930c67eea8", "query": "trump", "docid": "Sb91d4292-A293ddb2c", "rank": "8", "page": "1"}
{"type": "cursorEnteredSnippet", "timestamp": "2026-02-17T13:39:07.730Z", "sessionID": "d502fd1b-7e4e-48ec-b3f3-95930c67eea8", "query": "trump", "docid": "S5f55160a-Ad8a37772", "rank": "9", "page": "1"}
{"type": "cursorLeftSnippet", "timestamp": "2026-02-17T13:39:08.338Z", "sessionID": "d502fd1b-7e4e-48ec-b3f3-95930c67eea8", "query": "trump", "docid": "S5f55160a-Ad8a37772", "rank": "9", "page": "1"}
{"type": "cursorEnteredSnippet", "timestamp": "2026-02-17T13:39:08.338Z", "sessionID": "d502fd1b-7e4e-48ec-b3f3-95930c67eea8", "query": "trump", "docid": "Sf6c224ef-A5926791a", "rank": "10", "page": "1"}
{"type": "clickedResult", "timestamp": "2026-02-17T13:39:08.858Z", "sessionID": "d502fd1b-7e4e-48ec-b3f3-95930c67eea8", "query": "trump", "rank": "10", "page": "1", "url": "https://www.debate.org/debates/Donald-Trump-2016/1/"}
{"type": "cursorLeftSnippet", "timestamp": "2026-02-17T13:39:09.058Z", "sessionID": "d502fd1b-7e4e-48ec-b3f3-95930c67eea8", "query": "trump", "docid": "Sf6c224ef-A5926791a", "rank": "10", "page": "1"}
{"type": "searchResultGenerated", "timestamp": "2026-02-17T13:39:10.632Z", "sessionID": "d502fd1b-7e4e-48ec-b3f3-95930c67eea8", "query": "trump", "docid": "S5c58870f-A5d72cb4", "rank": "1", "page": "1", "url": "https://www.debate.org/debates/Hillary-is-better-than-Trump/2/"}
{"type": "searchResultGenerated", "timestamp": "2026-02-17T13:39:10.632Z", "sessionID": "d502fd1b-7e4e-48ec-b3f3-95930c67eea8", "query": "trump", "docid": "S54db2959-A66eff8d1", "rank": "2", "page": "1", "url": "https://www.debate.org/debates/Things-that-Donald-Trump-the-worst-president-of-all-time-and-god-both-are-unclean-have-in-common/2/"}
{"type": "searchResultGenerated", "timestamp": "2026-02-17T13:39:10.632Z", "sessionID": "d502fd1b-7e4e-48ec-b3f3-95930c67eea8", "query": "trump", "docid": "S6fb67f39-Ae34eeece", "rank": "3", "page": "1", "url": "https://www.debate.org/debates/Trump-has-finally-gone-to-far/1/"}
{"type": "searchResultGenerated", "timestamp": "2026-02-17T13:39:10.632Z", "sessionID": "d502fd1b-7e4e-48ec-b3f3-95930c67eea8", "query": "trump", "docid": "S1b5369b7-Ae0635aa3", "rank": "4", "page": "1", "url": "https://www.debate.org/debates/i-can-list-more-lies-from-trump-than-you-can-from-hilary/1/"}
{"type": "searchResultGenerated", "timestamp": "2026-02-17T13:39:10.632Z", "sessionID": "d502fd1b-7e4e-48ec-b3f3-95930c67eea8", "query": "trump", "docid": "Sde529d61-A61d220f9", "rank": "5", "page": "1", "url": "https://www.debate.org/debates/i-can-list-more-lies-from-trump-than-u-can-from-hilary/1/"}
{"type": "searchResultGenerated", "timestamp": "2026-02-17T13:39:10.632Z", "sessionID": "d502fd1b-7e4e-48ec-b3f3-95930c67eea8", "query": "trump", "docid": "S68402198-Af559decc", "rank": "6", "page": "1", "url": "https://www.debate.org/debates/Donald-Trump-will-make-a-great-President/1/"}
{"type": "searchResultGenerated", "timestamp": "2026-02-17T13:39:10.632Z", "sessionID": "d502fd1b-7e4e-48ec-b3f3-95930c67eea8", "query": "trump", "docid": "S1aac65e8-A49f9a643", "rank": "7", "page": "1", "url": "https://www.debate.org/debates/Donald-Trumps-true-campaign-is-to-put-Clinton-in-office/1/"}
{"type": "searchResultGenerated", "timestamp": "2026-02-17T13:39:10.633Z", "sessionID": "d502fd1b-7e4e-48ec-b3f3-95930c67eea8", "query": "trump", "docid": "Sb91d4292-A293ddb2c", "rank": "8", "page": "1", "url": "https://www.debate.org/debates/Who-would-be-the-best-Republican-candidate-to-be-president./1/"}
{"type": "searchResultGenerated", "timestamp": "2026-02-17T13:39:10.633Z", "sessionID": "d502fd1b-7e4e-48ec-b3f3-95930c67eea8", "query": "trump", "docid": "S5f55160a-Ad8a37772", "rank": "9", "page": "1", "url": "https://www.debate.org/debates/Trumps-Brain-will-explode-once-the-Democratic-congress-is-seated/1/"}
{"type": "searchResultGenerated", "timestamp": "2026-02-17T13:39:10.633Z", "sessionID": "d502fd1b-7e4e-48ec-b3f3-95930c67eea8", "query": "trump", "docid": "Sf6c224ef-A5926791a", "rank": "10", "page": "1", "url": "https://www.debate.org/debates/Donald-Trump-2016/1/"}
{"type": "cursorEnteredSnippet", "timestamp": "2026-02-17T13:40:09.719Z", "sessionID": "d502fd1b-7e4e-48ec-b3f3-95930c67eea8", "query": "trump", "docid": "Sb91d4292-A293ddb2c", "rank": "8", "page": "1"}
{"type": "cursorLeftSnippet", "timestamp": "2026-02-17T13:40:09.901Z", "sessionID": "d502fd1b-7e4e-48ec-b3f3-95930c67eea8", "query": "trump", "docid": "Sb91d4292-A293ddb2c", "rank": "8", "page": "1"}
{"type": "cursorEnteredSnippet", "timestamp": "2026-02-17T13:40:09.918Z", "sessionID": "d502fd1b-7e4e-48ec-b3f3-95930c67eea8", "query": "trump", "docid": "S5f55160a-Ad8a37772", "rank": "9", "page": "1"}
{"type": "cursorLeftSnippet", "timestamp": "2026-02-17T13:40:10.152Z", "sessionID": "d502fd1b-7e4e-48ec-b3f3-95930c67eea8", "query": "trump", "docid": "S5f55160a-Ad8a37772", "rank": "9", "page": "1"}
{"type": "cursorEnteredSnippet", "timestamp": "2026-02-17T13:40:10.152Z", "sessionID": "d502fd1b-7e4e-48ec-b3f3-95930c67eea8", "query": "trump", "docid": "Sf6c224ef-A5926791a", "rank": "10", "page": "1"}
{"type": "cursorLeftSnippet", "timestamp": "2026-02-17T13:40:10.401Z", "sessionID": "d502fd1b-7e4e-48ec-b3f3-95930c67eea8", "query": "trump", "docid": "Sf6c224ef-A5926791a", "rank": "10", "page": "1"}
{"type": "pageNavigationClicked", "timestamp": "2026-02-17T13:40:10.879Z", "sessionID": "d502fd1b-7e4e-48ec-b3f3-95930c67eea8", "clicked": "4", "fromPage": 1, "toPage": 4}
{"type": "cursorEnteredSnippet", "timestamp": "2026-02-17T13:40:11.285Z", "sessionID": "d502fd1b-7e4e-48ec-b3f3-95930c67eea8", "query": "trump", "docid": "Sf6c224ef-A5926791a", "rank": "10", "page": "1"}
{"type": "cursorLeftSnippet", "timestamp": "2026-02-17T13:40:11.351Z", "sessionID": "d502fd1b-7e4e-48ec-b3f3-95930c67eea8", "query": "trump", "docid": "Sf6c224ef-A5926791a", "rank": "10", "page": "1"}
{"type": "cursorEnteredSnippet", "timestamp": "2026-02-17T13:40:11.352Z", "sessionID": "d502fd1b-7e4e-48ec-b3f3-95930c67eea8", "query": "trump", "docid": "S5f55160a-Ad8a37772", "rank": "9", "page": "1"}
{"type": "cursorLeftSnippet", "timestamp": "2026-02-17T13:40:11.751Z", "sessionID": "d502fd1b-7e4e-48ec-b3f3-95930c67eea8", "query": "trump", "docid": "S5f55160a-Ad8a37772", "rank": "9", "page": "1"}
{"type": "cursorEnteredSnippet", "timestamp": "2026-02-17T13:40:11.785Z", "sessionID": "d502fd1b-7e4e-48ec-b3f3-95930c67eea8", "query": "trump", "docid": "Sb91d4292-A293ddb2c", "rank": "8", "page": "1"}
{"type": "searchResultGenerated", "timestamp": "2026-02-17T13:40:12.470Z", "sessionID": "d502fd1b-7e4e-48ec-b3f3-95930c67eea8", "query": "trump", "docid": "S5f55160a-A667ed7c5", "rank": "1", "page": "4", "url": "https://www.debate.org/debates/Trumps-Brain-will-explode-once-the-Democratic-congress-is-seated/1/"}
{"type": "searchResultGenerated", "timestamp": "2026-02-17T13:40:12.470Z", "sessionID": "d502fd1b-7e4e-48ec-b3f3-95930c67eea8", "query": "trump", "docid": "S689e8f9a-A1664b9b3", "rank": "2", "page": "4", "url": "https://www.debate.org/debates/Donald-Trump-NOOOOOOOOOOOOOO/1/"}
{"type": "searchResultGenerated", "timestamp": "2026-02-17T13:40:12.470Z", "sessionID": "d502fd1b-7e4e-48ec-b3f3-95930c67eea8", "query": "trump", "docid": "Sc2399bbe-A6c279526", "rank": "3", "page": "4", "url": "https://www.debate.org/debates/The-Lies-of-Obama-are-more-consequential-than-those-of-Trump/1/"}
{"type": "searchResultGenerated", "timestamp": "2026-02-17T13:40:12.471Z", "sessionID": "d502fd1b-7e4e-48ec-b3f3-95930c67eea8", "query": "trump", "docid": "Se6493c1b-Af43abb4c", "rank": "4", "page": "4", "url": "https://www.debate.org/debates/Donald-Trump-is-not-a-good-choice-for-President/1/"}
{"type": "searchResultGenerated", "timestamp": "2026-02-17T13:40:12.471Z", "sessionID": "d502fd1b-7e4e-48ec-b3f3-95930c67eea8", "query": "trump", "docid": "Sb6ae34e7-A6f9f911f", "rank": "5", "page": "4", "url": "https://www.debate.org/debates/About-Trump-and-Canada/1/"}
{"type": "searchResultGenerated", "timestamp": "2026-02-17T13:40:12.471Z", "sessionID": "d502fd1b-7e4e-48ec-b3f3-95930c67eea8", "query": "trump", "docid": "Sb6ae34e7-A897981dc", "rank": "6", "page": "4", "url": "https://www.debate.org/debates/About-Trump-and-Canada/1/"}
{"type": "searchResultGenerated", "timestamp": "2026-02-17T13:40:12.471Z", "sessionID": "d502fd1b-7e4e-48ec-b3f3-95930c67eea8", "query": "trump", "docid": "Sa23436f0-A7e36a2fe", "rank": "7", "page": "4", "url": "https://www.debate.org/debates/Life-experience-is-more-useful-than-education/1/"}
{"type": "searchResultGenerated", "timestamp": "2026-02-17T13:40:12.472Z", "sessionID": "d502fd1b-7e4e-48ec-b3f3-95930c67eea8", "query": "trump", "docid": "Seec78c6a-A55d0577c", "rank": "8", "page": "4", "url": "https://www.debate.org/debates/Should-illegal-drugs-be-legal./1/"}
{"type": "searchResultGenerated", "timestamp": "2026-02-17T13:40:12.472Z", "sessionID": "d502fd1b-7e4e-48ec-b3f3-95930c67eea8", "query": "trump", "docid": "S62910eae-Ac1dee54f", "rank": "9", "page": "4", "url": "https://www.debate.org/debates/THB-Donald-Trumps-existence-is-good-for-the-world./1/"}
{"type": "searchResultGenerated", "timestamp": "2026-02-17T13:40:12.472Z", "sessionID": "d502fd1b-7e4e-48ec-b3f3-95930c67eea8", "query": "trump", "docid": "Sbb6388e3-A9715c0bd", "rank": "10", "page": "4", "url": "https://www.debate.org/debates/Is-Donald-Trumps-Twitter-Posts-a-Creditable-Legitimate-Source/1/"}
{"type": "queryBoxFocused", "timestamp": "2026-02-17T13:40:13.824Z", "sessionID": "d502fd1b-7e4e-48ec-b3f3-95930c67eea8"}
{"type": "cursorEnteredSnippet", "timestamp": "2026-02-17T13:40:14.535Z", "sessionID": "d502fd1b-7e4e-48ec-b3f3-95930c67eea8", "query": "trump", "docid": "S5f55160a-A667ed7c5", "rank": "1", "page": "4"}
{"type": "clickedResult", "timestamp": "2026-02-17T13:40:15.307Z", "sessionID": "d502fd1b-7e4e-48ec-b3f3-95930c67eea8", "query": "trump", "rank": "1", "page": "4", "url": "https://www.debate.org/debates/Trumps-Brain-will-explode-once-the-Democratic-congress-is-seated/1/"}
{"type": "cursorLeftSnippet", "timestamp": "2026-02-17T13:40:15.468Z", "sessionID": "d502fd1b-7e4e-48ec-b3f3-95930c67eea8", "query": "trump", "docid": "S5f55160a-A667ed7c5", "rank": "1", "page": "4"}
{"type": "queryBoxFocused", "timestamp": "2026-02-17T13:40:17.247Z", "sessionID": "d502fd1b-7e4e-48ec-b3f3-95930c67eea8"}
{"type": "querySubmitted", "timestamp": "2026-02-17T13:40:19.061Z", "sessionID": "d502fd1b-7e4e-48ec-b3f3-95930c67eea8", "query": "vaccine"}
{"type": "searchResultGenerated", "timestamp": "2026-02-17T13:40:20.380Z", "sessionID": "d502fd1b-7e4e-48ec-b3f3-95930c67eea8", "query": "vaccine", "docid": "Sef8842bc-Adb2cfb79", "rank": "1", "page": "1", "url": "https://www.debate.org/debates/Mandatory-Vaccinations/1/"}
{"type": "searchResultGenerated", "timestamp": "2026-02-17T13:40:20.381Z", "sessionID": "d502fd1b-7e4e-48ec-b3f3-95930c67eea8", "query": "vaccine", "docid": "Sb78634f9-A9a31306e", "rank": "2", "page": "1", "url": "https://www.debate.org/debates/Vaccines-are-100-effective-and-100-safe./1/"}
{"type": "searchResultGenerated", "timestamp": "2026-02-17T13:40:20.381Z", "sessionID": "d502fd1b-7e4e-48ec-b3f3-95930c67eea8", "query": "vaccine", "docid": "S79f05a32-A8c3bb64a", "rank": "3", "page": "1", "url": "https://www.debate.org/debates/Children-should-receive-vaccinations./1/"}
{"type": "searchResultGenerated", "timestamp": "2026-02-17T13:40:20.381Z", "sessionID": "d502fd1b-7e4e-48ec-b3f3-95930c67eea8", "query": "vaccine", "docid": "Sd9814b0e-Acae3b271", "rank": "4", "page": "1", "url": "https://www.debate.org/debates/Vaccinating-your-Child/1/"}
{"type": "searchResultGenerated", "timestamp": "2026-02-17T13:40:20.382Z", "sessionID": "d502fd1b-7e4e-48ec-b3f3-95930c67eea8", "query": "vaccine", "docid": "S83bd7b76-Aaa4f51f5", "rank": "5", "page": "1", "url": "https://www.debate.org/debates/The-benefits-of-vaccination-outweigh-the-harm/1/"}
{"type": "searchResultGenerated", "timestamp": "2026-02-17T13:40:20.382Z", "sessionID": "d502fd1b-7e4e-48ec-b3f3-95930c67eea8", "query": "vaccine", "docid": "S6c8d356f-Ac660dcdd", "rank": "6", "page": "1", "url": "https://www.debate.org/debates/Not-getting-children-vaccinated/1/"}
{"type": "searchResultGenerated", "timestamp": "2026-02-17T13:40:20.382Z", "sessionID": "d502fd1b-7e4e-48ec-b3f3-95930c67eea8", "query": "vaccine", "docid": "S7e60a5d4-Abc18312c", "rank": "7", "page": "1", "url": "https://www.debate.org/debates/vaccinations-should-be-mandatory/1/"}
{"type": "searchResultGenerated", "timestamp": "2026-02-17T13:40:20.383Z", "sessionID": "d502fd1b-7e4e-48ec-b3f3-95930c67eea8", "query": "vaccine", "docid": "S5002b073-A76f103e5", "rank": "8", "page": "1", "url": "https://www.debate.org/debates/Vaccination-against-pathogens-is-beneficial-to-the-community/1/"}
{"type": "searchResultGenerated", "timestamp": "2026-02-17T13:40:20.383Z", "sessionID": "d502fd1b-7e4e-48ec-b3f3-95930c67eea8", "query": "vaccine", "docid": "S6c8d356f-A6c1a720b", "rank": "9", "page": "1", "url": "https://www.debate.org/debates/Not-getting-children-vaccinated/1/"}
{"type": "searchResultGenerated", "timestamp": "2026-02-17T13:40:20.383Z", "sessionID": "d502fd1b-7e4e-48ec-b3f3-95930c67eea8", "query": "vaccine", "docid": "S5002b073-A78e0dbf6", "rank": "10", "page": "1", "url": "https://www.debate.org/debates/Vaccination-against-pathogens-is-beneficial-to-the-community/1/"}
{"type": "cursorEnteredSnippet", "timestamp": "2026-02-17T13:40:20.768Z", "sessionID": "d502fd1b-7e4e-48ec-b3f3-95930c67eea8", "query": "vaccine", "docid": "Sef8842bc-Adb2cfb79", "rank": "1", "page": "1"}
{"type": "cursorLeftSnippet", "timestamp": "2026-02-17T13:40:20.851Z", "sessionID": "d502fd1b-7e4e-48ec-b3f3-95930c67eea8", "query": "vaccine", "docid": "Sef8842bc-Adb2cfb79", "rank": "1", "page": "1"}
{"type": "cursorEnteredSnippet", "timestamp": "2026-02-17T13:40:20.868Z", "sessionID": "d502fd1b-7e4e-48ec-b3f3-95930c67eea8", "query": "vaccine", "docid": "Sb78634f9-A9a31306e", "rank": "2", "page": "1"}
{"type": "clickedResult", "timestamp": "2026-02-17T13:40:21.375Z", "sessionID": "d502fd1b-7e4e-48ec-b3f3-95930c67eea8", "query": "vaccine", "rank": "2", "page": "1", "url": "https://www.debate.org/debates/Vaccines-are-100-effective-and-100-safe./1/"}
{"type": "cursorLeftSnippet", "timestamp": "2026-02-17T13:40:21.559Z", "sessionID": "d502fd1b-7e4e-48ec-b3f3-95930c67eea8", "query": "vaccine", "docid": "Sb78634f9-A9a31306e", "rank": "2", "page": "1"}
{"type": "searchResultGenerated", "timestamp": "2026-02-17T13:40:23.026Z", "sessionID": "d502fd1b-7e4e-48ec-b3f3-95930c67eea8", "query": "vaccine", "docid": "Sef8842bc-Adb2cfb79", "rank": "1", "page": "1", "url": "https://www.debate.org/debates/Mandatory-Vaccinations/1/"}
{"type": "searchResultGenerated", "timestamp": "2026-02-17T13:40:23.026Z", "sessionID": "d502fd1b-7e4e-48ec-b3f3-95930c67eea8", "query": "vaccine", "docid": "Sb78634f9-A9a31306e", "rank": "2", "page": "1", "url": "https://www.debate.org/debates/Vaccines-are-100-effective-and-100-safe./1/"}
{"type": "searchResultGenerated", "timestamp": "2026-02-17T13:40:23.026Z", "sessionID": "d502fd1b-7e4e-48ec-b3f3-95930c67eea8", "query": "vaccine", "docid": "S79f05a32-A8c3bb64a", "rank": "3", "page": "1", "url": "https://www.debate.org/debates/Children-should-receive-vaccinations./1/"}
{"type": "searchResultGenerated", "timestamp": "2026-02-17T13:40:23.026Z", "sessionID": "d502fd1b-7e4e-48ec-b3f3-95930c67eea8", "query": "vaccine", "docid": "Sd9814b0e-Acae3b271", "rank": "4", "page": "1", "url": "https://www.debate.org/debates/Vaccinating-your-Child/1/"}
{"type": "searchResultGenerated", "timestamp": "2026-02-17T13:40:23.026Z", "sessionID": "d502fd1b-7e4e-48ec-b3f3-95930c67eea8", "query": "vaccine", "docid": "S83bd7b76-Aaa4f51f5", "rank": "5", "page": "1", "url": "https://www.debate.org/debates/The-benefits-of-vaccination-outweigh-the-harm/1/"}
{"type": "searchResultGenerated", "timestamp": "2026-02-17T13:40:23.027Z", "sessionID": "d502fd1b-7e4e-48ec-b3f3-95930c67eea8", "query": "vaccine", "docid": "S6c8d356f-Ac660dcdd", "rank": "6", "page": "1", "url": "https://www.debate.org/debates/Not-getting-children-vaccinated/1/"}
{"type": "searchResultGenerated", "timestamp": "2026-02-17T13:40:23.027Z", "sessionID": "d502fd1b-7e4e-48ec-b3f3-95930c67eea8", "query": "vaccine", "docid": "S7e60a5d4-Abc18312c", "rank": "7", "page": "1", "url": "https://www.debate.org/debates/vaccinations-should-be-mandatory/1/"}
{"type": "searchResultGenerated", "timestamp": "2026-02-17T13:40:23.027Z", "sessionID": "d502fd1b-7e4e-48ec-b3f3-95930c67eea8", "query": "vaccine", "docid": "S5002b073-A76f103e5", "rank": "8", "page": "1", "url": "https://www.debate.org/debates/Vaccination-against-pathogens-is-beneficial-to-the-community/1/"}
{"type": "searchResultGenerated", "timestamp": "2026-02-17T13:40:23.027Z", "sessionID": "d502fd1b-7e4e-48ec-b3f3-95930c67eea8", "query": "vaccine", "docid": "S6c8d356f-A6c1a720b", "rank": "9", "page": "1", "url": "https://www.debate.org/debates/Not-getting-children-vaccinated/1/"}
{"type": "searchResultGenerated", "timestamp": "2026-02-17T13:40:23.028Z", "sessionID": "d502fd1b-7e4e-48ec-b3f3-95930c67eea8", "query": "vaccine", "docid": "S5002b073-A78e0dbf6", "rank": "10", "page": "1", "url": "https://www.debate.org/debates/Vaccination-against-pathogens-is-beneficial-to-the-community/1/"}
{"type": "cursorEnteredSnippet", "timestamp": "2026-02-17T13:40:23.284Z", "sessionID": "d502fd1b-7e4e-48ec-b3f3-95930c67eea8", "query": "vaccine", "docid": "Sef8842bc-Adb2cfb79", "rank": "1", "page": "1"}
{"type": "cursorLeftSnippet", "timestamp": "2026-02-17T13:40:23.623Z", "sessionID": "d502fd1b-7e4e-48ec-b3f3-95930c67eea8", "query": "vaccine", "docid": "Sef8842bc-Adb2cfb79", "rank": "1", "page": "1"}
{"type": "cursorEnteredSnippet", "timestamp": "2026-02-17T13:40:23.641Z", "sessionID": "d502fd1b-7e4e-48ec-b3f3-95930c67eea8", "query": "vaccine", "docid": "Sb78634f9-A9a31306e", "rank": "2", "page": "1"}
{"type": "cursorLeftSnippet", "timestamp": "2026-02-17T13:40:23.817Z", "sessionID": "d502fd1b-7e4e-48ec-b3f3-95930c67eea8", "query": "vaccine", "docid": "Sb78634f9-A9a31306e", "rank": "2", "page": "1"}
{"type": "cursorEnteredSnippet", "timestamp": "2026-02-17T13:40:23.817Z", "sessionID": "d502fd1b-7e4e-48ec-b3f3-95930c67eea8", "query": "vaccine", "docid": "S79f05a32-A8c3bb64a", "rank": "3", "page": "1"}
{"type": "cursorLeftSnippet", "timestamp": "2026-02-17T13:40:24.125Z", "sessionID": "d502fd1b-7e4e-48ec-b3f3-95930c67eea8", "query": "vaccine", "docid": "S79f05a32-A8c3bb64a", "rank": "3", "page": "1"}
{"type": "cursorEnteredSnippet", "timestamp": "2026-02-17T13:40:24.126Z", "sessionID": "d502fd1b-7e4e-48ec-b3f3-95930c67eea8", "query": "vaccine", "docid": "Sd9814b0e-Acae3b271", "rank": "4", "page": "1"}
{"type": "cursorLeftSnippet", "timestamp": "2026-02-17T13:40:24.234Z", "sessionID": "d502fd1b-7e4e-48ec-b3f3-95930c67eea8", "query": "vaccine", "docid": "Sd9814b0e-Acae3b271", "rank": "4", "page": "1"}
{"type": "cursorEnteredSnippet", "timestamp": "2026-02-17T13:40:24.234Z", "sessionID": "d502fd1b-7e4e-48ec-b3f3-95930c67eea8", "query": "vaccine", "docid": "S83bd7b76-Aaa4f51f5", "rank": "5", "page": "1"}
{"type": "cursorLeftSnippet", "timestamp": "2026-02-17T13:40:24.585Z", "sessionID": "d502fd1b-7e4e-48ec-b3f3-95930c67eea8", "query": "vaccine", "docid": "S83bd7b76-Aaa4f51f5", "rank": "5", "page": "1"}
{"type": "cursorEnteredSnippet", "timestamp": "2026-02-17T13:40:24.585Z", "sessionID": "d502fd1b-7e4e-48ec-b3f3-95930c67eea8", "query": "vaccine", "docid": "S7e60a5d4-Abc18312c", "rank": "7", "page": "1"}
{"type": "cursorLeftSnippet", "timestamp": "2026-02-17T13:40:24.768Z", "sessionID": "d502fd1b-7e4e-48ec-b3f3-95930c67eea8", "query": "vaccine", "docid": "S7e60a5d4-Abc18312c", "rank": "7", "page": "1"}
{"type": "cursorEnteredSnippet", "timestamp": "2026-02-17T13:40:24.934Z", "sessionID": "d502fd1b-7e4e-48ec-b3f3-95930c67eea8", "query": "vaccine", "docid": "S5002b073-A76f103e5", "rank": "8", "page": "1"}
{"type": "cursorLeftSnippet", "timestamp": "2026-02-17T13:40:25.041Z", "sessionID": "d502fd1b-7e4e-48ec-b3f3-95930c67eea8", "query": "vaccine", "docid": "S5002b073-A76f103e5", "rank": "8", "page": "1"}
{"type": "cursorEnteredSnippet", "timestamp": "2026-02-17T13:40:25.041Z", "sessionID": "d502fd1b-7e4e-48ec-b3f3-95930c67eea8", "query": "vaccine", "docid": "S6c8d356f-A6c1a720b", "rank": "9", "page": "1"}
{"type": "cursorLeftSnippet", "timestamp": "2026-02-17T13:40:25.073Z", "sessionID": "d502fd1b-7e4e-48ec-b3f3-95930c67eea8", "query": "vaccine", "docid": "S6c8d356f-A6c1a720b", "rank": "9", "page": "1"}
{"type": "cursorEnteredSnippet", "timestamp": "2026-02-17T13:40:25.073Z", "sessionID": "d502fd1b-7e4e-48ec-b3f3-95930c67eea8", "query": "vaccine", "docid": "S5002b073-A78e0dbf6", "rank": "10", "page": "1"}
{"type": "clickedResult", "timestamp": "2026-02-17T13:40:26.103Z", "sessionID": "d502fd1b-7e4e-48ec-b3f3-95930c67eea8", "query": "vaccine", "rank": "10", "page": "1", "url": "https://www.debate.org/debates/Vaccination-against-pathogens-is-beneficial-to-the-community/1/"}
{"type": "cursorLeftSnippet", "timestamp": "2026-02-17T13:40:26.250Z", "sessionID": "d502fd1b-7e4e-48ec-b3f3-95930c67eea8", "query": "vaccine", "docid": "S5002b073-A78e0dbf6", "rank": "10", "page": "1"}
{"type": "cursorEnteredSnippet", "timestamp": "2026-02-17T13:40:26.267Z", "sessionID": "d502fd1b-7e4e-48ec-b3f3-95930c67eea8", "query": "vaccine", "docid": "S6c8d356f-A6c1a720b", "rank": "9", "page": "1"}
{"type": "cursorLeftSnippet", "timestamp": "2026-02-17T13:40:26.320Z", "sessionID": "d502fd1b-7e4e-48ec-b3f3-95930c67eea8", "query": "vaccine", "docid": "S6c8d356f-A6c1a720b", "rank": "9", "page": "1"}
{"type": "searchResultGenerated", "timestamp": "2026-02-17T13:40:27.648Z", "sessionID": "d502fd1b-7e4e-48ec-b3f3-95930c67eea8", "query": "vaccine", "docid": "Sef8842bc-Adb2cfb79", "rank": "1", "page": "1", "url": "https://www.debate.org/debates/Mandatory-Vaccinations/1/"}
{"type": "searchResultGenerated", "timestamp": "2026-02-17T13:40:27.648Z", "sessionID": "d502fd1b-7e4e-48ec-b3f3-95930c67eea8", "query": "vaccine", "docid": "Sb78634f9-A9a31306e", "rank": "2", "page": "1", "url": "https://www.debate.org/debates/Vaccines-are-100-effective-and-100-safe./1/"}
{"type": "searchResultGenerated", "timestamp": "2026-02-17T13:40:27.648Z", "sessionID": "d502fd1b-7e4e-48ec-b3f3-95930c67eea8", "query": "vaccine", "docid": "S79f05a32-A8c3bb64a", "rank": "3", "page": "1", "url": "https://www.debate.org/debates/Children-should-receive-vaccinations./1/"}
{"type": "searchResultGenerated", "timestamp": "2026-02-17T13:40:27.649Z", "sessionID": "d502fd1b-7e4e-48ec-b3f3-95930c67eea8", "query": "vaccine", "docid": "Sd9814b0e-Acae3b271", "rank": "4", "page": "1", "url": "https://www.debate.org/debates/Vaccinating-your-Child/1/"}
{"type": "searchResultGenerated", "timestamp": "2026-02-17T13:40:27.649Z", "sessionID": "d502fd1b-7e4e-48ec-b3f3-95930c67eea8", "query": "vaccine", "docid": "S83bd7b76-Aaa4f51f5", "rank": "5", "page": "1", "url": "https://www.debate.org/debates/The-benefits-of-vaccination-outweigh-the-harm/1/"}
{"type": "searchResultGenerated", "timestamp": "2026-02-17T13:40:27.649Z", "sessionID": "d502fd1b-7e4e-48ec-b3f3-95930c67eea8", "query": "vaccine", "docid": "S6c8d356f-Ac660dcdd", "rank": "6", "page": "1", "url": "https://www.debate.org/debates/Not-getting-children-vaccinated/1/"}
{"type": "searchResultGenerated", "timestamp": "2026-02-17T13:40:27.649Z", "sessionID": "d502fd1b-7e4e-48ec-b3f3-95930c67eea8", "query": "vaccine", "docid": "S7e60a5d4-Abc18312c", "rank": "7", "page": "1", "url": "https://www.debate.org/debates/vaccinations-should-be-mandatory/1/"}
{"type": "searchResultGenerated", "timestamp": "2026-02-17T13:40:27.649Z", "sessionID": "d502fd1b-7e4e-48ec-b3f3-95930c67eea8", "query": "vaccine", "docid": "S5002b073-A76f103e5", "rank": "8", "page": "1", "url": "https://www.debate.org/debates/Vaccination-against-pathogens-is-beneficial-to-the-community/1/"}
{"type": "searchResultGenerated", "timestamp": "2026-02-17T13:40:27.652Z", "sessionID": "d502fd1b-7e4e-48ec-b3f3-95930c67eea8", "query": "vaccine", "docid": "S6c8d356f-A6c1a720b", "rank": "9", "page": "1", "url": "https://www.debate.org/debates/Not-getting-children-vaccinated/1/"}
{"type": "searchResultGenerated", "timestamp": "2026-02-17T13:40:27.652Z", "sessionID": "d502fd1b-7e4e-48ec-b3f3-95930c67eea8", "query": "vaccine", "docid": "S5002b073-A78e0dbf6", "rank": "10", "page": "1", "url": "https://www.debate.org/debates/Vaccination-against-pathogens-is-beneficial-to-the-community/1/"}
{"type": "cursorEnteredSnippet", "timestamp": "2026-02-17T13:40:27.800Z", "sessionID": "d502fd1b-7e4e-48ec-b3f3-95930c67eea8", "query": "vaccine", "docid": "S6c8d356f-A6c1a720b", "rank": "9", "page": "1"}
{"type": "cursorLeftSnippet", "timestamp": "2026-02-17T13:40:27.884Z", "sessionID": "d502fd1b-7e4e-48ec-b3f3-95930c67eea8", "query": "vaccine", "docid": "S6c8d356f-A6c1a720b", "rank": "9", "page": "1"}
{"type": "cursorEnteredSnippet", "timestamp": "2026-02-17T13:40:28.324Z", "sessionID": "d502fd1b-7e4e-48ec-b3f3-95930c67eea8", "query": "vaccine", "docid": "S5002b073-A78e0dbf6", "rank": "10", "page": "1"}
{"type": "cursorLeftSnippet", "timestamp": "2026-02-17T13:40:28.801Z", "sessionID": "d502fd1b-7e4e-48ec-b3f3-95930c67eea8", "query": "vaccine", "docid": "S5002b073-A78e0dbf6", "rank": "10", "page": "1"}
{"type": "pageNavigationClicked", "timestamp": "2026-02-17T13:40:29.237Z", "sessionID": "d502fd1b-7e4e-48ec-b3f3-95930c67eea8", "clicked": "5", "fromPage": 1, "toPage": 5}
{"type": "cursorEnteredSnippet", "timestamp": "2026-02-17T13:40:29.453Z", "sessionID": "d502fd1b-7e4e-48ec-b3f3-95930c67eea8", "query": "vaccine", "docid": "S5002b073-A78e0dbf6", "rank": "10", "page": "1"}
{"type": "searchResultGenerated", "timestamp": "2026-02-17T13:40:30.531Z", "sessionID": "d502fd1b-7e4e-48ec-b3f3-95930c67eea8", "query": "vaccine", "docid": "S8906c1ae-A68b0d25c", "rank": "1", "page": "5", "url": "https://www.debate.org/debates/Vaccinations-mandatory-disbursemenet/2/"}
{"type": "searchResultGenerated", "timestamp": "2026-02-17T13:40:30.532Z", "sessionID": "d502fd1b-7e4e-48ec-b3f3-95930c67eea8", "query": "vaccine", "docid": "S2b8d300d-Acbcc05c2", "rank": "2", "page": "5", "url": "https://www.debate.org/debates/Vaccinations-should-be-voluntary/1/"}
{"type": "searchResultGenerated", "timestamp": "2026-02-17T13:40:30.532Z", "sessionID": "d502fd1b-7e4e-48ec-b3f3-95930c67eea8", "query": "vaccine", "docid": "S9854dc30-A3811a2f8", "rank": "3", "page": "5", "url": "https://www.debate.org/debates/vaccinations/1/"}
{"type": "searchResultGenerated", "timestamp": "2026-02-17T13:40:30.532Z", "sessionID": "d502fd1b-7e4e-48ec-b3f3-95930c67eea8", "query": "vaccine", "docid": "Scef0f907-Af3f5073e", "rank": "4", "page": "5", "url": "https://www.debate.org/debates/Vaccines-are-safe/1/"}
{"type": "searchResultGenerated", "timestamp": "2026-02-17T13:40:30.532Z", "sessionID": "d502fd1b-7e4e-48ec-b3f3-95930c67eea8", "query": "vaccine", "docid": "S7ec4257d-Ad283921c", "rank": "5", "page": "5", "url": "https://www.debate.org/debates/Vaccinations-Against-Preventable-Childhood-Disease/1/"}
{"type": "searchResultGenerated", "timestamp": "2026-02-17T13:40:30.532Z", "sessionID": "d502fd1b-7e4e-48ec-b3f3-95930c67eea8", "query": "vaccine", "docid": "S8906c1ae-A5e20ce", "rank": "6", "page": "5", "url": "https://www.debate.org/debates/Vaccinations-mandatory-disbursemenet/2/"}
{"type": "searchResultGenerated", "timestamp": "2026-02-17T13:40:30.533Z", "sessionID": "d502fd1b-7e4e-48ec-b3f3-95930c67eea8", "query": "vaccine", "docid": "S71aefc55-Aa012387c", "rank": "7", "page": "5", "url": "https://www.debate.org/debates/Putin-banned-western-vaccines-in-Russia./1/"}
{"type": "searchResultGenerated", "timestamp": "2026-02-17T13:40:30.533Z", "sessionID": "d502fd1b-7e4e-48ec-b3f3-95930c67eea8", "query": "vaccine", "docid": "S5002b073-Abce72999", "rank": "8", "page": "5", "url": "https://www.debate.org/debates/Vaccination-against-pathogens-is-beneficial-to-the-community/1/"}
{"type": "searchResultGenerated", "timestamp": "2026-02-17T13:40:30.533Z", "sessionID": "d502fd1b-7e4e-48ec-b3f3-95930c67eea8", "query": "vaccine", "docid": "S9854dc30-A4688040c", "rank": "9", "page": "5", "url": "https://www.debate.org/debates/vaccinations/1/"}
{"type": "searchResultGenerated", "timestamp": "2026-02-17T13:40:30.533Z", "sessionID": "d502fd1b-7e4e-48ec-b3f3-95930c67eea8", "query": "vaccine", "docid": "Sac76a191-A8956bdac", "rank": "10", "page": "5", "url": "https://idebate.org/debatabase/health-disease-health-general/are-multiple-vaccines-safe"}
{"type": "cursorEnteredSnippet", "timestamp": "2026-02-17T13:40:30.541Z", "sessionID": "d502fd1b-7e4e-48ec-b3f3-95930c67eea8", "query": "vaccine", "docid": "S2b8d300d-Acbcc05c2", "rank": "2", "page": "5"}
{"type": "clickedResult", "timestamp": "2026-02-17T13:40:31.579Z", "sessionID": "d502fd1b-7e4e-48ec-b3f3-95930c67eea8", "query": "vaccine", "rank": "2", "page": "5", "url": "https://www.debate.org/debates/Vaccinations-should-be-voluntary/1/"}
{"type": "cursorLeftSnippet", "timestamp": "2026-02-17T13:40:31.746Z", "sessionID": "d502fd1b-7e4e-48ec-b3f3-95930c67eea8", "query": "vaccine", "docid": "S2b8d300d-Acbcc05c2", "rank": "2", "page": "5"}
{"type": "cursorEnteredSnippet", "timestamp": "2026-02-17T13:40:33.490Z", "sessionID": "d502fd1b-7e4e-48ec-b3f3-95930c67eea8", "query": "vaccine", "docid": "S8906c1ae-A68b0d25c", "rank": "1", "page": "5"}
{"type": "cursorLeftSnippet", "timestamp": "2026-02-17T13:40:33.551Z", "sessionID": "d502fd1b-7e4e-48ec-b3f3-95930c67eea8", "query": "vaccine", "docid": "S8906c1ae-A68b0d25c", "rank": "1", "page": "5"}
{"type": "cursorEnteredSnippet", "timestamp": "2026-02-17T13:40:33.551Z", "sessionID": "d502fd1b-7e4e-48ec-b3f3-95930c67eea8", "query": "vaccine", "docid": "S2b8d300d-Acbcc05c2", "rank": "2", "page": "5"}
{"type": "cursorLeftSnippet", "timestamp": "2026-02-17T13:40:33.867Z", "sessionID": "d502fd1b-7e4e-48ec-b3f3-95930c67eea8", "query": "vaccine", "docid": "S2b8d300d-Acbcc05c2", "rank": "2", "page": "5"}
{"type": "cursorEnteredSnippet", "timestamp": "2026-02-17T13:40:33.868Z", "sessionID": "d502fd1b-7e4e-48ec-b3f3-95930c67eea8", "query": "vaccine", "docid": "S9854dc30-A3811a2f8", "rank": "3", "page": "5"}
{"type": "cursorLeftSnippet", "timestamp": "2026-02-17T13:40:33.925Z", "sessionID": "d502fd1b-7e4e-48ec-b3f3-95930c67eea8", "query": "vaccine", "docid": "S9854dc30-A3811a2f8", "rank": "3", "page": "5"}
{"type": "cursorEnteredSnippet", "timestamp": "2026-02-17T13:40:33.926Z", "sessionID": "d502fd1b-7e4e-48ec-b3f3-95930c67eea8", "query": "vaccine", "docid": "Scef0f907-Af3f5073e", "rank": "4", "page": "5"}
{"type": "cursorLeftSnippet", "timestamp": "2026-02-17T13:40:34.267Z", "sessionID": "d502fd1b-7e4e-48ec-b3f3-95930c67eea8", "query": "vaccine", "docid": "Scef0f907-Af3f5073e", "rank": "4", "page": "5"}
{"type": "cursorEnteredSnippet", "timestamp": "2026-02-17T13:40:34.267Z", "sessionID": "d502fd1b-7e4e-48ec-b3f3-95930c67eea8", "query": "vaccine", "docid": "S8906c1ae-A5e20ce", "rank": "6", "page": "5"}
{"type": "cursorLeftSnippet", "timestamp": "2026-02-17T13:40:34.433Z", "sessionID": "d502fd1b-7e4e-48ec-b3f3-95930c67eea8", "query": "vaccine", "docid": "S8906c1ae-A5e20ce", "rank": "6", "page": "5"}
{"type": "cursorEnteredSnippet", "timestamp": "2026-02-17T13:40:34.434Z", "sessionID": "d502fd1b-7e4e-48ec-b3f3-95930c67eea8", "query": "vaccine", "docid": "S5002b073-Abce72999", "rank": "8", "page": "5"}
{"type": "clickedResult", "timestamp": "2026-02-17T13:40:35.105Z", "sessionID": "d502fd1b-7e4e-48ec-b3f3-95930c67eea8", "query": "vaccine", "rank": "8", "page": "5", "url": "https://www.debate.org/debates/Vaccination-against-pathogens-is-beneficial-to-the-community/1/"}
{"type": "cursorLeftSnippet", "timestamp": "2026-02-17T13:40:35.305Z", "sessionID": "d502fd1b-7e4e-48ec-b3f3-95930c67eea8", "query": "vaccine", "docid": "S5002b073-Abce72999", "rank": "8", "page": "5"}
{"type": "cursorEnteredSnippet", "timestamp": "2026-02-17T13:40:36.817Z", "sessionID": "d502fd1b-7e4e-48ec-b3f3-95930c67eea8", "query": "vaccine", "docid": "S8906c1ae-A5e20ce", "rank": "6", "page": "5"}
{"type": "cursorLeftSnippet", "timestamp": "2026-02-17T13:40:36.834Z", "sessionID": "d502fd1b-7e4e-48ec-b3f3-95930c67eea8", "query": "vaccine", "docid": "S8906c1ae-A5e20ce", "rank": "6", "page": "5"}
{"type": "cursorEnteredSnippet", "timestamp": "2026-02-17T13:40:36.851Z", "sessionID": "d502fd1b-7e4e-48ec-b3f3-95930c67eea8", "query": "vaccine", "docid": "S71aefc55-Aa012387c", "rank": "7", "page": "5"}
{"type": "cursorLeftSnippet", "timestamp": "2026-02-17T13:40:36.934Z", "sessionID": "d502fd1b-7e4e-48ec-b3f3-95930c67eea8", "query": "vaccine", "docid": "S71aefc55-Aa012387c", "rank": "7", "page": "5"}
{"type": "cursorEnteredSnippet", "timestamp": "2026-02-17T13:40:36.982Z", "sessionID": "d502fd1b-7e4e-48ec-b3f3-95930c67eea8", "query": "vaccine", "docid": "S5002b073-Abce72999", "rank": "8", "page": "5"}
{"type": "cursorLeftSnippet", "timestamp": "2026-02-17T13:40:37.745Z", "sessionID": "d502fd1b-7e4e-48ec-b3f3-95930c67eea8", "query": "vaccine", "docid": "S5002b073-Abce72999", "rank": "8", "page": "5"}
{"type": "cursorEnteredSnippet", "timestamp": "2026-02-17T13:40:37.745Z", "sessionID": "d502fd1b-7e4e-48ec-b3f3-95930c67eea8", "query": "vaccine", "docid": "S9854dc30-A4688040c", "rank": "9", "page": "5"}
{"type": "cursorLeftSnippet", "timestamp": "2026-02-17T13:40:37.890Z", "sessionID": "d502fd1b-7e4e-48ec-b3f3-95930c67eea8", "query": "vaccine", "docid": "S9854dc30-A4688040c", "rank": "9", "page": "5"}
{"type": "cursorEnteredSnippet", "timestamp": "2026-02-17T13:40:37.890Z", "sessionID": "d502fd1b-7e4e-48ec-b3f3-95930c67eea8", "query": "vaccine", "docid": "Sac76a191-A8956bdac", "rank": "10", "page": "5"}
{"type": "cursorLeftSnippet", "timestamp": "2026-02-17T13:40:38.567Z", "sessionID": "d502fd1b-7e4e-48ec-b3f3-95930c67eea8", "query": "vaccine", "docid": "Sac76a191-A8956bdac", "rank": "10", "page": "5"}
{"type": "cursorEnteredSnippet", "timestamp": "2026-02-17T13:40:38.600Z", "sessionID": "d502fd1b-7e4e-48ec-b3f3-95930c67eea8", "query": "vaccine", "docid": "S9854dc30-A4688040c", "rank": "9", "page": "5"}
{"type": "cursorLeftSnippet", "timestamp": "2026-02-17T13:40:38.817Z", "sessionID": "d502fd1b-7e4e-48ec-b3f3-95930c67eea8", "query": "vaccine", "docid": "S9854dc30-A4688040c", "rank": "9", "page": "5"}
{"type": "cursorEnteredSnippet", "timestamp": "2026-02-17T13:40:38.833Z", "sessionID": "d502fd1b-7e4e-48ec-b3f3-95930c67eea8", "query": "vaccine", "docid": "S5002b073-Abce72999", "rank": "8", "page": "5"}
{"type": "cursorLeftSnippet", "timestamp": "2026-02-17T13:40:39.241Z", "sessionID": "d502fd1b-7e4e-48ec-b3f3-95930c67eea8", "query": "vaccine", "docid": "S5002b073-Abce72999", "rank": "8", "page": "5"}
{"type": "cursorEnteredSnippet", "timestamp": "2026-02-17T13:40:39.866Z", "sessionID": "d502fd1b-7e4e-48ec-b3f3-95930c67eea8", "query": "vaccine", "docid": "S5002b073-Abce72999", "rank": "8", "page": "5"}
{"type": "cursorLeftSnippet", "timestamp": "2026-02-17T13:40:39.933Z", "sessionID": "d502fd1b-7e4e-48ec-b3f3-95930c67eea8", "query": "vaccine", "docid": "S5002b073-Abce72999", "rank": "8", "page": "5"}
{"type": "cursorEnteredSnippet", "timestamp": "2026-02-17T13:40:39.933Z", "sessionID": "d502fd1b-7e4e-48ec-b3f3-95930c67eea8", "query": "vaccine", "docid": "S9854dc30-A4688040c", "rank": "9", "page": "5"}
{"type": "cursorLeftSnippet", "timestamp": "2026-02-17T13:40:40.033Z", "sessionID": "d502fd1b-7e4e-48ec-b3f3-95930c67eea8", "query": "vaccine", "docid": "S9854dc30-A4688040c", "rank": "9", "page": "5"}
{"type": "cursorEnteredSnippet", "timestamp": "2026-02-17T13:40:40.050Z", "sessionID": "d502fd1b-7e4e-48ec-b3f3-95930c67eea8", "query": "vaccine", "docid": "Sac76a191-A8956bdac", "rank": "10", "page": "5"}
{"type": "cursorLeftSnippet", "timestamp": "2026-02-17T13:40:40.583Z", "sessionID": "d502fd1b-7e4e-48ec-b3f3-95930c67eea8", "query": "vaccine", "docid": "Sac76a191-A8956bdac", "rank": "10", "page": "5"}
{"type": "cursorEnteredSnippet", "timestamp": "2026-02-17T13:40:40.583Z", "sessionID": "d502fd1b-7e4e-48ec-b3f3-95930c67eea8", "query": "vaccine", "docid": "S9854dc30-A4688040c", "rank": "9", "page": "5"}
{"type": "cursorLeftSnippet", "timestamp": "2026-02-17T13:40:40.616Z", "sessionID": "d502fd1b-7e4e-48ec-b3f3-95930c67eea8", "query": "vaccine", "docid": "S9854dc30-A4688040c", "rank": "9", "page": "5"}
{"type": "searchResultGenerated", "timestamp": "2026-02-17T13:40:41.791Z", "sessionID": "d502fd1b-7e4e-48ec-b3f3-95930c67eea8", "query": "vaccine", "docid": "Sef8842bc-Adb2cfb79", "rank": "1", "page": "1", "url": "https://www.debate.org/debates/Mandatory-Vaccinations/1/"}
{"type": "searchResultGenerated", "timestamp": "2026-02-17T13:40:41.792Z", "sessionID": "d502fd1b-7e4e-48ec-b3f3-95930c67eea8", "query": "vaccine", "docid": "Sb78634f9-A9a31306e", "rank": "2", "page": "1", "url": "https://www.debate.org/debates/Vaccines-are-100-effective-and-100-safe./1/"}
{"type": "searchResultGenerated", "timestamp": "2026-02-17T13:40:41.792Z", "sessionID": "d502fd1b-7e4e-48ec-b3f3-95930c67eea8", "query": "vaccine", "docid": "S79f05a32-A8c3bb64a", "rank": "3", "page": "1", "url": "https://www.debate.org/debates/Children-should-receive-vaccinations./1/"}
{"type": "searchResultGenerated", "timestamp": "2026-02-17T13:40:41.792Z", "sessionID": "d502fd1b-7e4e-48ec-b3f3-95930c67eea8", "query": "vaccine", "docid": "Sd9814b0e-Acae3b271", "rank": "4", "page": "1", "url": "https://www.debate.org/debates/Vaccinating-your-Child/1/"}
{"type": "searchResultGenerated", "timestamp": "2026-02-17T13:40:41.793Z", "sessionID": "d502fd1b-7e4e-48ec-b3f3-95930c67eea8", "query": "vaccine", "docid": "S83bd7b76-Aaa4f51f5", "rank": "5", "page": "1", "url": "https://www.debate.org/debates/The-benefits-of-vaccination-outweigh-the-harm/1/"}
{"type": "searchResultGenerated", "timestamp": "2026-02-17T13:40:41.793Z", "sessionID": "d502fd1b-7e4e-48ec-b3f3-95930c67eea8", "query": "vaccine", "docid": "S6c8d356f-Ac660dcdd", "rank": "6", "page": "1", "url": "https://www.debate.org/debates/Not-getting-children-vaccinated/1/"}
{"type": "searchResultGenerated", "timestamp": "2026-02-17T13:40:41.793Z", "sessionID": "d502fd1b-7e4e-48ec-b3f3-95930c67eea8", "query": "vaccine", "docid": "S7e60a5d4-Abc18312c", "rank": "7", "page": "1", "url": "https://www.debate.org/debates/vaccinations-should-be-mandatory/1/"}
{"type": "searchResultGenerated", "timestamp": "2026-02-17T13:40:41.794Z", "sessionID": "d502fd1b-7e4e-48ec-b3f3-95930c67eea8", "query": "vaccine", "docid": "S5002b073-A76f103e5", "rank": "8", "page": "1", "url": "https://www.debate.org/debates/Vaccination-against-pathogens-is-beneficial-to-the-community/1/"}
{"type": "searchResultGenerated", "timestamp": "2026-02-17T13:40:41.794Z", "sessionID": "d502fd1b-7e4e-48ec-b3f3-95930c67eea8", "query": "vaccine", "docid": "S6c8d356f-A6c1a720b", "rank": "9", "page": "1", "url": "https://www.debate.org/debates/Not-getting-children-vaccinated/1/"}
{"type": "searchResultGenerated", "timestamp": "2026-02-17T13:40:41.795Z", "sessionID": "d502fd1b-7e4e-48ec-b3f3-95930c67eea8", "query": "vaccine", "docid": "S5002b073-A78e0dbf6", "rank": "10", "page": "1", "url": "https://www.debate.org/debates/Vaccination-against-pathogens-is-beneficial-to-the-community/1/"}
{"type": "cursorEnteredSnippet", "timestamp": "2026-02-17T13:41:09.916Z", "sessionID": "d502fd1b-7e4e-48ec-b3f3-95930c67eea8", "query": "vaccine", "docid": "S6c8d356f-A6c1a720b", "rank": "9", "page": "1"}
{"type": "cursorLeftSnippet", "timestamp": "2026-02-17T13:41:10.215Z", "sessionID": "d502fd1b-7e4e-48ec-b3f3-95930c67eea8", "query": "vaccine", "docid": "S6c8d356f-A6c1a720b", "rank": "9", "page": "1"}
{"type": "cursorEnteredSnippet", "timestamp": "2026-02-17T13:41:10.215Z", "sessionID": "d502fd1b-7e4e-48ec-b3f3-95930c67eea8", "query": "vaccine", "docid": "S5002b073-A78e0dbf6", "rank": "10", "page": "1"}
{"type": "cursorLeftSnippet", "timestamp": "2026-02-17T13:41:10.415Z", "sessionID": "d502fd1b-7e4e-48ec-b3f3-95930c67eea8", "query": "vaccine", "docid": "S5002b073-A78e0dbf6", "rank": "10", "page": "1"}
{"type": "pageNavigationClicked", "timestamp": "2026-02-17T13:41:11.139Z", "sessionID": "d502fd1b-7e4e-48ec-b3f3-95930c67eea8", "clicked": "6", "fromPage": 1, "toPage": 6}
{"type": "cursorEnteredSnippet", "timestamp": "2026-02-17T13:41:11.565Z", "sessionID": "d502fd1b-7e4e-48ec-b3f3-95930c67eea8", "query": "vaccine", "docid": "S5002b073-A78e0dbf6", "rank": "10", "page": "1"}
{"type": "searchResultGenerated", "timestamp": "2026-02-17T13:41:12.356Z", "sessionID": "d502fd1b-7e4e-48ec-b3f3-95930c67eea8", "query": "vaccine", "docid": "Scb18aae0-A560db7c", "rank": "1", "page": "6", "url": "https://www.debate.org/debates/Anti-Vaxxers-are-actually-beneficial-to-the-whole-human-race./1/"}
{"type": "searchResultGenerated", "timestamp": "2026-02-17T13:41:12.356Z", "sessionID": "d502fd1b-7e4e-48ec-b3f3-95930c67eea8", "query": "vaccine", "docid": "S8906c1ae-Aeb285b27", "rank": "2", "page": "6", "url": "https://www.debate.org/debates/Vaccinations-mandatory-disbursemenet/2/"}
{"type": "searchResultGenerated", "timestamp": "2026-02-17T13:41:12.356Z", "sessionID": "d502fd1b-7e4e-48ec-b3f3-95930c67eea8", "query": "vaccine", "docid": "S7e60a5d4-Ab0f0abe3", "rank": "3", "page": "6", "url": "https://www.debate.org/debates/vaccinations-should-be-mandatory/1/"}
{"type": "searchResultGenerated", "timestamp": "2026-02-17T13:41:12.356Z", "sessionID": "d502fd1b-7e4e-48ec-b3f3-95930c67eea8", "query": "vaccine", "docid": "Sfd247f42-A740a793b", "rank": "4", "page": "6", "url": "https://www.debate.org/debates/edible-vaccines/1/"}
{"type": "searchResultGenerated", "timestamp": "2026-02-17T13:41:12.357Z", "sessionID": "d502fd1b-7e4e-48ec-b3f3-95930c67eea8", "query": "vaccine", "docid": "S4716187-Aecdd71c2", "rank": "5", "page": "6", "url": "https://www.debate.org/debates/Vaccinations-mandatory-disbursement/2/"}
{"type": "searchResultGenerated", "timestamp": "2026-02-17T13:41:12.357Z", "sessionID": "d502fd1b-7e4e-48ec-b3f3-95930c67eea8", "query": "vaccine", "docid": "Sfd247fbe-A740a793b", "rank": "6", "page": "6", "url": "https://www.debate.org/debates/edible-vaccines/5/"}
{"type": "searchResultGenerated", "timestamp": "2026-02-17T13:41:12.357Z", "sessionID": "d502fd1b-7e4e-48ec-b3f3-95930c67eea8", "query": "vaccine", "docid": "Sfeda66aa-A511d397", "rank": "7", "page": "6", "url": "https://www.debate.org/debates/Vaccines-do-not-cause-autism/1/"}
{"type": "searchResultGenerated", "timestamp": "2026-02-17T13:41:12.357Z", "sessionID": "d502fd1b-7e4e-48ec-b3f3-95930c67eea8", "query": "vaccine", "docid": "S6567a895-A6a580984", "rank": "8", "page": "6", "url": "https://www.debate.org/debates/Vaccination-is-beneficial-for-humanity/1/"}
{"type": "searchResultGenerated", "timestamp": "2026-02-17T13:41:12.357Z", "sessionID": "d502fd1b-7e4e-48ec-b3f3-95930c67eea8", "query": "vaccine", "docid": "S6cbb0592-A832bbd45", "rank": "9", "page": "6", "url": "https://www.debate.org/debates/Anti-Vaccination-is-non-sensical/1/"}
{"type": "searchResultGenerated", "timestamp": "2026-02-17T13:41:12.358Z", "sessionID": "d502fd1b-7e4e-48ec-b3f3-95930c67eea8", "query": "vaccine", "docid": "S26bc035c-Affb1a0ba", "rank": "10", "page": "6", "url": "https://www.debate.org/debates/Vaccines-are-Dangerous/1/"}
{"type": "cursorEnteredSnippet", "timestamp": "2026-02-17T13:41:12.365Z", "sessionID": "d502fd1b-7e4e-48ec-b3f3-95930c67eea8", "query": "vaccine", "docid": "S8906c1ae-Aeb285b27", "rank": "2", "page": "6"}
{"type": "clickedResult", "timestamp": "2026-02-17T13:41:13.510Z", "sessionID": "d502fd1b-7e4e-48ec-b3f3-95930c67eea8", "query": "vaccine", "rank": "2", "page": "6", "url": "https://www.debate.org/debates/Vaccinations-mandatory-disbursemenet/2/"}
{"type": "cursorLeftSnippet", "timestamp": "2026-02-17T13:41:13.666Z", "sessionID": "d502fd1b-7e4e-48ec-b3f3-95930c67eea8", "query": "vaccine", "docid": "S8906c1ae-Aeb285b27", "rank": "2", "page": "6"}
{"type": "ClickedEndTask", "timestamp": "2026-02-17T13:41:16.020Z", "sessionID": "d502fd1b-7e4e-48ec-b3f3-95930c67eea8"}
{"type": "TaskEndConfirmed", "timestamp": "2026-02-17T13:41:16.799Z", "sessionID": "d502fd1b-7e4e-48ec-b3f3-95930c67eea8"}
