{"type": "TaskStarted", "timestamp": "2026-02-25T12:44:15.196Z", "sessionID": "126cd0eb-40de-4575-8e74-724f807698cb"}
{"type": "idSubmitted", "timestamp": "2026-02-25T12:44:15.200Z", "sessionID": "126cd0eb-40de-4575-8e74-724f807698cb", "uid": "Participant30"}
{"type": "queryBoxFocused", "timestamp": "2026-02-25T12:44:23.379Z", "sessionID": "126cd0eb-40de-4575-8e74-724f807698cb"}
{"type": "querySubmitted", "timestamp": "2026-02-25T12:44:25.151Z", "sessionID": "126cd0eb-40de-4575-8e74-724f807698cb", "query": "ducks"}
{"type": "searchResultGenerated", "timestamp": "2026-02-25T12:44:25.670Z", "sessionID": "126cd0eb-40de-4575-8e74-724f807698cb", "query": "ducks", "docid": "2938", "rank": "1", "page": "1", "url": "https://www.africanstorybook.org/#", "windowLocation": "http://localhost:7001/result?query=ducks&page=1"}
{"type": "searchResultGenerated", "timestamp": "2026-02-25T12:44:25.670Z", "sessionID": "126cd0eb-40de-4575-8e74-724f807698cb", "query": "ducks", "docid": "5607", "rank": "2", "page": "1", "url": "http://www.gutenberg.org/files/15170/15170-h/15170-h.htm#mirror", "windowLocation": "http://localhost:7001/result?query=ducks&page=1"}
{"type": "searchResultGenerated", "timestamp": "2026-02-25T12:44:25.671Z", "sessionID": "126cd0eb-40de-4575-8e74-724f807698cb", "query": "ducks", "docid": "5292", "rank": "3", "page": "1", "url": "http://www.gutenberg.org/files/40756/40756-h/40756-h.htm#Page_135", "windowLocation": "http://localhost:7001/result?query=ducks&page=1"}
{"type": "searchResultGenerated", "timestamp": "2026-02-25T12:44:25.671Z", "sessionID": "126cd0eb-40de-4575-8e74-724f807698cb", "query": "ducks", "docid": "5499", "rank": "4", "page": "1", "url": "http://www.gutenberg.org/files/28130/28130-h/28130-h.htm#Page_57", "windowLocation": "http://localhost:7001/result?query=ducks&page=1"}
{"type": "searchResultGenerated", "timestamp": "2026-02-25T12:44:25.671Z", "sessionID": "126cd0eb-40de-4575-8e74-724f807698cb", "query": "ducks", "docid": "5642", "rank": "5", "page": "1", "url": "http://www.gutenberg.org/files/16522/16522-h/16522-h.htm#ELSIES_DUCKS", "windowLocation": "http://localhost:7001/result?query=ducks&page=1"}
{"type": "searchResultGenerated", "timestamp": "2026-02-25T12:44:25.671Z", "sessionID": "126cd0eb-40de-4575-8e74-724f807698cb", "query": "ducks", "docid": "4817", "rank": "6", "page": "1", "url": "http://www.gutenberg.org/files/902/902-h/902-h.htm", "windowLocation": "http://localhost:7001/result?query=ducks&page=1"}
{"type": "searchResultGenerated", "timestamp": "2026-02-25T12:44:25.672Z", "sessionID": "126cd0eb-40de-4575-8e74-724f807698cb", "query": "ducks", "docid": "4970", "rank": "7", "page": "1", "url": "http://www.gutenberg.org/files/8950/8950-h/8950-h.htm", "windowLocation": "http://localhost:7001/result?query=ducks&page=1"}
{"type": "searchResultGenerated", "timestamp": "2026-02-25T12:44:25.672Z", "sessionID": "126cd0eb-40de-4575-8e74-724f807698cb", "query": "ducks", "docid": "6202", "rank": "8", "page": "1", "url": "http://www.gutenberg.org/files/16891/16891-h/16891-h.htm", "windowLocation": "http://localhost:7001/result?query=ducks&page=1"}
{"type": "searchResultGenerated", "timestamp": "2026-02-25T12:44:25.672Z", "sessionID": "126cd0eb-40de-4575-8e74-724f807698cb", "query": "ducks", "docid": "5714", "rank": "9", "page": "1", "url": "http://www.gutenberg.org/files/24940/24940-h/24940-h.htm#Page_69", "windowLocation": "http://localhost:7001/result?query=ducks&page=1"}
{"type": "searchResultGenerated", "timestamp": "2026-02-25T12:44:25.672Z", "sessionID": "126cd0eb-40de-4575-8e74-724f807698cb", "query": "ducks", "docid": "5589", "rank": "10", "page": "1", "url": "http://www.gutenberg.org/files/28133/28133-h/28133-h.htm#Page_139", "windowLocation": "http://localhost:7001/result?query=ducks&page=1"}
{"type": "cursorEnteredSnippet", "timestamp": "2026-02-25T12:44:36.132Z", "sessionID": "126cd0eb-40de-4575-8e74-724f807698cb", "query": "ducks", "docid": "2938", "rank": "1", "page": "1"}
{"type": "cursorLeftSnippet", "timestamp": "2026-02-25T12:44:47.697Z", "sessionID": "126cd0eb-40de-4575-8e74-724f807698cb", "query": "ducks", "docid": "2938", "rank": "1", "page": "1"}
{"type": "cursorEnteredSnippet", "timestamp": "2026-02-25T12:44:47.698Z", "sessionID": "126cd0eb-40de-4575-8e74-724f807698cb", "query": "ducks", "docid": "5607", "rank": "2", "page": "1"}
{"type": "cursorLeftSnippet", "timestamp": "2026-02-25T12:44:47.947Z", "sessionID": "126cd0eb-40de-4575-8e74-724f807698cb", "query": "ducks", "docid": "5607", "rank": "2", "page": "1"}
{"type": "cursorEnteredSnippet", "timestamp": "2026-02-25T12:44:47.997Z", "sessionID": "126cd0eb-40de-4575-8e74-724f807698cb", "query": "ducks", "docid": "5292", "rank": "3", "page": "1"}
{"type": "cursorLeftSnippet", "timestamp": "2026-02-25T12:44:57.403Z", "sessionID": "126cd0eb-40de-4575-8e74-724f807698cb", "query": "ducks", "docid": "5292", "rank": "3", "page": "1"}
{"type": "cursorEnteredSnippet", "timestamp": "2026-02-25T12:44:57.404Z", "sessionID": "126cd0eb-40de-4575-8e74-724f807698cb", "query": "ducks", "docid": "5499", "rank": "4", "page": "1"}
{"type": "cursorLeftSnippet", "timestamp": "2026-02-25T12:44:57.437Z", "sessionID": "126cd0eb-40de-4575-8e74-724f807698cb", "query": "ducks", "docid": "5499", "rank": "4", "page": "1"}
{"type": "cursorEnteredSnippet", "timestamp": "2026-02-25T12:44:57.437Z", "sessionID": "126cd0eb-40de-4575-8e74-724f807698cb", "query": "ducks", "docid": "5642", "rank": "5", "page": "1"}
{"type": "cursorLeftSnippet", "timestamp": "2026-02-25T12:44:57.805Z", "sessionID": "126cd0eb-40de-4575-8e74-724f807698cb", "query": "ducks", "docid": "5642", "rank": "5", "page": "1"}
{"type": "cursorEnteredSnippet", "timestamp": "2026-02-25T12:44:57.805Z", "sessionID": "126cd0eb-40de-4575-8e74-724f807698cb", "query": "ducks", "docid": "4970", "rank": "7", "page": "1"}
{"type": "cursorLeftSnippet", "timestamp": "2026-02-25T12:44:57.836Z", "sessionID": "126cd0eb-40de-4575-8e74-724f807698cb", "query": "ducks", "docid": "4970", "rank": "7", "page": "1"}
{"type": "cursorEnteredSnippet", "timestamp": "2026-02-25T12:44:57.838Z", "sessionID": "126cd0eb-40de-4575-8e74-724f807698cb", "query": "ducks", "docid": "6202", "rank": "8", "page": "1"}
{"type": "cursorLeftSnippet", "timestamp": "2026-02-25T12:44:58.681Z", "sessionID": "126cd0eb-40de-4575-8e74-724f807698cb", "query": "ducks", "docid": "6202", "rank": "8", "page": "1"}
{"type": "cursorEnteredSnippet", "timestamp": "2026-02-25T12:44:58.682Z", "sessionID": "126cd0eb-40de-4575-8e74-724f807698cb", "query": "ducks", "docid": "5714", "rank": "9", "page": "1"}
{"type": "cursorLeftSnippet", "timestamp": "2026-02-25T12:44:58.747Z", "sessionID": "126cd0eb-40de-4575-8e74-724f807698cb", "query": "ducks", "docid": "5714", "rank": "9", "page": "1"}
{"type": "cursorEnteredSnippet", "timestamp": "2026-02-25T12:44:58.748Z", "sessionID": "126cd0eb-40de-4575-8e74-724f807698cb", "query": "ducks", "docid": "5589", "rank": "10", "page": "1"}
{"type": "cursorLeftSnippet", "timestamp": "2026-02-25T12:45:08.798Z", "sessionID": "126cd0eb-40de-4575-8e74-724f807698cb", "query": "ducks", "docid": "5589", "rank": "10", "page": "1"}
{"type": "pageNavigationClicked", "timestamp": "2026-02-25T12:45:09.546Z", "sessionID": "126cd0eb-40de-4575-8e74-724f807698cb", "clicked": "4", "fromPage": 1, "toPage": 4}
{"type": "searchResultGenerated", "timestamp": "2026-02-25T12:45:09.924Z", "sessionID": "126cd0eb-40de-4575-8e74-724f807698cb", "query": "ducks", "docid": "7041", "rank": "1", "page": "4", "url": "http://www.gutenberg.org/files/25359/25359-h/25359-h.htm#Page_304", "windowLocation": "http://localhost:7001/result?query=ducks&page=4"}
{"type": "searchResultGenerated", "timestamp": "2026-02-25T12:45:09.924Z", "sessionID": "126cd0eb-40de-4575-8e74-724f807698cb", "query": "ducks", "docid": "3213", "rank": "2", "page": "4", "url": "https://freekidsbooks.org/wp-content/uploads/2020/06/the-dance-of-the-flamingo-Pratham-FKB.pdf", "windowLocation": "http://localhost:7001/result?query=ducks&page=4"}
{"type": "cursorEnteredSnippet", "timestamp": "2026-02-25T12:45:15.430Z", "sessionID": "126cd0eb-40de-4575-8e74-724f807698cb", "query": "ducks", "docid": "3213", "rank": "2", "page": "4"}
{"type": "clickedResult", "timestamp": "2026-02-25T12:45:16.794Z", "sessionID": "126cd0eb-40de-4575-8e74-724f807698cb", "query": "ducks", "rank": "2", "page": "4", "url": "https://freekidsbooks.org/wp-content/uploads/2020/06/the-dance-of-the-flamingo-Pratham-FKB.pdf", "searchAppLocation": "https://freekidsbooks.org/wp-content/uploads/2020/06/the-dance-of-the-flamingo-Pratham-FKB.pdf"}
{"type": "cursorLeftSnippet", "timestamp": "2026-02-25T12:45:20.712Z", "sessionID": "126cd0eb-40de-4575-8e74-724f807698cb", "query": "ducks", "docid": "3213", "rank": "2", "page": "4"}
{"type": "wentBack", "timestamp": "2026-02-25T12:45:45.930Z", "sessionID": "126cd0eb-40de-4575-8e74-724f807698cb", "query": "ducks", "page": "4"}
{"type": "wentBack", "timestamp": "2026-02-25T12:46:02.209Z", "sessionID": "126cd0eb-40de-4575-8e74-724f807698cb", "query": "ducks", "page": "1"}
{"type": "queryBoxFocused", "timestamp": "2026-02-25T12:46:22.939Z", "sessionID": "126cd0eb-40de-4575-8e74-724f807698cb"}
{"type": "querySubmitted", "timestamp": "2026-02-25T12:46:25.613Z", "sessionID": "126cd0eb-40de-4575-8e74-724f807698cb", "query": "dogs"}
{"type": "searchResultGenerated", "timestamp": "2026-02-25T12:46:25.974Z", "sessionID": "126cd0eb-40de-4575-8e74-724f807698cb", "query": "dogs", "docid": "2936", "rank": "1", "page": "1", "url": "https://www.africanstorybook.org/#", "windowLocation": "http://localhost:7001/result?query=dogs&page=1"}
{"type": "searchResultGenerated", "timestamp": "2026-02-25T12:46:25.974Z", "sessionID": "126cd0eb-40de-4575-8e74-724f807698cb", "query": "dogs", "docid": "2942", "rank": "2", "page": "1", "url": "https://www.africanstorybook.org/#", "windowLocation": "http://localhost:7001/result?query=dogs&page=1"}
{"type": "searchResultGenerated", "timestamp": "2026-02-25T12:46:25.975Z", "sessionID": "126cd0eb-40de-4575-8e74-724f807698cb", "query": "dogs", "docid": "2937", "rank": "3", "page": "1", "url": "https://www.africanstorybook.org/#", "windowLocation": "http://localhost:7001/result?query=dogs&page=1"}
{"type": "searchResultGenerated", "timestamp": "2026-02-25T12:46:25.975Z", "sessionID": "126cd0eb-40de-4575-8e74-724f807698cb", "query": "dogs", "docid": "2940", "rank": "4", "page": "1", "url": "https://www.africanstorybook.org/#", "windowLocation": "http://localhost:7001/result?query=dogs&page=1"}
{"type": "searchResultGenerated", "timestamp": "2026-02-25T12:46:25.976Z", "sessionID": "126cd0eb-40de-4575-8e74-724f807698cb", "query": "dogs", "docid": "2939", "rank": "5", "page": "1", "url": "https://www.africanstorybook.org/#", "windowLocation": "http://localhost:7001/result?query=dogs&page=1"}
{"type": "searchResultGenerated", "timestamp": "2026-02-25T12:46:25.976Z", "sessionID": "126cd0eb-40de-4575-8e74-724f807698cb", "query": "dogs", "docid": "3420", "rank": "6", "page": "1", "url": "https://www.africanstorybook.org/", "windowLocation": "http://localhost:7001/result?query=dogs&page=1"}
{"type": "searchResultGenerated", "timestamp": "2026-02-25T12:46:25.977Z", "sessionID": "126cd0eb-40de-4575-8e74-724f807698cb", "query": "dogs", "docid": "5461", "rank": "7", "page": "1", "url": "http://www.gutenberg.org/files/28142/28142-h/28142-h.htm#Page_73", "windowLocation": "http://localhost:7001/result?query=dogs&page=1"}
{"type": "searchResultGenerated", "timestamp": "2026-02-25T12:46:25.977Z", "sessionID": "126cd0eb-40de-4575-8e74-724f807698cb", "query": "dogs", "docid": "3071", "rank": "8", "page": "1", "url": "https://www.africanstorybook.org/", "windowLocation": "http://localhost:7001/result?query=dogs&page=1"}
{"type": "searchResultGenerated", "timestamp": "2026-02-25T12:46:25.978Z", "sessionID": "126cd0eb-40de-4575-8e74-724f807698cb", "query": "dogs", "docid": "2892", "rank": "9", "page": "1", "url": "https://www.africanstorybook.org/#", "windowLocation": "http://localhost:7001/result?query=dogs&page=1"}
{"type": "searchResultGenerated", "timestamp": "2026-02-25T12:46:25.978Z", "sessionID": "126cd0eb-40de-4575-8e74-724f807698cb", "query": "dogs", "docid": "2938", "rank": "10", "page": "1", "url": "https://www.africanstorybook.org/#", "windowLocation": "http://localhost:7001/result?query=dogs&page=1"}
{"type": "cursorEnteredSnippet", "timestamp": "2026-02-25T12:46:40.075Z", "sessionID": "126cd0eb-40de-4575-8e74-724f807698cb", "query": "dogs", "docid": "2936", "rank": "1", "page": "1"}
{"type": "cursorLeftSnippet", "timestamp": "2026-02-25T12:46:40.158Z", "sessionID": "126cd0eb-40de-4575-8e74-724f807698cb", "query": "dogs", "docid": "2936", "rank": "1", "page": "1"}
{"type": "wentBack", "timestamp": "2026-02-25T12:46:41.340Z", "sessionID": "126cd0eb-40de-4575-8e74-724f807698cb", "query": "ducks", "page": "1"}
{"type": "cursorEnteredSnippet", "timestamp": "2026-02-25T12:46:48.375Z", "sessionID": "126cd0eb-40de-4575-8e74-724f807698cb", "query": "ducks", "docid": "5589", "rank": "10", "page": "1"}
{"type": "cursorLeftSnippet", "timestamp": "2026-02-25T12:46:48.458Z", "sessionID": "126cd0eb-40de-4575-8e74-724f807698cb", "query": "ducks", "docid": "5589", "rank": "10", "page": "1"}
{"type": "cursorEnteredSnippet", "timestamp": "2026-02-25T12:46:49.708Z", "sessionID": "126cd0eb-40de-4575-8e74-724f807698cb", "query": "ducks", "docid": "5714", "rank": "9", "page": "1"}
{"type": "cursorLeftSnippet", "timestamp": "2026-02-25T12:46:49.808Z", "sessionID": "126cd0eb-40de-4575-8e74-724f807698cb", "query": "ducks", "docid": "5714", "rank": "9", "page": "1"}
{"type": "cursorEnteredSnippet", "timestamp": "2026-02-25T12:46:49.808Z", "sessionID": "126cd0eb-40de-4575-8e74-724f807698cb", "query": "ducks", "docid": "5589", "rank": "10", "page": "1"}
{"type": "cursorLeftSnippet", "timestamp": "2026-02-25T12:46:49.958Z", "sessionID": "126cd0eb-40de-4575-8e74-724f807698cb", "query": "ducks", "docid": "5589", "rank": "10", "page": "1"}
{"type": "pageNavigationClicked", "timestamp": "2026-02-25T12:46:50.437Z", "sessionID": "126cd0eb-40de-4575-8e74-724f807698cb", "clicked": "3", "fromPage": 1, "toPage": 3}
{"type": "searchResultGenerated", "timestamp": "2026-02-25T12:46:50.763Z", "sessionID": "126cd0eb-40de-4575-8e74-724f807698cb", "query": "ducks", "docid": "6235", "rank": "1", "page": "3", "url": "http://www.gutenberg.org/files/7252/7252-h/7252-h.htm", "windowLocation": "http://localhost:7001/result?query=ducks&page=3"}
{"type": "searchResultGenerated", "timestamp": "2026-02-25T12:46:50.764Z", "sessionID": "126cd0eb-40de-4575-8e74-724f807698cb", "query": "ducks", "docid": "2047", "rank": "2", "page": "3", "url": "https://kids.frontiersin.org/article/10.3389/frym.2020.00083", "windowLocation": "http://localhost:7001/result?query=ducks&page=3"}
{"type": "searchResultGenerated", "timestamp": "2026-02-25T12:46:50.764Z", "sessionID": "126cd0eb-40de-4575-8e74-724f807698cb", "query": "ducks", "docid": "7365", "rank": "3", "page": "3", "url": "https://www.digitallibrary.io/en/books/details/1391", "windowLocation": "http://localhost:7001/result?query=ducks&page=3"}
{"type": "searchResultGenerated", "timestamp": "2026-02-25T12:46:50.765Z", "sessionID": "126cd0eb-40de-4575-8e74-724f807698cb", "query": "ducks", "docid": "3208", "rank": "4", "page": "3", "url": "https://www.africanstorybook.org/", "windowLocation": "http://localhost:7001/result?query=ducks&page=3"}
{"type": "searchResultGenerated", "timestamp": "2026-02-25T12:46:50.765Z", "sessionID": "126cd0eb-40de-4575-8e74-724f807698cb", "query": "ducks", "docid": "4340", "rank": "5", "page": "3", "url": "https://www.commonlit.org/texts/the-open-window", "windowLocation": "http://localhost:7001/result?query=ducks&page=3"}
{"type": "searchResultGenerated", "timestamp": "2026-02-25T12:46:50.765Z", "sessionID": "126cd0eb-40de-4575-8e74-724f807698cb", "query": "ducks", "docid": "5234", "rank": "6", "page": "3", "url": "http://www.gutenberg.org/files/42159/42159-h/42159-h.htm#Page_308", "windowLocation": "http://localhost:7001/result?query=ducks&page=3"}
{"type": "searchResultGenerated", "timestamp": "2026-02-25T12:46:50.766Z", "sessionID": "126cd0eb-40de-4575-8e74-724f807698cb", "query": "ducks", "docid": "4261", "rank": "7", "page": "3", "url": "http://www.gutenberg.org/files/20521/20521-h/20521-h.htm#French_Amenities", "windowLocation": "http://localhost:7001/result?query=ducks&page=3"}
{"type": "searchResultGenerated", "timestamp": "2026-02-25T12:46:50.766Z", "sessionID": "126cd0eb-40de-4575-8e74-724f807698cb", "query": "ducks", "docid": "2967", "rank": "8", "page": "3", "url": "https://kids.frontiersin.org/article/10.3389/frym.2017.00007", "windowLocation": "http://localhost:7001/result?query=ducks&page=3"}
{"type": "searchResultGenerated", "timestamp": "2026-02-25T12:46:50.766Z", "sessionID": "126cd0eb-40de-4575-8e74-724f807698cb", "query": "ducks", "docid": "3071", "rank": "9", "page": "3", "url": "https://www.africanstorybook.org/", "windowLocation": "http://localhost:7001/result?query=ducks&page=3"}
{"type": "searchResultGenerated", "timestamp": "2026-02-25T12:46:50.767Z", "sessionID": "126cd0eb-40de-4575-8e74-724f807698cb", "query": "ducks", "docid": "7254", "rank": "10", "page": "3", "url": "https://www.digitallibrary.io/en/books/details/3753", "windowLocation": "http://localhost:7001/result?query=ducks&page=3"}
{"type": "cursorEnteredSnippet", "timestamp": "2026-02-25T12:46:59.991Z", "sessionID": "126cd0eb-40de-4575-8e74-724f807698cb", "query": "ducks", "docid": "2047", "rank": "2", "page": "3"}
{"type": "cursorLeftSnippet", "timestamp": "2026-02-25T12:47:00.008Z", "sessionID": "126cd0eb-40de-4575-8e74-724f807698cb", "query": "ducks", "docid": "2047", "rank": "2", "page": "3"}
{"type": "cursorEnteredSnippet", "timestamp": "2026-02-25T12:47:00.025Z", "sessionID": "126cd0eb-40de-4575-8e74-724f807698cb", "query": "ducks", "docid": "6235", "rank": "1", "page": "3"}
{"type": "cursorLeftSnippet", "timestamp": "2026-02-25T12:47:00.207Z", "sessionID": "126cd0eb-40de-4575-8e74-724f807698cb", "query": "ducks", "docid": "6235", "rank": "1", "page": "3"}
{"type": "queryBoxFocused", "timestamp": "2026-02-25T12:47:04.917Z", "sessionID": "126cd0eb-40de-4575-8e74-724f807698cb"}
{"type": "querySubmitted", "timestamp": "2026-02-25T12:47:07.229Z", "sessionID": "126cd0eb-40de-4575-8e74-724f807698cb", "query": "birds"}
{"type": "ClickedEndTask", "timestamp": "2026-02-25T12:47:36.399Z", "sessionID": "126cd0eb-40de-4575-8e74-724f807698cb"}
{"type": "TaskEndConfirmed", "timestamp": "2026-02-25T12:47:37.531Z", "sessionID": "126cd0eb-40de-4575-8e74-724f807698cb"}
