{"type": "TaskStarted", "timestamp": "2026-02-25T12:43:14.055Z", "sessionID": "2804b6e2-77ed-4e89-b5e6-b8cb12fab3db"}
{"type": "idSubmitted", "timestamp": "2026-02-25T12:43:14.058Z", "sessionID": "2804b6e2-77ed-4e89-b5e6-b8cb12fab3db", "uid": "Participant20"}
{"type": "queryBoxFocused", "timestamp": "2026-02-25T12:43:15.827Z", "sessionID": "2804b6e2-77ed-4e89-b5e6-b8cb12fab3db"}
{"type": "querySubmitted", "timestamp": "2026-02-25T12:43:17.566Z", "sessionID": "2804b6e2-77ed-4e89-b5e6-b8cb12fab3db", "query": "ducks"}
{"type": "searchResultGenerated", "timestamp": "2026-02-25T12:43:18.707Z", "sessionID": "2804b6e2-77ed-4e89-b5e6-b8cb12fab3db", "query": "ducks", "docid": "2938", "rank": "1", "page": "1", "url": "https://www.africanstorybook.org/#", "windowLocation": "http://localhost:7001/result?query=ducks&page=1"}
{"type": "searchResultGenerated", "timestamp": "2026-02-25T12:43:18.708Z", "sessionID": "2804b6e2-77ed-4e89-b5e6-b8cb12fab3db", "query": "ducks", "docid": "5607", "rank": "2", "page": "1", "url": "http://www.gutenberg.org/files/15170/15170-h/15170-h.htm#mirror", "windowLocation": "http://localhost:7001/result?query=ducks&page=1"}
{"type": "searchResultGenerated", "timestamp": "2026-02-25T12:43:18.708Z", "sessionID": "2804b6e2-77ed-4e89-b5e6-b8cb12fab3db", "query": "ducks", "docid": "5292", "rank": "3", "page": "1", "url": "http://www.gutenberg.org/files/40756/40756-h/40756-h.htm#Page_135", "windowLocation": "http://localhost:7001/result?query=ducks&page=1"}
{"type": "searchResultGenerated", "timestamp": "2026-02-25T12:43:18.708Z", "sessionID": "2804b6e2-77ed-4e89-b5e6-b8cb12fab3db", "query": "ducks", "docid": "5499", "rank": "4", "page": "1", "url": "http://www.gutenberg.org/files/28130/28130-h/28130-h.htm#Page_57", "windowLocation": "http://localhost:7001/result?query=ducks&page=1"}
{"type": "searchResultGenerated", "timestamp": "2026-02-25T12:43:18.708Z", "sessionID": "2804b6e2-77ed-4e89-b5e6-b8cb12fab3db", "query": "ducks", "docid": "5642", "rank": "5", "page": "1", "url": "http://www.gutenberg.org/files/16522/16522-h/16522-h.htm#ELSIES_DUCKS", "windowLocation": "http://localhost:7001/result?query=ducks&page=1"}
{"type": "searchResultGenerated", "timestamp": "2026-02-25T12:43:18.709Z", "sessionID": "2804b6e2-77ed-4e89-b5e6-b8cb12fab3db", "query": "ducks", "docid": "4817", "rank": "6", "page": "1", "url": "http://www.gutenberg.org/files/902/902-h/902-h.htm", "windowLocation": "http://localhost:7001/result?query=ducks&page=1"}
{"type": "searchResultGenerated", "timestamp": "2026-02-25T12:43:18.709Z", "sessionID": "2804b6e2-77ed-4e89-b5e6-b8cb12fab3db", "query": "ducks", "docid": "4970", "rank": "7", "page": "1", "url": "http://www.gutenberg.org/files/8950/8950-h/8950-h.htm", "windowLocation": "http://localhost:7001/result?query=ducks&page=1"}
{"type": "searchResultGenerated", "timestamp": "2026-02-25T12:43:18.709Z", "sessionID": "2804b6e2-77ed-4e89-b5e6-b8cb12fab3db", "query": "ducks", "docid": "6202", "rank": "8", "page": "1", "url": "http://www.gutenberg.org/files/16891/16891-h/16891-h.htm", "windowLocation": "http://localhost:7001/result?query=ducks&page=1"}
{"type": "searchResultGenerated", "timestamp": "2026-02-25T12:43:18.709Z", "sessionID": "2804b6e2-77ed-4e89-b5e6-b8cb12fab3db", "query": "ducks", "docid": "5714", "rank": "9", "page": "1", "url": "http://www.gutenberg.org/files/24940/24940-h/24940-h.htm#Page_69", "windowLocation": "http://localhost:7001/result?query=ducks&page=1"}
{"type": "searchResultGenerated", "timestamp": "2026-02-25T12:43:18.710Z", "sessionID": "2804b6e2-77ed-4e89-b5e6-b8cb12fab3db", "query": "ducks", "docid": "5589", "rank": "10", "page": "1", "url": "http://www.gutenberg.org/files/28133/28133-h/28133-h.htm#Page_139", "windowLocation": "http://localhost:7001/result?query=ducks&page=1"}
{"type": "cursorEnteredSnippet", "timestamp": "2026-02-25T12:43:23.131Z", "sessionID": "2804b6e2-77ed-4e89-b5e6-b8cb12fab3db", "query": "ducks", "docid": "5589", "rank": "10", "page": "1"}
{"type": "cursorLeftSnippet", "timestamp": "2026-02-25T12:43:23.142Z", "sessionID": "2804b6e2-77ed-4e89-b5e6-b8cb12fab3db", "query": "ducks", "docid": "5589", "rank": "10", "page": "1"}
{"type": "cursorEnteredSnippet", "timestamp": "2026-02-25T12:43:23.352Z", "sessionID": "2804b6e2-77ed-4e89-b5e6-b8cb12fab3db", "query": "ducks", "docid": "4970", "rank": "7", "page": "1"}
{"type": "cursorLeftSnippet", "timestamp": "2026-02-25T12:43:23.419Z", "sessionID": "2804b6e2-77ed-4e89-b5e6-b8cb12fab3db", "query": "ducks", "docid": "4970", "rank": "7", "page": "1"}
{"type": "cursorEnteredSnippet", "timestamp": "2026-02-25T12:43:23.436Z", "sessionID": "2804b6e2-77ed-4e89-b5e6-b8cb12fab3db", "query": "ducks", "docid": "6202", "rank": "8", "page": "1"}
{"type": "cursorLeftSnippet", "timestamp": "2026-02-25T12:43:23.468Z", "sessionID": "2804b6e2-77ed-4e89-b5e6-b8cb12fab3db", "query": "ducks", "docid": "6202", "rank": "8", "page": "1"}
{"type": "cursorEnteredSnippet", "timestamp": "2026-02-25T12:43:23.469Z", "sessionID": "2804b6e2-77ed-4e89-b5e6-b8cb12fab3db", "query": "ducks", "docid": "5714", "rank": "9", "page": "1"}
{"type": "cursorLeftSnippet", "timestamp": "2026-02-25T12:43:23.502Z", "sessionID": "2804b6e2-77ed-4e89-b5e6-b8cb12fab3db", "query": "ducks", "docid": "5714", "rank": "9", "page": "1"}
{"type": "cursorEnteredSnippet", "timestamp": "2026-02-25T12:43:23.502Z", "sessionID": "2804b6e2-77ed-4e89-b5e6-b8cb12fab3db", "query": "ducks", "docid": "5589", "rank": "10", "page": "1"}
{"type": "cursorLeftSnippet", "timestamp": "2026-02-25T12:43:23.669Z", "sessionID": "2804b6e2-77ed-4e89-b5e6-b8cb12fab3db", "query": "ducks", "docid": "5589", "rank": "10", "page": "1"}
{"type": "pageNavigationClicked", "timestamp": "2026-02-25T12:43:24.210Z", "sessionID": "2804b6e2-77ed-4e89-b5e6-b8cb12fab3db", "clicked": "3", "fromPage": 1, "toPage": 3}
{"type": "searchResultGenerated", "timestamp": "2026-02-25T12:43:24.580Z", "sessionID": "2804b6e2-77ed-4e89-b5e6-b8cb12fab3db", "query": "ducks", "docid": "6235", "rank": "1", "page": "3", "url": "http://www.gutenberg.org/files/7252/7252-h/7252-h.htm", "windowLocation": "http://localhost:7001/result?query=ducks&page=3"}
{"type": "searchResultGenerated", "timestamp": "2026-02-25T12:43:24.580Z", "sessionID": "2804b6e2-77ed-4e89-b5e6-b8cb12fab3db", "query": "ducks", "docid": "2047", "rank": "2", "page": "3", "url": "https://kids.frontiersin.org/article/10.3389/frym.2020.00083", "windowLocation": "http://localhost:7001/result?query=ducks&page=3"}
{"type": "searchResultGenerated", "timestamp": "2026-02-25T12:43:24.581Z", "sessionID": "2804b6e2-77ed-4e89-b5e6-b8cb12fab3db", "query": "ducks", "docid": "7365", "rank": "3", "page": "3", "url": "https://www.digitallibrary.io/en/books/details/1391", "windowLocation": "http://localhost:7001/result?query=ducks&page=3"}
{"type": "searchResultGenerated", "timestamp": "2026-02-25T12:43:24.581Z", "sessionID": "2804b6e2-77ed-4e89-b5e6-b8cb12fab3db", "query": "ducks", "docid": "3208", "rank": "4", "page": "3", "url": "https://www.africanstorybook.org/", "windowLocation": "http://localhost:7001/result?query=ducks&page=3"}
{"type": "searchResultGenerated", "timestamp": "2026-02-25T12:43:24.581Z", "sessionID": "2804b6e2-77ed-4e89-b5e6-b8cb12fab3db", "query": "ducks", "docid": "4340", "rank": "5", "page": "3", "url": "https://www.commonlit.org/texts/the-open-window", "windowLocation": "http://localhost:7001/result?query=ducks&page=3"}
{"type": "searchResultGenerated", "timestamp": "2026-02-25T12:43:24.582Z", "sessionID": "2804b6e2-77ed-4e89-b5e6-b8cb12fab3db", "query": "ducks", "docid": "5234", "rank": "6", "page": "3", "url": "http://www.gutenberg.org/files/42159/42159-h/42159-h.htm#Page_308", "windowLocation": "http://localhost:7001/result?query=ducks&page=3"}
{"type": "searchResultGenerated", "timestamp": "2026-02-25T12:43:24.582Z", "sessionID": "2804b6e2-77ed-4e89-b5e6-b8cb12fab3db", "query": "ducks", "docid": "4261", "rank": "7", "page": "3", "url": "http://www.gutenberg.org/files/20521/20521-h/20521-h.htm#French_Amenities", "windowLocation": "http://localhost:7001/result?query=ducks&page=3"}
{"type": "searchResultGenerated", "timestamp": "2026-02-25T12:43:24.582Z", "sessionID": "2804b6e2-77ed-4e89-b5e6-b8cb12fab3db", "query": "ducks", "docid": "2967", "rank": "8", "page": "3", "url": "https://kids.frontiersin.org/article/10.3389/frym.2017.00007", "windowLocation": "http://localhost:7001/result?query=ducks&page=3"}
{"type": "searchResultGenerated", "timestamp": "2026-02-25T12:43:24.583Z", "sessionID": "2804b6e2-77ed-4e89-b5e6-b8cb12fab3db", "query": "ducks", "docid": "3071", "rank": "9", "page": "3", "url": "https://www.africanstorybook.org/", "windowLocation": "http://localhost:7001/result?query=ducks&page=3"}
{"type": "searchResultGenerated", "timestamp": "2026-02-25T12:43:24.583Z", "sessionID": "2804b6e2-77ed-4e89-b5e6-b8cb12fab3db", "query": "ducks", "docid": "7254", "rank": "10", "page": "3", "url": "https://www.digitallibrary.io/en/books/details/3753", "windowLocation": "http://localhost:7001/result?query=ducks&page=3"}
{"type": "cursorEnteredSnippet", "timestamp": "2026-02-25T12:43:25.302Z", "sessionID": "2804b6e2-77ed-4e89-b5e6-b8cb12fab3db", "query": "ducks", "docid": "3208", "rank": "4", "page": "3"}
{"type": "cursorLeftSnippet", "timestamp": "2026-02-25T12:43:25.485Z", "sessionID": "2804b6e2-77ed-4e89-b5e6-b8cb12fab3db", "query": "ducks", "docid": "3208", "rank": "4", "page": "3"}
{"type": "cursorEnteredSnippet", "timestamp": "2026-02-25T12:43:25.502Z", "sessionID": "2804b6e2-77ed-4e89-b5e6-b8cb12fab3db", "query": "ducks", "docid": "7365", "rank": "3", "page": "3"}
{"type": "cursorLeftSnippet", "timestamp": "2026-02-25T12:43:28.435Z", "sessionID": "2804b6e2-77ed-4e89-b5e6-b8cb12fab3db", "query": "ducks", "docid": "7365", "rank": "3", "page": "3"}
{"type": "cursorEnteredSnippet", "timestamp": "2026-02-25T12:43:28.435Z", "sessionID": "2804b6e2-77ed-4e89-b5e6-b8cb12fab3db", "query": "ducks", "docid": "3071", "rank": "9", "page": "3"}
{"type": "cursorLeftSnippet", "timestamp": "2026-02-25T12:43:28.485Z", "sessionID": "2804b6e2-77ed-4e89-b5e6-b8cb12fab3db", "query": "ducks", "docid": "3071", "rank": "9", "page": "3"}
{"type": "cursorEnteredSnippet", "timestamp": "2026-02-25T12:43:28.486Z", "sessionID": "2804b6e2-77ed-4e89-b5e6-b8cb12fab3db", "query": "ducks", "docid": "7254", "rank": "10", "page": "3"}
{"type": "cursorLeftSnippet", "timestamp": "2026-02-25T12:43:29.401Z", "sessionID": "2804b6e2-77ed-4e89-b5e6-b8cb12fab3db", "query": "ducks", "docid": "7254", "rank": "10", "page": "3"}
{"type": "cursorEnteredSnippet", "timestamp": "2026-02-25T12:43:29.401Z", "sessionID": "2804b6e2-77ed-4e89-b5e6-b8cb12fab3db", "query": "ducks", "docid": "3071", "rank": "9", "page": "3"}
{"type": "cursorLeftSnippet", "timestamp": "2026-02-25T12:43:29.418Z", "sessionID": "2804b6e2-77ed-4e89-b5e6-b8cb12fab3db", "query": "ducks", "docid": "3071", "rank": "9", "page": "3"}
{"type": "queryBoxFocused", "timestamp": "2026-02-25T12:43:32.024Z", "sessionID": "2804b6e2-77ed-4e89-b5e6-b8cb12fab3db"}
{"type": "querySubmitted", "timestamp": "2026-02-25T12:43:33.886Z", "sessionID": "2804b6e2-77ed-4e89-b5e6-b8cb12fab3db", "query": "dogs"}
{"type": "searchResultGenerated", "timestamp": "2026-02-25T12:43:34.387Z", "sessionID": "2804b6e2-77ed-4e89-b5e6-b8cb12fab3db", "query": "dogs", "docid": "2936", "rank": "1", "page": "1", "url": "https://www.africanstorybook.org/#", "windowLocation": "http://localhost:7001/result?query=dogs&page=1"}
{"type": "searchResultGenerated", "timestamp": "2026-02-25T12:43:34.387Z", "sessionID": "2804b6e2-77ed-4e89-b5e6-b8cb12fab3db", "query": "dogs", "docid": "2942", "rank": "2", "page": "1", "url": "https://www.africanstorybook.org/#", "windowLocation": "http://localhost:7001/result?query=dogs&page=1"}
{"type": "searchResultGenerated", "timestamp": "2026-02-25T12:43:34.388Z", "sessionID": "2804b6e2-77ed-4e89-b5e6-b8cb12fab3db", "query": "dogs", "docid": "2937", "rank": "3", "page": "1", "url": "https://www.africanstorybook.org/#", "windowLocation": "http://localhost:7001/result?query=dogs&page=1"}
{"type": "searchResultGenerated", "timestamp": "2026-02-25T12:43:34.388Z", "sessionID": "2804b6e2-77ed-4e89-b5e6-b8cb12fab3db", "query": "dogs", "docid": "2940", "rank": "4", "page": "1", "url": "https://www.africanstorybook.org/#", "windowLocation": "http://localhost:7001/result?query=dogs&page=1"}
{"type": "searchResultGenerated", "timestamp": "2026-02-25T12:43:34.388Z", "sessionID": "2804b6e2-77ed-4e89-b5e6-b8cb12fab3db", "query": "dogs", "docid": "2939", "rank": "5", "page": "1", "url": "https://www.africanstorybook.org/#", "windowLocation": "http://localhost:7001/result?query=dogs&page=1"}
{"type": "searchResultGenerated", "timestamp": "2026-02-25T12:43:34.389Z", "sessionID": "2804b6e2-77ed-4e89-b5e6-b8cb12fab3db", "query": "dogs", "docid": "3420", "rank": "6", "page": "1", "url": "https://www.africanstorybook.org/", "windowLocation": "http://localhost:7001/result?query=dogs&page=1"}
{"type": "searchResultGenerated", "timestamp": "2026-02-25T12:43:34.389Z", "sessionID": "2804b6e2-77ed-4e89-b5e6-b8cb12fab3db", "query": "dogs", "docid": "5461", "rank": "7", "page": "1", "url": "http://www.gutenberg.org/files/28142/28142-h/28142-h.htm#Page_73", "windowLocation": "http://localhost:7001/result?query=dogs&page=1"}
{"type": "searchResultGenerated", "timestamp": "2026-02-25T12:43:34.390Z", "sessionID": "2804b6e2-77ed-4e89-b5e6-b8cb12fab3db", "query": "dogs", "docid": "3071", "rank": "8", "page": "1", "url": "https://www.africanstorybook.org/", "windowLocation": "http://localhost:7001/result?query=dogs&page=1"}
{"type": "searchResultGenerated", "timestamp": "2026-02-25T12:43:34.390Z", "sessionID": "2804b6e2-77ed-4e89-b5e6-b8cb12fab3db", "query": "dogs", "docid": "2892", "rank": "9", "page": "1", "url": "https://www.africanstorybook.org/#", "windowLocation": "http://localhost:7001/result?query=dogs&page=1"}
{"type": "searchResultGenerated", "timestamp": "2026-02-25T12:43:34.391Z", "sessionID": "2804b6e2-77ed-4e89-b5e6-b8cb12fab3db", "query": "dogs", "docid": "2938", "rank": "10", "page": "1", "url": "https://www.africanstorybook.org/#", "windowLocation": "http://localhost:7001/result?query=dogs&page=1"}
{"type": "cursorEnteredSnippet", "timestamp": "2026-02-25T12:43:35.101Z", "sessionID": "2804b6e2-77ed-4e89-b5e6-b8cb12fab3db", "query": "dogs", "docid": "2936", "rank": "1", "page": "1"}
{"type": "cursorLeftSnippet", "timestamp": "2026-02-25T12:43:35.168Z", "sessionID": "2804b6e2-77ed-4e89-b5e6-b8cb12fab3db", "query": "dogs", "docid": "2936", "rank": "1", "page": "1"}
{"type": "cursorEnteredSnippet", "timestamp": "2026-02-25T12:43:35.169Z", "sessionID": "2804b6e2-77ed-4e89-b5e6-b8cb12fab3db", "query": "dogs", "docid": "2942", "rank": "2", "page": "1"}
{"type": "cursorLeftSnippet", "timestamp": "2026-02-25T12:43:35.490Z", "sessionID": "2804b6e2-77ed-4e89-b5e6-b8cb12fab3db", "query": "dogs", "docid": "2942", "rank": "2", "page": "1"}
{"type": "cursorEnteredSnippet", "timestamp": "2026-02-25T12:43:35.491Z", "sessionID": "2804b6e2-77ed-4e89-b5e6-b8cb12fab3db", "query": "dogs", "docid": "2937", "rank": "3", "page": "1"}
{"type": "cursorLeftSnippet", "timestamp": "2026-02-25T12:43:36.602Z", "sessionID": "2804b6e2-77ed-4e89-b5e6-b8cb12fab3db", "query": "dogs", "docid": "2937", "rank": "3", "page": "1"}
{"type": "cursorEnteredSnippet", "timestamp": "2026-02-25T12:43:36.602Z", "sessionID": "2804b6e2-77ed-4e89-b5e6-b8cb12fab3db", "query": "dogs", "docid": "3071", "rank": "8", "page": "1"}
{"type": "cursorLeftSnippet", "timestamp": "2026-02-25T12:43:36.801Z", "sessionID": "2804b6e2-77ed-4e89-b5e6-b8cb12fab3db", "query": "dogs", "docid": "3071", "rank": "8", "page": "1"}
{"type": "cursorEnteredSnippet", "timestamp": "2026-02-25T12:43:36.801Z", "sessionID": "2804b6e2-77ed-4e89-b5e6-b8cb12fab3db", "query": "dogs", "docid": "2892", "rank": "9", "page": "1"}
{"type": "cursorLeftSnippet", "timestamp": "2026-02-25T12:43:36.934Z", "sessionID": "2804b6e2-77ed-4e89-b5e6-b8cb12fab3db", "query": "dogs", "docid": "2892", "rank": "9", "page": "1"}
{"type": "cursorEnteredSnippet", "timestamp": "2026-02-25T12:43:36.968Z", "sessionID": "2804b6e2-77ed-4e89-b5e6-b8cb12fab3db", "query": "dogs", "docid": "2938", "rank": "10", "page": "1"}
{"type": "cursorLeftSnippet", "timestamp": "2026-02-25T12:43:37.601Z", "sessionID": "2804b6e2-77ed-4e89-b5e6-b8cb12fab3db", "query": "dogs", "docid": "2938", "rank": "10", "page": "1"}
{"type": "cursorEnteredSnippet", "timestamp": "2026-02-25T12:43:38.218Z", "sessionID": "2804b6e2-77ed-4e89-b5e6-b8cb12fab3db", "query": "dogs", "docid": "2938", "rank": "10", "page": "1"}
{"type": "clickedResult", "timestamp": "2026-02-25T12:43:38.849Z", "sessionID": "2804b6e2-77ed-4e89-b5e6-b8cb12fab3db", "query": "dogs", "rank": "10", "page": "1", "url": "https://www.africanstorybook.org/#", "searchAppLocation": "https://www.africanstorybook.org/#"}
{"type": "cursorLeftSnippet", "timestamp": "2026-02-25T12:43:40.350Z", "sessionID": "2804b6e2-77ed-4e89-b5e6-b8cb12fab3db", "query": "dogs", "docid": "2938", "rank": "10", "page": "1"}
{"type": "wentBack", "timestamp": "2026-02-25T12:43:43.949Z", "sessionID": "2804b6e2-77ed-4e89-b5e6-b8cb12fab3db", "query": "dogs", "page": "1"}
{"type": "ClickedEndTask", "timestamp": "2026-02-25T12:43:56.926Z", "sessionID": "2804b6e2-77ed-4e89-b5e6-b8cb12fab3db"}
{"type": "TaskEndConfirmed", "timestamp": "2026-02-25T12:43:57.836Z", "sessionID": "2804b6e2-77ed-4e89-b5e6-b8cb12fab3db"}
