{"type": "TaskStarted", "timestamp": "2026-02-24T13:44:47.946Z", "sessionID": "6bb40de0-71b5-4c84-9404-856abe731789"}
{"type": "idSubmitted", "timestamp": "2026-02-24T13:44:47.950Z", "sessionID": "6bb40de0-71b5-4c84-9404-856abe731789", "uid": "Participant30"}
{"type": "queryBoxFocused", "timestamp": "2026-02-24T13:44:50.328Z", "sessionID": "6bb40de0-71b5-4c84-9404-856abe731789"}
{"type": "querySubmitted", "timestamp": "2026-02-24T13:44:57.225Z", "sessionID": "6bb40de0-71b5-4c84-9404-856abe731789", "query": "boats"}
{"type": "searchResultGenerated", "timestamp": "2026-02-24T13:44:58.330Z", "sessionID": "6bb40de0-71b5-4c84-9404-856abe731789", "query": "boats", "docid": "7248", "rank": "1", "page": "1", "url": "http://www.gutenberg.org/files/8504/8504-h/8504-h.htm#5", "windowLocation": "http://localhost:7001/result?query=boats&page=1"}
{"type": "searchResultGenerated", "timestamp": "2026-02-24T13:44:58.331Z", "sessionID": "6bb40de0-71b5-4c84-9404-856abe731789", "query": "boats", "docid": "1102", "rank": "2", "page": "1", "url": "http://www.gutenberg.org/files/22168/22168-h/22168-h.htm#h2H_4_0007", "windowLocation": "http://localhost:7001/result?query=boats&page=1"}
{"type": "searchResultGenerated", "timestamp": "2026-02-24T13:44:58.331Z", "sessionID": "6bb40de0-71b5-4c84-9404-856abe731789", "query": "boats", "docid": "5775", "rank": "3", "page": "1", "url": "http://www.gutenberg.org/files/24477/24477-h/24477-h.htm#Page_110", "windowLocation": "http://localhost:7001/result?query=boats&page=1"}
{"type": "searchResultGenerated", "timestamp": "2026-02-24T13:44:58.331Z", "sessionID": "6bb40de0-71b5-4c84-9404-856abe731789", "query": "boats", "docid": "5855", "rank": "4", "page": "1", "url": "http://www.online-literature.com/wilkie-collins/rambles-beyond-railways/0/", "windowLocation": "http://localhost:7001/result?query=boats&page=1"}
{"type": "searchResultGenerated", "timestamp": "2026-02-24T13:44:58.331Z", "sessionID": "6bb40de0-71b5-4c84-9404-856abe731789", "query": "boats", "docid": "3758", "rank": "5", "page": "1", "url": "http://www.gutenberg.org/files/38750/38750-h/38750-h.htm#Page_290", "windowLocation": "http://localhost:7001/result?query=boats&page=1"}
{"type": "searchResultGenerated", "timestamp": "2026-02-24T13:44:58.331Z", "sessionID": "6bb40de0-71b5-4c84-9404-856abe731789", "query": "boats", "docid": "5524", "rank": "6", "page": "1", "url": "http://www.gutenberg.org/files/28130/28130-h/28130-h.htm#Page_47", "windowLocation": "http://localhost:7001/result?query=boats&page=1"}
{"type": "searchResultGenerated", "timestamp": "2026-02-24T13:44:58.331Z", "sessionID": "6bb40de0-71b5-4c84-9404-856abe731789", "query": "boats", "docid": "3809", "rank": "7", "page": "1", "url": "http://www.gutenberg.org/files/2591/2591-h/2591-h.htm", "windowLocation": "http://localhost:7001/result?query=boats&page=1"}
{"type": "searchResultGenerated", "timestamp": "2026-02-24T13:44:58.332Z", "sessionID": "6bb40de0-71b5-4c84-9404-856abe731789", "query": "boats", "docid": "6588", "rank": "8", "page": "1", "url": "http://www.gutenberg.org/files/13577/13577-h/13577-h.htm", "windowLocation": "http://localhost:7001/result?query=boats&page=1"}
{"type": "searchResultGenerated", "timestamp": "2026-02-24T13:44:58.332Z", "sessionID": "6bb40de0-71b5-4c84-9404-856abe731789", "query": "boats", "docid": "7051", "rank": "9", "page": "1", "url": "http://www.gutenberg.org/files/20117/20117-h/20117-h.htm#A_COAT_OF_PAINT", "windowLocation": "http://localhost:7001/result?query=boats&page=1"}
{"type": "searchResultGenerated", "timestamp": "2026-02-24T13:44:58.332Z", "sessionID": "6bb40de0-71b5-4c84-9404-856abe731789", "query": "boats", "docid": "1201", "rank": "10", "page": "1", "url": "http://www.gutenberg.org/files/21137/21137-h/21137-h.htm", "windowLocation": "http://localhost:7001/result?query=boats&page=1"}
{"type": "cursorEnteredSnippet", "timestamp": "2026-02-24T13:44:58.510Z", "sessionID": "6bb40de0-71b5-4c84-9404-856abe731789", "query": "boats", "docid": "7248", "rank": "1", "page": "1"}
{"type": "cursorLeftSnippet", "timestamp": "2026-02-24T13:44:58.777Z", "sessionID": "6bb40de0-71b5-4c84-9404-856abe731789", "query": "boats", "docid": "7248", "rank": "1", "page": "1"}
{"type": "cursorEnteredSnippet", "timestamp": "2026-02-24T13:44:58.794Z", "sessionID": "6bb40de0-71b5-4c84-9404-856abe731789", "query": "boats", "docid": "1102", "rank": "2", "page": "1"}
{"type": "cursorLeftSnippet", "timestamp": "2026-02-24T13:44:58.827Z", "sessionID": "6bb40de0-71b5-4c84-9404-856abe731789", "query": "boats", "docid": "1102", "rank": "2", "page": "1"}
{"type": "cursorEnteredSnippet", "timestamp": "2026-02-24T13:44:58.843Z", "sessionID": "6bb40de0-71b5-4c84-9404-856abe731789", "query": "boats", "docid": "5775", "rank": "3", "page": "1"}
{"type": "cursorLeftSnippet", "timestamp": "2026-02-24T13:45:00.143Z", "sessionID": "6bb40de0-71b5-4c84-9404-856abe731789", "query": "boats", "docid": "5775", "rank": "3", "page": "1"}
{"type": "cursorEnteredSnippet", "timestamp": "2026-02-24T13:45:00.143Z", "sessionID": "6bb40de0-71b5-4c84-9404-856abe731789", "query": "boats", "docid": "5524", "rank": "6", "page": "1"}
{"type": "cursorLeftSnippet", "timestamp": "2026-02-24T13:45:00.711Z", "sessionID": "6bb40de0-71b5-4c84-9404-856abe731789", "query": "boats", "docid": "5524", "rank": "6", "page": "1"}
{"type": "cursorEnteredSnippet", "timestamp": "2026-02-24T13:45:00.711Z", "sessionID": "6bb40de0-71b5-4c84-9404-856abe731789", "query": "boats", "docid": "7051", "rank": "9", "page": "1"}
{"type": "cursorLeftSnippet", "timestamp": "2026-02-24T13:45:01.828Z", "sessionID": "6bb40de0-71b5-4c84-9404-856abe731789", "query": "boats", "docid": "7051", "rank": "9", "page": "1"}
{"type": "cursorEnteredSnippet", "timestamp": "2026-02-24T13:45:01.828Z", "sessionID": "6bb40de0-71b5-4c84-9404-856abe731789", "query": "boats", "docid": "5524", "rank": "6", "page": "1"}
{"type": "cursorLeftSnippet", "timestamp": "2026-02-24T13:45:03.212Z", "sessionID": "6bb40de0-71b5-4c84-9404-856abe731789", "query": "boats", "docid": "5524", "rank": "6", "page": "1"}
{"type": "cursorEnteredSnippet", "timestamp": "2026-02-24T13:45:03.213Z", "sessionID": "6bb40de0-71b5-4c84-9404-856abe731789", "query": "boats", "docid": "3809", "rank": "7", "page": "1"}
{"type": "cursorLeftSnippet", "timestamp": "2026-02-24T13:45:03.594Z", "sessionID": "6bb40de0-71b5-4c84-9404-856abe731789", "query": "boats", "docid": "3809", "rank": "7", "page": "1"}
{"type": "cursorEnteredSnippet", "timestamp": "2026-02-24T13:45:03.611Z", "sessionID": "6bb40de0-71b5-4c84-9404-856abe731789", "query": "boats", "docid": "5524", "rank": "6", "page": "1"}
{"type": "clickedResult", "timestamp": "2026-02-24T13:45:04.830Z", "sessionID": "6bb40de0-71b5-4c84-9404-856abe731789", "query": "boats", "rank": "6", "page": "1", "url": "http://www.gutenberg.org/files/28130/28130-h/28130-h.htm#Page_47"}
{"type": "cursorLeftSnippet", "timestamp": "2026-02-24T13:45:05.315Z", "sessionID": "6bb40de0-71b5-4c84-9404-856abe731789", "query": "boats", "docid": "5524", "rank": "6", "page": "1"}
{"type": "searchResultGenerated", "timestamp": "2026-02-24T13:45:10.818Z", "sessionID": "6bb40de0-71b5-4c84-9404-856abe731789", "query": "boats", "docid": "7248", "rank": "1", "page": "1", "url": "http://www.gutenberg.org/files/8504/8504-h/8504-h.htm#5", "windowLocation": "http://localhost:7001/result?query=boats&page=1"}
{"type": "searchResultGenerated", "timestamp": "2026-02-24T13:45:10.819Z", "sessionID": "6bb40de0-71b5-4c84-9404-856abe731789", "query": "boats", "docid": "1102", "rank": "2", "page": "1", "url": "http://www.gutenberg.org/files/22168/22168-h/22168-h.htm#h2H_4_0007", "windowLocation": "http://localhost:7001/result?query=boats&page=1"}
{"type": "searchResultGenerated", "timestamp": "2026-02-24T13:45:10.819Z", "sessionID": "6bb40de0-71b5-4c84-9404-856abe731789", "query": "boats", "docid": "5775", "rank": "3", "page": "1", "url": "http://www.gutenberg.org/files/24477/24477-h/24477-h.htm#Page_110", "windowLocation": "http://localhost:7001/result?query=boats&page=1"}
{"type": "searchResultGenerated", "timestamp": "2026-02-24T13:45:10.819Z", "sessionID": "6bb40de0-71b5-4c84-9404-856abe731789", "query": "boats", "docid": "5855", "rank": "4", "page": "1", "url": "http://www.online-literature.com/wilkie-collins/rambles-beyond-railways/0/", "windowLocation": "http://localhost:7001/result?query=boats&page=1"}
{"type": "searchResultGenerated", "timestamp": "2026-02-24T13:45:10.820Z", "sessionID": "6bb40de0-71b5-4c84-9404-856abe731789", "query": "boats", "docid": "3758", "rank": "5", "page": "1", "url": "http://www.gutenberg.org/files/38750/38750-h/38750-h.htm#Page_290", "windowLocation": "http://localhost:7001/result?query=boats&page=1"}
{"type": "searchResultGenerated", "timestamp": "2026-02-24T13:45:10.820Z", "sessionID": "6bb40de0-71b5-4c84-9404-856abe731789", "query": "boats", "docid": "5524", "rank": "6", "page": "1", "url": "http://www.gutenberg.org/files/28130/28130-h/28130-h.htm#Page_47", "windowLocation": "http://localhost:7001/result?query=boats&page=1"}
{"type": "searchResultGenerated", "timestamp": "2026-02-24T13:45:10.820Z", "sessionID": "6bb40de0-71b5-4c84-9404-856abe731789", "query": "boats", "docid": "3809", "rank": "7", "page": "1", "url": "http://www.gutenberg.org/files/2591/2591-h/2591-h.htm", "windowLocation": "http://localhost:7001/result?query=boats&page=1"}
{"type": "searchResultGenerated", "timestamp": "2026-02-24T13:45:10.820Z", "sessionID": "6bb40de0-71b5-4c84-9404-856abe731789", "query": "boats", "docid": "6588", "rank": "8", "page": "1", "url": "http://www.gutenberg.org/files/13577/13577-h/13577-h.htm", "windowLocation": "http://localhost:7001/result?query=boats&page=1"}
{"type": "searchResultGenerated", "timestamp": "2026-02-24T13:45:10.821Z", "sessionID": "6bb40de0-71b5-4c84-9404-856abe731789", "query": "boats", "docid": "7051", "rank": "9", "page": "1", "url": "http://www.gutenberg.org/files/20117/20117-h/20117-h.htm#A_COAT_OF_PAINT", "windowLocation": "http://localhost:7001/result?query=boats&page=1"}
{"type": "searchResultGenerated", "timestamp": "2026-02-24T13:45:10.821Z", "sessionID": "6bb40de0-71b5-4c84-9404-856abe731789", "query": "boats", "docid": "1201", "rank": "10", "page": "1", "url": "http://www.gutenberg.org/files/21137/21137-h/21137-h.htm", "windowLocation": "http://localhost:7001/result?query=boats&page=1"}
{"type": "cursorEnteredSnippet", "timestamp": "2026-02-24T13:45:11.119Z", "sessionID": "6bb40de0-71b5-4c84-9404-856abe731789", "query": "boats", "docid": "5524", "rank": "6", "page": "1"}
{"type": "cursorLeftSnippet", "timestamp": "2026-02-24T13:45:11.160Z", "sessionID": "6bb40de0-71b5-4c84-9404-856abe731789", "query": "boats", "docid": "5524", "rank": "6", "page": "1"}
{"type": "cursorEnteredSnippet", "timestamp": "2026-02-24T13:45:11.176Z", "sessionID": "6bb40de0-71b5-4c84-9404-856abe731789", "query": "boats", "docid": "3809", "rank": "7", "page": "1"}
{"type": "cursorLeftSnippet", "timestamp": "2026-02-24T13:45:12.343Z", "sessionID": "6bb40de0-71b5-4c84-9404-856abe731789", "query": "boats", "docid": "3809", "rank": "7", "page": "1"}
{"type": "cursorEnteredSnippet", "timestamp": "2026-02-24T13:45:12.343Z", "sessionID": "6bb40de0-71b5-4c84-9404-856abe731789", "query": "boats", "docid": "7051", "rank": "9", "page": "1"}
{"type": "cursorLeftSnippet", "timestamp": "2026-02-24T13:45:12.426Z", "sessionID": "6bb40de0-71b5-4c84-9404-856abe731789", "query": "boats", "docid": "7051", "rank": "9", "page": "1"}
{"type": "cursorEnteredSnippet", "timestamp": "2026-02-24T13:45:12.426Z", "sessionID": "6bb40de0-71b5-4c84-9404-856abe731789", "query": "boats", "docid": "1201", "rank": "10", "page": "1"}
{"type": "cursorLeftSnippet", "timestamp": "2026-02-24T13:45:12.910Z", "sessionID": "6bb40de0-71b5-4c84-9404-856abe731789", "query": "boats", "docid": "1201", "rank": "10", "page": "1"}
{"type": "pageNavigationClicked", "timestamp": "2026-02-24T13:45:13.402Z", "sessionID": "6bb40de0-71b5-4c84-9404-856abe731789", "clicked": "6", "fromPage": 1, "toPage": 6}
{"type": "searchResultGenerated", "timestamp": "2026-02-24T13:45:13.727Z", "sessionID": "6bb40de0-71b5-4c84-9404-856abe731789", "query": "boats", "docid": "4401", "rank": "1", "page": "6", "url": "https://www.commonlit.org/texts/conflicting-news-reports-on-the-fate-of-the-sinking-titanic", "windowLocation": "http://localhost:7001/result?query=boats&page=6"}
{"type": "searchResultGenerated", "timestamp": "2026-02-24T13:45:13.727Z", "sessionID": "6bb40de0-71b5-4c84-9404-856abe731789", "query": "boats", "docid": "5486", "rank": "2", "page": "6", "url": "http://www.gutenberg.org/files/15331/15331-h/15331-h.htm", "windowLocation": "http://localhost:7001/result?query=boats&page=6"}
{"type": "searchResultGenerated", "timestamp": "2026-02-24T13:45:13.727Z", "sessionID": "6bb40de0-71b5-4c84-9404-856abe731789", "query": "boats", "docid": "6726", "rank": "3", "page": "6", "url": "http://www.gutenberg.org/files/19495/19495-h/19495-h.htm", "windowLocation": "http://localhost:7001/result?query=boats&page=6"}
{"type": "searchResultGenerated", "timestamp": "2026-02-24T13:45:13.728Z", "sessionID": "6bb40de0-71b5-4c84-9404-856abe731789", "query": "boats", "docid": "2958", "rank": "4", "page": "6", "url": "https://kids.frontiersin.org/article/10.3389/frym.2017.00056", "windowLocation": "http://localhost:7001/result?query=boats&page=6"}
{"type": "searchResultGenerated", "timestamp": "2026-02-24T13:45:13.728Z", "sessionID": "6bb40de0-71b5-4c84-9404-856abe731789", "query": "boats", "docid": "5513", "rank": "5", "page": "6", "url": "http://www.gutenberg.org/files/28130/28130-h/28130-h.htm#Page_40", "windowLocation": "http://localhost:7001/result?query=boats&page=6"}
{"type": "searchResultGenerated", "timestamp": "2026-02-24T13:45:13.728Z", "sessionID": "6bb40de0-71b5-4c84-9404-856abe731789", "query": "boats", "docid": "479", "rank": "6", "page": "6", "url": "http://www.gutenberg.org/files/13859/13859-h/13859-h.htm", "windowLocation": "http://localhost:7001/result?query=boats&page=6"}
{"type": "searchResultGenerated", "timestamp": "2026-02-24T13:45:13.728Z", "sessionID": "6bb40de0-71b5-4c84-9404-856abe731789", "query": "boats", "docid": "7311", "rank": "7", "page": "6", "url": "http://www.gutenberg.org/files/11344/11344-h/11344-h.htm#7", "windowLocation": "http://localhost:7001/result?query=boats&page=6"}
{"type": "searchResultGenerated", "timestamp": "2026-02-24T13:45:13.728Z", "sessionID": "6bb40de0-71b5-4c84-9404-856abe731789", "query": "boats", "docid": "7418", "rank": "8", "page": "6", "url": "http://www.gutenberg.org/files/18561/18561-h/18561-h.htm#Queenston", "windowLocation": "http://localhost:7001/result?query=boats&page=6"}
{"type": "searchResultGenerated", "timestamp": "2026-02-24T13:45:13.728Z", "sessionID": "6bb40de0-71b5-4c84-9404-856abe731789", "query": "boats", "docid": "5605", "rank": "9", "page": "6", "url": "http://www.gutenberg.org/files/19721/19721-h/19721-h.htm", "windowLocation": "http://localhost:7001/result?query=boats&page=6"}
{"type": "searchResultGenerated", "timestamp": "2026-02-24T13:45:13.729Z", "sessionID": "6bb40de0-71b5-4c84-9404-856abe731789", "query": "boats", "docid": "3375", "rank": "10", "page": "6", "url": "https://www.africanstorybook.org/", "windowLocation": "http://localhost:7001/result?query=boats&page=6"}
{"type": "cursorEnteredSnippet", "timestamp": "2026-02-24T13:45:13.733Z", "sessionID": "6bb40de0-71b5-4c84-9404-856abe731789", "query": "boats", "docid": "2958", "rank": "4", "page": "6"}
{"type": "cursorLeftSnippet", "timestamp": "2026-02-24T13:45:13.826Z", "sessionID": "6bb40de0-71b5-4c84-9404-856abe731789", "query": "boats", "docid": "2958", "rank": "4", "page": "6"}
{"type": "cursorEnteredSnippet", "timestamp": "2026-02-24T13:45:13.827Z", "sessionID": "6bb40de0-71b5-4c84-9404-856abe731789", "query": "boats", "docid": "6726", "rank": "3", "page": "6"}
{"type": "cursorLeftSnippet", "timestamp": "2026-02-24T13:45:14.110Z", "sessionID": "6bb40de0-71b5-4c84-9404-856abe731789", "query": "boats", "docid": "6726", "rank": "3", "page": "6"}
{"type": "cursorEnteredSnippet", "timestamp": "2026-02-24T13:45:14.143Z", "sessionID": "6bb40de0-71b5-4c84-9404-856abe731789", "query": "boats", "docid": "2958", "rank": "4", "page": "6"}
{"type": "clickedResult", "timestamp": "2026-02-24T13:45:14.548Z", "sessionID": "6bb40de0-71b5-4c84-9404-856abe731789", "query": "boats", "rank": "4", "page": "6", "url": "https://kids.frontiersin.org/article/10.3389/frym.2017.00056"}
{"type": "cursorLeftSnippet", "timestamp": "2026-02-24T13:45:14.909Z", "sessionID": "6bb40de0-71b5-4c84-9404-856abe731789", "query": "boats", "docid": "2958", "rank": "4", "page": "6"}
{"type": "cursorEnteredSnippet", "timestamp": "2026-02-24T13:45:14.943Z", "sessionID": "6bb40de0-71b5-4c84-9404-856abe731789", "query": "boats", "docid": "6726", "rank": "3", "page": "6"}
{"type": "cursorLeftSnippet", "timestamp": "2026-02-24T13:45:14.993Z", "sessionID": "6bb40de0-71b5-4c84-9404-856abe731789", "query": "boats", "docid": "6726", "rank": "3", "page": "6"}
{"type": "cursorEnteredSnippet", "timestamp": "2026-02-24T13:45:19.326Z", "sessionID": "6bb40de0-71b5-4c84-9404-856abe731789", "query": "boats", "docid": "4401", "rank": "1", "page": "6"}
{"type": "cursorLeftSnippet", "timestamp": "2026-02-24T13:45:20.109Z", "sessionID": "6bb40de0-71b5-4c84-9404-856abe731789", "query": "boats", "docid": "4401", "rank": "1", "page": "6"}
{"type": "cursorEnteredSnippet", "timestamp": "2026-02-24T13:45:20.493Z", "sessionID": "6bb40de0-71b5-4c84-9404-856abe731789", "query": "boats", "docid": "4401", "rank": "1", "page": "6"}
{"type": "cursorLeftSnippet", "timestamp": "2026-02-24T13:45:20.526Z", "sessionID": "6bb40de0-71b5-4c84-9404-856abe731789", "query": "boats", "docid": "4401", "rank": "1", "page": "6"}
{"type": "cursorEnteredSnippet", "timestamp": "2026-02-24T13:45:21.209Z", "sessionID": "6bb40de0-71b5-4c84-9404-856abe731789", "query": "boats", "docid": "4401", "rank": "1", "page": "6"}
{"type": "cursorLeftSnippet", "timestamp": "2026-02-24T13:45:21.309Z", "sessionID": "6bb40de0-71b5-4c84-9404-856abe731789", "query": "boats", "docid": "4401", "rank": "1", "page": "6"}
{"type": "wentBack", "timestamp": "2026-02-24T13:45:22.557Z", "sessionID": "6bb40de0-71b5-4c84-9404-856abe731789"}
{"type": "searchResultGenerated", "timestamp": "2026-02-24T13:45:22.741Z", "sessionID": "6bb40de0-71b5-4c84-9404-856abe731789", "query": "boats", "docid": "7248", "rank": "1", "page": "1", "url": "http://www.gutenberg.org/files/8504/8504-h/8504-h.htm#5", "windowLocation": "http://localhost:7001/result?query=boats&page=1"}
{"type": "searchResultGenerated", "timestamp": "2026-02-24T13:45:22.741Z", "sessionID": "6bb40de0-71b5-4c84-9404-856abe731789", "query": "boats", "docid": "1102", "rank": "2", "page": "1", "url": "http://www.gutenberg.org/files/22168/22168-h/22168-h.htm#h2H_4_0007", "windowLocation": "http://localhost:7001/result?query=boats&page=1"}
{"type": "searchResultGenerated", "timestamp": "2026-02-24T13:45:22.741Z", "sessionID": "6bb40de0-71b5-4c84-9404-856abe731789", "query": "boats", "docid": "5775", "rank": "3", "page": "1", "url": "http://www.gutenberg.org/files/24477/24477-h/24477-h.htm#Page_110", "windowLocation": "http://localhost:7001/result?query=boats&page=1"}
{"type": "searchResultGenerated", "timestamp": "2026-02-24T13:45:22.742Z", "sessionID": "6bb40de0-71b5-4c84-9404-856abe731789", "query": "boats", "docid": "5855", "rank": "4", "page": "1", "url": "http://www.online-literature.com/wilkie-collins/rambles-beyond-railways/0/", "windowLocation": "http://localhost:7001/result?query=boats&page=1"}
{"type": "searchResultGenerated", "timestamp": "2026-02-24T13:45:22.742Z", "sessionID": "6bb40de0-71b5-4c84-9404-856abe731789", "query": "boats", "docid": "3758", "rank": "5", "page": "1", "url": "http://www.gutenberg.org/files/38750/38750-h/38750-h.htm#Page_290", "windowLocation": "http://localhost:7001/result?query=boats&page=1"}
{"type": "searchResultGenerated", "timestamp": "2026-02-24T13:45:22.742Z", "sessionID": "6bb40de0-71b5-4c84-9404-856abe731789", "query": "boats", "docid": "5524", "rank": "6", "page": "1", "url": "http://www.gutenberg.org/files/28130/28130-h/28130-h.htm#Page_47", "windowLocation": "http://localhost:7001/result?query=boats&page=1"}
{"type": "searchResultGenerated", "timestamp": "2026-02-24T13:45:22.743Z", "sessionID": "6bb40de0-71b5-4c84-9404-856abe731789", "query": "boats", "docid": "3809", "rank": "7", "page": "1", "url": "http://www.gutenberg.org/files/2591/2591-h/2591-h.htm", "windowLocation": "http://localhost:7001/result?query=boats&page=1"}
{"type": "searchResultGenerated", "timestamp": "2026-02-24T13:45:22.743Z", "sessionID": "6bb40de0-71b5-4c84-9404-856abe731789", "query": "boats", "docid": "6588", "rank": "8", "page": "1", "url": "http://www.gutenberg.org/files/13577/13577-h/13577-h.htm", "windowLocation": "http://localhost:7001/result?query=boats&page=1"}
{"type": "searchResultGenerated", "timestamp": "2026-02-24T13:45:22.743Z", "sessionID": "6bb40de0-71b5-4c84-9404-856abe731789", "query": "boats", "docid": "7051", "rank": "9", "page": "1", "url": "http://www.gutenberg.org/files/20117/20117-h/20117-h.htm#A_COAT_OF_PAINT", "windowLocation": "http://localhost:7001/result?query=boats&page=1"}
{"type": "searchResultGenerated", "timestamp": "2026-02-24T13:45:22.744Z", "sessionID": "6bb40de0-71b5-4c84-9404-856abe731789", "query": "boats", "docid": "1201", "rank": "10", "page": "1", "url": "http://www.gutenberg.org/files/21137/21137-h/21137-h.htm", "windowLocation": "http://localhost:7001/result?query=boats&page=1"}
{"type": "ClickedEndTask", "timestamp": "2026-02-24T13:45:25.024Z", "sessionID": "6bb40de0-71b5-4c84-9404-856abe731789"}
{"type": "TaskEndConfirmed", "timestamp": "2026-02-24T13:45:26.401Z", "sessionID": "6bb40de0-71b5-4c84-9404-856abe731789"}
