{"type": "TaskStarted", "timestamp": "2026-03-10T13:21:28.030Z", "sessionID": "2574a4e1-a165-4309-ad66-36f958cc804f"}
{"type": "idSubmitted", "timestamp": "2026-03-10T13:21:28.034Z", "sessionID": "2574a4e1-a165-4309-ad66-36f958cc804f", "uid": "Participant14"}
{"type": "queryBoxFocused", "timestamp": "2026-03-10T13:21:29.166Z", "sessionID": "2574a4e1-a165-4309-ad66-36f958cc804f"}
{"type": "querySubmitted", "timestamp": "2026-03-10T13:21:32.071Z", "sessionID": "2574a4e1-a165-4309-ad66-36f958cc804f", "query": "tree"}
{"type": "searchResultGenerated", "timestamp": "2026-03-10T13:21:33.383Z", "sessionID": "2574a4e1-a165-4309-ad66-36f958cc804f", "query": "tree", "docid": "4690", "rank": "1", "page": "1", "url": "http://www.gutenberg.org/files/7841/7841-h/7841-h.htm#i"}
{"type": "searchResultGenerated", "timestamp": "2026-03-10T13:21:33.383Z", "sessionID": "2574a4e1-a165-4309-ad66-36f958cc804f", "query": "tree", "docid": "2414", "rank": "2", "page": "1", "url": "https://www.africanstorybook.org/#"}
{"type": "searchResultGenerated", "timestamp": "2026-03-10T13:21:33.383Z", "sessionID": "2574a4e1-a165-4309-ad66-36f958cc804f", "query": "tree", "docid": "1166", "rank": "3", "page": "1", "url": "http://www.gutenberg.org/files/16534/16534-h/16534-h.htm"}
{"type": "searchResultGenerated", "timestamp": "2026-03-10T13:21:33.384Z", "sessionID": "2574a4e1-a165-4309-ad66-36f958cc804f", "query": "tree", "docid": "2879", "rank": "4", "page": "1", "url": "https://www.africanstorybook.org/"}
{"type": "searchResultGenerated", "timestamp": "2026-03-10T13:21:33.384Z", "sessionID": "2574a4e1-a165-4309-ad66-36f958cc804f", "query": "tree", "docid": "3092", "rank": "5", "page": "1", "url": "https://www.africanstorybook.org/#"}
{"type": "searchResultGenerated", "timestamp": "2026-03-10T13:21:33.384Z", "sessionID": "2574a4e1-a165-4309-ad66-36f958cc804f", "query": "tree", "docid": "2659", "rank": "6", "page": "1", "url": "https://www.africanstorybook.org/"}
{"type": "searchResultGenerated", "timestamp": "2026-03-10T13:21:33.384Z", "sessionID": "2574a4e1-a165-4309-ad66-36f958cc804f", "query": "tree", "docid": "7303", "rank": "7", "page": "1", "url": "http://www.gutenberg.org/files/11344/11344-h/11344-h.htm#25"}
{"type": "searchResultGenerated", "timestamp": "2026-03-10T13:21:33.384Z", "sessionID": "2574a4e1-a165-4309-ad66-36f958cc804f", "query": "tree", "docid": "2795", "rank": "8", "page": "1", "url": "https://kids.frontiersin.org/article/10.3389/frym.2018.00033"}
{"type": "searchResultGenerated", "timestamp": "2026-03-10T13:21:33.385Z", "sessionID": "2574a4e1-a165-4309-ad66-36f958cc804f", "query": "tree", "docid": "5085", "rank": "9", "page": "1", "url": "http://www.gutenberg.org/files/8559/8559-h/8559-h.htm#23"}
{"type": "searchResultGenerated", "timestamp": "2026-03-10T13:21:33.385Z", "sessionID": "2574a4e1-a165-4309-ad66-36f958cc804f", "query": "tree", "docid": "6260", "rank": "10", "page": "1", "url": "http://www.gutenberg.org/files/32455/32455-h/32455-h.htm"}
{"type": "cursorEnteredSnippet", "timestamp": "2026-03-10T13:21:34.753Z", "sessionID": "2574a4e1-a165-4309-ad66-36f958cc804f", "query": "tree", "docid": "5085", "rank": "9", "page": "1", "url": "http://www.gutenberg.org/files/8559/8559-h/8559-h.htm#23"}
{"type": "cursorLeftSnippet", "timestamp": "2026-03-10T13:21:35.152Z", "sessionID": "2574a4e1-a165-4309-ad66-36f958cc804f", "query": "tree", "docid": "5085", "rank": "9", "page": "1", "url": "http://www.gutenberg.org/files/8559/8559-h/8559-h.htm#23"}
{"type": "cursorEnteredSnippet", "timestamp": "2026-03-10T13:21:35.222Z", "sessionID": "2574a4e1-a165-4309-ad66-36f958cc804f", "query": "tree", "docid": "6260", "rank": "10", "page": "1", "url": "http://www.gutenberg.org/files/32455/32455-h/32455-h.htm"}
{"type": "clickedResult", "timestamp": "2026-03-10T13:21:35.505Z", "sessionID": "2574a4e1-a165-4309-ad66-36f958cc804f", "query": "tree", "rank": "10", "page": "1", "url": "http://www.gutenberg.org/files/32455/32455-h/32455-h.htm", "windowLocation": "http://www.gutenberg.org/files/32455/32455-h/32455-h.htm"}
{"type": "cursorLeftSnippet", "timestamp": "2026-03-10T13:21:35.999Z", "sessionID": "2574a4e1-a165-4309-ad66-36f958cc804f", "query": "tree", "docid": "6260", "rank": "10", "page": "1", "url": "http://www.gutenberg.org/files/32455/32455-h/32455-h.htm"}
{"type": "searchResultGenerated", "timestamp": "2026-03-10T13:21:38.925Z", "sessionID": "2574a4e1-a165-4309-ad66-36f958cc804f", "query": "tree", "docid": "4690", "rank": "1", "page": "1", "url": "http://www.gutenberg.org/files/7841/7841-h/7841-h.htm#i"}
{"type": "searchResultGenerated", "timestamp": "2026-03-10T13:21:38.926Z", "sessionID": "2574a4e1-a165-4309-ad66-36f958cc804f", "query": "tree", "docid": "2414", "rank": "2", "page": "1", "url": "https://www.africanstorybook.org/#"}
{"type": "searchResultGenerated", "timestamp": "2026-03-10T13:21:38.926Z", "sessionID": "2574a4e1-a165-4309-ad66-36f958cc804f", "query": "tree", "docid": "1166", "rank": "3", "page": "1", "url": "http://www.gutenberg.org/files/16534/16534-h/16534-h.htm"}
{"type": "searchResultGenerated", "timestamp": "2026-03-10T13:21:38.927Z", "sessionID": "2574a4e1-a165-4309-ad66-36f958cc804f", "query": "tree", "docid": "2879", "rank": "4", "page": "1", "url": "https://www.africanstorybook.org/"}
{"type": "searchResultGenerated", "timestamp": "2026-03-10T13:21:38.927Z", "sessionID": "2574a4e1-a165-4309-ad66-36f958cc804f", "query": "tree", "docid": "3092", "rank": "5", "page": "1", "url": "https://www.africanstorybook.org/#"}
{"type": "searchResultGenerated", "timestamp": "2026-03-10T13:21:38.927Z", "sessionID": "2574a4e1-a165-4309-ad66-36f958cc804f", "query": "tree", "docid": "2659", "rank": "6", "page": "1", "url": "https://www.africanstorybook.org/"}
{"type": "searchResultGenerated", "timestamp": "2026-03-10T13:21:38.928Z", "sessionID": "2574a4e1-a165-4309-ad66-36f958cc804f", "query": "tree", "docid": "7303", "rank": "7", "page": "1", "url": "http://www.gutenberg.org/files/11344/11344-h/11344-h.htm#25"}
{"type": "searchResultGenerated", "timestamp": "2026-03-10T13:21:38.928Z", "sessionID": "2574a4e1-a165-4309-ad66-36f958cc804f", "query": "tree", "docid": "2795", "rank": "8", "page": "1", "url": "https://kids.frontiersin.org/article/10.3389/frym.2018.00033"}
{"type": "searchResultGenerated", "timestamp": "2026-03-10T13:21:38.928Z", "sessionID": "2574a4e1-a165-4309-ad66-36f958cc804f", "query": "tree", "docid": "5085", "rank": "9", "page": "1", "url": "http://www.gutenberg.org/files/8559/8559-h/8559-h.htm#23"}
{"type": "searchResultGenerated", "timestamp": "2026-03-10T13:21:38.929Z", "sessionID": "2574a4e1-a165-4309-ad66-36f958cc804f", "query": "tree", "docid": "6260", "rank": "10", "page": "1", "url": "http://www.gutenberg.org/files/32455/32455-h/32455-h.htm"}
{"type": "cursorEnteredSnippet", "timestamp": "2026-03-10T13:21:39.085Z", "sessionID": "2574a4e1-a165-4309-ad66-36f958cc804f", "query": "tree", "docid": "2795", "rank": "8", "page": "1", "url": "https://kids.frontiersin.org/article/10.3389/frym.2018.00033"}
{"type": "cursorLeftSnippet", "timestamp": "2026-03-10T13:21:39.300Z", "sessionID": "2574a4e1-a165-4309-ad66-36f958cc804f", "query": "tree", "docid": "2795", "rank": "8", "page": "1", "url": "https://kids.frontiersin.org/article/10.3389/frym.2018.00033"}
{"type": "cursorEnteredSnippet", "timestamp": "2026-03-10T13:21:39.986Z", "sessionID": "2574a4e1-a165-4309-ad66-36f958cc804f", "query": "tree", "docid": "5085", "rank": "9", "page": "1", "url": "http://www.gutenberg.org/files/8559/8559-h/8559-h.htm#23"}
{"type": "cursorLeftSnippet", "timestamp": "2026-03-10T13:21:40.036Z", "sessionID": "2574a4e1-a165-4309-ad66-36f958cc804f", "query": "tree", "docid": "5085", "rank": "9", "page": "1", "url": "http://www.gutenberg.org/files/8559/8559-h/8559-h.htm#23"}
{"type": "cursorEnteredSnippet", "timestamp": "2026-03-10T13:21:40.052Z", "sessionID": "2574a4e1-a165-4309-ad66-36f958cc804f", "query": "tree", "docid": "6260", "rank": "10", "page": "1", "url": "http://www.gutenberg.org/files/32455/32455-h/32455-h.htm"}
{"type": "cursorLeftSnippet", "timestamp": "2026-03-10T13:21:40.269Z", "sessionID": "2574a4e1-a165-4309-ad66-36f958cc804f", "query": "tree", "docid": "6260", "rank": "10", "page": "1", "url": "http://www.gutenberg.org/files/32455/32455-h/32455-h.htm"}
{"type": "pageNavigationClicked", "timestamp": "2026-03-10T13:21:40.713Z", "sessionID": "2574a4e1-a165-4309-ad66-36f958cc804f", "clicked": "8", "fromPage": 1, "toPage": 8}
{"type": "cursorEnteredSnippet", "timestamp": "2026-03-10T13:21:40.918Z", "sessionID": "2574a4e1-a165-4309-ad66-36f958cc804f", "query": "tree", "docid": "6260", "rank": "10", "page": "1", "url": "http://www.gutenberg.org/files/32455/32455-h/32455-h.htm"}
{"type": "searchResultGenerated", "timestamp": "2026-03-10T13:21:41.209Z", "sessionID": "2574a4e1-a165-4309-ad66-36f958cc804f", "query": "tree", "docid": "2635", "rank": "1", "page": "8", "url": "https://kids.frontiersin.org/article/10.3389/frym.2019.00100"}
{"type": "searchResultGenerated", "timestamp": "2026-03-10T13:21:41.209Z", "sessionID": "2574a4e1-a165-4309-ad66-36f958cc804f", "query": "tree", "docid": "6767", "rank": "2", "page": "8", "url": "http://www.gutenberg.org/files/23462/23462-h/23462-h.htm#Page_11"}
{"type": "searchResultGenerated", "timestamp": "2026-03-10T13:21:41.210Z", "sessionID": "2574a4e1-a165-4309-ad66-36f958cc804f", "query": "tree", "docid": "3081", "rank": "3", "page": "8", "url": "https://www.africanstorybook.org/"}
{"type": "searchResultGenerated", "timestamp": "2026-03-10T13:21:41.210Z", "sessionID": "2574a4e1-a165-4309-ad66-36f958cc804f", "query": "tree", "docid": "5783", "rank": "4", "page": "8", "url": "http://www.gutenberg.org/files/1227/1227-h/1227-h.htm"}
{"type": "searchResultGenerated", "timestamp": "2026-03-10T13:21:41.210Z", "sessionID": "2574a4e1-a165-4309-ad66-36f958cc804f", "query": "tree", "docid": "5771", "rank": "5", "page": "8", "url": "http://www.gutenberg.org/files/24940/24940-h/24940-h.htm#Page_77"}
{"type": "searchResultGenerated", "timestamp": "2026-03-10T13:21:41.210Z", "sessionID": "2574a4e1-a165-4309-ad66-36f958cc804f", "query": "tree", "docid": "3238", "rank": "6", "page": "8", "url": "https://www.digitallibrary.io/en/books/details/3826"}
{"type": "searchResultGenerated", "timestamp": "2026-03-10T13:21:41.210Z", "sessionID": "2574a4e1-a165-4309-ad66-36f958cc804f", "query": "tree", "docid": "5463", "rank": "7", "page": "8", "url": "http://www.gutenberg.org/files/28142/28142-h/28142-h.htm#Page_91"}
{"type": "searchResultGenerated", "timestamp": "2026-03-10T13:21:41.210Z", "sessionID": "2574a4e1-a165-4309-ad66-36f958cc804f", "query": "tree", "docid": "457", "rank": "8", "page": "8", "url": "http://www.gutenberg.org/files/22420/22420-h/22420-h.htm#Page_125"}
{"type": "searchResultGenerated", "timestamp": "2026-03-10T13:21:41.211Z", "sessionID": "2574a4e1-a165-4309-ad66-36f958cc804f", "query": "tree", "docid": "5564", "rank": "9", "page": "8", "url": "http://www.gutenberg.org/files/28133/28133-h/28133-h.htm#Page_146"}
{"type": "searchResultGenerated", "timestamp": "2026-03-10T13:21:41.211Z", "sessionID": "2574a4e1-a165-4309-ad66-36f958cc804f", "query": "tree", "docid": "6888", "rank": "10", "page": "8", "url": "http://www.gutenberg.org/files/13355/13355-h/13355-h.htm"}
{"type": "cursorEnteredSnippet", "timestamp": "2026-03-10T13:21:41.358Z", "sessionID": "2574a4e1-a165-4309-ad66-36f958cc804f", "query": "tree", "docid": "6767", "rank": "2", "page": "8", "url": "http://www.gutenberg.org/files/23462/23462-h/23462-h.htm#Page_11"}
{"type": "clickedResult", "timestamp": "2026-03-10T13:21:42.000Z", "sessionID": "2574a4e1-a165-4309-ad66-36f958cc804f", "query": "tree", "rank": "2", "page": "8", "url": "http://www.gutenberg.org/files/23462/23462-h/23462-h.htm#Page_11", "windowLocation": "http://www.gutenberg.org/files/23462/23462-h/23462-h.htm#Page_11"}
{"type": "cursorLeftSnippet", "timestamp": "2026-03-10T13:21:42.221Z", "sessionID": "2574a4e1-a165-4309-ad66-36f958cc804f", "query": "tree", "docid": "6767", "rank": "2", "page": "8", "url": "http://www.gutenberg.org/files/23462/23462-h/23462-h.htm#Page_11"}
{"type": "ClickedEndTask", "timestamp": "2026-03-10T13:21:46.385Z", "sessionID": "2574a4e1-a165-4309-ad66-36f958cc804f"}
{"type": "TaskEndConfirmed", "timestamp": "2026-03-10T13:21:47.077Z", "sessionID": "2574a4e1-a165-4309-ad66-36f958cc804f"}
