{"type": "TaskStarted", "timestamp": "2026-02-17T14:11:58.141Z", "sessionID": "af5c0b2b-5c22-4d29-a30b-6f9f20c70219"}
{"type": "idSubmitted", "timestamp": "2026-02-17T14:11:58.145Z", "sessionID": "af5c0b2b-5c22-4d29-a30b-6f9f20c70219", "uid": "Participant8"}
{"type": "queryBoxFocused", "timestamp": "2026-02-17T14:12:01.753Z", "sessionID": "af5c0b2b-5c22-4d29-a30b-6f9f20c70219"}
{"type": "querySubmitted", "timestamp": "2026-02-17T14:12:05.165Z", "sessionID": "af5c0b2b-5c22-4d29-a30b-6f9f20c70219", "query": "clinton"}
{"type": "searchResultGenerated", "timestamp": "2026-02-17T14:12:07.282Z", "sessionID": "af5c0b2b-5c22-4d29-a30b-6f9f20c70219", "query": "clinton", "docid": "S1d282c3d-A932dc0a3", "rank": "1", "page": "1", "url": "https://www.debate.org/debates/Hillary-Clinton-is-the-Sara-Palin-of-the-Democratic-Party-./1/"}
{"type": "searchResultGenerated", "timestamp": "2026-02-17T14:12:07.282Z", "sessionID": "af5c0b2b-5c22-4d29-a30b-6f9f20c70219", "query": "clinton", "docid": "Sf97757f3-Ae0f08494", "rank": "2", "page": "1", "url": "https://www.debate.org/debates/Clintons-House-of-cards-about-to-come-crashing-down/1/"}
{"type": "searchResultGenerated", "timestamp": "2026-02-17T14:12:07.282Z", "sessionID": "af5c0b2b-5c22-4d29-a30b-6f9f20c70219", "query": "clinton", "docid": "S6a18e3d9-A157f794e", "rank": "3", "page": "1", "url": "https://www.debate.org/debates/hillery-clinton/1/"}
{"type": "searchResultGenerated", "timestamp": "2026-02-17T14:12:07.283Z", "sessionID": "af5c0b2b-5c22-4d29-a30b-6f9f20c70219", "query": "clinton", "docid": "S83a08de1-A41eaceff", "rank": "4", "page": "1", "url": "https://www.debate.org/debates/Obama-is-a-Believer-in-atheist-Dogma-Not-a-Muslim/4/"}
{"type": "searchResultGenerated", "timestamp": "2026-02-17T14:12:07.283Z", "sessionID": "af5c0b2b-5c22-4d29-a30b-6f9f20c70219", "query": "clinton", "docid": "Sf97757f3-A7da82ddb", "rank": "5", "page": "1", "url": "https://www.debate.org/debates/Clintons-House-of-cards-about-to-come-crashing-down/1/"}
{"type": "searchResultGenerated", "timestamp": "2026-02-17T14:12:07.283Z", "sessionID": "af5c0b2b-5c22-4d29-a30b-6f9f20c70219", "query": "clinton", "docid": "S1aac65e8-A49f9a643", "rank": "6", "page": "1", "url": "https://www.debate.org/debates/Donald-Trumps-true-campaign-is-to-put-Clinton-in-office/1/"}
{"type": "searchResultGenerated", "timestamp": "2026-02-17T14:12:07.283Z", "sessionID": "af5c0b2b-5c22-4d29-a30b-6f9f20c70219", "query": "clinton", "docid": "S1aac65e8-Acea1ca63", "rank": "7", "page": "1", "url": "https://www.debate.org/debates/Donald-Trumps-true-campaign-is-to-put-Clinton-in-office/1/"}
{"type": "searchResultGenerated", "timestamp": "2026-02-17T14:12:07.283Z", "sessionID": "af5c0b2b-5c22-4d29-a30b-6f9f20c70219", "query": "clinton", "docid": "Se223ed4b-A7f9562a4", "rank": "8", "page": "1", "url": "https://www.debate.org/debates/Clinton-Shouldnt-Be-Allowed-To-Run-Until-The-FBI-Finish-Their-Investigation/1/"}
{"type": "searchResultGenerated", "timestamp": "2026-02-17T14:12:07.283Z", "sessionID": "af5c0b2b-5c22-4d29-a30b-6f9f20c70219", "query": "clinton", "docid": "Sa34fef23-Aaa602eb2", "rank": "9", "page": "1", "url": "https://www.debate.org/debates/Hillary-Clinton-wreckage/1/"}
{"type": "searchResultGenerated", "timestamp": "2026-02-17T14:12:07.283Z", "sessionID": "af5c0b2b-5c22-4d29-a30b-6f9f20c70219", "query": "clinton", "docid": "Se4117131-Aeb9d32b3", "rank": "10", "page": "1", "url": "https://www.debate.org/debates/Bill-Clinton-should-have-resigned-post-impeachment./1/"}
{"type": "cursorEnteredSnippet", "timestamp": "2026-02-17T14:12:41.169Z", "sessionID": "af5c0b2b-5c22-4d29-a30b-6f9f20c70219", "query": "clinton", "docid": "Sf97757f3-Ae0f08494", "rank": "2", "page": "1"}
{"type": "cursorLeftSnippet", "timestamp": "2026-02-17T14:12:43.125Z", "sessionID": "af5c0b2b-5c22-4d29-a30b-6f9f20c70219", "query": "clinton", "docid": "Sf97757f3-Ae0f08494", "rank": "2", "page": "1"}
{"type": "cursorEnteredSnippet", "timestamp": "2026-02-17T14:12:43.126Z", "sessionID": "af5c0b2b-5c22-4d29-a30b-6f9f20c70219", "query": "clinton", "docid": "S6a18e3d9-A157f794e", "rank": "3", "page": "1"}
{"type": "cursorLeftSnippet", "timestamp": "2026-02-17T14:12:43.519Z", "sessionID": "af5c0b2b-5c22-4d29-a30b-6f9f20c70219", "query": "clinton", "docid": "S6a18e3d9-A157f794e", "rank": "3", "page": "1"}
{"type": "cursorEnteredSnippet", "timestamp": "2026-02-17T14:12:43.519Z", "sessionID": "af5c0b2b-5c22-4d29-a30b-6f9f20c70219", "query": "clinton", "docid": "S83a08de1-A41eaceff", "rank": "4", "page": "1"}
{"type": "cursorLeftSnippet", "timestamp": "2026-02-17T14:12:44.453Z", "sessionID": "af5c0b2b-5c22-4d29-a30b-6f9f20c70219", "query": "clinton", "docid": "S83a08de1-A41eaceff", "rank": "4", "page": "1"}
{"type": "cursorEnteredSnippet", "timestamp": "2026-02-17T14:12:44.453Z", "sessionID": "af5c0b2b-5c22-4d29-a30b-6f9f20c70219", "query": "clinton", "docid": "Sf97757f3-A7da82ddb", "rank": "5", "page": "1"}
{"type": "cursorLeftSnippet", "timestamp": "2026-02-17T14:12:44.619Z", "sessionID": "af5c0b2b-5c22-4d29-a30b-6f9f20c70219", "query": "clinton", "docid": "Sf97757f3-A7da82ddb", "rank": "5", "page": "1"}
{"type": "cursorEnteredSnippet", "timestamp": "2026-02-17T14:12:44.619Z", "sessionID": "af5c0b2b-5c22-4d29-a30b-6f9f20c70219", "query": "clinton", "docid": "S1aac65e8-A49f9a643", "rank": "6", "page": "1"}
{"type": "cursorLeftSnippet", "timestamp": "2026-02-17T14:12:44.802Z", "sessionID": "af5c0b2b-5c22-4d29-a30b-6f9f20c70219", "query": "clinton", "docid": "S1aac65e8-A49f9a643", "rank": "6", "page": "1"}
{"type": "cursorEnteredSnippet", "timestamp": "2026-02-17T14:12:44.803Z", "sessionID": "af5c0b2b-5c22-4d29-a30b-6f9f20c70219", "query": "clinton", "docid": "S1aac65e8-Acea1ca63", "rank": "7", "page": "1"}
{"type": "clickedResult", "timestamp": "2026-02-17T14:12:45.411Z", "sessionID": "af5c0b2b-5c22-4d29-a30b-6f9f20c70219", "query": "clinton", "rank": "7", "page": "1", "url": "https://www.debate.org/debates/Donald-Trumps-true-campaign-is-to-put-Clinton-in-office/1/"}
{"type": "cursorLeftSnippet", "timestamp": "2026-02-17T14:12:45.591Z", "sessionID": "af5c0b2b-5c22-4d29-a30b-6f9f20c70219", "query": "clinton", "docid": "S1aac65e8-Acea1ca63", "rank": "7", "page": "1"}
{"type": "searchResultGenerated", "timestamp": "2026-02-17T14:12:47.501Z", "sessionID": "af5c0b2b-5c22-4d29-a30b-6f9f20c70219", "query": "clinton", "docid": "S1d282c3d-A932dc0a3", "rank": "1", "page": "1", "url": "https://www.debate.org/debates/Hillary-Clinton-is-the-Sara-Palin-of-the-Democratic-Party-./1/"}
{"type": "searchResultGenerated", "timestamp": "2026-02-17T14:12:47.501Z", "sessionID": "af5c0b2b-5c22-4d29-a30b-6f9f20c70219", "query": "clinton", "docid": "Sf97757f3-Ae0f08494", "rank": "2", "page": "1", "url": "https://www.debate.org/debates/Clintons-House-of-cards-about-to-come-crashing-down/1/"}
{"type": "searchResultGenerated", "timestamp": "2026-02-17T14:12:47.501Z", "sessionID": "af5c0b2b-5c22-4d29-a30b-6f9f20c70219", "query": "clinton", "docid": "S6a18e3d9-A157f794e", "rank": "3", "page": "1", "url": "https://www.debate.org/debates/hillery-clinton/1/"}
{"type": "searchResultGenerated", "timestamp": "2026-02-17T14:12:47.501Z", "sessionID": "af5c0b2b-5c22-4d29-a30b-6f9f20c70219", "query": "clinton", "docid": "S83a08de1-A41eaceff", "rank": "4", "page": "1", "url": "https://www.debate.org/debates/Obama-is-a-Believer-in-atheist-Dogma-Not-a-Muslim/4/"}
{"type": "searchResultGenerated", "timestamp": "2026-02-17T14:12:47.502Z", "sessionID": "af5c0b2b-5c22-4d29-a30b-6f9f20c70219", "query": "clinton", "docid": "Sf97757f3-A7da82ddb", "rank": "5", "page": "1", "url": "https://www.debate.org/debates/Clintons-House-of-cards-about-to-come-crashing-down/1/"}
{"type": "searchResultGenerated", "timestamp": "2026-02-17T14:12:47.502Z", "sessionID": "af5c0b2b-5c22-4d29-a30b-6f9f20c70219", "query": "clinton", "docid": "S1aac65e8-A49f9a643", "rank": "6", "page": "1", "url": "https://www.debate.org/debates/Donald-Trumps-true-campaign-is-to-put-Clinton-in-office/1/"}
{"type": "searchResultGenerated", "timestamp": "2026-02-17T14:12:47.502Z", "sessionID": "af5c0b2b-5c22-4d29-a30b-6f9f20c70219", "query": "clinton", "docid": "S1aac65e8-Acea1ca63", "rank": "7", "page": "1", "url": "https://www.debate.org/debates/Donald-Trumps-true-campaign-is-to-put-Clinton-in-office/1/"}
{"type": "searchResultGenerated", "timestamp": "2026-02-17T14:12:47.502Z", "sessionID": "af5c0b2b-5c22-4d29-a30b-6f9f20c70219", "query": "clinton", "docid": "Se223ed4b-A7f9562a4", "rank": "8", "page": "1", "url": "https://www.debate.org/debates/Clinton-Shouldnt-Be-Allowed-To-Run-Until-The-FBI-Finish-Their-Investigation/1/"}
{"type": "searchResultGenerated", "timestamp": "2026-02-17T14:12:47.502Z", "sessionID": "af5c0b2b-5c22-4d29-a30b-6f9f20c70219", "query": "clinton", "docid": "Sa34fef23-Aaa602eb2", "rank": "9", "page": "1", "url": "https://www.debate.org/debates/Hillary-Clinton-wreckage/1/"}
{"type": "searchResultGenerated", "timestamp": "2026-02-17T14:12:47.503Z", "sessionID": "af5c0b2b-5c22-4d29-a30b-6f9f20c70219", "query": "clinton", "docid": "Se4117131-Aeb9d32b3", "rank": "10", "page": "1", "url": "https://www.debate.org/debates/Bill-Clinton-should-have-resigned-post-impeachment./1/"}
{"type": "cursorEnteredSnippet", "timestamp": "2026-02-17T14:12:47.549Z", "sessionID": "af5c0b2b-5c22-4d29-a30b-6f9f20c70219", "query": "clinton", "docid": "S1aac65e8-A49f9a643", "rank": "6", "page": "1"}
{"type": "cursorLeftSnippet", "timestamp": "2026-02-17T14:12:47.602Z", "sessionID": "af5c0b2b-5c22-4d29-a30b-6f9f20c70219", "query": "clinton", "docid": "S1aac65e8-A49f9a643", "rank": "6", "page": "1"}
{"type": "cursorEnteredSnippet", "timestamp": "2026-02-17T14:12:47.719Z", "sessionID": "af5c0b2b-5c22-4d29-a30b-6f9f20c70219", "query": "clinton", "docid": "S1aac65e8-Acea1ca63", "rank": "7", "page": "1"}
{"type": "cursorLeftSnippet", "timestamp": "2026-02-17T14:12:48.163Z", "sessionID": "af5c0b2b-5c22-4d29-a30b-6f9f20c70219", "query": "clinton", "docid": "S1aac65e8-Acea1ca63", "rank": "7", "page": "1"}
{"type": "cursorEnteredSnippet", "timestamp": "2026-02-17T14:12:48.469Z", "sessionID": "af5c0b2b-5c22-4d29-a30b-6f9f20c70219", "query": "clinton", "docid": "Se223ed4b-A7f9562a4", "rank": "8", "page": "1"}
{"type": "cursorLeftSnippet", "timestamp": "2026-02-17T14:12:48.602Z", "sessionID": "af5c0b2b-5c22-4d29-a30b-6f9f20c70219", "query": "clinton", "docid": "Se223ed4b-A7f9562a4", "rank": "8", "page": "1"}
{"type": "cursorEnteredSnippet", "timestamp": "2026-02-17T14:12:48.618Z", "sessionID": "af5c0b2b-5c22-4d29-a30b-6f9f20c70219", "query": "clinton", "docid": "Sa34fef23-Aaa602eb2", "rank": "9", "page": "1"}
{"type": "cursorLeftSnippet", "timestamp": "2026-02-17T14:12:48.685Z", "sessionID": "af5c0b2b-5c22-4d29-a30b-6f9f20c70219", "query": "clinton", "docid": "Sa34fef23-Aaa602eb2", "rank": "9", "page": "1"}
{"type": "cursorEnteredSnippet", "timestamp": "2026-02-17T14:12:48.685Z", "sessionID": "af5c0b2b-5c22-4d29-a30b-6f9f20c70219", "query": "clinton", "docid": "Se4117131-Aeb9d32b3", "rank": "10", "page": "1"}
{"type": "cursorLeftSnippet", "timestamp": "2026-02-17T14:12:48.902Z", "sessionID": "af5c0b2b-5c22-4d29-a30b-6f9f20c70219", "query": "clinton", "docid": "Se4117131-Aeb9d32b3", "rank": "10", "page": "1"}
{"type": "pageNavigationClicked", "timestamp": "2026-02-17T14:12:49.396Z", "sessionID": "af5c0b2b-5c22-4d29-a30b-6f9f20c70219", "clicked": "5", "fromPage": 1, "toPage": 5}
{"type": "cursorEnteredSnippet", "timestamp": "2026-02-17T14:12:49.551Z", "sessionID": "af5c0b2b-5c22-4d29-a30b-6f9f20c70219", "query": "clinton", "docid": "Se4117131-Aeb9d32b3", "rank": "10", "page": "1"}
{"type": "cursorLeftSnippet", "timestamp": "2026-02-17T14:12:49.635Z", "sessionID": "af5c0b2b-5c22-4d29-a30b-6f9f20c70219", "query": "clinton", "docid": "Se4117131-Aeb9d32b3", "rank": "10", "page": "1"}
{"type": "cursorEnteredSnippet", "timestamp": "2026-02-17T14:12:49.636Z", "sessionID": "af5c0b2b-5c22-4d29-a30b-6f9f20c70219", "query": "clinton", "docid": "Sa34fef23-Aaa602eb2", "rank": "9", "page": "1"}
{"type": "cursorLeftSnippet", "timestamp": "2026-02-17T14:12:49.768Z", "sessionID": "af5c0b2b-5c22-4d29-a30b-6f9f20c70219", "query": "clinton", "docid": "Sa34fef23-Aaa602eb2", "rank": "9", "page": "1"}
{"type": "cursorEnteredSnippet", "timestamp": "2026-02-17T14:12:49.802Z", "sessionID": "af5c0b2b-5c22-4d29-a30b-6f9f20c70219", "query": "clinton", "docid": "Se223ed4b-A7f9562a4", "rank": "8", "page": "1"}
{"type": "cursorLeftSnippet", "timestamp": "2026-02-17T14:12:50.152Z", "sessionID": "af5c0b2b-5c22-4d29-a30b-6f9f20c70219", "query": "clinton", "docid": "Se223ed4b-A7f9562a4", "rank": "8", "page": "1"}
{"type": "cursorEnteredSnippet", "timestamp": "2026-02-17T14:12:50.185Z", "sessionID": "af5c0b2b-5c22-4d29-a30b-6f9f20c70219", "query": "clinton", "docid": "Sa34fef23-Aaa602eb2", "rank": "9", "page": "1"}
{"type": "searchResultGenerated", "timestamp": "2026-02-17T14:12:50.873Z", "sessionID": "af5c0b2b-5c22-4d29-a30b-6f9f20c70219", "query": "clinton", "docid": "Sdea477f7-Ab4ae38cc", "rank": "1", "page": "5", "url": "http://www.debatepedia.org/en/index.php/Debate:_Clinton_vs._Obama"}
{"type": "searchResultGenerated", "timestamp": "2026-02-17T14:12:50.873Z", "sessionID": "af5c0b2b-5c22-4d29-a30b-6f9f20c70219", "query": "clinton", "docid": "Se4117131-Aa0f88e90", "rank": "2", "page": "5", "url": "https://www.debate.org/debates/Bill-Clinton-should-have-resigned-post-impeachment./1/"}
{"type": "searchResultGenerated", "timestamp": "2026-02-17T14:12:50.874Z", "sessionID": "af5c0b2b-5c22-4d29-a30b-6f9f20c70219", "query": "clinton", "docid": "Sf97757f3-Ac52225b9", "rank": "3", "page": "5", "url": "https://www.debate.org/debates/Clintons-House-of-cards-about-to-come-crashing-down/1/"}
{"type": "searchResultGenerated", "timestamp": "2026-02-17T14:12:50.874Z", "sessionID": "af5c0b2b-5c22-4d29-a30b-6f9f20c70219", "query": "clinton", "docid": "S13ec255a-Afa1bbeef", "rank": "4", "page": "5", "url": "https://www.debate.org/debates/Hillary-Clinton-should-run-for-President-in-2016./1/"}
{"type": "searchResultGenerated", "timestamp": "2026-02-17T14:12:50.875Z", "sessionID": "af5c0b2b-5c22-4d29-a30b-6f9f20c70219", "query": "clinton", "docid": "Sa34fef23-Ab181f0cb", "rank": "5", "page": "5", "url": "https://www.debate.org/debates/Hillary-Clinton-wreckage/1/"}
{"type": "searchResultGenerated", "timestamp": "2026-02-17T14:12:50.875Z", "sessionID": "af5c0b2b-5c22-4d29-a30b-6f9f20c70219", "query": "clinton", "docid": "Sa13fa6-A6ed27a91", "rank": "6", "page": "5", "url": "https://www.debate.org/debates/LEAST-ideal-candidate-for-President/1/"}
{"type": "searchResultGenerated", "timestamp": "2026-02-17T14:12:50.875Z", "sessionID": "af5c0b2b-5c22-4d29-a30b-6f9f20c70219", "query": "clinton", "docid": "Sbdb0d440-Ada2ca1bf", "rank": "7", "page": "5", "url": "https://www.debate.org/debates/If-you-voted-for-Donald-Trump-you-are-racist./1/"}
{"type": "searchResultGenerated", "timestamp": "2026-02-17T14:12:50.876Z", "sessionID": "af5c0b2b-5c22-4d29-a30b-6f9f20c70219", "query": "clinton", "docid": "Sfc731a4-Aeab0356c", "rank": "8", "page": "5", "url": "https://www.debate.org/debates/Bill-Clinton-was-a-bad-president/1/"}
{"type": "searchResultGenerated", "timestamp": "2026-02-17T14:12:50.876Z", "sessionID": "af5c0b2b-5c22-4d29-a30b-6f9f20c70219", "query": "clinton", "docid": "S9b4e3e45-A30750d5c", "rank": "9", "page": "5", "url": "https://www.debate.org/debates/Hillary-Clinton-should-be-in-prison./1/"}
{"type": "searchResultGenerated", "timestamp": "2026-02-17T14:12:50.876Z", "sessionID": "af5c0b2b-5c22-4d29-a30b-6f9f20c70219", "query": "clinton", "docid": "S876f4fd6-A4208764f", "rank": "10", "page": "5", "url": "https://www.debate.org/debates/Reaganomics-worked/1/"}
{"type": "cursorEnteredSnippet", "timestamp": "2026-02-17T14:12:50.882Z", "sessionID": "af5c0b2b-5c22-4d29-a30b-6f9f20c70219", "query": "clinton", "docid": "Sf97757f3-Ac52225b9", "rank": "3", "page": "5"}
{"type": "clickedResult", "timestamp": "2026-02-17T14:12:51.885Z", "sessionID": "af5c0b2b-5c22-4d29-a30b-6f9f20c70219", "query": "clinton", "rank": "3", "page": "5", "url": "https://www.debate.org/debates/Clintons-House-of-cards-about-to-come-crashing-down/1/"}
{"type": "cursorLeftSnippet", "timestamp": "2026-02-17T14:12:52.075Z", "sessionID": "af5c0b2b-5c22-4d29-a30b-6f9f20c70219", "query": "clinton", "docid": "Sf97757f3-Ac52225b9", "rank": "3", "page": "5"}
{"type": "cursorEnteredSnippet", "timestamp": "2026-02-17T14:12:55.068Z", "sessionID": "af5c0b2b-5c22-4d29-a30b-6f9f20c70219", "query": "clinton", "docid": "Sdea477f7-Ab4ae38cc", "rank": "1", "page": "5"}
{"type": "cursorLeftSnippet", "timestamp": "2026-02-17T14:12:55.185Z", "sessionID": "af5c0b2b-5c22-4d29-a30b-6f9f20c70219", "query": "clinton", "docid": "Sdea477f7-Ab4ae38cc", "rank": "1", "page": "5"}
{"type": "cursorEnteredSnippet", "timestamp": "2026-02-17T14:12:55.202Z", "sessionID": "af5c0b2b-5c22-4d29-a30b-6f9f20c70219", "query": "clinton", "docid": "Se4117131-Aa0f88e90", "rank": "2", "page": "5"}
{"type": "cursorLeftSnippet", "timestamp": "2026-02-17T14:12:55.368Z", "sessionID": "af5c0b2b-5c22-4d29-a30b-6f9f20c70219", "query": "clinton", "docid": "Se4117131-Aa0f88e90", "rank": "2", "page": "5"}
{"type": "cursorEnteredSnippet", "timestamp": "2026-02-17T14:12:55.568Z", "sessionID": "af5c0b2b-5c22-4d29-a30b-6f9f20c70219", "query": "clinton", "docid": "Sdea477f7-Ab4ae38cc", "rank": "1", "page": "5"}
{"type": "cursorLeftSnippet", "timestamp": "2026-02-17T14:12:55.605Z", "sessionID": "af5c0b2b-5c22-4d29-a30b-6f9f20c70219", "query": "clinton", "docid": "Sdea477f7-Ab4ae38cc", "rank": "1", "page": "5"}
{"type": "queryBoxFocused", "timestamp": "2026-02-17T14:12:55.961Z", "sessionID": "af5c0b2b-5c22-4d29-a30b-6f9f20c70219"}
{"type": "querySubmitted", "timestamp": "2026-02-17T14:12:58.181Z", "sessionID": "af5c0b2b-5c22-4d29-a30b-6f9f20c70219", "query": "barney"}
{"type": "searchResultGenerated", "timestamp": "2026-02-17T14:12:59.078Z", "sessionID": "af5c0b2b-5c22-4d29-a30b-6f9f20c70219", "query": "barney", "docid": "S88e4d8e4-Aa99bc2c8", "rank": "1", "page": "1", "url": "https://www.debate.org/debates/Barney-and-Robin-should-not-have-divorced-in-How-I-Met-Your-Mother/1/"}
{"type": "searchResultGenerated", "timestamp": "2026-02-17T14:12:59.078Z", "sessionID": "af5c0b2b-5c22-4d29-a30b-6f9f20c70219", "query": "barney", "docid": "S81797859-A73596ada", "rank": "2", "page": "1", "url": "https://www.debate.org/debates/Barney-is-the-Proverbial-Antichrist/1/"}
{"type": "searchResultGenerated", "timestamp": "2026-02-17T14:12:59.079Z", "sessionID": "af5c0b2b-5c22-4d29-a30b-6f9f20c70219", "query": "barney", "docid": "Sa619b90-Ab84eacf8", "rank": "3", "page": "1", "url": "https://www.debate.org/debates/Resolved-Some-type-of-creator-outside-of-the-universe-exists./1/"}
{"type": "searchResultGenerated", "timestamp": "2026-02-17T14:12:59.079Z", "sessionID": "af5c0b2b-5c22-4d29-a30b-6f9f20c70219", "query": "barney", "docid": "S81797859-A4a51ee98", "rank": "4", "page": "1", "url": "https://www.debate.org/debates/Barney-is-the-Proverbial-Antichrist/1/"}
{"type": "searchResultGenerated", "timestamp": "2026-02-17T14:12:59.079Z", "sessionID": "af5c0b2b-5c22-4d29-a30b-6f9f20c70219", "query": "barney", "docid": "Sa67ede6e-A771ace3f", "rank": "5", "page": "1", "url": "https://www.debate.org/debates/Crackship-Compare/1/"}
{"type": "searchResultGenerated", "timestamp": "2026-02-17T14:12:59.079Z", "sessionID": "af5c0b2b-5c22-4d29-a30b-6f9f20c70219", "query": "barney", "docid": "S81797859-A25486a01", "rank": "6", "page": "1", "url": "https://www.debate.org/debates/Barney-is-the-Proverbial-Antichrist/1/"}
{"type": "searchResultGenerated", "timestamp": "2026-02-17T14:12:59.079Z", "sessionID": "af5c0b2b-5c22-4d29-a30b-6f9f20c70219", "query": "barney", "docid": "S81797859-A4ea84c5a", "rank": "7", "page": "1", "url": "https://www.debate.org/debates/Barney-is-the-Proverbial-Antichrist/1/"}
{"type": "searchResultGenerated", "timestamp": "2026-02-17T14:12:59.079Z", "sessionID": "af5c0b2b-5c22-4d29-a30b-6f9f20c70219", "query": "barney", "docid": "S9aa77f0b-Aab8301f", "rank": "8", "page": "1", "url": "https://www.debate.org/debates/I-think-the-movie-Jurassic-Park-is-not-scary./1/"}
{"type": "searchResultGenerated", "timestamp": "2026-02-17T14:12:59.079Z", "sessionID": "af5c0b2b-5c22-4d29-a30b-6f9f20c70219", "query": "barney", "docid": "S88e4d8e4-A1f6043df", "rank": "9", "page": "1", "url": "https://www.debate.org/debates/Barney-and-Robin-should-not-have-divorced-in-How-I-Met-Your-Mother/1/"}
{"type": "searchResultGenerated", "timestamp": "2026-02-17T14:12:59.079Z", "sessionID": "af5c0b2b-5c22-4d29-a30b-6f9f20c70219", "query": "barney", "docid": "S88e4d8e4-Ade4291b7", "rank": "10", "page": "1", "url": "https://www.debate.org/debates/Barney-and-Robin-should-not-have-divorced-in-How-I-Met-Your-Mother/1/"}
{"type": "cursorEnteredSnippet", "timestamp": "2026-02-17T14:12:59.601Z", "sessionID": "af5c0b2b-5c22-4d29-a30b-6f9f20c70219", "query": "barney", "docid": "S88e4d8e4-Aa99bc2c8", "rank": "1", "page": "1"}
{"type": "cursorLeftSnippet", "timestamp": "2026-02-17T14:13:03.420Z", "sessionID": "af5c0b2b-5c22-4d29-a30b-6f9f20c70219", "query": "barney", "docid": "S88e4d8e4-Aa99bc2c8", "rank": "1", "page": "1"}
{"type": "cursorEnteredSnippet", "timestamp": "2026-02-17T14:13:04.374Z", "sessionID": "af5c0b2b-5c22-4d29-a30b-6f9f20c70219", "query": "barney", "docid": "S88e4d8e4-Aa99bc2c8", "rank": "1", "page": "1"}
{"type": "cursorLeftSnippet", "timestamp": "2026-02-17T14:13:05.059Z", "sessionID": "af5c0b2b-5c22-4d29-a30b-6f9f20c70219", "query": "barney", "docid": "S88e4d8e4-Aa99bc2c8", "rank": "1", "page": "1"}
{"type": "cursorEnteredSnippet", "timestamp": "2026-02-17T14:13:05.060Z", "sessionID": "af5c0b2b-5c22-4d29-a30b-6f9f20c70219", "query": "barney", "docid": "Sa619b90-Ab84eacf8", "rank": "3", "page": "1"}
{"type": "cursorLeftSnippet", "timestamp": "2026-02-17T14:13:05.168Z", "sessionID": "af5c0b2b-5c22-4d29-a30b-6f9f20c70219", "query": "barney", "docid": "Sa619b90-Ab84eacf8", "rank": "3", "page": "1"}
{"type": "cursorEnteredSnippet", "timestamp": "2026-02-17T14:13:05.184Z", "sessionID": "af5c0b2b-5c22-4d29-a30b-6f9f20c70219", "query": "barney", "docid": "S81797859-A4a51ee98", "rank": "4", "page": "1"}
{"type": "cursorLeftSnippet", "timestamp": "2026-02-17T14:13:05.567Z", "sessionID": "af5c0b2b-5c22-4d29-a30b-6f9f20c70219", "query": "barney", "docid": "S81797859-A4a51ee98", "rank": "4", "page": "1"}
{"type": "cursorEnteredSnippet", "timestamp": "2026-02-17T14:13:05.656Z", "sessionID": "af5c0b2b-5c22-4d29-a30b-6f9f20c70219", "query": "barney", "docid": "Sa67ede6e-A771ace3f", "rank": "5", "page": "1"}
{"type": "clickedResult", "timestamp": "2026-02-17T14:13:06.004Z", "sessionID": "af5c0b2b-5c22-4d29-a30b-6f9f20c70219", "query": "barney", "rank": "5", "page": "1", "url": "https://www.debate.org/debates/Crackship-Compare/1/"}
{"type": "cursorLeftSnippet", "timestamp": "2026-02-17T14:13:06.211Z", "sessionID": "af5c0b2b-5c22-4d29-a30b-6f9f20c70219", "query": "barney", "docid": "Sa67ede6e-A771ace3f", "rank": "5", "page": "1"}
{"type": "searchResultGenerated", "timestamp": "2026-02-17T14:13:07.697Z", "sessionID": "af5c0b2b-5c22-4d29-a30b-6f9f20c70219", "query": "barney", "docid": "S88e4d8e4-Aa99bc2c8", "rank": "1", "page": "1", "url": "https://www.debate.org/debates/Barney-and-Robin-should-not-have-divorced-in-How-I-Met-Your-Mother/1/"}
{"type": "searchResultGenerated", "timestamp": "2026-02-17T14:13:07.697Z", "sessionID": "af5c0b2b-5c22-4d29-a30b-6f9f20c70219", "query": "barney", "docid": "S81797859-A73596ada", "rank": "2", "page": "1", "url": "https://www.debate.org/debates/Barney-is-the-Proverbial-Antichrist/1/"}
{"type": "searchResultGenerated", "timestamp": "2026-02-17T14:13:07.698Z", "sessionID": "af5c0b2b-5c22-4d29-a30b-6f9f20c70219", "query": "barney", "docid": "Sa619b90-Ab84eacf8", "rank": "3", "page": "1", "url": "https://www.debate.org/debates/Resolved-Some-type-of-creator-outside-of-the-universe-exists./1/"}
{"type": "searchResultGenerated", "timestamp": "2026-02-17T14:13:07.698Z", "sessionID": "af5c0b2b-5c22-4d29-a30b-6f9f20c70219", "query": "barney", "docid": "S81797859-A4a51ee98", "rank": "4", "page": "1", "url": "https://www.debate.org/debates/Barney-is-the-Proverbial-Antichrist/1/"}
{"type": "searchResultGenerated", "timestamp": "2026-02-17T14:13:07.698Z", "sessionID": "af5c0b2b-5c22-4d29-a30b-6f9f20c70219", "query": "barney", "docid": "Sa67ede6e-A771ace3f", "rank": "5", "page": "1", "url": "https://www.debate.org/debates/Crackship-Compare/1/"}
{"type": "searchResultGenerated", "timestamp": "2026-02-17T14:13:07.698Z", "sessionID": "af5c0b2b-5c22-4d29-a30b-6f9f20c70219", "query": "barney", "docid": "S81797859-A25486a01", "rank": "6", "page": "1", "url": "https://www.debate.org/debates/Barney-is-the-Proverbial-Antichrist/1/"}
{"type": "searchResultGenerated", "timestamp": "2026-02-17T14:13:07.698Z", "sessionID": "af5c0b2b-5c22-4d29-a30b-6f9f20c70219", "query": "barney", "docid": "S81797859-A4ea84c5a", "rank": "7", "page": "1", "url": "https://www.debate.org/debates/Barney-is-the-Proverbial-Antichrist/1/"}
{"type": "searchResultGenerated", "timestamp": "2026-02-17T14:13:07.698Z", "sessionID": "af5c0b2b-5c22-4d29-a30b-6f9f20c70219", "query": "barney", "docid": "S9aa77f0b-Aab8301f", "rank": "8", "page": "1", "url": "https://www.debate.org/debates/I-think-the-movie-Jurassic-Park-is-not-scary./1/"}
{"type": "searchResultGenerated", "timestamp": "2026-02-17T14:13:07.698Z", "sessionID": "af5c0b2b-5c22-4d29-a30b-6f9f20c70219", "query": "barney", "docid": "S88e4d8e4-A1f6043df", "rank": "9", "page": "1", "url": "https://www.debate.org/debates/Barney-and-Robin-should-not-have-divorced-in-How-I-Met-Your-Mother/1/"}
{"type": "searchResultGenerated", "timestamp": "2026-02-17T14:13:07.699Z", "sessionID": "af5c0b2b-5c22-4d29-a30b-6f9f20c70219", "query": "barney", "docid": "S88e4d8e4-Ade4291b7", "rank": "10", "page": "1", "url": "https://www.debate.org/debates/Barney-and-Robin-should-not-have-divorced-in-How-I-Met-Your-Mother/1/"}
{"type": "cursorEnteredSnippet", "timestamp": "2026-02-17T14:13:07.754Z", "sessionID": "af5c0b2b-5c22-4d29-a30b-6f9f20c70219", "query": "barney", "docid": "Sa619b90-Ab84eacf8", "rank": "3", "page": "1"}
{"type": "cursorLeftSnippet", "timestamp": "2026-02-17T14:13:07.817Z", "sessionID": "af5c0b2b-5c22-4d29-a30b-6f9f20c70219", "query": "barney", "docid": "Sa619b90-Ab84eacf8", "rank": "3", "page": "1"}
{"type": "cursorEnteredSnippet", "timestamp": "2026-02-17T14:13:07.817Z", "sessionID": "af5c0b2b-5c22-4d29-a30b-6f9f20c70219", "query": "barney", "docid": "S81797859-A4a51ee98", "rank": "4", "page": "1"}
{"type": "cursorLeftSnippet", "timestamp": "2026-02-17T14:13:07.858Z", "sessionID": "af5c0b2b-5c22-4d29-a30b-6f9f20c70219", "query": "barney", "docid": "S81797859-A4a51ee98", "rank": "4", "page": "1"}
{"type": "cursorEnteredSnippet", "timestamp": "2026-02-17T14:13:07.858Z", "sessionID": "af5c0b2b-5c22-4d29-a30b-6f9f20c70219", "query": "barney", "docid": "Sa67ede6e-A771ace3f", "rank": "5", "page": "1"}
{"type": "cursorLeftSnippet", "timestamp": "2026-02-17T14:13:08.673Z", "sessionID": "af5c0b2b-5c22-4d29-a30b-6f9f20c70219", "query": "barney", "docid": "Sa67ede6e-A771ace3f", "rank": "5", "page": "1"}
{"type": "cursorEnteredSnippet", "timestamp": "2026-02-17T14:13:08.673Z", "sessionID": "af5c0b2b-5c22-4d29-a30b-6f9f20c70219", "query": "barney", "docid": "S9aa77f0b-Aab8301f", "rank": "8", "page": "1"}
{"type": "cursorLeftSnippet", "timestamp": "2026-02-17T14:13:08.734Z", "sessionID": "af5c0b2b-5c22-4d29-a30b-6f9f20c70219", "query": "barney", "docid": "S9aa77f0b-Aab8301f", "rank": "8", "page": "1"}
{"type": "cursorEnteredSnippet", "timestamp": "2026-02-17T14:13:08.751Z", "sessionID": "af5c0b2b-5c22-4d29-a30b-6f9f20c70219", "query": "barney", "docid": "S88e4d8e4-A1f6043df", "rank": "9", "page": "1"}
{"type": "cursorLeftSnippet", "timestamp": "2026-02-17T14:13:09.067Z", "sessionID": "af5c0b2b-5c22-4d29-a30b-6f9f20c70219", "query": "barney", "docid": "S88e4d8e4-A1f6043df", "rank": "9", "page": "1"}
{"type": "cursorEnteredSnippet", "timestamp": "2026-02-17T14:13:09.101Z", "sessionID": "af5c0b2b-5c22-4d29-a30b-6f9f20c70219", "query": "barney", "docid": "S88e4d8e4-Ade4291b7", "rank": "10", "page": "1"}
{"type": "cursorLeftSnippet", "timestamp": "2026-02-17T14:13:09.300Z", "sessionID": "af5c0b2b-5c22-4d29-a30b-6f9f20c70219", "query": "barney", "docid": "S88e4d8e4-Ade4291b7", "rank": "10", "page": "1"}
{"type": "pageNavigationClicked", "timestamp": "2026-02-17T14:13:09.802Z", "sessionID": "af5c0b2b-5c22-4d29-a30b-6f9f20c70219", "clicked": "4", "fromPage": 1, "toPage": 4}
{"type": "cursorEnteredSnippet", "timestamp": "2026-02-17T14:13:10.001Z", "sessionID": "af5c0b2b-5c22-4d29-a30b-6f9f20c70219", "query": "barney", "docid": "S88e4d8e4-Ade4291b7", "rank": "10", "page": "1"}
{"type": "cursorLeftSnippet", "timestamp": "2026-02-17T14:13:10.101Z", "sessionID": "af5c0b2b-5c22-4d29-a30b-6f9f20c70219", "query": "barney", "docid": "S88e4d8e4-Ade4291b7", "rank": "10", "page": "1"}
{"type": "cursorEnteredSnippet", "timestamp": "2026-02-17T14:13:10.117Z", "sessionID": "af5c0b2b-5c22-4d29-a30b-6f9f20c70219", "query": "barney", "docid": "S88e4d8e4-A1f6043df", "rank": "9", "page": "1"}
{"type": "cursorLeftSnippet", "timestamp": "2026-02-17T14:13:10.234Z", "sessionID": "af5c0b2b-5c22-4d29-a30b-6f9f20c70219", "query": "barney", "docid": "S88e4d8e4-A1f6043df", "rank": "9", "page": "1"}
{"type": "cursorEnteredSnippet", "timestamp": "2026-02-17T14:13:10.251Z", "sessionID": "af5c0b2b-5c22-4d29-a30b-6f9f20c70219", "query": "barney", "docid": "S9aa77f0b-Aab8301f", "rank": "8", "page": "1"}
{"type": "cursorLeftSnippet", "timestamp": "2026-02-17T14:13:10.317Z", "sessionID": "af5c0b2b-5c22-4d29-a30b-6f9f20c70219", "query": "barney", "docid": "S9aa77f0b-Aab8301f", "rank": "8", "page": "1"}
{"type": "cursorEnteredSnippet", "timestamp": "2026-02-17T14:13:10.334Z", "sessionID": "af5c0b2b-5c22-4d29-a30b-6f9f20c70219", "query": "barney", "docid": "S81797859-A4ea84c5a", "rank": "7", "page": "1"}
{"type": "searchResultGenerated", "timestamp": "2026-02-17T14:13:10.517Z", "sessionID": "af5c0b2b-5c22-4d29-a30b-6f9f20c70219", "query": "barney", "docid": "S66745558-A157f68fa", "rank": "1", "page": "4", "url": "https://www.debate.org/debates/IVF-Debate/51/"}
{"type": "searchResultGenerated", "timestamp": "2026-02-17T14:13:10.517Z", "sessionID": "af5c0b2b-5c22-4d29-a30b-6f9f20c70219", "query": "barney", "docid": "S7c65c839-A803f46a5", "rank": "2", "page": "4", "url": "https://www.debate.org/debates/Ron-Paul-would-save-this-country-if-he-was-president/1/"}
{"type": "searchResultGenerated", "timestamp": "2026-02-17T14:13:10.517Z", "sessionID": "af5c0b2b-5c22-4d29-a30b-6f9f20c70219", "query": "barney", "docid": "Sf5e8e370-A81185a4c", "rank": "3", "page": "4", "url": "https://www.debate.org/debates/A-Corporation-can-be-too-big-to-fail/1/"}
{"type": "searchResultGenerated", "timestamp": "2026-02-17T14:13:10.518Z", "sessionID": "af5c0b2b-5c22-4d29-a30b-6f9f20c70219", "query": "barney", "docid": "Se71bccb4-A2d3fcf8c", "rank": "4", "page": "4", "url": "https://www.debate.org/debates/Rap-Battle-3/1/"}
{"type": "searchResultGenerated", "timestamp": "2026-02-17T14:13:10.518Z", "sessionID": "af5c0b2b-5c22-4d29-a30b-6f9f20c70219", "query": "barney", "docid": "Sef812bdf-A460cdda8", "rank": "5", "page": "4", "url": "https://www.debate.org/debates/Limerick-Rap-Battle/1/"}
{"type": "searchResultGenerated", "timestamp": "2026-02-17T14:13:10.519Z", "sessionID": "af5c0b2b-5c22-4d29-a30b-6f9f20c70219", "query": "barney", "docid": "Scda6fb96-Ab7bb01b6", "rank": "6", "page": "4", "url": "https://www.debate.org/debates/Rap-Battle/41/"}
{"type": "searchResultGenerated", "timestamp": "2026-02-17T14:13:10.519Z", "sessionID": "af5c0b2b-5c22-4d29-a30b-6f9f20c70219", "query": "barney", "docid": "Sa9def594-A3bbdfe66", "rank": "7", "page": "4", "url": "https://www.debate.org/debates/Facial-Hair-is-a-Significant-Factor-in-the-Rise-and-Decline-of-Civilizations-Empires/1/"}
{"type": "searchResultGenerated", "timestamp": "2026-02-17T14:13:10.519Z", "sessionID": "af5c0b2b-5c22-4d29-a30b-6f9f20c70219", "query": "barney", "docid": "S9e2f2fe-A2b059975", "rank": "8", "page": "4", "url": "https://www.debate.org/debates/Rap-Battle-of-2014-The-Squeakquel/1/"}
{"type": "searchResultGenerated", "timestamp": "2026-02-17T14:13:10.519Z", "sessionID": "af5c0b2b-5c22-4d29-a30b-6f9f20c70219", "query": "barney", "docid": "Se73735b9-Af8703fd5", "rank": "9", "page": "4", "url": "https://www.debate.org/debates/Rap-Battle/189/"}
{"type": "searchResultGenerated", "timestamp": "2026-02-17T14:13:10.520Z", "sessionID": "af5c0b2b-5c22-4d29-a30b-6f9f20c70219", "query": "barney", "docid": "Sa67ede6e-Abff5a85e", "rank": "10", "page": "4", "url": "https://www.debate.org/debates/Crackship-Compare/1/"}
{"type": "cursorEnteredSnippet", "timestamp": "2026-02-17T14:13:10.531Z", "sessionID": "af5c0b2b-5c22-4d29-a30b-6f9f20c70219", "query": "barney", "docid": "S7c65c839-A803f46a5", "rank": "2", "page": "4"}
{"type": "cursorLeftSnippet", "timestamp": "2026-02-17T14:13:11.034Z", "sessionID": "af5c0b2b-5c22-4d29-a30b-6f9f20c70219", "query": "barney", "docid": "S7c65c839-A803f46a5", "rank": "2", "page": "4"}
{"type": "cursorEnteredSnippet", "timestamp": "2026-02-17T14:13:11.068Z", "sessionID": "af5c0b2b-5c22-4d29-a30b-6f9f20c70219", "query": "barney", "docid": "Sf5e8e370-A81185a4c", "rank": "3", "page": "4"}
{"type": "clickedResult", "timestamp": "2026-02-17T14:13:11.365Z", "sessionID": "af5c0b2b-5c22-4d29-a30b-6f9f20c70219", "query": "barney", "rank": "3", "page": "4", "url": "https://www.debate.org/debates/A-Corporation-can-be-too-big-to-fail/1/"}
{"type": "cursorLeftSnippet", "timestamp": "2026-02-17T14:13:11.577Z", "sessionID": "af5c0b2b-5c22-4d29-a30b-6f9f20c70219", "query": "barney", "docid": "Sf5e8e370-A81185a4c", "rank": "3", "page": "4"}
{"type": "cursorEnteredSnippet", "timestamp": "2026-02-17T14:13:12.967Z", "sessionID": "af5c0b2b-5c22-4d29-a30b-6f9f20c70219", "query": "barney", "docid": "S66745558-A157f68fa", "rank": "1", "page": "4"}
{"type": "cursorLeftSnippet", "timestamp": "2026-02-17T14:13:13.050Z", "sessionID": "af5c0b2b-5c22-4d29-a30b-6f9f20c70219", "query": "barney", "docid": "S66745558-A157f68fa", "rank": "1", "page": "4"}
{"type": "cursorEnteredSnippet", "timestamp": "2026-02-17T14:13:13.050Z", "sessionID": "af5c0b2b-5c22-4d29-a30b-6f9f20c70219", "query": "barney", "docid": "S7c65c839-A803f46a5", "rank": "2", "page": "4"}
{"type": "cursorLeftSnippet", "timestamp": "2026-02-17T14:13:14.900Z", "sessionID": "af5c0b2b-5c22-4d29-a30b-6f9f20c70219", "query": "barney", "docid": "S7c65c839-A803f46a5", "rank": "2", "page": "4"}
{"type": "cursorEnteredSnippet", "timestamp": "2026-02-17T14:13:14.917Z", "sessionID": "af5c0b2b-5c22-4d29-a30b-6f9f20c70219", "query": "barney", "docid": "S66745558-A157f68fa", "rank": "1", "page": "4"}
{"type": "cursorLeftSnippet", "timestamp": "2026-02-17T14:13:16.950Z", "sessionID": "af5c0b2b-5c22-4d29-a30b-6f9f20c70219", "query": "barney", "docid": "S66745558-A157f68fa", "rank": "1", "page": "4"}
{"type": "searchResultGenerated", "timestamp": "2026-02-17T14:13:19.243Z", "sessionID": "af5c0b2b-5c22-4d29-a30b-6f9f20c70219", "query": "barney", "docid": "S88e4d8e4-Aa99bc2c8", "rank": "1", "page": "1", "url": "https://www.debate.org/debates/Barney-and-Robin-should-not-have-divorced-in-How-I-Met-Your-Mother/1/"}
{"type": "searchResultGenerated", "timestamp": "2026-02-17T14:13:19.243Z", "sessionID": "af5c0b2b-5c22-4d29-a30b-6f9f20c70219", "query": "barney", "docid": "S81797859-A73596ada", "rank": "2", "page": "1", "url": "https://www.debate.org/debates/Barney-is-the-Proverbial-Antichrist/1/"}
{"type": "searchResultGenerated", "timestamp": "2026-02-17T14:13:19.243Z", "sessionID": "af5c0b2b-5c22-4d29-a30b-6f9f20c70219", "query": "barney", "docid": "Sa619b90-Ab84eacf8", "rank": "3", "page": "1", "url": "https://www.debate.org/debates/Resolved-Some-type-of-creator-outside-of-the-universe-exists./1/"}
{"type": "searchResultGenerated", "timestamp": "2026-02-17T14:13:19.244Z", "sessionID": "af5c0b2b-5c22-4d29-a30b-6f9f20c70219", "query": "barney", "docid": "S81797859-A4a51ee98", "rank": "4", "page": "1", "url": "https://www.debate.org/debates/Barney-is-the-Proverbial-Antichrist/1/"}
{"type": "searchResultGenerated", "timestamp": "2026-02-17T14:13:19.244Z", "sessionID": "af5c0b2b-5c22-4d29-a30b-6f9f20c70219", "query": "barney", "docid": "Sa67ede6e-A771ace3f", "rank": "5", "page": "1", "url": "https://www.debate.org/debates/Crackship-Compare/1/"}
{"type": "searchResultGenerated", "timestamp": "2026-02-17T14:13:19.244Z", "sessionID": "af5c0b2b-5c22-4d29-a30b-6f9f20c70219", "query": "barney", "docid": "S81797859-A25486a01", "rank": "6", "page": "1", "url": "https://www.debate.org/debates/Barney-is-the-Proverbial-Antichrist/1/"}
{"type": "searchResultGenerated", "timestamp": "2026-02-17T14:13:19.244Z", "sessionID": "af5c0b2b-5c22-4d29-a30b-6f9f20c70219", "query": "barney", "docid": "S81797859-A4ea84c5a", "rank": "7", "page": "1", "url": "https://www.debate.org/debates/Barney-is-the-Proverbial-Antichrist/1/"}
{"type": "searchResultGenerated", "timestamp": "2026-02-17T14:13:19.244Z", "sessionID": "af5c0b2b-5c22-4d29-a30b-6f9f20c70219", "query": "barney", "docid": "S9aa77f0b-Aab8301f", "rank": "8", "page": "1", "url": "https://www.debate.org/debates/I-think-the-movie-Jurassic-Park-is-not-scary./1/"}
{"type": "searchResultGenerated", "timestamp": "2026-02-17T14:13:19.245Z", "sessionID": "af5c0b2b-5c22-4d29-a30b-6f9f20c70219", "query": "barney", "docid": "S88e4d8e4-A1f6043df", "rank": "9", "page": "1", "url": "https://www.debate.org/debates/Barney-and-Robin-should-not-have-divorced-in-How-I-Met-Your-Mother/1/"}
{"type": "searchResultGenerated", "timestamp": "2026-02-17T14:13:19.245Z", "sessionID": "af5c0b2b-5c22-4d29-a30b-6f9f20c70219", "query": "barney", "docid": "S88e4d8e4-Ade4291b7", "rank": "10", "page": "1", "url": "https://www.debate.org/debates/Barney-and-Robin-should-not-have-divorced-in-How-I-Met-Your-Mother/1/"}
{"type": "searchResultGenerated", "timestamp": "2026-02-17T14:13:24.194Z", "sessionID": "af5c0b2b-5c22-4d29-a30b-6f9f20c70219", "query": "clinton", "docid": "S1d282c3d-A932dc0a3", "rank": "1", "page": "1", "url": "https://www.debate.org/debates/Hillary-Clinton-is-the-Sara-Palin-of-the-Democratic-Party-./1/"}
{"type": "searchResultGenerated", "timestamp": "2026-02-17T14:13:24.194Z", "sessionID": "af5c0b2b-5c22-4d29-a30b-6f9f20c70219", "query": "clinton", "docid": "Sf97757f3-Ae0f08494", "rank": "2", "page": "1", "url": "https://www.debate.org/debates/Clintons-House-of-cards-about-to-come-crashing-down/1/"}
{"type": "searchResultGenerated", "timestamp": "2026-02-17T14:13:24.194Z", "sessionID": "af5c0b2b-5c22-4d29-a30b-6f9f20c70219", "query": "clinton", "docid": "S6a18e3d9-A157f794e", "rank": "3", "page": "1", "url": "https://www.debate.org/debates/hillery-clinton/1/"}
{"type": "searchResultGenerated", "timestamp": "2026-02-17T14:13:24.195Z", "sessionID": "af5c0b2b-5c22-4d29-a30b-6f9f20c70219", "query": "clinton", "docid": "S83a08de1-A41eaceff", "rank": "4", "page": "1", "url": "https://www.debate.org/debates/Obama-is-a-Believer-in-atheist-Dogma-Not-a-Muslim/4/"}
{"type": "searchResultGenerated", "timestamp": "2026-02-17T14:13:24.197Z", "sessionID": "af5c0b2b-5c22-4d29-a30b-6f9f20c70219", "query": "clinton", "docid": "Sf97757f3-A7da82ddb", "rank": "5", "page": "1", "url": "https://www.debate.org/debates/Clintons-House-of-cards-about-to-come-crashing-down/1/"}
{"type": "searchResultGenerated", "timestamp": "2026-02-17T14:13:24.197Z", "sessionID": "af5c0b2b-5c22-4d29-a30b-6f9f20c70219", "query": "clinton", "docid": "S1aac65e8-A49f9a643", "rank": "6", "page": "1", "url": "https://www.debate.org/debates/Donald-Trumps-true-campaign-is-to-put-Clinton-in-office/1/"}
{"type": "searchResultGenerated", "timestamp": "2026-02-17T14:13:24.198Z", "sessionID": "af5c0b2b-5c22-4d29-a30b-6f9f20c70219", "query": "clinton", "docid": "S1aac65e8-Acea1ca63", "rank": "7", "page": "1", "url": "https://www.debate.org/debates/Donald-Trumps-true-campaign-is-to-put-Clinton-in-office/1/"}
{"type": "searchResultGenerated", "timestamp": "2026-02-17T14:13:24.198Z", "sessionID": "af5c0b2b-5c22-4d29-a30b-6f9f20c70219", "query": "clinton", "docid": "Se223ed4b-A7f9562a4", "rank": "8", "page": "1", "url": "https://www.debate.org/debates/Clinton-Shouldnt-Be-Allowed-To-Run-Until-The-FBI-Finish-Their-Investigation/1/"}
{"type": "searchResultGenerated", "timestamp": "2026-02-17T14:13:24.198Z", "sessionID": "af5c0b2b-5c22-4d29-a30b-6f9f20c70219", "query": "clinton", "docid": "Sa34fef23-Aaa602eb2", "rank": "9", "page": "1", "url": "https://www.debate.org/debates/Hillary-Clinton-wreckage/1/"}
{"type": "searchResultGenerated", "timestamp": "2026-02-17T14:13:24.198Z", "sessionID": "af5c0b2b-5c22-4d29-a30b-6f9f20c70219", "query": "clinton", "docid": "Se4117131-Aeb9d32b3", "rank": "10", "page": "1", "url": "https://www.debate.org/debates/Bill-Clinton-should-have-resigned-post-impeachment./1/"}
{"type": "cursorEnteredSnippet", "timestamp": "2026-02-17T14:13:25.717Z", "sessionID": "af5c0b2b-5c22-4d29-a30b-6f9f20c70219", "query": "clinton", "docid": "Sa34fef23-Aaa602eb2", "rank": "9", "page": "1"}
{"type": "cursorLeftSnippet", "timestamp": "2026-02-17T14:13:26.000Z", "sessionID": "af5c0b2b-5c22-4d29-a30b-6f9f20c70219", "query": "clinton", "docid": "Sa34fef23-Aaa602eb2", "rank": "9", "page": "1"}
{"type": "cursorEnteredSnippet", "timestamp": "2026-02-17T14:13:26.050Z", "sessionID": "af5c0b2b-5c22-4d29-a30b-6f9f20c70219", "query": "clinton", "docid": "Se4117131-Aeb9d32b3", "rank": "10", "page": "1"}
{"type": "clickedResult", "timestamp": "2026-02-17T14:13:26.739Z", "sessionID": "af5c0b2b-5c22-4d29-a30b-6f9f20c70219", "query": "clinton", "rank": "10", "page": "1", "url": "https://www.debate.org/debates/Bill-Clinton-should-have-resigned-post-impeachment./1/"}
{"type": "cursorLeftSnippet", "timestamp": "2026-02-17T14:13:26.936Z", "sessionID": "af5c0b2b-5c22-4d29-a30b-6f9f20c70219", "query": "clinton", "docid": "Se4117131-Aeb9d32b3", "rank": "10", "page": "1"}
{"type": "searchResultGenerated", "timestamp": "2026-02-17T14:13:28.344Z", "sessionID": "af5c0b2b-5c22-4d29-a30b-6f9f20c70219", "query": "clinton", "docid": "S1d282c3d-A932dc0a3", "rank": "1", "page": "1", "url": "https://www.debate.org/debates/Hillary-Clinton-is-the-Sara-Palin-of-the-Democratic-Party-./1/"}
{"type": "searchResultGenerated", "timestamp": "2026-02-17T14:13:28.344Z", "sessionID": "af5c0b2b-5c22-4d29-a30b-6f9f20c70219", "query": "clinton", "docid": "Sf97757f3-Ae0f08494", "rank": "2", "page": "1", "url": "https://www.debate.org/debates/Clintons-House-of-cards-about-to-come-crashing-down/1/"}
{"type": "searchResultGenerated", "timestamp": "2026-02-17T14:13:28.344Z", "sessionID": "af5c0b2b-5c22-4d29-a30b-6f9f20c70219", "query": "clinton", "docid": "S6a18e3d9-A157f794e", "rank": "3", "page": "1", "url": "https://www.debate.org/debates/hillery-clinton/1/"}
{"type": "searchResultGenerated", "timestamp": "2026-02-17T14:13:28.345Z", "sessionID": "af5c0b2b-5c22-4d29-a30b-6f9f20c70219", "query": "clinton", "docid": "S83a08de1-A41eaceff", "rank": "4", "page": "1", "url": "https://www.debate.org/debates/Obama-is-a-Believer-in-atheist-Dogma-Not-a-Muslim/4/"}
{"type": "searchResultGenerated", "timestamp": "2026-02-17T14:13:28.345Z", "sessionID": "af5c0b2b-5c22-4d29-a30b-6f9f20c70219", "query": "clinton", "docid": "Sf97757f3-A7da82ddb", "rank": "5", "page": "1", "url": "https://www.debate.org/debates/Clintons-House-of-cards-about-to-come-crashing-down/1/"}
{"type": "searchResultGenerated", "timestamp": "2026-02-17T14:13:28.345Z", "sessionID": "af5c0b2b-5c22-4d29-a30b-6f9f20c70219", "query": "clinton", "docid": "S1aac65e8-A49f9a643", "rank": "6", "page": "1", "url": "https://www.debate.org/debates/Donald-Trumps-true-campaign-is-to-put-Clinton-in-office/1/"}
{"type": "searchResultGenerated", "timestamp": "2026-02-17T14:13:28.345Z", "sessionID": "af5c0b2b-5c22-4d29-a30b-6f9f20c70219", "query": "clinton", "docid": "S1aac65e8-Acea1ca63", "rank": "7", "page": "1", "url": "https://www.debate.org/debates/Donald-Trumps-true-campaign-is-to-put-Clinton-in-office/1/"}
{"type": "searchResultGenerated", "timestamp": "2026-02-17T14:13:28.345Z", "sessionID": "af5c0b2b-5c22-4d29-a30b-6f9f20c70219", "query": "clinton", "docid": "Se223ed4b-A7f9562a4", "rank": "8", "page": "1", "url": "https://www.debate.org/debates/Clinton-Shouldnt-Be-Allowed-To-Run-Until-The-FBI-Finish-Their-Investigation/1/"}
{"type": "searchResultGenerated", "timestamp": "2026-02-17T14:13:28.346Z", "sessionID": "af5c0b2b-5c22-4d29-a30b-6f9f20c70219", "query": "clinton", "docid": "Sa34fef23-Aaa602eb2", "rank": "9", "page": "1", "url": "https://www.debate.org/debates/Hillary-Clinton-wreckage/1/"}
{"type": "searchResultGenerated", "timestamp": "2026-02-17T14:13:28.346Z", "sessionID": "af5c0b2b-5c22-4d29-a30b-6f9f20c70219", "query": "clinton", "docid": "Se4117131-Aeb9d32b3", "rank": "10", "page": "1", "url": "https://www.debate.org/debates/Bill-Clinton-should-have-resigned-post-impeachment./1/"}
{"type": "ClickedEndTask", "timestamp": "2026-02-17T14:13:29.194Z", "sessionID": "af5c0b2b-5c22-4d29-a30b-6f9f20c70219"}
{"type": "TaskEndConfirmed", "timestamp": "2026-02-17T14:13:30.239Z", "sessionID": "af5c0b2b-5c22-4d29-a30b-6f9f20c70219"}
