{"type": "TaskStarted", "timestamp": "2026-02-18T08:35:36.011Z", "sessionID": "ef20567d-557f-4e5b-9e33-68d6e01eef54"}
{"type": "idSubmitted", "timestamp": "2026-02-18T08:35:36.015Z", "sessionID": "ef20567d-557f-4e5b-9e33-68d6e01eef54", "uid": "Participant7"}
{"type": "queryBoxFocused", "timestamp": "2026-02-18T08:35:39.300Z", "sessionID": "ef20567d-557f-4e5b-9e33-68d6e01eef54"}
{"type": "querySubmitted", "timestamp": "2026-02-18T08:35:46.148Z", "sessionID": "ef20567d-557f-4e5b-9e33-68d6e01eef54", "query": "donald trump"}
{"type": "searchResultGenerated", "timestamp": "2026-02-18T08:35:47.812Z", "sessionID": "ef20567d-557f-4e5b-9e33-68d6e01eef54", "query": "donald trump", "docid": "Sb91d4292-A293ddb2c", "rank": "1", "page": "1", "url": "https://www.debate.org/debates/Who-would-be-the-best-Republican-candidate-to-be-president./1/"}
{"type": "searchResultGenerated", "timestamp": "2026-02-18T08:35:47.812Z", "sessionID": "ef20567d-557f-4e5b-9e33-68d6e01eef54", "query": "donald trump", "docid": "S99eb3279-A92b66bb6", "rank": "2", "page": "1", "url": "https://www.debate.org/debates/TRUMP-PRO-vs-KASICH-CON/1/"}
{"type": "searchResultGenerated", "timestamp": "2026-02-18T08:35:47.812Z", "sessionID": "ef20567d-557f-4e5b-9e33-68d6e01eef54", "query": "donald trump", "docid": "Sf34bcbed-A34767499", "rank": "3", "page": "1", "url": "https://www.debate.org/debates/Who-is-this-man-DONALD-TRUMP/1/"}
{"type": "searchResultGenerated", "timestamp": "2026-02-18T08:35:47.812Z", "sessionID": "ef20567d-557f-4e5b-9e33-68d6e01eef54", "query": "donald trump", "docid": "S689e8f9a-A1664b9b3", "rank": "4", "page": "1", "url": "https://www.debate.org/debates/Donald-Trump-NOOOOOOOOOOOOOO/1/"}
{"type": "searchResultGenerated", "timestamp": "2026-02-18T08:35:47.812Z", "sessionID": "ef20567d-557f-4e5b-9e33-68d6e01eef54", "query": "donald trump", "docid": "S2f9c8c00-Abcd1940a", "rank": "5", "page": "1", "url": "https://www.debate.org/debates/Donald-Trump-is-the-worst-candidate/1/"}
{"type": "searchResultGenerated", "timestamp": "2026-02-18T08:35:47.812Z", "sessionID": "ef20567d-557f-4e5b-9e33-68d6e01eef54", "query": "donald trump", "docid": "S17b0025-Ac5c59af1", "rank": "6", "page": "1", "url": "https://www.debate.org/debates/Donald-Trump-is-better-than-Hillary-Clinton/1/"}
{"type": "searchResultGenerated", "timestamp": "2026-02-18T08:35:47.812Z", "sessionID": "ef20567d-557f-4e5b-9e33-68d6e01eef54", "query": "donald trump", "docid": "Sf34bcbed-A4e4a1656", "rank": "7", "page": "1", "url": "https://www.debate.org/debates/Who-is-this-man-DONALD-TRUMP/1/"}
{"type": "searchResultGenerated", "timestamp": "2026-02-18T08:35:47.812Z", "sessionID": "ef20567d-557f-4e5b-9e33-68d6e01eef54", "query": "donald trump", "docid": "S62910eae-A3b35a2f6", "rank": "8", "page": "1", "url": "https://www.debate.org/debates/THB-Donald-Trumps-existence-is-good-for-the-world./1/"}
{"type": "searchResultGenerated", "timestamp": "2026-02-18T08:35:47.812Z", "sessionID": "ef20567d-557f-4e5b-9e33-68d6e01eef54", "query": "donald trump", "docid": "Seb91b013-Ac81c0883", "rank": "9", "page": "1", "url": "https://www.debate.org/debates/Is-Donald-Trump-fit-for-the-presidency-of-the-United-States-of-America/1/"}
{"type": "searchResultGenerated", "timestamp": "2026-02-18T08:35:47.812Z", "sessionID": "ef20567d-557f-4e5b-9e33-68d6e01eef54", "query": "donald trump", "docid": "Se3e63c0e-Ab1ec27fb", "rank": "10", "page": "1", "url": "https://www.debate.org/debates/Donald-Trump-is-NOT-a-Racist-Change-my-Mind/1/"}
{"type": "cursorEnteredSnippet", "timestamp": "2026-02-18T08:35:48.775Z", "sessionID": "ef20567d-557f-4e5b-9e33-68d6e01eef54", "query": "donald trump", "docid": "Sb91d4292-A293ddb2c", "rank": "1", "page": "1"}
{"type": "cursorLeftSnippet", "timestamp": "2026-02-18T08:35:48.871Z", "sessionID": "ef20567d-557f-4e5b-9e33-68d6e01eef54", "query": "donald trump", "docid": "Sb91d4292-A293ddb2c", "rank": "1", "page": "1"}
{"type": "queryBoxFocused", "timestamp": "2026-02-18T08:39:19.277Z", "sessionID": "ef20567d-557f-4e5b-9e33-68d6e01eef54"}
{"type": "querySubmitted", "timestamp": "2026-02-18T08:39:22.226Z", "sessionID": "ef20567d-557f-4e5b-9e33-68d6e01eef54", "query": "clinton"}
{"type": "searchResultGenerated", "timestamp": "2026-02-18T08:39:23.907Z", "sessionID": "ef20567d-557f-4e5b-9e33-68d6e01eef54", "query": "clinton", "docid": "S1d282c3d-A932dc0a3", "rank": "1", "page": "1", "url": "https://www.debate.org/debates/Hillary-Clinton-is-the-Sara-Palin-of-the-Democratic-Party-./1/"}
{"type": "searchResultGenerated", "timestamp": "2026-02-18T08:39:23.908Z", "sessionID": "ef20567d-557f-4e5b-9e33-68d6e01eef54", "query": "clinton", "docid": "Sf97757f3-Ae0f08494", "rank": "2", "page": "1", "url": "https://www.debate.org/debates/Clintons-House-of-cards-about-to-come-crashing-down/1/"}
{"type": "searchResultGenerated", "timestamp": "2026-02-18T08:39:23.908Z", "sessionID": "ef20567d-557f-4e5b-9e33-68d6e01eef54", "query": "clinton", "docid": "S6a18e3d9-A157f794e", "rank": "3", "page": "1", "url": "https://www.debate.org/debates/hillery-clinton/1/"}
{"type": "searchResultGenerated", "timestamp": "2026-02-18T08:39:23.908Z", "sessionID": "ef20567d-557f-4e5b-9e33-68d6e01eef54", "query": "clinton", "docid": "S83a08de1-A41eaceff", "rank": "4", "page": "1", "url": "https://www.debate.org/debates/Obama-is-a-Believer-in-atheist-Dogma-Not-a-Muslim/4/"}
{"type": "searchResultGenerated", "timestamp": "2026-02-18T08:39:23.908Z", "sessionID": "ef20567d-557f-4e5b-9e33-68d6e01eef54", "query": "clinton", "docid": "Sf97757f3-A7da82ddb", "rank": "5", "page": "1", "url": "https://www.debate.org/debates/Clintons-House-of-cards-about-to-come-crashing-down/1/"}
{"type": "searchResultGenerated", "timestamp": "2026-02-18T08:39:23.908Z", "sessionID": "ef20567d-557f-4e5b-9e33-68d6e01eef54", "query": "clinton", "docid": "S1aac65e8-A49f9a643", "rank": "6", "page": "1", "url": "https://www.debate.org/debates/Donald-Trumps-true-campaign-is-to-put-Clinton-in-office/1/"}
{"type": "searchResultGenerated", "timestamp": "2026-02-18T08:39:23.908Z", "sessionID": "ef20567d-557f-4e5b-9e33-68d6e01eef54", "query": "clinton", "docid": "S1aac65e8-Acea1ca63", "rank": "7", "page": "1", "url": "https://www.debate.org/debates/Donald-Trumps-true-campaign-is-to-put-Clinton-in-office/1/"}
{"type": "searchResultGenerated", "timestamp": "2026-02-18T08:39:23.908Z", "sessionID": "ef20567d-557f-4e5b-9e33-68d6e01eef54", "query": "clinton", "docid": "Se223ed4b-A7f9562a4", "rank": "8", "page": "1", "url": "https://www.debate.org/debates/Clinton-Shouldnt-Be-Allowed-To-Run-Until-The-FBI-Finish-Their-Investigation/1/"}
{"type": "searchResultGenerated", "timestamp": "2026-02-18T08:39:23.908Z", "sessionID": "ef20567d-557f-4e5b-9e33-68d6e01eef54", "query": "clinton", "docid": "Sa34fef23-Aaa602eb2", "rank": "9", "page": "1", "url": "https://www.debate.org/debates/Hillary-Clinton-wreckage/1/"}
{"type": "searchResultGenerated", "timestamp": "2026-02-18T08:39:23.908Z", "sessionID": "ef20567d-557f-4e5b-9e33-68d6e01eef54", "query": "clinton", "docid": "Se4117131-Aeb9d32b3", "rank": "10", "page": "1", "url": "https://www.debate.org/debates/Bill-Clinton-should-have-resigned-post-impeachment./1/"}
{"type": "cursorEnteredSnippet", "timestamp": "2026-02-18T08:39:24.598Z", "sessionID": "ef20567d-557f-4e5b-9e33-68d6e01eef54", "query": "clinton", "docid": "S1d282c3d-A932dc0a3", "rank": "1", "page": "1"}
{"type": "cursorLeftSnippet", "timestamp": "2026-02-18T08:39:24.814Z", "sessionID": "ef20567d-557f-4e5b-9e33-68d6e01eef54", "query": "clinton", "docid": "S1d282c3d-A932dc0a3", "rank": "1", "page": "1"}
{"type": "cursorEnteredSnippet", "timestamp": "2026-02-18T08:39:24.898Z", "sessionID": "ef20567d-557f-4e5b-9e33-68d6e01eef54", "query": "clinton", "docid": "Sf97757f3-Ae0f08494", "rank": "2", "page": "1"}
{"type": "clickedResult", "timestamp": "2026-02-18T08:39:25.237Z", "sessionID": "ef20567d-557f-4e5b-9e33-68d6e01eef54", "query": "clinton", "rank": "2", "page": "1", "url": "https://www.debate.org/debates/Clintons-House-of-cards-about-to-come-crashing-down/1/"}
{"type": "cursorLeftSnippet", "timestamp": "2026-02-18T08:39:25.402Z", "sessionID": "ef20567d-557f-4e5b-9e33-68d6e01eef54", "query": "clinton", "docid": "Sf97757f3-Ae0f08494", "rank": "2", "page": "1"}
{"type": "searchResultGenerated", "timestamp": "2026-02-18T08:39:26.652Z", "sessionID": "ef20567d-557f-4e5b-9e33-68d6e01eef54", "query": "clinton", "docid": "S1d282c3d-A932dc0a3", "rank": "1", "page": "1", "url": "https://www.debate.org/debates/Hillary-Clinton-is-the-Sara-Palin-of-the-Democratic-Party-./1/"}
{"type": "searchResultGenerated", "timestamp": "2026-02-18T08:39:26.652Z", "sessionID": "ef20567d-557f-4e5b-9e33-68d6e01eef54", "query": "clinton", "docid": "Sf97757f3-Ae0f08494", "rank": "2", "page": "1", "url": "https://www.debate.org/debates/Clintons-House-of-cards-about-to-come-crashing-down/1/"}
{"type": "searchResultGenerated", "timestamp": "2026-02-18T08:39:26.652Z", "sessionID": "ef20567d-557f-4e5b-9e33-68d6e01eef54", "query": "clinton", "docid": "S6a18e3d9-A157f794e", "rank": "3", "page": "1", "url": "https://www.debate.org/debates/hillery-clinton/1/"}
{"type": "searchResultGenerated", "timestamp": "2026-02-18T08:39:26.652Z", "sessionID": "ef20567d-557f-4e5b-9e33-68d6e01eef54", "query": "clinton", "docid": "S83a08de1-A41eaceff", "rank": "4", "page": "1", "url": "https://www.debate.org/debates/Obama-is-a-Believer-in-atheist-Dogma-Not-a-Muslim/4/"}
{"type": "searchResultGenerated", "timestamp": "2026-02-18T08:39:26.652Z", "sessionID": "ef20567d-557f-4e5b-9e33-68d6e01eef54", "query": "clinton", "docid": "Sf97757f3-A7da82ddb", "rank": "5", "page": "1", "url": "https://www.debate.org/debates/Clintons-House-of-cards-about-to-come-crashing-down/1/"}
{"type": "searchResultGenerated", "timestamp": "2026-02-18T08:39:26.652Z", "sessionID": "ef20567d-557f-4e5b-9e33-68d6e01eef54", "query": "clinton", "docid": "S1aac65e8-A49f9a643", "rank": "6", "page": "1", "url": "https://www.debate.org/debates/Donald-Trumps-true-campaign-is-to-put-Clinton-in-office/1/"}
{"type": "searchResultGenerated", "timestamp": "2026-02-18T08:39:26.653Z", "sessionID": "ef20567d-557f-4e5b-9e33-68d6e01eef54", "query": "clinton", "docid": "S1aac65e8-Acea1ca63", "rank": "7", "page": "1", "url": "https://www.debate.org/debates/Donald-Trumps-true-campaign-is-to-put-Clinton-in-office/1/"}
{"type": "searchResultGenerated", "timestamp": "2026-02-18T08:39:26.653Z", "sessionID": "ef20567d-557f-4e5b-9e33-68d6e01eef54", "query": "clinton", "docid": "Se223ed4b-A7f9562a4", "rank": "8", "page": "1", "url": "https://www.debate.org/debates/Clinton-Shouldnt-Be-Allowed-To-Run-Until-The-FBI-Finish-Their-Investigation/1/"}
{"type": "searchResultGenerated", "timestamp": "2026-02-18T08:39:26.653Z", "sessionID": "ef20567d-557f-4e5b-9e33-68d6e01eef54", "query": "clinton", "docid": "Sa34fef23-Aaa602eb2", "rank": "9", "page": "1", "url": "https://www.debate.org/debates/Hillary-Clinton-wreckage/1/"}
{"type": "searchResultGenerated", "timestamp": "2026-02-18T08:39:26.653Z", "sessionID": "ef20567d-557f-4e5b-9e33-68d6e01eef54", "query": "clinton", "docid": "Se4117131-Aeb9d32b3", "rank": "10", "page": "1", "url": "https://www.debate.org/debates/Bill-Clinton-should-have-resigned-post-impeachment./1/"}
{"type": "ClickedEndTask", "timestamp": "2026-02-18T08:39:28.974Z", "sessionID": "ef20567d-557f-4e5b-9e33-68d6e01eef54"}
{"type": "TaskEndConfirmed", "timestamp": "2026-02-18T08:39:29.806Z", "sessionID": "ef20567d-557f-4e5b-9e33-68d6e01eef54"}
