{"type": "TaskStarted", "timestamp": "2026-03-03T12:56:14.990Z", "sessionID": "be93ee28-fb1c-491f-8a64-1cf0aa41a373"}
{"type": "idSubmitted", "timestamp": "2026-03-03T12:56:14.993Z", "sessionID": "be93ee28-fb1c-491f-8a64-1cf0aa41a373", "uid": "Participant15"}
{"type": "queryBoxFocused", "timestamp": "2026-03-03T12:56:16.315Z", "sessionID": "be93ee28-fb1c-491f-8a64-1cf0aa41a373"}
{"type": "querySubmitted", "timestamp": "2026-03-03T12:56:18.733Z", "sessionID": "be93ee28-fb1c-491f-8a64-1cf0aa41a373", "query": "ducks"}
{"type": "searchResultGenerated", "timestamp": "2026-03-03T12:56:20.092Z", "sessionID": "be93ee28-fb1c-491f-8a64-1cf0aa41a373", "query": "ducks", "docid": "2938", "rank": "1", "page": "1", "url": "https://www.africanstorybook.org/#", "windowLocation": "http://localhost:7001/result?query=ducks&page=1", "history": "[\"http://localhost:7001/result?query=ducks&page=1\"]"}
{"type": "searchResultGenerated", "timestamp": "2026-03-03T12:56:20.092Z", "sessionID": "be93ee28-fb1c-491f-8a64-1cf0aa41a373", "query": "ducks", "docid": "5607", "rank": "2", "page": "1", "url": "http://www.gutenberg.org/files/15170/15170-h/15170-h.htm#mirror", "windowLocation": "http://localhost:7001/result?query=ducks&page=1", "history": "[\"http://localhost:7001/result?query=ducks&page=1\"]"}
{"type": "searchResultGenerated", "timestamp": "2026-03-03T12:56:20.092Z", "sessionID": "be93ee28-fb1c-491f-8a64-1cf0aa41a373", "query": "ducks", "docid": "5292", "rank": "3", "page": "1", "url": "http://www.gutenberg.org/files/40756/40756-h/40756-h.htm#Page_135", "windowLocation": "http://localhost:7001/result?query=ducks&page=1", "history": "[\"http://localhost:7001/result?query=ducks&page=1\"]"}
{"type": "searchResultGenerated", "timestamp": "2026-03-03T12:56:20.092Z", "sessionID": "be93ee28-fb1c-491f-8a64-1cf0aa41a373", "query": "ducks", "docid": "5499", "rank": "4", "page": "1", "url": "http://www.gutenberg.org/files/28130/28130-h/28130-h.htm#Page_57", "windowLocation": "http://localhost:7001/result?query=ducks&page=1", "history": "[\"http://localhost:7001/result?query=ducks&page=1\"]"}
{"type": "searchResultGenerated", "timestamp": "2026-03-03T12:56:20.092Z", "sessionID": "be93ee28-fb1c-491f-8a64-1cf0aa41a373", "query": "ducks", "docid": "5642", "rank": "5", "page": "1", "url": "http://www.gutenberg.org/files/16522/16522-h/16522-h.htm#ELSIES_DUCKS", "windowLocation": "http://localhost:7001/result?query=ducks&page=1", "history": "[\"http://localhost:7001/result?query=ducks&page=1\"]"}
{"type": "searchResultGenerated", "timestamp": "2026-03-03T12:56:20.092Z", "sessionID": "be93ee28-fb1c-491f-8a64-1cf0aa41a373", "query": "ducks", "docid": "4817", "rank": "6", "page": "1", "url": "http://www.gutenberg.org/files/902/902-h/902-h.htm", "windowLocation": "http://localhost:7001/result?query=ducks&page=1", "history": "[\"http://localhost:7001/result?query=ducks&page=1\"]"}
{"type": "searchResultGenerated", "timestamp": "2026-03-03T12:56:20.093Z", "sessionID": "be93ee28-fb1c-491f-8a64-1cf0aa41a373", "query": "ducks", "docid": "4970", "rank": "7", "page": "1", "url": "http://www.gutenberg.org/files/8950/8950-h/8950-h.htm", "windowLocation": "http://localhost:7001/result?query=ducks&page=1", "history": "[\"http://localhost:7001/result?query=ducks&page=1\"]"}
{"type": "searchResultGenerated", "timestamp": "2026-03-03T12:56:20.093Z", "sessionID": "be93ee28-fb1c-491f-8a64-1cf0aa41a373", "query": "ducks", "docid": "6202", "rank": "8", "page": "1", "url": "http://www.gutenberg.org/files/16891/16891-h/16891-h.htm", "windowLocation": "http://localhost:7001/result?query=ducks&page=1", "history": "[\"http://localhost:7001/result?query=ducks&page=1\"]"}
{"type": "searchResultGenerated", "timestamp": "2026-03-03T12:56:20.093Z", "sessionID": "be93ee28-fb1c-491f-8a64-1cf0aa41a373", "query": "ducks", "docid": "5714", "rank": "9", "page": "1", "url": "http://www.gutenberg.org/files/24940/24940-h/24940-h.htm#Page_69", "windowLocation": "http://localhost:7001/result?query=ducks&page=1", "history": "[\"http://localhost:7001/result?query=ducks&page=1\"]"}
{"type": "searchResultGenerated", "timestamp": "2026-03-03T12:56:20.093Z", "sessionID": "be93ee28-fb1c-491f-8a64-1cf0aa41a373", "query": "ducks", "docid": "5589", "rank": "10", "page": "1", "url": "http://www.gutenberg.org/files/28133/28133-h/28133-h.htm#Page_139", "windowLocation": "http://localhost:7001/result?query=ducks&page=1", "history": "[\"http://localhost:7001/result?query=ducks&page=1\"]"}
{"type": "cursorEnteredSnippet", "timestamp": "2026-03-03T12:56:20.446Z", "sessionID": "be93ee28-fb1c-491f-8a64-1cf0aa41a373", "query": "ducks", "docid": "2938", "rank": "1", "page": "1", "history": "[\"http://localhost:7001/result?query=ducks&page=1\"]"}
{"type": "cursorLeftSnippet", "timestamp": "2026-03-03T12:56:20.556Z", "sessionID": "be93ee28-fb1c-491f-8a64-1cf0aa41a373", "query": "ducks", "docid": "2938", "rank": "1", "page": "1", "history": "[\"http://localhost:7001/result?query=ducks&page=1\"]"}
{"type": "cursorEnteredSnippet", "timestamp": "2026-03-03T12:56:20.556Z", "sessionID": "be93ee28-fb1c-491f-8a64-1cf0aa41a373", "query": "ducks", "docid": "5607", "rank": "2", "page": "1", "history": "[\"http://localhost:7001/result?query=ducks&page=1\"]"}
{"type": "clickedResult", "timestamp": "2026-03-03T12:56:21.045Z", "sessionID": "be93ee28-fb1c-491f-8a64-1cf0aa41a373", "query": "ducks", "rank": "2", "page": "1", "url": "http://www.gutenberg.org/files/15170/15170-h/15170-h.htm#mirror", "searchAppLocation": "http://www.gutenberg.org/files/15170/15170-h/15170-h.htm#mirror", "history": "[\"http://localhost:7001/result?query=ducks&page=1\",\"http://www.gutenberg.org/files/15170/15170-h/15170-h.htm#mirror\"]"}
{"type": "cursorLeftSnippet", "timestamp": "2026-03-03T12:56:21.546Z", "sessionID": "be93ee28-fb1c-491f-8a64-1cf0aa41a373", "query": "ducks", "docid": "5607", "rank": "2", "page": "1", "history": "[\"http://localhost:7001/result?query=ducks&page=1\",\"http://www.gutenberg.org/files/15170/15170-h/15170-h.htm#mirror\"]"}
{"type": "wentBack", "timestamp": "2026-03-03T12:56:24.750Z", "sessionID": "be93ee28-fb1c-491f-8a64-1cf0aa41a373", "query": "ducks", "page": "1"}
{"type": "cursorEnteredSnippet", "timestamp": "2026-03-03T12:56:25.722Z", "sessionID": "be93ee28-fb1c-491f-8a64-1cf0aa41a373", "query": "ducks", "docid": "5607", "rank": "2", "page": "1", "history": "[\"http://localhost:7001/result?query=ducks&page=1\"]"}
{"type": "cursorLeftSnippet", "timestamp": "2026-03-03T12:56:28.088Z", "sessionID": "be93ee28-fb1c-491f-8a64-1cf0aa41a373", "query": "ducks", "docid": "5607", "rank": "2", "page": "1", "history": "[\"http://localhost:7001/result?query=ducks&page=1\"]"}
{"type": "cursorEnteredSnippet", "timestamp": "2026-03-03T12:56:29.405Z", "sessionID": "be93ee28-fb1c-491f-8a64-1cf0aa41a373", "query": "ducks", "docid": "2938", "rank": "1", "page": "1", "history": "[\"http://localhost:7001/result?query=ducks&page=1\"]"}
{"type": "cursorLeftSnippet", "timestamp": "2026-03-03T12:56:31.138Z", "sessionID": "be93ee28-fb1c-491f-8a64-1cf0aa41a373", "query": "ducks", "docid": "2938", "rank": "1", "page": "1", "history": "[\"http://localhost:7001/result?query=ducks&page=1\"]"}
{"type": "cursorEnteredSnippet", "timestamp": "2026-03-03T12:56:32.605Z", "sessionID": "be93ee28-fb1c-491f-8a64-1cf0aa41a373", "query": "ducks", "docid": "5292", "rank": "3", "page": "1", "history": "[\"http://localhost:7001/result?query=ducks&page=1\"]"}
{"type": "cursorLeftSnippet", "timestamp": "2026-03-03T12:56:33.805Z", "sessionID": "be93ee28-fb1c-491f-8a64-1cf0aa41a373", "query": "ducks", "docid": "5292", "rank": "3", "page": "1", "history": "[\"http://localhost:7001/result?query=ducks&page=1\"]"}
{"type": "cursorEnteredSnippet", "timestamp": "2026-03-03T12:56:36.572Z", "sessionID": "be93ee28-fb1c-491f-8a64-1cf0aa41a373", "query": "ducks", "docid": "5292", "rank": "3", "page": "1", "history": "[\"http://localhost:7001/result?query=ducks&page=1\"]"}
{"type": "clickedResult", "timestamp": "2026-03-03T12:56:37.521Z", "sessionID": "be93ee28-fb1c-491f-8a64-1cf0aa41a373", "query": "ducks", "rank": "3", "page": "1", "url": "http://www.gutenberg.org/files/40756/40756-h/40756-h.htm#Page_135", "searchAppLocation": "http://www.gutenberg.org/files/40756/40756-h/40756-h.htm#Page_135", "history": "[\"http://localhost:7001/result?query=ducks&page=1\",\"http://www.gutenberg.org/files/40756/40756-h/40756-h.htm#Page_135\"]"}
{"type": "cursorLeftSnippet", "timestamp": "2026-03-03T12:56:38.001Z", "sessionID": "be93ee28-fb1c-491f-8a64-1cf0aa41a373", "query": "ducks", "docid": "5292", "rank": "3", "page": "1", "history": "[\"http://localhost:7001/result?query=ducks&page=1\",\"http://www.gutenberg.org/files/40756/40756-h/40756-h.htm#Page_135\"]"}
{"type": "wentBack", "timestamp": "2026-03-03T12:56:40.821Z", "sessionID": "be93ee28-fb1c-491f-8a64-1cf0aa41a373", "query": "ducks", "page": "1"}
{"type": "cursorEnteredSnippet", "timestamp": "2026-03-03T12:56:43.955Z", "sessionID": "be93ee28-fb1c-491f-8a64-1cf0aa41a373", "query": "ducks", "docid": "5292", "rank": "3", "page": "1", "history": "[\"http://localhost:7001/result?query=ducks&page=1\"]"}
{"type": "cursorLeftSnippet", "timestamp": "2026-03-03T12:56:44.871Z", "sessionID": "be93ee28-fb1c-491f-8a64-1cf0aa41a373", "query": "ducks", "docid": "5292", "rank": "3", "page": "1", "history": "[\"http://localhost:7001/result?query=ducks&page=1\"]"}
{"type": "ClickedEndTask", "timestamp": "2026-03-03T12:56:46.335Z", "sessionID": "be93ee28-fb1c-491f-8a64-1cf0aa41a373"}
{"type": "TaskEndConfirmed", "timestamp": "2026-03-03T12:56:47.466Z", "sessionID": "be93ee28-fb1c-491f-8a64-1cf0aa41a373"}
