{"type": "TaskStarted", "timestamp": "2026-03-10T13:29:35.848Z", "sessionID": "01294e65-6863-4c58-a566-165d693bc841"}
{"type": "idSubmitted", "timestamp": "2026-03-10T13:29:35.853Z", "sessionID": "01294e65-6863-4c58-a566-165d693bc841", "uid": "Participant20"}
{"type": "queryBoxFocused", "timestamp": "2026-03-10T13:29:37.442Z", "sessionID": "01294e65-6863-4c58-a566-165d693bc841"}
{"type": "querySubmitted", "timestamp": "2026-03-10T13:29:41.227Z", "sessionID": "01294e65-6863-4c58-a566-165d693bc841", "query": "freind"}
{"type": "queryBoxFocused", "timestamp": "2026-03-10T13:29:43.220Z", "sessionID": "01294e65-6863-4c58-a566-165d693bc841"}
{"type": "querySubmitted", "timestamp": "2026-03-10T13:29:46.155Z", "sessionID": "01294e65-6863-4c58-a566-165d693bc841", "query": "tree"}
{"type": "searchResultGenerated", "timestamp": "2026-03-10T13:29:46.787Z", "sessionID": "01294e65-6863-4c58-a566-165d693bc841", "query": "tree", "docid": "4690", "rank": "1", "page": "1", "url": "http://www.gutenberg.org/files/7841/7841-h/7841-h.htm#i"}
{"type": "searchResultGenerated", "timestamp": "2026-03-10T13:29:46.787Z", "sessionID": "01294e65-6863-4c58-a566-165d693bc841", "query": "tree", "docid": "2414", "rank": "2", "page": "1", "url": "https://www.africanstorybook.org/#"}
{"type": "searchResultGenerated", "timestamp": "2026-03-10T13:29:46.788Z", "sessionID": "01294e65-6863-4c58-a566-165d693bc841", "query": "tree", "docid": "1166", "rank": "3", "page": "1", "url": "http://www.gutenberg.org/files/16534/16534-h/16534-h.htm"}
{"type": "searchResultGenerated", "timestamp": "2026-03-10T13:29:46.788Z", "sessionID": "01294e65-6863-4c58-a566-165d693bc841", "query": "tree", "docid": "2879", "rank": "4", "page": "1", "url": "https://www.africanstorybook.org/"}
{"type": "searchResultGenerated", "timestamp": "2026-03-10T13:29:46.788Z", "sessionID": "01294e65-6863-4c58-a566-165d693bc841", "query": "tree", "docid": "3092", "rank": "5", "page": "1", "url": "https://www.africanstorybook.org/#"}
{"type": "searchResultGenerated", "timestamp": "2026-03-10T13:29:46.788Z", "sessionID": "01294e65-6863-4c58-a566-165d693bc841", "query": "tree", "docid": "2659", "rank": "6", "page": "1", "url": "https://www.africanstorybook.org/"}
{"type": "searchResultGenerated", "timestamp": "2026-03-10T13:29:46.788Z", "sessionID": "01294e65-6863-4c58-a566-165d693bc841", "query": "tree", "docid": "7303", "rank": "7", "page": "1", "url": "http://www.gutenberg.org/files/11344/11344-h/11344-h.htm#25"}
{"type": "searchResultGenerated", "timestamp": "2026-03-10T13:29:46.788Z", "sessionID": "01294e65-6863-4c58-a566-165d693bc841", "query": "tree", "docid": "2795", "rank": "8", "page": "1", "url": "https://kids.frontiersin.org/article/10.3389/frym.2018.00033"}
{"type": "searchResultGenerated", "timestamp": "2026-03-10T13:29:46.788Z", "sessionID": "01294e65-6863-4c58-a566-165d693bc841", "query": "tree", "docid": "5085", "rank": "9", "page": "1", "url": "http://www.gutenberg.org/files/8559/8559-h/8559-h.htm#23"}
{"type": "searchResultGenerated", "timestamp": "2026-03-10T13:29:46.788Z", "sessionID": "01294e65-6863-4c58-a566-165d693bc841", "query": "tree", "docid": "6260", "rank": "10", "page": "1", "url": "http://www.gutenberg.org/files/32455/32455-h/32455-h.htm"}
{"type": "cursorEnteredSnippet", "timestamp": "2026-03-10T13:29:47.067Z", "sessionID": "01294e65-6863-4c58-a566-165d693bc841", "query": "tree", "docid": "4690", "rank": "1", "page": "1", "url": "http://www.gutenberg.org/files/7841/7841-h/7841-h.htm#i"}
{"type": "cursorLeftSnippet", "timestamp": "2026-03-10T13:29:47.176Z", "sessionID": "01294e65-6863-4c58-a566-165d693bc841", "query": "tree", "docid": "4690", "rank": "1", "page": "1", "url": "http://www.gutenberg.org/files/7841/7841-h/7841-h.htm#i"}
{"type": "cursorEnteredSnippet", "timestamp": "2026-03-10T13:29:47.193Z", "sessionID": "01294e65-6863-4c58-a566-165d693bc841", "query": "tree", "docid": "2414", "rank": "2", "page": "1", "url": "https://www.africanstorybook.org/#"}
{"type": "cursorLeftSnippet", "timestamp": "2026-03-10T13:29:47.543Z", "sessionID": "01294e65-6863-4c58-a566-165d693bc841", "query": "tree", "docid": "2414", "rank": "2", "page": "1", "url": "https://www.africanstorybook.org/#"}
{"type": "cursorEnteredSnippet", "timestamp": "2026-03-10T13:29:49.926Z", "sessionID": "01294e65-6863-4c58-a566-165d693bc841", "query": "tree", "docid": "6260", "rank": "10", "page": "1", "url": "http://www.gutenberg.org/files/32455/32455-h/32455-h.htm"}
{"type": "cursorLeftSnippet", "timestamp": "2026-03-10T13:29:49.960Z", "sessionID": "01294e65-6863-4c58-a566-165d693bc841", "query": "tree", "docid": "6260", "rank": "10", "page": "1", "url": "http://www.gutenberg.org/files/32455/32455-h/32455-h.htm"}
{"type": "cursorEnteredSnippet", "timestamp": "2026-03-10T13:29:49.993Z", "sessionID": "01294e65-6863-4c58-a566-165d693bc841", "query": "tree", "docid": "5085", "rank": "9", "page": "1", "url": "http://www.gutenberg.org/files/8559/8559-h/8559-h.htm#23"}
{"type": "cursorLeftSnippet", "timestamp": "2026-03-10T13:29:50.193Z", "sessionID": "01294e65-6863-4c58-a566-165d693bc841", "query": "tree", "docid": "5085", "rank": "9", "page": "1", "url": "http://www.gutenberg.org/files/8559/8559-h/8559-h.htm#23"}
{"type": "cursorEnteredSnippet", "timestamp": "2026-03-10T13:29:51.176Z", "sessionID": "01294e65-6863-4c58-a566-165d693bc841", "query": "tree", "docid": "6260", "rank": "10", "page": "1", "url": "http://www.gutenberg.org/files/32455/32455-h/32455-h.htm"}
{"type": "cursorLeftSnippet", "timestamp": "2026-03-10T13:29:51.193Z", "sessionID": "01294e65-6863-4c58-a566-165d693bc841", "query": "tree", "docid": "6260", "rank": "10", "page": "1", "url": "http://www.gutenberg.org/files/32455/32455-h/32455-h.htm"}
{"type": "pageNavigationClicked", "timestamp": "2026-03-10T13:29:52.017Z", "sessionID": "01294e65-6863-4c58-a566-165d693bc841", "clicked": "6", "fromPage": 1, "toPage": 6}
{"type": "searchResultGenerated", "timestamp": "2026-03-10T13:29:52.407Z", "sessionID": "01294e65-6863-4c58-a566-165d693bc841", "query": "tree", "docid": "3372", "rank": "1", "page": "6", "url": "https://www.africanstorybook.org/"}
{"type": "searchResultGenerated", "timestamp": "2026-03-10T13:29:52.408Z", "sessionID": "01294e65-6863-4c58-a566-165d693bc841", "query": "tree", "docid": "3483", "rank": "2", "page": "6", "url": "https://www.digitallibrary.io/en/books/details/3727"}
{"type": "searchResultGenerated", "timestamp": "2026-03-10T13:29:52.408Z", "sessionID": "01294e65-6863-4c58-a566-165d693bc841", "query": "tree", "docid": "3801", "rank": "3", "page": "6", "url": "http://www.gutenberg.org/files/2591/2591-h/2591-h.htm"}
{"type": "searchResultGenerated", "timestamp": "2026-03-10T13:29:52.408Z", "sessionID": "01294e65-6863-4c58-a566-165d693bc841", "query": "tree", "docid": "3312", "rank": "4", "page": "6", "url": "https://www.africanstorybook.org/"}
{"type": "searchResultGenerated", "timestamp": "2026-03-10T13:29:52.409Z", "sessionID": "01294e65-6863-4c58-a566-165d693bc841", "query": "tree", "docid": "3468", "rank": "5", "page": "6", "url": "https://www.africanstorybook.org/"}
{"type": "searchResultGenerated", "timestamp": "2026-03-10T13:29:52.409Z", "sessionID": "01294e65-6863-4c58-a566-165d693bc841", "query": "tree", "docid": "3776", "rank": "6", "page": "6", "url": "http://www.gutenberg.org/files/33525/33525-h/33525-h.htm"}
{"type": "searchResultGenerated", "timestamp": "2026-03-10T13:29:52.409Z", "sessionID": "01294e65-6863-4c58-a566-165d693bc841", "query": "tree", "docid": "3606", "rank": "7", "page": "6", "url": "http://www.gutenberg.org/files/42796/42796-h/42796-h.htm"}
{"type": "searchResultGenerated", "timestamp": "2026-03-10T13:29:52.409Z", "sessionID": "01294e65-6863-4c58-a566-165d693bc841", "query": "tree", "docid": "3410", "rank": "8", "page": "6", "url": "https://www.africanstorybook.org/"}
{"type": "searchResultGenerated", "timestamp": "2026-03-10T13:29:52.409Z", "sessionID": "01294e65-6863-4c58-a566-165d693bc841", "query": "tree", "docid": "1509", "rank": "9", "page": "6", "url": "http://www.gutenberg.org/files/15373/15373-h/15373-h.htm#scrubby"}
{"type": "searchResultGenerated", "timestamp": "2026-03-10T13:29:52.410Z", "sessionID": "01294e65-6863-4c58-a566-165d693bc841", "query": "tree", "docid": "3198", "rank": "10", "page": "6", "url": "https://www.digitallibrary.io/en/books/details/1175"}
{"type": "cursorEnteredSnippet", "timestamp": "2026-03-10T13:29:52.991Z", "sessionID": "01294e65-6863-4c58-a566-165d693bc841", "query": "tree", "docid": "3801", "rank": "3", "page": "6", "url": "http://www.gutenberg.org/files/2591/2591-h/2591-h.htm"}
{"type": "clickedResult", "timestamp": "2026-03-10T13:29:53.803Z", "sessionID": "01294e65-6863-4c58-a566-165d693bc841", "query": "tree", "rank": "3", "page": "6", "url": "http://www.gutenberg.org/files/2591/2591-h/2591-h.htm", "windowLocation": "http://www.gutenberg.org/files/2591/2591-h/2591-h.htm"}
{"type": "cursorLeftSnippet", "timestamp": "2026-03-10T13:29:54.308Z", "sessionID": "01294e65-6863-4c58-a566-165d693bc841", "query": "tree", "docid": "3801", "rank": "3", "page": "6", "url": "http://www.gutenberg.org/files/2591/2591-h/2591-h.htm"}
{"type": "cursorEnteredSnippet", "timestamp": "2026-03-10T13:30:03.242Z", "sessionID": "01294e65-6863-4c58-a566-165d693bc841", "query": "tree", "docid": "3198", "rank": "10", "page": "6", "url": "https://www.digitallibrary.io/en/books/details/1175"}
{"type": "cursorLeftSnippet", "timestamp": "2026-03-10T13:30:03.292Z", "sessionID": "01294e65-6863-4c58-a566-165d693bc841", "query": "tree", "docid": "3198", "rank": "10", "page": "6", "url": "https://www.digitallibrary.io/en/books/details/1175"}
{"type": "cursorEnteredSnippet", "timestamp": "2026-03-10T13:30:03.443Z", "sessionID": "01294e65-6863-4c58-a566-165d693bc841", "query": "tree", "docid": "3198", "rank": "10", "page": "6", "url": "https://www.digitallibrary.io/en/books/details/1175"}
{"type": "cursorLeftSnippet", "timestamp": "2026-03-10T13:30:03.759Z", "sessionID": "01294e65-6863-4c58-a566-165d693bc841", "query": "tree", "docid": "3198", "rank": "10", "page": "6", "url": "https://www.digitallibrary.io/en/books/details/1175"}
{"type": "pageNavigationClicked", "timestamp": "2026-03-10T13:30:04.481Z", "sessionID": "01294e65-6863-4c58-a566-165d693bc841", "clicked": "1", "fromPage": 6, "toPage": 1}
{"type": "searchResultGenerated", "timestamp": "2026-03-10T13:30:04.992Z", "sessionID": "01294e65-6863-4c58-a566-165d693bc841", "query": "tree", "docid": "4690", "rank": "1", "page": "1", "url": "http://www.gutenberg.org/files/7841/7841-h/7841-h.htm#i"}
{"type": "searchResultGenerated", "timestamp": "2026-03-10T13:30:04.992Z", "sessionID": "01294e65-6863-4c58-a566-165d693bc841", "query": "tree", "docid": "2414", "rank": "2", "page": "1", "url": "https://www.africanstorybook.org/#"}
{"type": "searchResultGenerated", "timestamp": "2026-03-10T13:30:04.993Z", "sessionID": "01294e65-6863-4c58-a566-165d693bc841", "query": "tree", "docid": "1166", "rank": "3", "page": "1", "url": "http://www.gutenberg.org/files/16534/16534-h/16534-h.htm"}
{"type": "searchResultGenerated", "timestamp": "2026-03-10T13:30:04.993Z", "sessionID": "01294e65-6863-4c58-a566-165d693bc841", "query": "tree", "docid": "2879", "rank": "4", "page": "1", "url": "https://www.africanstorybook.org/"}
{"type": "searchResultGenerated", "timestamp": "2026-03-10T13:30:04.993Z", "sessionID": "01294e65-6863-4c58-a566-165d693bc841", "query": "tree", "docid": "3092", "rank": "5", "page": "1", "url": "https://www.africanstorybook.org/#"}
{"type": "searchResultGenerated", "timestamp": "2026-03-10T13:30:04.993Z", "sessionID": "01294e65-6863-4c58-a566-165d693bc841", "query": "tree", "docid": "2659", "rank": "6", "page": "1", "url": "https://www.africanstorybook.org/"}
{"type": "searchResultGenerated", "timestamp": "2026-03-10T13:30:04.993Z", "sessionID": "01294e65-6863-4c58-a566-165d693bc841", "query": "tree", "docid": "7303", "rank": "7", "page": "1", "url": "http://www.gutenberg.org/files/11344/11344-h/11344-h.htm#25"}
{"type": "searchResultGenerated", "timestamp": "2026-03-10T13:30:04.994Z", "sessionID": "01294e65-6863-4c58-a566-165d693bc841", "query": "tree", "docid": "2795", "rank": "8", "page": "1", "url": "https://kids.frontiersin.org/article/10.3389/frym.2018.00033"}
{"type": "searchResultGenerated", "timestamp": "2026-03-10T13:30:04.994Z", "sessionID": "01294e65-6863-4c58-a566-165d693bc841", "query": "tree", "docid": "5085", "rank": "9", "page": "1", "url": "http://www.gutenberg.org/files/8559/8559-h/8559-h.htm#23"}
{"type": "searchResultGenerated", "timestamp": "2026-03-10T13:30:04.994Z", "sessionID": "01294e65-6863-4c58-a566-165d693bc841", "query": "tree", "docid": "6260", "rank": "10", "page": "1", "url": "http://www.gutenberg.org/files/32455/32455-h/32455-h.htm"}
{"type": "cursorEnteredSnippet", "timestamp": "2026-03-10T13:30:07.887Z", "sessionID": "01294e65-6863-4c58-a566-165d693bc841", "query": "tree", "docid": "1166", "rank": "3", "page": "1", "url": "http://www.gutenberg.org/files/16534/16534-h/16534-h.htm"}
{"type": "cursorLeftSnippet", "timestamp": "2026-03-10T13:30:08.009Z", "sessionID": "01294e65-6863-4c58-a566-165d693bc841", "query": "tree", "docid": "1166", "rank": "3", "page": "1", "url": "http://www.gutenberg.org/files/16534/16534-h/16534-h.htm"}
{"type": "cursorEnteredSnippet", "timestamp": "2026-03-10T13:30:08.392Z", "sessionID": "01294e65-6863-4c58-a566-165d693bc841", "query": "tree", "docid": "1166", "rank": "3", "page": "1", "url": "http://www.gutenberg.org/files/16534/16534-h/16534-h.htm"}
{"type": "cursorLeftSnippet", "timestamp": "2026-03-10T13:30:08.510Z", "sessionID": "01294e65-6863-4c58-a566-165d693bc841", "query": "tree", "docid": "1166", "rank": "3", "page": "1", "url": "http://www.gutenberg.org/files/16534/16534-h/16534-h.htm"}
{"type": "cursorEnteredSnippet", "timestamp": "2026-03-10T13:30:08.526Z", "sessionID": "01294e65-6863-4c58-a566-165d693bc841", "query": "tree", "docid": "2414", "rank": "2", "page": "1", "url": "https://www.africanstorybook.org/#"}
{"type": "cursorLeftSnippet", "timestamp": "2026-03-10T13:30:08.543Z", "sessionID": "01294e65-6863-4c58-a566-165d693bc841", "query": "tree", "docid": "2414", "rank": "2", "page": "1", "url": "https://www.africanstorybook.org/#"}
{"type": "cursorEnteredSnippet", "timestamp": "2026-03-10T13:30:13.809Z", "sessionID": "01294e65-6863-4c58-a566-165d693bc841", "query": "tree", "docid": "5085", "rank": "9", "page": "1", "url": "http://www.gutenberg.org/files/8559/8559-h/8559-h.htm#23"}
{"type": "cursorLeftSnippet", "timestamp": "2026-03-10T13:30:13.859Z", "sessionID": "01294e65-6863-4c58-a566-165d693bc841", "query": "tree", "docid": "5085", "rank": "9", "page": "1", "url": "http://www.gutenberg.org/files/8559/8559-h/8559-h.htm#23"}
{"type": "cursorEnteredSnippet", "timestamp": "2026-03-10T13:30:13.975Z", "sessionID": "01294e65-6863-4c58-a566-165d693bc841", "query": "tree", "docid": "6260", "rank": "10", "page": "1", "url": "http://www.gutenberg.org/files/32455/32455-h/32455-h.htm"}
{"type": "clickedResult", "timestamp": "2026-03-10T13:30:14.397Z", "sessionID": "01294e65-6863-4c58-a566-165d693bc841", "query": "tree", "rank": "10", "page": "1", "url": "http://www.gutenberg.org/files/32455/32455-h/32455-h.htm", "windowLocation": "http://www.gutenberg.org/files/32455/32455-h/32455-h.htm"}
{"type": "cursorLeftSnippet", "timestamp": "2026-03-10T13:30:14.586Z", "sessionID": "01294e65-6863-4c58-a566-165d693bc841", "query": "tree", "docid": "6260", "rank": "10", "page": "1", "url": "http://www.gutenberg.org/files/32455/32455-h/32455-h.htm"}
{"type": "cursorEnteredSnippet", "timestamp": "2026-03-10T13:30:25.475Z", "sessionID": "01294e65-6863-4c58-a566-165d693bc841", "query": "tree", "docid": "6260", "rank": "10", "page": "1", "url": "http://www.gutenberg.org/files/32455/32455-h/32455-h.htm"}
{"type": "cursorLeftSnippet", "timestamp": "2026-03-10T13:30:25.608Z", "sessionID": "01294e65-6863-4c58-a566-165d693bc841", "query": "tree", "docid": "6260", "rank": "10", "page": "1", "url": "http://www.gutenberg.org/files/32455/32455-h/32455-h.htm"}
{"type": "pageNavigationClicked", "timestamp": "2026-03-10T13:30:26.402Z", "sessionID": "01294e65-6863-4c58-a566-165d693bc841", "clicked": "5", "fromPage": 1, "toPage": 5}
{"type": "cursorEnteredSnippet", "timestamp": "2026-03-10T13:31:16.639Z", "sessionID": "01294e65-6863-4c58-a566-165d693bc841", "query": "tree", "docid": "2879", "rank": "4", "page": "1", "url": "https://www.africanstorybook.org/"}
{"type": "clickedResult", "timestamp": "2026-03-10T13:31:17.330Z", "sessionID": "01294e65-6863-4c58-a566-165d693bc841", "query": "tree", "rank": "4", "page": "1", "url": "https://www.africanstorybook.org/", "windowLocation": "https://www.africanstorybook.org/"}
{"type": "cursorLeftSnippet", "timestamp": "2026-03-10T13:31:18.879Z", "sessionID": "01294e65-6863-4c58-a566-165d693bc841", "query": "tree", "docid": "2879", "rank": "4", "page": "1", "url": "https://www.africanstorybook.org/"}
{"type": "ClickedEndTask", "timestamp": "2026-03-10T13:31:26.008Z", "sessionID": "01294e65-6863-4c58-a566-165d693bc841"}
{"type": "TaskEndConfirmed", "timestamp": "2026-03-10T13:31:27.070Z", "sessionID": "01294e65-6863-4c58-a566-165d693bc841"}
