{"type": "TaskStarted", "timestamp": "2026-03-02T15:54:47.637Z", "sessionID": "0b434560-1e55-45f7-823a-9b03c0d672a2"}
{"type": "idSubmitted", "timestamp": "2026-03-02T15:54:47.639Z", "sessionID": "0b434560-1e55-45f7-823a-9b03c0d672a2", "uid": "Participant24"}
{"type": "queryBoxFocused", "timestamp": "2026-03-02T15:54:48.464Z", "sessionID": "0b434560-1e55-45f7-823a-9b03c0d672a2"}
{"type": "querySubmitted", "timestamp": "2026-03-02T15:54:50.356Z", "sessionID": "0b434560-1e55-45f7-823a-9b03c0d672a2", "query": "life"}
{"type": "searchResultGenerated", "timestamp": "2026-03-02T15:54:51.566Z", "sessionID": "0b434560-1e55-45f7-823a-9b03c0d672a2", "query": "life", "docid": "3712", "rank": "1", "page": "1", "url": "http://www.gutenberg.org/files/38280/38280-h/38280-h.htm", "windowLocation": "http://localhost:7001/result?query=life&page=1", "history": "[\"http://localhost:7001/result?query=life&page=1\"]"}
{"type": "searchResultGenerated", "timestamp": "2026-03-02T15:54:51.566Z", "sessionID": "0b434560-1e55-45f7-823a-9b03c0d672a2", "query": "life", "docid": "3531", "rank": "2", "page": "1", "url": "https://www.commonlit.org/texts/first-lady-barbara-bush-s-commencement-address-at-wellesley-college", "windowLocation": "http://localhost:7001/result?query=life&page=1", "history": "[\"http://localhost:7001/result?query=life&page=1\"]"}
{"type": "searchResultGenerated", "timestamp": "2026-03-02T15:54:51.566Z", "sessionID": "0b434560-1e55-45f7-823a-9b03c0d672a2", "query": "life", "docid": "7392", "rank": "3", "page": "1", "url": "https://drive.google.com/file/d/0B6pcGxi_-Y9PdWJhVXVrVnIzVnM/view", "windowLocation": "http://localhost:7001/result?query=life&page=1", "history": "[\"http://localhost:7001/result?query=life&page=1\"]"}
{"type": "searchResultGenerated", "timestamp": "2026-03-02T15:54:51.566Z", "sessionID": "0b434560-1e55-45f7-823a-9b03c0d672a2", "query": "life", "docid": "7353", "rank": "4", "page": "1", "url": "http://www.gutenberg.org/files/38280/38280-h/38280-h.htm", "windowLocation": "http://localhost:7001/result?query=life&page=1", "history": "[\"http://localhost:7001/result?query=life&page=1\"]"}
{"type": "searchResultGenerated", "timestamp": "2026-03-02T15:54:51.566Z", "sessionID": "0b434560-1e55-45f7-823a-9b03c0d672a2", "query": "life", "docid": "4627", "rank": "5", "page": "1", "url": "http://www.online-literature.com/alcott/louisa-may-alcott/0/", "windowLocation": "http://localhost:7001/result?query=life&page=1", "history": "[\"http://localhost:7001/result?query=life&page=1\"]"}
{"type": "searchResultGenerated", "timestamp": "2026-03-02T15:54:51.566Z", "sessionID": "0b434560-1e55-45f7-823a-9b03c0d672a2", "query": "life", "docid": "2386", "rank": "6", "page": "1", "url": "https://en.wikipedia.org/wiki/Socrates", "windowLocation": "http://localhost:7001/result?query=life&page=1", "history": "[\"http://localhost:7001/result?query=life&page=1\"]"}
{"type": "searchResultGenerated", "timestamp": "2026-03-02T15:54:51.566Z", "sessionID": "0b434560-1e55-45f7-823a-9b03c0d672a2", "query": "life", "docid": "1978", "rank": "7", "page": "1", "url": "https://simple.wikipedia.org/wiki/Creationism", "windowLocation": "http://localhost:7001/result?query=life&page=1", "history": "[\"http://localhost:7001/result?query=life&page=1\"]"}
{"type": "searchResultGenerated", "timestamp": "2026-03-02T15:54:51.566Z", "sessionID": "0b434560-1e55-45f7-823a-9b03c0d672a2", "query": "life", "docid": "2860", "rank": "8", "page": "1", "url": "https://www.commonlit.org/texts/jackie-kennedy-onassis-an-icon-for-the-ages", "windowLocation": "http://localhost:7001/result?query=life&page=1", "history": "[\"http://localhost:7001/result?query=life&page=1\"]"}
{"type": "searchResultGenerated", "timestamp": "2026-03-02T15:54:51.567Z", "sessionID": "0b434560-1e55-45f7-823a-9b03c0d672a2", "query": "life", "docid": "7356", "rank": "9", "page": "1", "url": "https://www.digitallibrary.io/en/books/details/1376", "windowLocation": "http://localhost:7001/result?query=life&page=1", "history": "[\"http://localhost:7001/result?query=life&page=1\"]"}
{"type": "searchResultGenerated", "timestamp": "2026-03-02T15:54:51.567Z", "sessionID": "0b434560-1e55-45f7-823a-9b03c0d672a2", "query": "life", "docid": "3140", "rank": "10", "page": "1", "url": "https://www.commonlit.org/texts/should-we-terraform-mars", "windowLocation": "http://localhost:7001/result?query=life&page=1", "history": "[\"http://localhost:7001/result?query=life&page=1\"]"}
{"type": "cursorEnteredSnippet", "timestamp": "2026-03-02T15:54:52.126Z", "sessionID": "0b434560-1e55-45f7-823a-9b03c0d672a2", "query": "life", "docid": "3712", "rank": "1", "page": "1"}
{"type": "cursorEnteredSnippet", "timestamp": "2026-03-02T15:54:52.243Z", "sessionID": "0b434560-1e55-45f7-823a-9b03c0d672a2", "query": "life", "docid": "3531", "rank": "2", "page": "1"}
{"type": "cursorEnteredSnippet", "timestamp": "2026-03-02T15:54:52.999Z", "sessionID": "0b434560-1e55-45f7-823a-9b03c0d672a2", "query": "life", "docid": "7353", "rank": "4", "page": "1"}
{"type": "cursorEnteredSnippet", "timestamp": "2026-03-02T15:54:54.578Z", "sessionID": "0b434560-1e55-45f7-823a-9b03c0d672a2", "query": "life", "docid": "3140", "rank": "10", "page": "1"}
{"type": "clickedResult", "timestamp": "2026-03-02T15:54:54.949Z", "sessionID": "0b434560-1e55-45f7-823a-9b03c0d672a2", "query": "life", "rank": "10", "page": "1", "url": "https://www.commonlit.org/texts/should-we-terraform-mars", "searchAppLocation": "https://www.commonlit.org/texts/should-we-terraform-mars", "history": "[\"http://localhost:7001/result?query=life&page=1\",\"https://www.commonlit.org/texts/should-we-terraform-mars\"]"}
{"type": "wentBack", "timestamp": "2026-03-02T15:54:59.292Z", "sessionID": "0b434560-1e55-45f7-823a-9b03c0d672a2", "query": "life", "page": "1"}
{"type": "ClickedEndTask", "timestamp": "2026-03-02T15:55:01.031Z", "sessionID": "0b434560-1e55-45f7-823a-9b03c0d672a2"}
{"type": "TaskEndConfirmed", "timestamp": "2026-03-02T15:55:02.565Z", "sessionID": "0b434560-1e55-45f7-823a-9b03c0d672a2"}
