{"type": "TaskStarted", "timestamp": "2026-02-20T10:56:06.426Z", "sessionID": "49bc6769-02b6-479e-9ed2-a7d2e0cb064a"}
{"type": "idSubmitted", "timestamp": "2026-02-20T10:56:06.429Z", "sessionID": "49bc6769-02b6-479e-9ed2-a7d2e0cb064a", "uid": "Participant30"}
{"type": "queryBoxFocused", "timestamp": "2026-02-20T10:56:07.733Z", "sessionID": "49bc6769-02b6-479e-9ed2-a7d2e0cb064a"}
{"type": "querySubmitted", "timestamp": "2026-02-20T10:56:23.694Z", "sessionID": "49bc6769-02b6-479e-9ed2-a7d2e0cb064a", "query": "ducks"}
{"type": "searchResultGenerated", "timestamp": "2026-02-20T10:56:24.857Z", "sessionID": "49bc6769-02b6-479e-9ed2-a7d2e0cb064a", "query": "ducks", "docid": "2938", "rank": "1", "page": "1", "url": "https://www.africanstorybook.org/#", "windowLocation": "http://localhost:7001/result?query=ducks&page=1"}
{"type": "searchResultGenerated", "timestamp": "2026-02-20T10:56:24.858Z", "sessionID": "49bc6769-02b6-479e-9ed2-a7d2e0cb064a", "query": "ducks", "docid": "5607", "rank": "2", "page": "1", "url": "http://www.gutenberg.org/files/15170/15170-h/15170-h.htm#mirror", "windowLocation": "http://localhost:7001/result?query=ducks&page=1"}
{"type": "searchResultGenerated", "timestamp": "2026-02-20T10:56:24.858Z", "sessionID": "49bc6769-02b6-479e-9ed2-a7d2e0cb064a", "query": "ducks", "docid": "5292", "rank": "3", "page": "1", "url": "http://www.gutenberg.org/files/40756/40756-h/40756-h.htm#Page_135", "windowLocation": "http://localhost:7001/result?query=ducks&page=1"}
{"type": "searchResultGenerated", "timestamp": "2026-02-20T10:56:24.858Z", "sessionID": "49bc6769-02b6-479e-9ed2-a7d2e0cb064a", "query": "ducks", "docid": "5499", "rank": "4", "page": "1", "url": "http://www.gutenberg.org/files/28130/28130-h/28130-h.htm#Page_57", "windowLocation": "http://localhost:7001/result?query=ducks&page=1"}
{"type": "searchResultGenerated", "timestamp": "2026-02-20T10:56:24.858Z", "sessionID": "49bc6769-02b6-479e-9ed2-a7d2e0cb064a", "query": "ducks", "docid": "5642", "rank": "5", "page": "1", "url": "http://www.gutenberg.org/files/16522/16522-h/16522-h.htm#ELSIES_DUCKS", "windowLocation": "http://localhost:7001/result?query=ducks&page=1"}
{"type": "searchResultGenerated", "timestamp": "2026-02-20T10:56:24.859Z", "sessionID": "49bc6769-02b6-479e-9ed2-a7d2e0cb064a", "query": "ducks", "docid": "4817", "rank": "6", "page": "1", "url": "http://www.gutenberg.org/files/902/902-h/902-h.htm", "windowLocation": "http://localhost:7001/result?query=ducks&page=1"}
{"type": "searchResultGenerated", "timestamp": "2026-02-20T10:56:24.859Z", "sessionID": "49bc6769-02b6-479e-9ed2-a7d2e0cb064a", "query": "ducks", "docid": "4970", "rank": "7", "page": "1", "url": "http://www.gutenberg.org/files/8950/8950-h/8950-h.htm", "windowLocation": "http://localhost:7001/result?query=ducks&page=1"}
{"type": "searchResultGenerated", "timestamp": "2026-02-20T10:56:24.859Z", "sessionID": "49bc6769-02b6-479e-9ed2-a7d2e0cb064a", "query": "ducks", "docid": "6202", "rank": "8", "page": "1", "url": "http://www.gutenberg.org/files/16891/16891-h/16891-h.htm", "windowLocation": "http://localhost:7001/result?query=ducks&page=1"}
{"type": "searchResultGenerated", "timestamp": "2026-02-20T10:56:24.859Z", "sessionID": "49bc6769-02b6-479e-9ed2-a7d2e0cb064a", "query": "ducks", "docid": "5714", "rank": "9", "page": "1", "url": "http://www.gutenberg.org/files/24940/24940-h/24940-h.htm#Page_69", "windowLocation": "http://localhost:7001/result?query=ducks&page=1"}
{"type": "searchResultGenerated", "timestamp": "2026-02-20T10:56:24.860Z", "sessionID": "49bc6769-02b6-479e-9ed2-a7d2e0cb064a", "query": "ducks", "docid": "5589", "rank": "10", "page": "1", "url": "http://www.gutenberg.org/files/28133/28133-h/28133-h.htm#Page_139", "windowLocation": "http://localhost:7001/result?query=ducks&page=1"}
{"type": "cursorEnteredSnippet", "timestamp": "2026-02-20T10:56:25.309Z", "sessionID": "49bc6769-02b6-479e-9ed2-a7d2e0cb064a", "query": "ducks", "docid": "2938", "rank": "1", "page": "1"}
{"type": "cursorLeftSnippet", "timestamp": "2026-02-20T10:56:25.822Z", "sessionID": "49bc6769-02b6-479e-9ed2-a7d2e0cb064a", "query": "ducks", "docid": "2938", "rank": "1", "page": "1"}
{"type": "cursorEnteredSnippet", "timestamp": "2026-02-20T10:56:25.822Z", "sessionID": "49bc6769-02b6-479e-9ed2-a7d2e0cb064a", "query": "ducks", "docid": "5292", "rank": "3", "page": "1"}
{"type": "cursorLeftSnippet", "timestamp": "2026-02-20T10:56:25.893Z", "sessionID": "49bc6769-02b6-479e-9ed2-a7d2e0cb064a", "query": "ducks", "docid": "5292", "rank": "3", "page": "1"}
{"type": "cursorEnteredSnippet", "timestamp": "2026-02-20T10:56:25.916Z", "sessionID": "49bc6769-02b6-479e-9ed2-a7d2e0cb064a", "query": "ducks", "docid": "5499", "rank": "4", "page": "1"}
{"type": "cursorLeftSnippet", "timestamp": "2026-02-20T10:56:25.937Z", "sessionID": "49bc6769-02b6-479e-9ed2-a7d2e0cb064a", "query": "ducks", "docid": "5499", "rank": "4", "page": "1"}
{"type": "cursorEnteredSnippet", "timestamp": "2026-02-20T10:56:25.937Z", "sessionID": "49bc6769-02b6-479e-9ed2-a7d2e0cb064a", "query": "ducks", "docid": "5642", "rank": "5", "page": "1"}
{"type": "cursorLeftSnippet", "timestamp": "2026-02-20T10:56:25.949Z", "sessionID": "49bc6769-02b6-479e-9ed2-a7d2e0cb064a", "query": "ducks", "docid": "5642", "rank": "5", "page": "1"}
{"type": "cursorEnteredSnippet", "timestamp": "2026-02-20T10:56:25.967Z", "sessionID": "49bc6769-02b6-479e-9ed2-a7d2e0cb064a", "query": "ducks", "docid": "4817", "rank": "6", "page": "1"}
{"type": "cursorLeftSnippet", "timestamp": "2026-02-20T10:56:26.026Z", "sessionID": "49bc6769-02b6-479e-9ed2-a7d2e0cb064a", "query": "ducks", "docid": "4817", "rank": "6", "page": "1"}
{"type": "cursorEnteredSnippet", "timestamp": "2026-02-20T10:56:26.043Z", "sessionID": "49bc6769-02b6-479e-9ed2-a7d2e0cb064a", "query": "ducks", "docid": "4970", "rank": "7", "page": "1"}
{"type": "cursorLeftSnippet", "timestamp": "2026-02-20T10:56:26.176Z", "sessionID": "49bc6769-02b6-479e-9ed2-a7d2e0cb064a", "query": "ducks", "docid": "4970", "rank": "7", "page": "1"}
{"type": "cursorEnteredSnippet", "timestamp": "2026-02-20T10:56:26.191Z", "sessionID": "49bc6769-02b6-479e-9ed2-a7d2e0cb064a", "query": "ducks", "docid": "6202", "rank": "8", "page": "1"}
{"type": "cursorLeftSnippet", "timestamp": "2026-02-20T10:56:26.314Z", "sessionID": "49bc6769-02b6-479e-9ed2-a7d2e0cb064a", "query": "ducks", "docid": "6202", "rank": "8", "page": "1"}
{"type": "cursorEnteredSnippet", "timestamp": "2026-02-20T10:56:26.315Z", "sessionID": "49bc6769-02b6-479e-9ed2-a7d2e0cb064a", "query": "ducks", "docid": "5714", "rank": "9", "page": "1"}
{"type": "cursorLeftSnippet", "timestamp": "2026-02-20T10:56:26.875Z", "sessionID": "49bc6769-02b6-479e-9ed2-a7d2e0cb064a", "query": "ducks", "docid": "5714", "rank": "9", "page": "1"}
{"type": "cursorEnteredSnippet", "timestamp": "2026-02-20T10:56:26.892Z", "sessionID": "49bc6769-02b6-479e-9ed2-a7d2e0cb064a", "query": "ducks", "docid": "5589", "rank": "10", "page": "1"}
{"type": "clickedResult", "timestamp": "2026-02-20T10:56:27.368Z", "sessionID": "49bc6769-02b6-479e-9ed2-a7d2e0cb064a", "query": "ducks", "rank": "10", "page": "1", "url": "http://www.gutenberg.org/files/28133/28133-h/28133-h.htm#Page_139", "windowLocation": "http://localhost:7001/result"}
{"type": "cursorLeftSnippet", "timestamp": "2026-02-20T10:56:27.928Z", "sessionID": "49bc6769-02b6-479e-9ed2-a7d2e0cb064a", "query": "ducks", "docid": "5589", "rank": "10", "page": "1"}
{"type": "searchResultGenerated", "timestamp": "2026-02-20T10:56:29.875Z", "sessionID": "49bc6769-02b6-479e-9ed2-a7d2e0cb064a", "query": "ducks", "docid": "2938", "rank": "1", "page": "1", "url": "https://www.africanstorybook.org/#", "windowLocation": "http://localhost:7001/result?query=ducks&page=1"}
{"type": "searchResultGenerated", "timestamp": "2026-02-20T10:56:29.875Z", "sessionID": "49bc6769-02b6-479e-9ed2-a7d2e0cb064a", "query": "ducks", "docid": "5607", "rank": "2", "page": "1", "url": "http://www.gutenberg.org/files/15170/15170-h/15170-h.htm#mirror", "windowLocation": "http://localhost:7001/result?query=ducks&page=1"}
{"type": "searchResultGenerated", "timestamp": "2026-02-20T10:56:29.875Z", "sessionID": "49bc6769-02b6-479e-9ed2-a7d2e0cb064a", "query": "ducks", "docid": "5292", "rank": "3", "page": "1", "url": "http://www.gutenberg.org/files/40756/40756-h/40756-h.htm#Page_135", "windowLocation": "http://localhost:7001/result?query=ducks&page=1"}
{"type": "searchResultGenerated", "timestamp": "2026-02-20T10:56:29.876Z", "sessionID": "49bc6769-02b6-479e-9ed2-a7d2e0cb064a", "query": "ducks", "docid": "5499", "rank": "4", "page": "1", "url": "http://www.gutenberg.org/files/28130/28130-h/28130-h.htm#Page_57", "windowLocation": "http://localhost:7001/result?query=ducks&page=1"}
{"type": "searchResultGenerated", "timestamp": "2026-02-20T10:56:29.876Z", "sessionID": "49bc6769-02b6-479e-9ed2-a7d2e0cb064a", "query": "ducks", "docid": "5642", "rank": "5", "page": "1", "url": "http://www.gutenberg.org/files/16522/16522-h/16522-h.htm#ELSIES_DUCKS", "windowLocation": "http://localhost:7001/result?query=ducks&page=1"}
{"type": "searchResultGenerated", "timestamp": "2026-02-20T10:56:29.876Z", "sessionID": "49bc6769-02b6-479e-9ed2-a7d2e0cb064a", "query": "ducks", "docid": "4817", "rank": "6", "page": "1", "url": "http://www.gutenberg.org/files/902/902-h/902-h.htm", "windowLocation": "http://localhost:7001/result?query=ducks&page=1"}
{"type": "searchResultGenerated", "timestamp": "2026-02-20T10:56:29.876Z", "sessionID": "49bc6769-02b6-479e-9ed2-a7d2e0cb064a", "query": "ducks", "docid": "4970", "rank": "7", "page": "1", "url": "http://www.gutenberg.org/files/8950/8950-h/8950-h.htm", "windowLocation": "http://localhost:7001/result?query=ducks&page=1"}
{"type": "searchResultGenerated", "timestamp": "2026-02-20T10:56:29.876Z", "sessionID": "49bc6769-02b6-479e-9ed2-a7d2e0cb064a", "query": "ducks", "docid": "6202", "rank": "8", "page": "1", "url": "http://www.gutenberg.org/files/16891/16891-h/16891-h.htm", "windowLocation": "http://localhost:7001/result?query=ducks&page=1"}
{"type": "searchResultGenerated", "timestamp": "2026-02-20T10:56:29.876Z", "sessionID": "49bc6769-02b6-479e-9ed2-a7d2e0cb064a", "query": "ducks", "docid": "5714", "rank": "9", "page": "1", "url": "http://www.gutenberg.org/files/24940/24940-h/24940-h.htm#Page_69", "windowLocation": "http://localhost:7001/result?query=ducks&page=1"}
{"type": "searchResultGenerated", "timestamp": "2026-02-20T10:56:29.877Z", "sessionID": "49bc6769-02b6-479e-9ed2-a7d2e0cb064a", "query": "ducks", "docid": "5589", "rank": "10", "page": "1", "url": "http://www.gutenberg.org/files/28133/28133-h/28133-h.htm#Page_139", "windowLocation": "http://localhost:7001/result?query=ducks&page=1"}
{"type": "cursorEnteredSnippet", "timestamp": "2026-02-20T10:56:30.009Z", "sessionID": "49bc6769-02b6-479e-9ed2-a7d2e0cb064a", "query": "ducks", "docid": "5714", "rank": "9", "page": "1"}
{"type": "cursorLeftSnippet", "timestamp": "2026-02-20T10:56:30.075Z", "sessionID": "49bc6769-02b6-479e-9ed2-a7d2e0cb064a", "query": "ducks", "docid": "5714", "rank": "9", "page": "1"}
{"type": "cursorEnteredSnippet", "timestamp": "2026-02-20T10:56:30.092Z", "sessionID": "49bc6769-02b6-479e-9ed2-a7d2e0cb064a", "query": "ducks", "docid": "5589", "rank": "10", "page": "1"}
{"type": "cursorLeftSnippet", "timestamp": "2026-02-20T10:56:30.192Z", "sessionID": "49bc6769-02b6-479e-9ed2-a7d2e0cb064a", "query": "ducks", "docid": "5589", "rank": "10", "page": "1"}
{"type": "pageNavigationClicked", "timestamp": "2026-02-20T10:56:30.995Z", "sessionID": "49bc6769-02b6-479e-9ed2-a7d2e0cb064a", "clicked": "4", "fromPage": 1, "toPage": 4}
{"type": "searchResultGenerated", "timestamp": "2026-02-20T10:56:31.264Z", "sessionID": "49bc6769-02b6-479e-9ed2-a7d2e0cb064a", "query": "ducks", "docid": "7041", "rank": "1", "page": "4", "url": "http://www.gutenberg.org/files/25359/25359-h/25359-h.htm#Page_304", "windowLocation": "http://localhost:7001/result?query=ducks&page=4"}
{"type": "searchResultGenerated", "timestamp": "2026-02-20T10:56:31.264Z", "sessionID": "49bc6769-02b6-479e-9ed2-a7d2e0cb064a", "query": "ducks", "docid": "3213", "rank": "2", "page": "4", "url": "https://freekidsbooks.org/wp-content/uploads/2020/06/the-dance-of-the-flamingo-Pratham-FKB.pdf", "windowLocation": "http://localhost:7001/result?query=ducks&page=4"}
{"type": "cursorEnteredSnippet", "timestamp": "2026-02-20T10:56:31.692Z", "sessionID": "49bc6769-02b6-479e-9ed2-a7d2e0cb064a", "query": "ducks", "docid": "3213", "rank": "2", "page": "4"}
{"type": "clickedResult", "timestamp": "2026-02-20T10:56:32.158Z", "sessionID": "49bc6769-02b6-479e-9ed2-a7d2e0cb064a", "query": "ducks", "rank": "2", "page": "4", "url": "https://freekidsbooks.org/wp-content/uploads/2020/06/the-dance-of-the-flamingo-Pratham-FKB.pdf", "windowLocation": "http://localhost:7001/result?query=ducks&page=4"}
{"type": "cursorLeftSnippet", "timestamp": "2026-02-20T10:56:42.727Z", "sessionID": "49bc6769-02b6-479e-9ed2-a7d2e0cb064a", "query": "ducks", "docid": "3213", "rank": "2", "page": "4"}
{"type": "cursorEnteredSnippet", "timestamp": "2026-02-20T10:56:53.091Z", "sessionID": "49bc6769-02b6-479e-9ed2-a7d2e0cb064a", "query": "ducks", "docid": "3213", "rank": "2", "page": "4"}
{"type": "cursorLeftSnippet", "timestamp": "2026-02-20T10:56:53.124Z", "sessionID": "49bc6769-02b6-479e-9ed2-a7d2e0cb064a", "query": "ducks", "docid": "3213", "rank": "2", "page": "4"}
{"type": "cursorEnteredSnippet", "timestamp": "2026-02-20T10:56:53.558Z", "sessionID": "49bc6769-02b6-479e-9ed2-a7d2e0cb064a", "query": "ducks", "docid": "3213", "rank": "2", "page": "4"}
{"type": "cursorLeftSnippet", "timestamp": "2026-02-20T10:56:53.624Z", "sessionID": "49bc6769-02b6-479e-9ed2-a7d2e0cb064a", "query": "ducks", "docid": "3213", "rank": "2", "page": "4"}
{"type": "cursorEnteredSnippet", "timestamp": "2026-02-20T10:56:53.758Z", "sessionID": "49bc6769-02b6-479e-9ed2-a7d2e0cb064a", "query": "ducks", "docid": "7041", "rank": "1", "page": "4"}
{"type": "cursorLeftSnippet", "timestamp": "2026-02-20T10:56:53.907Z", "sessionID": "49bc6769-02b6-479e-9ed2-a7d2e0cb064a", "query": "ducks", "docid": "7041", "rank": "1", "page": "4"}
{"type": "cursorEnteredSnippet", "timestamp": "2026-02-20T10:56:54.658Z", "sessionID": "49bc6769-02b6-479e-9ed2-a7d2e0cb064a", "query": "ducks", "docid": "7041", "rank": "1", "page": "4"}
{"type": "cursorLeftSnippet", "timestamp": "2026-02-20T10:56:54.707Z", "sessionID": "49bc6769-02b6-479e-9ed2-a7d2e0cb064a", "query": "ducks", "docid": "7041", "rank": "1", "page": "4"}
{"type": "cursorEnteredSnippet", "timestamp": "2026-02-20T10:56:54.707Z", "sessionID": "49bc6769-02b6-479e-9ed2-a7d2e0cb064a", "query": "ducks", "docid": "3213", "rank": "2", "page": "4"}
{"type": "cursorLeftSnippet", "timestamp": "2026-02-20T10:56:55.041Z", "sessionID": "49bc6769-02b6-479e-9ed2-a7d2e0cb064a", "query": "ducks", "docid": "3213", "rank": "2", "page": "4"}
{"type": "pageNavigationClicked", "timestamp": "2026-02-20T10:56:55.499Z", "sessionID": "49bc6769-02b6-479e-9ed2-a7d2e0cb064a", "clicked": "2", "fromPage": 4, "toPage": 2}
{"type": "searchResultGenerated", "timestamp": "2026-02-20T10:56:56.002Z", "sessionID": "49bc6769-02b6-479e-9ed2-a7d2e0cb064a", "query": "ducks", "docid": "5656", "rank": "1", "page": "2", "url": "http://www.gutenberg.org/files/19821/19821-h/19821-h.htm#keeper", "windowLocation": "http://localhost:7001/result?query=ducks&page=2"}
{"type": "searchResultGenerated", "timestamp": "2026-02-20T10:56:56.002Z", "sessionID": "49bc6769-02b6-479e-9ed2-a7d2e0cb064a", "query": "ducks", "docid": "5565", "rank": "2", "page": "2", "url": "http://www.gutenberg.org/files/28131/28131-h/28131-h.htm#Page_94", "windowLocation": "http://localhost:7001/result?query=ducks&page=2"}
{"type": "searchResultGenerated", "timestamp": "2026-02-20T10:56:56.003Z", "sessionID": "49bc6769-02b6-479e-9ed2-a7d2e0cb064a", "query": "ducks", "docid": "7020", "rank": "3", "page": "2", "url": "http://www.gutenberg.org/files/25359/25359-h/25359-h.htm#Page_204", "windowLocation": "http://localhost:7001/result?query=ducks&page=2"}
{"type": "searchResultGenerated", "timestamp": "2026-02-20T10:56:56.003Z", "sessionID": "49bc6769-02b6-479e-9ed2-a7d2e0cb064a", "query": "ducks", "docid": "5298", "rank": "4", "page": "2", "url": "http://www.gutenberg.org/files/42156/42156-h/42156-h.htm#Page_197", "windowLocation": "http://localhost:7001/result?query=ducks&page=2"}
{"type": "searchResultGenerated", "timestamp": "2026-02-20T10:56:56.003Z", "sessionID": "49bc6769-02b6-479e-9ed2-a7d2e0cb064a", "query": "ducks", "docid": "3810", "rank": "5", "page": "2", "url": "http://www.gutenberg.org/files/2591/2591-h/2591-h.htm", "windowLocation": "http://localhost:7001/result?query=ducks&page=2"}
{"type": "searchResultGenerated", "timestamp": "2026-02-20T10:56:56.004Z", "sessionID": "49bc6769-02b6-479e-9ed2-a7d2e0cb064a", "query": "ducks", "docid": "5511", "rank": "6", "page": "2", "url": "http://www.gutenberg.org/files/28138/28138-h/28138-h.htm#Page_100", "windowLocation": "http://localhost:7001/result?query=ducks&page=2"}
{"type": "searchResultGenerated", "timestamp": "2026-02-20T10:56:56.004Z", "sessionID": "49bc6769-02b6-479e-9ed2-a7d2e0cb064a", "query": "ducks", "docid": "6117", "rank": "7", "page": "2", "url": "https://www.commonlit.org/texts/excerpt-from-the-adventures-of-huckleberry-finn", "windowLocation": "http://localhost:7001/result?query=ducks&page=2"}
{"type": "searchResultGenerated", "timestamp": "2026-02-20T10:56:56.004Z", "sessionID": "49bc6769-02b6-479e-9ed2-a7d2e0cb064a", "query": "ducks", "docid": "6549", "rank": "8", "page": "2", "url": "http://www.gutenberg.org/cache/epub/18606/pg18606-images.html", "windowLocation": "http://localhost:7001/result?query=ducks&page=2"}
{"type": "searchResultGenerated", "timestamp": "2026-02-20T10:56:56.004Z", "sessionID": "49bc6769-02b6-479e-9ed2-a7d2e0cb064a", "query": "ducks", "docid": "5405", "rank": "9", "page": "2", "url": "http://www.gutenberg.org/files/14493/14493-h/14493-h.htm#A_DAY_ON_GRANDPAS_FARM", "windowLocation": "http://localhost:7001/result?query=ducks&page=2"}
{"type": "searchResultGenerated", "timestamp": "2026-02-20T10:56:56.005Z", "sessionID": "49bc6769-02b6-479e-9ed2-a7d2e0cb064a", "query": "ducks", "docid": "5638", "rank": "10", "page": "2", "url": "http://www.gutenberg.org/files/16524/16524-h/16524-h.htm#CAPTAIN_BOB", "windowLocation": "http://localhost:7001/result?query=ducks&page=2"}
{"type": "cursorEnteredSnippet", "timestamp": "2026-02-20T10:57:03.820Z", "sessionID": "49bc6769-02b6-479e-9ed2-a7d2e0cb064a", "query": "ducks", "docid": "7020", "rank": "3", "page": "2"}
{"type": "cursorLeftSnippet", "timestamp": "2026-02-20T10:57:03.840Z", "sessionID": "49bc6769-02b6-479e-9ed2-a7d2e0cb064a", "query": "ducks", "docid": "7020", "rank": "3", "page": "2"}
{"type": "cursorEnteredSnippet", "timestamp": "2026-02-20T10:57:03.857Z", "sessionID": "49bc6769-02b6-479e-9ed2-a7d2e0cb064a", "query": "ducks", "docid": "5565", "rank": "2", "page": "2"}
{"type": "cursorLeftSnippet", "timestamp": "2026-02-20T10:57:03.957Z", "sessionID": "49bc6769-02b6-479e-9ed2-a7d2e0cb064a", "query": "ducks", "docid": "5565", "rank": "2", "page": "2"}
{"type": "cursorEnteredSnippet", "timestamp": "2026-02-20T10:57:03.958Z", "sessionID": "49bc6769-02b6-479e-9ed2-a7d2e0cb064a", "query": "ducks", "docid": "7020", "rank": "3", "page": "2"}
{"type": "cursorLeftSnippet", "timestamp": "2026-02-20T10:57:04.224Z", "sessionID": "49bc6769-02b6-479e-9ed2-a7d2e0cb064a", "query": "ducks", "docid": "7020", "rank": "3", "page": "2"}
{"type": "cursorEnteredSnippet", "timestamp": "2026-02-20T10:57:04.241Z", "sessionID": "49bc6769-02b6-479e-9ed2-a7d2e0cb064a", "query": "ducks", "docid": "5298", "rank": "4", "page": "2"}
{"type": "clickedResult", "timestamp": "2026-02-20T10:57:04.587Z", "sessionID": "49bc6769-02b6-479e-9ed2-a7d2e0cb064a", "query": "ducks", "rank": "4", "page": "2", "url": "http://www.gutenberg.org/files/42156/42156-h/42156-h.htm#Page_197", "windowLocation": "http://localhost:7001/result?query=ducks&page=2"}
{"type": "cursorLeftSnippet", "timestamp": "2026-02-20T10:57:05.065Z", "sessionID": "49bc6769-02b6-479e-9ed2-a7d2e0cb064a", "query": "ducks", "docid": "5298", "rank": "4", "page": "2"}
{"type": "queryBoxFocused", "timestamp": "2026-02-20T10:57:08.267Z", "sessionID": "49bc6769-02b6-479e-9ed2-a7d2e0cb064a"}
{"type": "querySubmitted", "timestamp": "2026-02-20T10:57:11.255Z", "sessionID": "49bc6769-02b6-479e-9ed2-a7d2e0cb064a", "query": "cow"}
{"type": "searchResultGenerated", "timestamp": "2026-02-20T10:57:11.766Z", "sessionID": "49bc6769-02b6-479e-9ed2-a7d2e0cb064a", "query": "cow", "docid": "5712", "rank": "1", "page": "1", "url": "http://www.gutenberg.org/files/24478/24478-h/24478-h.htm#Page_129", "windowLocation": "http://localhost:7001/result?query=cow&page=1"}
{"type": "searchResultGenerated", "timestamp": "2026-02-20T10:57:11.766Z", "sessionID": "49bc6769-02b6-479e-9ed2-a7d2e0cb064a", "query": "cow", "docid": "3434", "rank": "2", "page": "1", "url": "https://www.africanstorybook.org/", "windowLocation": "http://localhost:7001/result?query=cow&page=1"}
{"type": "searchResultGenerated", "timestamp": "2026-02-20T10:57:11.766Z", "sessionID": "49bc6769-02b6-479e-9ed2-a7d2e0cb064a", "query": "cow", "docid": "5660", "rank": "3", "page": "1", "url": "http://www.gutenberg.org/files/16522/16522-h/16522-h.htm#GOING_AFTER_COWS", "windowLocation": "http://localhost:7001/result?query=cow&page=1"}
{"type": "searchResultGenerated", "timestamp": "2026-02-20T10:57:11.767Z", "sessionID": "49bc6769-02b6-479e-9ed2-a7d2e0cb064a", "query": "cow", "docid": "7020", "rank": "4", "page": "1", "url": "http://www.gutenberg.org/files/25359/25359-h/25359-h.htm#Page_204", "windowLocation": "http://localhost:7001/result?query=cow&page=1"}
{"type": "searchResultGenerated", "timestamp": "2026-02-20T10:57:11.768Z", "sessionID": "49bc6769-02b6-479e-9ed2-a7d2e0cb064a", "query": "cow", "docid": "5776", "rank": "5", "page": "1", "url": "http://www.gutenberg.org/files/24478/24478-h/24478-h.htm#Page_142", "windowLocation": "http://localhost:7001/result?query=cow&page=1"}
{"type": "searchResultGenerated", "timestamp": "2026-02-20T10:57:11.768Z", "sessionID": "49bc6769-02b6-479e-9ed2-a7d2e0cb064a", "query": "cow", "docid": "3095", "rank": "6", "page": "1", "url": "https://www.africanstorybook.org/", "windowLocation": "http://localhost:7001/result?query=cow&page=1"}
{"type": "searchResultGenerated", "timestamp": "2026-02-20T10:57:11.768Z", "sessionID": "49bc6769-02b6-479e-9ed2-a7d2e0cb064a", "query": "cow", "docid": "2774", "rank": "7", "page": "1", "url": "https://www.africanstorybook.org/#", "windowLocation": "http://localhost:7001/result?query=cow&page=1"}
{"type": "searchResultGenerated", "timestamp": "2026-02-20T10:57:11.769Z", "sessionID": "49bc6769-02b6-479e-9ed2-a7d2e0cb064a", "query": "cow", "docid": "3346", "rank": "8", "page": "1", "url": "https://www.africanstorybook.org/", "windowLocation": "http://localhost:7001/result?query=cow&page=1"}
{"type": "searchResultGenerated", "timestamp": "2026-02-20T10:57:11.770Z", "sessionID": "49bc6769-02b6-479e-9ed2-a7d2e0cb064a", "query": "cow", "docid": "3261", "rank": "9", "page": "1", "url": "https://kids.frontiersin.org/article/10.3389/frym.2015.00017", "windowLocation": "http://localhost:7001/result?query=cow&page=1"}
{"type": "searchResultGenerated", "timestamp": "2026-02-20T10:57:11.770Z", "sessionID": "49bc6769-02b6-479e-9ed2-a7d2e0cb064a", "query": "cow", "docid": "6498", "rank": "10", "page": "1", "url": "http://www.gutenberg.org/files/24545/24545-h/24545-h.htm", "windowLocation": "http://localhost:7001/result?query=cow&page=1"}
{"type": "cursorEnteredSnippet", "timestamp": "2026-02-20T10:57:12.456Z", "sessionID": "49bc6769-02b6-479e-9ed2-a7d2e0cb064a", "query": "cow", "docid": "5712", "rank": "1", "page": "1"}
{"type": "cursorLeftSnippet", "timestamp": "2026-02-20T10:57:12.523Z", "sessionID": "49bc6769-02b6-479e-9ed2-a7d2e0cb064a", "query": "cow", "docid": "5712", "rank": "1", "page": "1"}
{"type": "cursorEnteredSnippet", "timestamp": "2026-02-20T10:57:12.524Z", "sessionID": "49bc6769-02b6-479e-9ed2-a7d2e0cb064a", "query": "cow", "docid": "3434", "rank": "2", "page": "1"}
{"type": "clickedResult", "timestamp": "2026-02-20T10:57:13.192Z", "sessionID": "49bc6769-02b6-479e-9ed2-a7d2e0cb064a", "query": "cow", "rank": "2", "page": "1", "url": "https://www.africanstorybook.org/", "windowLocation": "http://localhost:7001/result"}
{"type": "cursorLeftSnippet", "timestamp": "2026-02-20T10:57:13.624Z", "sessionID": "49bc6769-02b6-479e-9ed2-a7d2e0cb064a", "query": "cow", "docid": "3434", "rank": "2", "page": "1"}
{"type": "cursorEnteredSnippet", "timestamp": "2026-02-20T10:57:13.625Z", "sessionID": "49bc6769-02b6-479e-9ed2-a7d2e0cb064a", "query": "cow", "docid": "5712", "rank": "1", "page": "1"}
{"type": "cursorLeftSnippet", "timestamp": "2026-02-20T10:57:14.527Z", "sessionID": "49bc6769-02b6-479e-9ed2-a7d2e0cb064a", "query": "cow", "docid": "5712", "rank": "1", "page": "1"}
{"type": "searchResultGenerated", "timestamp": "2026-02-20T10:57:17.664Z", "sessionID": "49bc6769-02b6-479e-9ed2-a7d2e0cb064a", "query": "cow", "docid": "5712", "rank": "1", "page": "1", "url": "http://www.gutenberg.org/files/24478/24478-h/24478-h.htm#Page_129", "windowLocation": "http://localhost:7001/result?query=cow&page=1"}
{"type": "searchResultGenerated", "timestamp": "2026-02-20T10:57:17.665Z", "sessionID": "49bc6769-02b6-479e-9ed2-a7d2e0cb064a", "query": "cow", "docid": "3434", "rank": "2", "page": "1", "url": "https://www.africanstorybook.org/", "windowLocation": "http://localhost:7001/result?query=cow&page=1"}
{"type": "searchResultGenerated", "timestamp": "2026-02-20T10:57:17.666Z", "sessionID": "49bc6769-02b6-479e-9ed2-a7d2e0cb064a", "query": "cow", "docid": "5660", "rank": "3", "page": "1", "url": "http://www.gutenberg.org/files/16522/16522-h/16522-h.htm#GOING_AFTER_COWS", "windowLocation": "http://localhost:7001/result?query=cow&page=1"}
{"type": "searchResultGenerated", "timestamp": "2026-02-20T10:57:17.667Z", "sessionID": "49bc6769-02b6-479e-9ed2-a7d2e0cb064a", "query": "cow", "docid": "7020", "rank": "4", "page": "1", "url": "http://www.gutenberg.org/files/25359/25359-h/25359-h.htm#Page_204", "windowLocation": "http://localhost:7001/result?query=cow&page=1"}
{"type": "searchResultGenerated", "timestamp": "2026-02-20T10:57:17.668Z", "sessionID": "49bc6769-02b6-479e-9ed2-a7d2e0cb064a", "query": "cow", "docid": "5776", "rank": "5", "page": "1", "url": "http://www.gutenberg.org/files/24478/24478-h/24478-h.htm#Page_142", "windowLocation": "http://localhost:7001/result?query=cow&page=1"}
{"type": "searchResultGenerated", "timestamp": "2026-02-20T10:57:17.668Z", "sessionID": "49bc6769-02b6-479e-9ed2-a7d2e0cb064a", "query": "cow", "docid": "3095", "rank": "6", "page": "1", "url": "https://www.africanstorybook.org/", "windowLocation": "http://localhost:7001/result?query=cow&page=1"}
{"type": "searchResultGenerated", "timestamp": "2026-02-20T10:57:17.669Z", "sessionID": "49bc6769-02b6-479e-9ed2-a7d2e0cb064a", "query": "cow", "docid": "2774", "rank": "7", "page": "1", "url": "https://www.africanstorybook.org/#", "windowLocation": "http://localhost:7001/result?query=cow&page=1"}
{"type": "searchResultGenerated", "timestamp": "2026-02-20T10:57:17.669Z", "sessionID": "49bc6769-02b6-479e-9ed2-a7d2e0cb064a", "query": "cow", "docid": "3346", "rank": "8", "page": "1", "url": "https://www.africanstorybook.org/", "windowLocation": "http://localhost:7001/result?query=cow&page=1"}
{"type": "searchResultGenerated", "timestamp": "2026-02-20T10:57:17.670Z", "sessionID": "49bc6769-02b6-479e-9ed2-a7d2e0cb064a", "query": "cow", "docid": "3261", "rank": "9", "page": "1", "url": "https://kids.frontiersin.org/article/10.3389/frym.2015.00017", "windowLocation": "http://localhost:7001/result?query=cow&page=1"}
{"type": "searchResultGenerated", "timestamp": "2026-02-20T10:57:17.671Z", "sessionID": "49bc6769-02b6-479e-9ed2-a7d2e0cb064a", "query": "cow", "docid": "6498", "rank": "10", "page": "1", "url": "http://www.gutenberg.org/files/24545/24545-h/24545-h.htm", "windowLocation": "http://localhost:7001/result?query=cow&page=1"}
{"type": "cursorEnteredSnippet", "timestamp": "2026-02-20T10:57:17.756Z", "sessionID": "49bc6769-02b6-479e-9ed2-a7d2e0cb064a", "query": "cow", "docid": "3434", "rank": "2", "page": "1"}
{"type": "cursorLeftSnippet", "timestamp": "2026-02-20T10:57:17.806Z", "sessionID": "49bc6769-02b6-479e-9ed2-a7d2e0cb064a", "query": "cow", "docid": "3434", "rank": "2", "page": "1"}
{"type": "cursorEnteredSnippet", "timestamp": "2026-02-20T10:57:17.823Z", "sessionID": "49bc6769-02b6-479e-9ed2-a7d2e0cb064a", "query": "cow", "docid": "5660", "rank": "3", "page": "1"}
{"type": "cursorLeftSnippet", "timestamp": "2026-02-20T10:57:18.373Z", "sessionID": "49bc6769-02b6-479e-9ed2-a7d2e0cb064a", "query": "cow", "docid": "5660", "rank": "3", "page": "1"}
{"type": "cursorEnteredSnippet", "timestamp": "2026-02-20T10:57:18.373Z", "sessionID": "49bc6769-02b6-479e-9ed2-a7d2e0cb064a", "query": "cow", "docid": "5776", "rank": "5", "page": "1"}
{"type": "cursorLeftSnippet", "timestamp": "2026-02-20T10:57:19.106Z", "sessionID": "49bc6769-02b6-479e-9ed2-a7d2e0cb064a", "query": "cow", "docid": "5776", "rank": "5", "page": "1"}
{"type": "cursorEnteredSnippet", "timestamp": "2026-02-20T10:57:19.106Z", "sessionID": "49bc6769-02b6-479e-9ed2-a7d2e0cb064a", "query": "cow", "docid": "3261", "rank": "9", "page": "1"}
{"type": "cursorLeftSnippet", "timestamp": "2026-02-20T10:57:19.206Z", "sessionID": "49bc6769-02b6-479e-9ed2-a7d2e0cb064a", "query": "cow", "docid": "3261", "rank": "9", "page": "1"}
{"type": "cursorEnteredSnippet", "timestamp": "2026-02-20T10:57:19.223Z", "sessionID": "49bc6769-02b6-479e-9ed2-a7d2e0cb064a", "query": "cow", "docid": "6498", "rank": "10", "page": "1"}
{"type": "cursorLeftSnippet", "timestamp": "2026-02-20T10:57:19.306Z", "sessionID": "49bc6769-02b6-479e-9ed2-a7d2e0cb064a", "query": "cow", "docid": "6498", "rank": "10", "page": "1"}
{"type": "pageNavigationClicked", "timestamp": "2026-02-20T10:57:19.965Z", "sessionID": "49bc6769-02b6-479e-9ed2-a7d2e0cb064a", "clicked": "4", "fromPage": 1, "toPage": 4}
{"type": "cursorEnteredSnippet", "timestamp": "2026-02-20T10:57:20.206Z", "sessionID": "49bc6769-02b6-479e-9ed2-a7d2e0cb064a", "query": "cow", "docid": "6498", "rank": "10", "page": "1"}
{"type": "searchResultGenerated", "timestamp": "2026-02-20T10:57:20.352Z", "sessionID": "49bc6769-02b6-479e-9ed2-a7d2e0cb064a", "query": "cow", "docid": "1229", "rank": "1", "page": "4", "url": "http://www.gutenberg.org/files/19909/19909-h/19909-h.htm#THE_VISIT", "windowLocation": "http://localhost:7001/result?query=cow&page=4"}
{"type": "searchResultGenerated", "timestamp": "2026-02-20T10:57:20.353Z", "sessionID": "49bc6769-02b6-479e-9ed2-a7d2e0cb064a", "query": "cow", "docid": "5307", "rank": "2", "page": "4", "url": "http://www.gutenberg.org/files/42159/42159-h/42159-h.htm#Page_306", "windowLocation": "http://localhost:7001/result?query=cow&page=4"}
{"type": "searchResultGenerated", "timestamp": "2026-02-20T10:57:20.353Z", "sessionID": "49bc6769-02b6-479e-9ed2-a7d2e0cb064a", "query": "cow", "docid": "5264", "rank": "3", "page": "4", "url": "http://www.gutenberg.org/files/42160/42160-h/42160-h.htm#Page_323", "windowLocation": "http://localhost:7001/result?query=cow&page=4"}
{"type": "searchResultGenerated", "timestamp": "2026-02-20T10:57:20.354Z", "sessionID": "49bc6769-02b6-479e-9ed2-a7d2e0cb064a", "query": "cow", "docid": "6670", "rank": "4", "page": "4", "url": "http://www.gutenberg.org/cache/epub/5834/pg5834-images.html", "windowLocation": "http://localhost:7001/result?query=cow&page=4"}
{"type": "searchResultGenerated", "timestamp": "2026-02-20T10:57:20.354Z", "sessionID": "49bc6769-02b6-479e-9ed2-a7d2e0cb064a", "query": "cow", "docid": "1578", "rank": "5", "page": "4", "url": "http://www.gutenberg.org/files/16173/16173-h/16173-h.htm#samsbirthday", "windowLocation": "http://localhost:7001/result?query=cow&page=4"}
{"type": "searchResultGenerated", "timestamp": "2026-02-20T10:57:20.354Z", "sessionID": "49bc6769-02b6-479e-9ed2-a7d2e0cb064a", "query": "cow", "docid": "3098", "rank": "6", "page": "4", "url": "https://kids.frontiersin.org/article/10.3389/frym.2016.00009", "windowLocation": "http://localhost:7001/result?query=cow&page=4"}
{"type": "searchResultGenerated", "timestamp": "2026-02-20T10:57:20.355Z", "sessionID": "49bc6769-02b6-479e-9ed2-a7d2e0cb064a", "query": "cow", "docid": "3530", "rank": "7", "page": "4", "url": "http://www.gutenberg.org/files/3090/3090-h/3090-h.htm", "windowLocation": "http://localhost:7001/result?query=cow&page=4"}
{"type": "searchResultGenerated", "timestamp": "2026-02-20T10:57:20.355Z", "sessionID": "49bc6769-02b6-479e-9ed2-a7d2e0cb064a", "query": "cow", "docid": "1193", "rank": "8", "page": "4", "url": "http://www.gutenberg.org/files/21452/21452-h/21452-h.htm", "windowLocation": "http://localhost:7001/result?query=cow&page=4"}
{"type": "searchResultGenerated", "timestamp": "2026-02-20T10:57:20.355Z", "sessionID": "49bc6769-02b6-479e-9ed2-a7d2e0cb064a", "query": "cow", "docid": "5475", "rank": "9", "page": "4", "url": "http://www.gutenberg.org/files/15331/15331-h/15331-h.htm", "windowLocation": "http://localhost:7001/result?query=cow&page=4"}
{"type": "searchResultGenerated", "timestamp": "2026-02-20T10:57:20.355Z", "sessionID": "49bc6769-02b6-479e-9ed2-a7d2e0cb064a", "query": "cow", "docid": "6602", "rank": "10", "page": "4", "url": "http://www.gutenberg.org/files/23869/23869-h/23869-h.htm", "windowLocation": "http://localhost:7001/result?query=cow&page=4"}
{"type": "cursorEnteredSnippet", "timestamp": "2026-02-20T10:57:20.364Z", "sessionID": "49bc6769-02b6-479e-9ed2-a7d2e0cb064a", "query": "cow", "docid": "6670", "rank": "4", "page": "4"}
{"type": "cursorLeftSnippet", "timestamp": "2026-02-20T10:57:20.806Z", "sessionID": "49bc6769-02b6-479e-9ed2-a7d2e0cb064a", "query": "cow", "docid": "6670", "rank": "4", "page": "4"}
{"type": "cursorEnteredSnippet", "timestamp": "2026-02-20T10:57:20.973Z", "sessionID": "49bc6769-02b6-479e-9ed2-a7d2e0cb064a", "query": "cow", "docid": "6670", "rank": "4", "page": "4"}
{"type": "clickedResult", "timestamp": "2026-02-20T10:57:21.310Z", "sessionID": "49bc6769-02b6-479e-9ed2-a7d2e0cb064a", "query": "cow", "rank": "4", "page": "4", "url": "http://www.gutenberg.org/cache/epub/5834/pg5834-images.html", "windowLocation": "http://localhost:7001/result?query=cow&page=4"}
{"type": "cursorLeftSnippet", "timestamp": "2026-02-20T10:57:21.842Z", "sessionID": "49bc6769-02b6-479e-9ed2-a7d2e0cb064a", "query": "cow", "docid": "6670", "rank": "4", "page": "4"}
{"type": "cursorEnteredSnippet", "timestamp": "2026-02-20T10:57:24.340Z", "sessionID": "49bc6769-02b6-479e-9ed2-a7d2e0cb064a", "query": "cow", "docid": "1229", "rank": "1", "page": "4"}
{"type": "cursorLeftSnippet", "timestamp": "2026-02-20T10:57:24.406Z", "sessionID": "49bc6769-02b6-479e-9ed2-a7d2e0cb064a", "query": "cow", "docid": "1229", "rank": "1", "page": "4"}
{"type": "cursorEnteredSnippet", "timestamp": "2026-02-20T10:57:24.423Z", "sessionID": "49bc6769-02b6-479e-9ed2-a7d2e0cb064a", "query": "cow", "docid": "5307", "rank": "2", "page": "4"}
{"type": "cursorLeftSnippet", "timestamp": "2026-02-20T10:57:25.292Z", "sessionID": "49bc6769-02b6-479e-9ed2-a7d2e0cb064a", "query": "cow", "docid": "5307", "rank": "2", "page": "4"}
{"type": "cursorEnteredSnippet", "timestamp": "2026-02-20T10:57:25.292Z", "sessionID": "49bc6769-02b6-479e-9ed2-a7d2e0cb064a", "query": "cow", "docid": "6670", "rank": "4", "page": "4"}
{"type": "cursorLeftSnippet", "timestamp": "2026-02-20T10:57:26.539Z", "sessionID": "49bc6769-02b6-479e-9ed2-a7d2e0cb064a", "query": "cow", "docid": "6670", "rank": "4", "page": "4"}
{"type": "cursorEnteredSnippet", "timestamp": "2026-02-20T10:57:26.540Z", "sessionID": "49bc6769-02b6-479e-9ed2-a7d2e0cb064a", "query": "cow", "docid": "1193", "rank": "8", "page": "4"}
{"type": "cursorLeftSnippet", "timestamp": "2026-02-20T10:57:26.689Z", "sessionID": "49bc6769-02b6-479e-9ed2-a7d2e0cb064a", "query": "cow", "docid": "1193", "rank": "8", "page": "4"}
{"type": "cursorEnteredSnippet", "timestamp": "2026-02-20T10:57:26.706Z", "sessionID": "49bc6769-02b6-479e-9ed2-a7d2e0cb064a", "query": "cow", "docid": "5475", "rank": "9", "page": "4"}
{"type": "cursorLeftSnippet", "timestamp": "2026-02-20T10:57:27.356Z", "sessionID": "49bc6769-02b6-479e-9ed2-a7d2e0cb064a", "query": "cow", "docid": "5475", "rank": "9", "page": "4"}
{"type": "cursorEnteredSnippet", "timestamp": "2026-02-20T10:57:27.356Z", "sessionID": "49bc6769-02b6-479e-9ed2-a7d2e0cb064a", "query": "cow", "docid": "6602", "rank": "10", "page": "4"}
{"type": "cursorLeftSnippet", "timestamp": "2026-02-20T10:57:27.473Z", "sessionID": "49bc6769-02b6-479e-9ed2-a7d2e0cb064a", "query": "cow", "docid": "6602", "rank": "10", "page": "4"}
{"type": "pageNavigationClicked", "timestamp": "2026-02-20T10:57:28.044Z", "sessionID": "49bc6769-02b6-479e-9ed2-a7d2e0cb064a", "clicked": "Next \u00bb", "fromPage": 4, "toPage": 5}
{"type": "searchResultGenerated", "timestamp": "2026-02-20T10:57:28.499Z", "sessionID": "49bc6769-02b6-479e-9ed2-a7d2e0cb064a", "query": "cow", "docid": "8031", "rank": "1", "page": "5", "url": "https://en.wikibooks.org/wiki/Wikijunior:Biology/Kingdoms/Animals", "windowLocation": "http://localhost:7001/result?query=cow&page=5"}
{"type": "searchResultGenerated", "timestamp": "2026-02-20T10:57:28.499Z", "sessionID": "49bc6769-02b6-479e-9ed2-a7d2e0cb064a", "query": "cow", "docid": "4667", "rank": "2", "page": "5", "url": "http://www.gutenberg.org/files/15716/15716-h/15716-h.htm", "windowLocation": "http://localhost:7001/result?query=cow&page=5"}
{"type": "searchResultGenerated", "timestamp": "2026-02-20T10:57:28.500Z", "sessionID": "49bc6769-02b6-479e-9ed2-a7d2e0cb064a", "query": "cow", "docid": "6692", "rank": "3", "page": "5", "url": "http://www.gutenberg.org/files/4086/4086-h/4086-h.htm", "windowLocation": "http://localhost:7001/result?query=cow&page=5"}
{"type": "searchResultGenerated", "timestamp": "2026-02-20T10:57:28.500Z", "sessionID": "49bc6769-02b6-479e-9ed2-a7d2e0cb064a", "query": "cow", "docid": "1508", "rank": "4", "page": "5", "url": "http://www.gutenberg.org/files/15373/15373-h/15373-h.htm#magician", "windowLocation": "http://localhost:7001/result?query=cow&page=5"}
{"type": "searchResultGenerated", "timestamp": "2026-02-20T10:57:28.500Z", "sessionID": "49bc6769-02b6-479e-9ed2-a7d2e0cb064a", "query": "cow", "docid": "5747", "rank": "5", "page": "5", "url": "http://www.gutenberg.org/files/24939/24939-h/24939-h.htm#Page_51", "windowLocation": "http://localhost:7001/result?query=cow&page=5"}
{"type": "searchResultGenerated", "timestamp": "2026-02-20T10:57:28.500Z", "sessionID": "49bc6769-02b6-479e-9ed2-a7d2e0cb064a", "query": "cow", "docid": "5561", "rank": "6", "page": "5", "url": "http://www.gutenberg.org/files/28136/28136-h/28136-h.htm#Page_43", "windowLocation": "http://localhost:7001/result?query=cow&page=5"}
{"type": "searchResultGenerated", "timestamp": "2026-02-20T10:57:28.501Z", "sessionID": "49bc6769-02b6-479e-9ed2-a7d2e0cb064a", "query": "cow", "docid": "5574", "rank": "7", "page": "5", "url": "http://www.gutenberg.org/files/28135/28135-h/28135-h.htm#Page_13", "windowLocation": "http://localhost:7001/result?query=cow&page=5"}
{"type": "searchResultGenerated", "timestamp": "2026-02-20T10:57:28.501Z", "sessionID": "49bc6769-02b6-479e-9ed2-a7d2e0cb064a", "query": "cow", "docid": "6543", "rank": "8", "page": "5", "url": "http://www.gutenberg.org/files/19207/19207-h/19207-h.htm", "windowLocation": "http://localhost:7001/result?query=cow&page=5"}
{"type": "searchResultGenerated", "timestamp": "2026-02-20T10:57:28.501Z", "sessionID": "49bc6769-02b6-479e-9ed2-a7d2e0cb064a", "query": "cow", "docid": "4831", "rank": "9", "page": "5", "url": "http://www.gutenberg.org/files/13437/13437-h/13437-h.htm", "windowLocation": "http://localhost:7001/result?query=cow&page=5"}
{"type": "searchResultGenerated", "timestamp": "2026-02-20T10:57:28.502Z", "sessionID": "49bc6769-02b6-479e-9ed2-a7d2e0cb064a", "query": "cow", "docid": "4973", "rank": "10", "page": "5", "url": "http://www.gutenberg.org/files/8742/8742-h/8742-h.htm", "windowLocation": "http://localhost:7001/result?query=cow&page=5"}
{"type": "cursorEnteredSnippet", "timestamp": "2026-02-20T10:57:28.557Z", "sessionID": "49bc6769-02b6-479e-9ed2-a7d2e0cb064a", "query": "cow", "docid": "1508", "rank": "4", "page": "5"}
{"type": "cursorLeftSnippet", "timestamp": "2026-02-20T10:57:28.806Z", "sessionID": "49bc6769-02b6-479e-9ed2-a7d2e0cb064a", "query": "cow", "docid": "1508", "rank": "4", "page": "5"}
{"type": "cursorEnteredSnippet", "timestamp": "2026-02-20T10:57:28.956Z", "sessionID": "49bc6769-02b6-479e-9ed2-a7d2e0cb064a", "query": "cow", "docid": "1508", "rank": "4", "page": "5"}
{"type": "clickedResult", "timestamp": "2026-02-20T10:57:29.235Z", "sessionID": "49bc6769-02b6-479e-9ed2-a7d2e0cb064a", "query": "cow", "rank": "4", "page": "5", "url": "http://www.gutenberg.org/files/15373/15373-h/15373-h.htm#magician", "windowLocation": "http://localhost:7001/result?query=cow&page=5"}
{"type": "cursorLeftSnippet", "timestamp": "2026-02-20T10:57:29.857Z", "sessionID": "49bc6769-02b6-479e-9ed2-a7d2e0cb064a", "query": "cow", "docid": "1508", "rank": "4", "page": "5"}
{"type": "ClickedEndTask", "timestamp": "2026-02-20T10:57:33.026Z", "sessionID": "49bc6769-02b6-479e-9ed2-a7d2e0cb064a"}
{"type": "TaskEndConfirmed", "timestamp": "2026-02-20T10:57:33.777Z", "sessionID": "49bc6769-02b6-479e-9ed2-a7d2e0cb064a"}
