{"type": "TaskStarted", "timestamp": "2026-03-02T15:23:22.986Z", "sessionID": "88948d63-fd6f-4458-ae33-bf53dbcb81c4"}
{"type": "idSubmitted", "timestamp": "2026-03-02T15:23:22.987Z", "sessionID": "88948d63-fd6f-4458-ae33-bf53dbcb81c4", "uid": "Participant26"}
{"type": "queryBoxFocused", "timestamp": "2026-03-02T15:23:24.156Z", "sessionID": "88948d63-fd6f-4458-ae33-bf53dbcb81c4"}
{"type": "querySubmitted", "timestamp": "2026-03-02T15:23:25.628Z", "sessionID": "88948d63-fd6f-4458-ae33-bf53dbcb81c4", "query": "robin"}
{"type": "searchResultGenerated", "timestamp": "2026-03-02T15:23:26.084Z", "sessionID": "88948d63-fd6f-4458-ae33-bf53dbcb81c4", "query": "robin", "docid": "7024", "rank": "1", "page": "1", "url": "http://www.gutenberg.org/files/25359/25359-h/25359-h.htm#WEEROBIN", "windowLocation": "http://localhost:7001/result?query=robin&page=1", "history": "[\"http://localhost:7001/result?query=robin&page=1\"]"}
{"type": "searchResultGenerated", "timestamp": "2026-03-02T15:23:26.084Z", "sessionID": "88948d63-fd6f-4458-ae33-bf53dbcb81c4", "query": "robin", "docid": "1558", "rank": "2", "page": "1", "url": "http://www.gutenberg.org/cache/epub/6323/pg6323-images.html", "windowLocation": "http://localhost:7001/result?query=robin&page=1", "history": "[\"http://localhost:7001/result?query=robin&page=1\"]"}
{"type": "searchResultGenerated", "timestamp": "2026-03-02T15:23:26.084Z", "sessionID": "88948d63-fd6f-4458-ae33-bf53dbcb81c4", "query": "robin", "docid": "1260", "rank": "3", "page": "1", "url": "http://www.gutenberg.org/cache/epub/4265/pg4265-images.html", "windowLocation": "http://localhost:7001/result?query=robin&page=1", "history": "[\"http://localhost:7001/result?query=robin&page=1\"]"}
{"type": "searchResultGenerated", "timestamp": "2026-03-02T15:23:26.084Z", "sessionID": "88948d63-fd6f-4458-ae33-bf53dbcb81c4", "query": "robin", "docid": "1551", "rank": "4", "page": "1", "url": "http://www.gutenberg.org/cache/epub/6323/pg6323-images.html", "windowLocation": "http://localhost:7001/result?query=robin&page=1", "history": "[\"http://localhost:7001/result?query=robin&page=1\"]"}
{"type": "searchResultGenerated", "timestamp": "2026-03-02T15:23:26.084Z", "sessionID": "88948d63-fd6f-4458-ae33-bf53dbcb81c4", "query": "robin", "docid": "1556", "rank": "5", "page": "1", "url": "http://www.gutenberg.org/cache/epub/6323/pg6323-images.html", "windowLocation": "http://localhost:7001/result?query=robin&page=1", "history": "[\"http://localhost:7001/result?query=robin&page=1\"]"}
{"type": "searchResultGenerated", "timestamp": "2026-03-02T15:23:26.084Z", "sessionID": "88948d63-fd6f-4458-ae33-bf53dbcb81c4", "query": "robin", "docid": "1553", "rank": "6", "page": "1", "url": "http://www.gutenberg.org/cache/epub/6323/pg6323-images.html", "windowLocation": "http://localhost:7001/result?query=robin&page=1", "history": "[\"http://localhost:7001/result?query=robin&page=1\"]"}
{"type": "searchResultGenerated", "timestamp": "2026-03-02T15:23:26.084Z", "sessionID": "88948d63-fd6f-4458-ae33-bf53dbcb81c4", "query": "robin", "docid": "1555", "rank": "7", "page": "1", "url": "http://www.gutenberg.org/cache/epub/6323/pg6323-images.html", "windowLocation": "http://localhost:7001/result?query=robin&page=1", "history": "[\"http://localhost:7001/result?query=robin&page=1\"]"}
{"type": "searchResultGenerated", "timestamp": "2026-03-02T15:23:26.084Z", "sessionID": "88948d63-fd6f-4458-ae33-bf53dbcb81c4", "query": "robin", "docid": "1554", "rank": "8", "page": "1", "url": "http://www.gutenberg.org/cache/epub/6323/pg6323-images.html", "windowLocation": "http://localhost:7001/result?query=robin&page=1", "history": "[\"http://localhost:7001/result?query=robin&page=1\"]"}
{"type": "searchResultGenerated", "timestamp": "2026-03-02T15:23:26.084Z", "sessionID": "88948d63-fd6f-4458-ae33-bf53dbcb81c4", "query": "robin", "docid": "6494", "rank": "9", "page": "1", "url": "http://www.gutenberg.org/files/21203/21203-h/21203-h.htm", "windowLocation": "http://localhost:7001/result?query=robin&page=1", "history": "[\"http://localhost:7001/result?query=robin&page=1\"]"}
{"type": "searchResultGenerated", "timestamp": "2026-03-02T15:23:26.085Z", "sessionID": "88948d63-fd6f-4458-ae33-bf53dbcb81c4", "query": "robin", "docid": "5590", "rank": "10", "page": "1", "url": "http://www.gutenberg.org/files/28140/28140-h/28140-h.htm#Page_181", "windowLocation": "http://localhost:7001/result?query=robin&page=1", "history": "[\"http://localhost:7001/result?query=robin&page=1\"]"}
{"type": "cursorEnteredSnippet", "timestamp": "2026-03-02T15:23:27.806Z", "sessionID": "88948d63-fd6f-4458-ae33-bf53dbcb81c4", "query": "robin", "docid": "7024", "rank": "1", "page": "1"}
{"type": "cursorLeftSnippet", "timestamp": "2026-03-02T15:23:27.839Z", "sessionID": "88948d63-fd6f-4458-ae33-bf53dbcb81c4", "query": "robin", "docid": "7024", "rank": "1", "page": "1"}
{"type": "cursorEnteredSnippet", "timestamp": "2026-03-02T15:23:30.056Z", "sessionID": "88948d63-fd6f-4458-ae33-bf53dbcb81c4", "query": "robin", "docid": "5590", "rank": "10", "page": "1"}
{"type": "cursorLeftSnippet", "timestamp": "2026-03-02T15:23:30.139Z", "sessionID": "88948d63-fd6f-4458-ae33-bf53dbcb81c4", "query": "robin", "docid": "5590", "rank": "10", "page": "1"}
{"type": "pageNavigationClicked", "timestamp": "2026-03-02T15:23:30.886Z", "sessionID": "88948d63-fd6f-4458-ae33-bf53dbcb81c4", "clicked": "3", "fromPage": 1, "toPage": 3}
{"type": "searchResultGenerated", "timestamp": "2026-03-02T15:23:31.313Z", "sessionID": "88948d63-fd6f-4458-ae33-bf53dbcb81c4", "query": "robin", "docid": "5795", "rank": "1", "page": "3", "url": "http://www.gutenberg.org/files/19923/19923-h/19923-h.htm#lxxxviii", "windowLocation": "http://localhost:7001/result?query=robin&page=3", "history": "[\"http://localhost:7001/result?query=robin&page=1\",\"http://localhost:7001/result?query=robin&page=3\"]"}
{"type": "searchResultGenerated", "timestamp": "2026-03-02T15:23:31.314Z", "sessionID": "88948d63-fd6f-4458-ae33-bf53dbcb81c4", "query": "robin", "docid": "1289", "rank": "2", "page": "3", "url": "http://www.gutenberg.org/cache/epub/11250/pg11250.html", "windowLocation": "http://localhost:7001/result?query=robin&page=3", "history": "[\"http://localhost:7001/result?query=robin&page=1\",\"http://localhost:7001/result?query=robin&page=3\"]"}
{"type": "cursorEnteredSnippet", "timestamp": "2026-03-02T15:23:34.739Z", "sessionID": "88948d63-fd6f-4458-ae33-bf53dbcb81c4", "query": "robin", "docid": "5795", "rank": "1", "page": "3"}
{"type": "cursorLeftSnippet", "timestamp": "2026-03-02T15:23:34.788Z", "sessionID": "88948d63-fd6f-4458-ae33-bf53dbcb81c4", "query": "robin", "docid": "5795", "rank": "1", "page": "3"}
{"type": "wentBack", "timestamp": "2026-03-02T15:23:35.748Z", "sessionID": "88948d63-fd6f-4458-ae33-bf53dbcb81c4", "query": "robin", "page": "1"}
{"type": "cursorEnteredSnippet", "timestamp": "2026-03-02T15:23:36.505Z", "sessionID": "88948d63-fd6f-4458-ae33-bf53dbcb81c4", "query": "robin", "docid": "1554", "rank": "8", "page": "1"}
{"type": "cursorLeftSnippet", "timestamp": "2026-03-02T15:23:36.907Z", "sessionID": "88948d63-fd6f-4458-ae33-bf53dbcb81c4", "query": "robin", "docid": "1554", "rank": "8", "page": "1"}
{"type": "cursorEnteredSnippet", "timestamp": "2026-03-02T15:23:37.689Z", "sessionID": "88948d63-fd6f-4458-ae33-bf53dbcb81c4", "query": "robin", "docid": "1554", "rank": "8", "page": "1"}
{"type": "cursorLeftSnippet", "timestamp": "2026-03-02T15:23:37.739Z", "sessionID": "88948d63-fd6f-4458-ae33-bf53dbcb81c4", "query": "robin", "docid": "1554", "rank": "8", "page": "1"}
{"type": "cursorEnteredSnippet", "timestamp": "2026-03-02T15:23:37.739Z", "sessionID": "88948d63-fd6f-4458-ae33-bf53dbcb81c4", "query": "robin", "docid": "6494", "rank": "9", "page": "1"}
{"type": "cursorLeftSnippet", "timestamp": "2026-03-02T15:23:37.772Z", "sessionID": "88948d63-fd6f-4458-ae33-bf53dbcb81c4", "query": "robin", "docid": "6494", "rank": "9", "page": "1"}
{"type": "cursorEnteredSnippet", "timestamp": "2026-03-02T15:23:37.772Z", "sessionID": "88948d63-fd6f-4458-ae33-bf53dbcb81c4", "query": "robin", "docid": "5590", "rank": "10", "page": "1"}
{"type": "cursorLeftSnippet", "timestamp": "2026-03-02T15:23:37.789Z", "sessionID": "88948d63-fd6f-4458-ae33-bf53dbcb81c4", "query": "robin", "docid": "5590", "rank": "10", "page": "1"}
{"type": "cursorEnteredSnippet", "timestamp": "2026-03-02T15:23:38.322Z", "sessionID": "88948d63-fd6f-4458-ae33-bf53dbcb81c4", "query": "robin", "docid": "5590", "rank": "10", "page": "1"}
{"type": "cursorLeftSnippet", "timestamp": "2026-03-02T15:23:38.355Z", "sessionID": "88948d63-fd6f-4458-ae33-bf53dbcb81c4", "query": "robin", "docid": "5590", "rank": "10", "page": "1"}
{"type": "cursorEnteredSnippet", "timestamp": "2026-03-02T15:23:38.355Z", "sessionID": "88948d63-fd6f-4458-ae33-bf53dbcb81c4", "query": "robin", "docid": "6494", "rank": "9", "page": "1"}
{"type": "cursorLeftSnippet", "timestamp": "2026-03-02T15:23:38.405Z", "sessionID": "88948d63-fd6f-4458-ae33-bf53dbcb81c4", "query": "robin", "docid": "6494", "rank": "9", "page": "1"}
{"type": "cursorEnteredSnippet", "timestamp": "2026-03-02T15:23:38.405Z", "sessionID": "88948d63-fd6f-4458-ae33-bf53dbcb81c4", "query": "robin", "docid": "1554", "rank": "8", "page": "1"}
{"type": "cursorLeftSnippet", "timestamp": "2026-03-02T15:23:38.455Z", "sessionID": "88948d63-fd6f-4458-ae33-bf53dbcb81c4", "query": "robin", "docid": "1554", "rank": "8", "page": "1"}
{"type": "queryBoxFocused", "timestamp": "2026-03-02T15:23:38.895Z", "sessionID": "88948d63-fd6f-4458-ae33-bf53dbcb81c4"}
{"type": "querySubmitted", "timestamp": "2026-03-02T15:23:40.197Z", "sessionID": "88948d63-fd6f-4458-ae33-bf53dbcb81c4", "query": "ducks"}
{"type": "searchResultGenerated", "timestamp": "2026-03-02T15:23:40.532Z", "sessionID": "88948d63-fd6f-4458-ae33-bf53dbcb81c4", "query": "ducks", "docid": "2938", "rank": "1", "page": "1", "url": "https://www.africanstorybook.org/#", "windowLocation": "http://localhost:7001/result?query=ducks&page=1", "history": "[\"http://localhost:7001/result?query=robin&page=1\",\"http://localhost:7001/result?query=ducks&page=1\"]"}
{"type": "searchResultGenerated", "timestamp": "2026-03-02T15:23:40.532Z", "sessionID": "88948d63-fd6f-4458-ae33-bf53dbcb81c4", "query": "ducks", "docid": "5607", "rank": "2", "page": "1", "url": "http://www.gutenberg.org/files/15170/15170-h/15170-h.htm#mirror", "windowLocation": "http://localhost:7001/result?query=ducks&page=1", "history": "[\"http://localhost:7001/result?query=robin&page=1\",\"http://localhost:7001/result?query=ducks&page=1\"]"}
{"type": "searchResultGenerated", "timestamp": "2026-03-02T15:23:40.533Z", "sessionID": "88948d63-fd6f-4458-ae33-bf53dbcb81c4", "query": "ducks", "docid": "5292", "rank": "3", "page": "1", "url": "http://www.gutenberg.org/files/40756/40756-h/40756-h.htm#Page_135", "windowLocation": "http://localhost:7001/result?query=ducks&page=1", "history": "[\"http://localhost:7001/result?query=robin&page=1\",\"http://localhost:7001/result?query=ducks&page=1\"]"}
{"type": "searchResultGenerated", "timestamp": "2026-03-02T15:23:40.533Z", "sessionID": "88948d63-fd6f-4458-ae33-bf53dbcb81c4", "query": "ducks", "docid": "5499", "rank": "4", "page": "1", "url": "http://www.gutenberg.org/files/28130/28130-h/28130-h.htm#Page_57", "windowLocation": "http://localhost:7001/result?query=ducks&page=1", "history": "[\"http://localhost:7001/result?query=robin&page=1\",\"http://localhost:7001/result?query=ducks&page=1\"]"}
{"type": "searchResultGenerated", "timestamp": "2026-03-02T15:23:40.534Z", "sessionID": "88948d63-fd6f-4458-ae33-bf53dbcb81c4", "query": "ducks", "docid": "5642", "rank": "5", "page": "1", "url": "http://www.gutenberg.org/files/16522/16522-h/16522-h.htm#ELSIES_DUCKS", "windowLocation": "http://localhost:7001/result?query=ducks&page=1", "history": "[\"http://localhost:7001/result?query=robin&page=1\",\"http://localhost:7001/result?query=ducks&page=1\"]"}
{"type": "searchResultGenerated", "timestamp": "2026-03-02T15:23:40.534Z", "sessionID": "88948d63-fd6f-4458-ae33-bf53dbcb81c4", "query": "ducks", "docid": "4817", "rank": "6", "page": "1", "url": "http://www.gutenberg.org/files/902/902-h/902-h.htm", "windowLocation": "http://localhost:7001/result?query=ducks&page=1", "history": "[\"http://localhost:7001/result?query=robin&page=1\",\"http://localhost:7001/result?query=ducks&page=1\"]"}
{"type": "searchResultGenerated", "timestamp": "2026-03-02T15:23:40.534Z", "sessionID": "88948d63-fd6f-4458-ae33-bf53dbcb81c4", "query": "ducks", "docid": "4970", "rank": "7", "page": "1", "url": "http://www.gutenberg.org/files/8950/8950-h/8950-h.htm", "windowLocation": "http://localhost:7001/result?query=ducks&page=1", "history": "[\"http://localhost:7001/result?query=robin&page=1\",\"http://localhost:7001/result?query=ducks&page=1\"]"}
{"type": "searchResultGenerated", "timestamp": "2026-03-02T15:23:40.534Z", "sessionID": "88948d63-fd6f-4458-ae33-bf53dbcb81c4", "query": "ducks", "docid": "6202", "rank": "8", "page": "1", "url": "http://www.gutenberg.org/files/16891/16891-h/16891-h.htm", "windowLocation": "http://localhost:7001/result?query=ducks&page=1", "history": "[\"http://localhost:7001/result?query=robin&page=1\",\"http://localhost:7001/result?query=ducks&page=1\"]"}
{"type": "searchResultGenerated", "timestamp": "2026-03-02T15:23:40.535Z", "sessionID": "88948d63-fd6f-4458-ae33-bf53dbcb81c4", "query": "ducks", "docid": "5714", "rank": "9", "page": "1", "url": "http://www.gutenberg.org/files/24940/24940-h/24940-h.htm#Page_69", "windowLocation": "http://localhost:7001/result?query=ducks&page=1", "history": "[\"http://localhost:7001/result?query=robin&page=1\",\"http://localhost:7001/result?query=ducks&page=1\"]"}
{"type": "searchResultGenerated", "timestamp": "2026-03-02T15:23:40.535Z", "sessionID": "88948d63-fd6f-4458-ae33-bf53dbcb81c4", "query": "ducks", "docid": "5589", "rank": "10", "page": "1", "url": "http://www.gutenberg.org/files/28133/28133-h/28133-h.htm#Page_139", "windowLocation": "http://localhost:7001/result?query=ducks&page=1", "history": "[\"http://localhost:7001/result?query=robin&page=1\",\"http://localhost:7001/result?query=ducks&page=1\"]"}
{"type": "cursorEnteredSnippet", "timestamp": "2026-03-02T15:23:41.521Z", "sessionID": "88948d63-fd6f-4458-ae33-bf53dbcb81c4", "query": "ducks", "docid": "2938", "rank": "1", "page": "1"}
{"type": "cursorLeftSnippet", "timestamp": "2026-03-02T15:23:41.588Z", "sessionID": "88948d63-fd6f-4458-ae33-bf53dbcb81c4", "query": "ducks", "docid": "2938", "rank": "1", "page": "1"}
{"type": "cursorEnteredSnippet", "timestamp": "2026-03-02T15:23:41.588Z", "sessionID": "88948d63-fd6f-4458-ae33-bf53dbcb81c4", "query": "ducks", "docid": "5607", "rank": "2", "page": "1"}
{"type": "cursorLeftSnippet", "timestamp": "2026-03-02T15:23:41.605Z", "sessionID": "88948d63-fd6f-4458-ae33-bf53dbcb81c4", "query": "ducks", "docid": "5607", "rank": "2", "page": "1"}
{"type": "cursorEnteredSnippet", "timestamp": "2026-03-02T15:23:43.088Z", "sessionID": "88948d63-fd6f-4458-ae33-bf53dbcb81c4", "query": "ducks", "docid": "5589", "rank": "10", "page": "1"}
{"type": "cursorLeftSnippet", "timestamp": "2026-03-02T15:23:43.138Z", "sessionID": "88948d63-fd6f-4458-ae33-bf53dbcb81c4", "query": "ducks", "docid": "5589", "rank": "10", "page": "1"}
{"type": "pageNavigationClicked", "timestamp": "2026-03-02T15:23:43.833Z", "sessionID": "88948d63-fd6f-4458-ae33-bf53dbcb81c4", "clicked": "4", "fromPage": 1, "toPage": 4}
{"type": "searchResultGenerated", "timestamp": "2026-03-02T15:23:44.195Z", "sessionID": "88948d63-fd6f-4458-ae33-bf53dbcb81c4", "query": "ducks", "docid": "7041", "rank": "1", "page": "4", "url": "http://www.gutenberg.org/files/25359/25359-h/25359-h.htm#Page_304", "windowLocation": "http://localhost:7001/result?query=ducks&page=4", "history": "[\"http://localhost:7001/result?query=robin&page=1\",\"http://localhost:7001/result?query=ducks&page=1\",\"http://localhost:7001/result?query=ducks&page=4\"]"}
{"type": "searchResultGenerated", "timestamp": "2026-03-02T15:23:44.195Z", "sessionID": "88948d63-fd6f-4458-ae33-bf53dbcb81c4", "query": "ducks", "docid": "3213", "rank": "2", "page": "4", "url": "https://freekidsbooks.org/wp-content/uploads/2020/06/the-dance-of-the-flamingo-Pratham-FKB.pdf", "windowLocation": "http://localhost:7001/result?query=ducks&page=4", "history": "[\"http://localhost:7001/result?query=robin&page=1\",\"http://localhost:7001/result?query=ducks&page=1\",\"http://localhost:7001/result?query=ducks&page=4\"]"}
{"type": "cursorEnteredSnippet", "timestamp": "2026-03-02T15:23:44.705Z", "sessionID": "88948d63-fd6f-4458-ae33-bf53dbcb81c4", "query": "ducks", "docid": "3213", "rank": "2", "page": "4"}
{"type": "cursorLeftSnippet", "timestamp": "2026-03-02T15:23:44.722Z", "sessionID": "88948d63-fd6f-4458-ae33-bf53dbcb81c4", "query": "ducks", "docid": "3213", "rank": "2", "page": "4"}
{"type": "wentBack", "timestamp": "2026-03-02T15:23:45.934Z", "sessionID": "88948d63-fd6f-4458-ae33-bf53dbcb81c4", "query": "ducks", "page": "1"}
{"type": "wentBack", "timestamp": "2026-03-02T15:23:48.604Z", "sessionID": "88948d63-fd6f-4458-ae33-bf53dbcb81c4", "query": "robin", "page": "1"}
{"type": "ClickedEndTask", "timestamp": "2026-03-02T15:23:52.009Z", "sessionID": "88948d63-fd6f-4458-ae33-bf53dbcb81c4"}
{"type": "TaskEndConfirmed", "timestamp": "2026-03-02T15:23:52.803Z", "sessionID": "88948d63-fd6f-4458-ae33-bf53dbcb81c4"}
