{"type": "TaskStarted", "timestamp": "2026-02-20T10:53:14.912Z", "sessionID": "1fbe97f8-d58e-40d5-8ce4-6c44b42f2bce"}
{"type": "idSubmitted", "timestamp": "2026-02-20T10:53:14.914Z", "sessionID": "1fbe97f8-d58e-40d5-8ce4-6c44b42f2bce", "uid": "Participant33"}
{"type": "queryBoxFocused", "timestamp": "2026-02-20T10:53:16.106Z", "sessionID": "1fbe97f8-d58e-40d5-8ce4-6c44b42f2bce"}
{"type": "querySubmitted", "timestamp": "2026-02-20T10:53:17.429Z", "sessionID": "1fbe97f8-d58e-40d5-8ce4-6c44b42f2bce", "query": "ducks"}
{"type": "searchResultGenerated", "timestamp": "2026-02-20T10:53:18.369Z", "sessionID": "1fbe97f8-d58e-40d5-8ce4-6c44b42f2bce", "query": "ducks", "docid": "2938", "rank": "1", "page": "1", "url": "https://www.africanstorybook.org/#", "windowLocation": "http://localhost:7001/result?query=ducks&page=1"}
{"type": "searchResultGenerated", "timestamp": "2026-02-20T10:53:18.369Z", "sessionID": "1fbe97f8-d58e-40d5-8ce4-6c44b42f2bce", "query": "ducks", "docid": "5607", "rank": "2", "page": "1", "url": "http://www.gutenberg.org/files/15170/15170-h/15170-h.htm#mirror", "windowLocation": "http://localhost:7001/result?query=ducks&page=1?query=ducks&page=1"}
{"type": "searchResultGenerated", "timestamp": "2026-02-20T10:53:18.385Z", "sessionID": "1fbe97f8-d58e-40d5-8ce4-6c44b42f2bce", "query": "ducks", "docid": "5292", "rank": "3", "page": "1", "url": "http://www.gutenberg.org/files/40756/40756-h/40756-h.htm#Page_135", "windowLocation": "http://localhost:7001/result?query=ducks&page=1?query=ducks&page=1?query=ducks&page=1"}
{"type": "searchResultGenerated", "timestamp": "2026-02-20T10:53:18.385Z", "sessionID": "1fbe97f8-d58e-40d5-8ce4-6c44b42f2bce", "query": "ducks", "docid": "5499", "rank": "4", "page": "1", "url": "http://www.gutenberg.org/files/28130/28130-h/28130-h.htm#Page_57", "windowLocation": "http://localhost:7001/result?query=ducks&page=1?query=ducks&page=1?query=ducks&page=1?query=ducks&page=1"}
{"type": "searchResultGenerated", "timestamp": "2026-02-20T10:53:18.386Z", "sessionID": "1fbe97f8-d58e-40d5-8ce4-6c44b42f2bce", "query": "ducks", "docid": "5642", "rank": "5", "page": "1", "url": "http://www.gutenberg.org/files/16522/16522-h/16522-h.htm#ELSIES_DUCKS", "windowLocation": "http://localhost:7001/result?query=ducks&page=1?query=ducks&page=1?query=ducks&page=1?query=ducks&page=1?query=ducks&page=1"}
{"type": "searchResultGenerated", "timestamp": "2026-02-20T10:53:18.386Z", "sessionID": "1fbe97f8-d58e-40d5-8ce4-6c44b42f2bce", "query": "ducks", "docid": "4817", "rank": "6", "page": "1", "url": "http://www.gutenberg.org/files/902/902-h/902-h.htm", "windowLocation": "http://localhost:7001/result?query=ducks&page=1?query=ducks&page=1?query=ducks&page=1?query=ducks&page=1?query=ducks&page=1?query=ducks&page=1"}
{"type": "searchResultGenerated", "timestamp": "2026-02-20T10:53:18.386Z", "sessionID": "1fbe97f8-d58e-40d5-8ce4-6c44b42f2bce", "query": "ducks", "docid": "4970", "rank": "7", "page": "1", "url": "http://www.gutenberg.org/files/8950/8950-h/8950-h.htm", "windowLocation": "http://localhost:7001/result?query=ducks&page=1?query=ducks&page=1?query=ducks&page=1?query=ducks&page=1?query=ducks&page=1?query=ducks&page=1?query=ducks&page=1"}
{"type": "searchResultGenerated", "timestamp": "2026-02-20T10:53:18.386Z", "sessionID": "1fbe97f8-d58e-40d5-8ce4-6c44b42f2bce", "query": "ducks", "docid": "6202", "rank": "8", "page": "1", "url": "http://www.gutenberg.org/files/16891/16891-h/16891-h.htm", "windowLocation": "http://localhost:7001/result?query=ducks&page=1?query=ducks&page=1?query=ducks&page=1?query=ducks&page=1?query=ducks&page=1?query=ducks&page=1?query=ducks&page=1?query=ducks&page=1"}
{"type": "searchResultGenerated", "timestamp": "2026-02-20T10:53:18.386Z", "sessionID": "1fbe97f8-d58e-40d5-8ce4-6c44b42f2bce", "query": "ducks", "docid": "5714", "rank": "9", "page": "1", "url": "http://www.gutenberg.org/files/24940/24940-h/24940-h.htm#Page_69", "windowLocation": "http://localhost:7001/result?query=ducks&page=1?query=ducks&page=1?query=ducks&page=1?query=ducks&page=1?query=ducks&page=1?query=ducks&page=1?query=ducks&page=1?query=ducks&page=1?query=ducks&page=1"}
{"type": "searchResultGenerated", "timestamp": "2026-02-20T10:53:18.386Z", "sessionID": "1fbe97f8-d58e-40d5-8ce4-6c44b42f2bce", "query": "ducks", "docid": "5589", "rank": "10", "page": "1", "url": "http://www.gutenberg.org/files/28133/28133-h/28133-h.htm#Page_139", "windowLocation": "http://localhost:7001/result?query=ducks&page=1?query=ducks&page=1?query=ducks&page=1?query=ducks&page=1?query=ducks&page=1?query=ducks&page=1?query=ducks&page=1?query=ducks&page=1?query=ducks&page=1?query=ducks&page=1"}
{"type": "cursorEnteredSnippet", "timestamp": "2026-02-20T10:53:18.585Z", "sessionID": "1fbe97f8-d58e-40d5-8ce4-6c44b42f2bce", "query": "ducks", "docid": "2938", "rank": "1", "page": "1"}
{"type": "cursorLeftSnippet", "timestamp": "2026-02-20T10:53:18.635Z", "sessionID": "1fbe97f8-d58e-40d5-8ce4-6c44b42f2bce", "query": "ducks", "docid": "2938", "rank": "1", "page": "1"}
{"type": "cursorEnteredSnippet", "timestamp": "2026-02-20T10:53:18.635Z", "sessionID": "1fbe97f8-d58e-40d5-8ce4-6c44b42f2bce", "query": "ducks", "docid": "5607", "rank": "2", "page": "1"}
{"type": "cursorLeftSnippet", "timestamp": "2026-02-20T10:53:18.685Z", "sessionID": "1fbe97f8-d58e-40d5-8ce4-6c44b42f2bce", "query": "ducks", "docid": "5607", "rank": "2", "page": "1"}
{"type": "cursorEnteredSnippet", "timestamp": "2026-02-20T10:53:18.702Z", "sessionID": "1fbe97f8-d58e-40d5-8ce4-6c44b42f2bce", "query": "ducks", "docid": "5292", "rank": "3", "page": "1"}
{"type": "clickedResult", "timestamp": "2026-02-20T10:53:19.310Z", "sessionID": "1fbe97f8-d58e-40d5-8ce4-6c44b42f2bce", "query": "ducks", "rank": "3", "page": "1", "url": "http://www.gutenberg.org/files/40756/40756-h/40756-h.htm#Page_135"}
{"type": "cursorLeftSnippet", "timestamp": "2026-02-20T10:53:19.460Z", "sessionID": "1fbe97f8-d58e-40d5-8ce4-6c44b42f2bce", "query": "ducks", "docid": "5292", "rank": "3", "page": "1"}
{"type": "searchResultGenerated", "timestamp": "2026-02-20T10:53:21.257Z", "sessionID": "1fbe97f8-d58e-40d5-8ce4-6c44b42f2bce", "query": "ducks", "docid": "2938", "rank": "1", "page": "1", "url": "https://www.africanstorybook.org/#", "windowLocation": "http://localhost:7001/result?query=ducks&page=1"}
{"type": "searchResultGenerated", "timestamp": "2026-02-20T10:53:21.257Z", "sessionID": "1fbe97f8-d58e-40d5-8ce4-6c44b42f2bce", "query": "ducks", "docid": "5607", "rank": "2", "page": "1", "url": "http://www.gutenberg.org/files/15170/15170-h/15170-h.htm#mirror", "windowLocation": "http://localhost:7001/result?query=ducks&page=1?query=ducks&page=1"}
{"type": "searchResultGenerated", "timestamp": "2026-02-20T10:53:21.258Z", "sessionID": "1fbe97f8-d58e-40d5-8ce4-6c44b42f2bce", "query": "ducks", "docid": "5292", "rank": "3", "page": "1", "url": "http://www.gutenberg.org/files/40756/40756-h/40756-h.htm#Page_135", "windowLocation": "http://localhost:7001/result?query=ducks&page=1?query=ducks&page=1?query=ducks&page=1"}
{"type": "searchResultGenerated", "timestamp": "2026-02-20T10:53:21.258Z", "sessionID": "1fbe97f8-d58e-40d5-8ce4-6c44b42f2bce", "query": "ducks", "docid": "5499", "rank": "4", "page": "1", "url": "http://www.gutenberg.org/files/28130/28130-h/28130-h.htm#Page_57", "windowLocation": "http://localhost:7001/result?query=ducks&page=1?query=ducks&page=1?query=ducks&page=1?query=ducks&page=1"}
{"type": "searchResultGenerated", "timestamp": "2026-02-20T10:53:21.258Z", "sessionID": "1fbe97f8-d58e-40d5-8ce4-6c44b42f2bce", "query": "ducks", "docid": "5642", "rank": "5", "page": "1", "url": "http://www.gutenberg.org/files/16522/16522-h/16522-h.htm#ELSIES_DUCKS", "windowLocation": "http://localhost:7001/result?query=ducks&page=1?query=ducks&page=1?query=ducks&page=1?query=ducks&page=1?query=ducks&page=1"}
{"type": "searchResultGenerated", "timestamp": "2026-02-20T10:53:21.258Z", "sessionID": "1fbe97f8-d58e-40d5-8ce4-6c44b42f2bce", "query": "ducks", "docid": "4817", "rank": "6", "page": "1", "url": "http://www.gutenberg.org/files/902/902-h/902-h.htm", "windowLocation": "http://localhost:7001/result?query=ducks&page=1?query=ducks&page=1?query=ducks&page=1?query=ducks&page=1?query=ducks&page=1?query=ducks&page=1"}
{"type": "searchResultGenerated", "timestamp": "2026-02-20T10:53:21.259Z", "sessionID": "1fbe97f8-d58e-40d5-8ce4-6c44b42f2bce", "query": "ducks", "docid": "4970", "rank": "7", "page": "1", "url": "http://www.gutenberg.org/files/8950/8950-h/8950-h.htm", "windowLocation": "http://localhost:7001/result?query=ducks&page=1?query=ducks&page=1?query=ducks&page=1?query=ducks&page=1?query=ducks&page=1?query=ducks&page=1?query=ducks&page=1"}
{"type": "searchResultGenerated", "timestamp": "2026-02-20T10:53:21.259Z", "sessionID": "1fbe97f8-d58e-40d5-8ce4-6c44b42f2bce", "query": "ducks", "docid": "6202", "rank": "8", "page": "1", "url": "http://www.gutenberg.org/files/16891/16891-h/16891-h.htm", "windowLocation": "http://localhost:7001/result?query=ducks&page=1?query=ducks&page=1?query=ducks&page=1?query=ducks&page=1?query=ducks&page=1?query=ducks&page=1?query=ducks&page=1?query=ducks&page=1"}
{"type": "searchResultGenerated", "timestamp": "2026-02-20T10:53:21.259Z", "sessionID": "1fbe97f8-d58e-40d5-8ce4-6c44b42f2bce", "query": "ducks", "docid": "5714", "rank": "9", "page": "1", "url": "http://www.gutenberg.org/files/24940/24940-h/24940-h.htm#Page_69", "windowLocation": "http://localhost:7001/result?query=ducks&page=1?query=ducks&page=1?query=ducks&page=1?query=ducks&page=1?query=ducks&page=1?query=ducks&page=1?query=ducks&page=1?query=ducks&page=1?query=ducks&page=1"}
{"type": "searchResultGenerated", "timestamp": "2026-02-20T10:53:21.259Z", "sessionID": "1fbe97f8-d58e-40d5-8ce4-6c44b42f2bce", "query": "ducks", "docid": "5589", "rank": "10", "page": "1", "url": "http://www.gutenberg.org/files/28133/28133-h/28133-h.htm#Page_139", "windowLocation": "http://localhost:7001/result?query=ducks&page=1?query=ducks&page=1?query=ducks&page=1?query=ducks&page=1?query=ducks&page=1?query=ducks&page=1?query=ducks&page=1?query=ducks&page=1?query=ducks&page=1?query=ducks&page=1"}
{"type": "cursorEnteredSnippet", "timestamp": "2026-02-20T10:53:21.293Z", "sessionID": "1fbe97f8-d58e-40d5-8ce4-6c44b42f2bce", "query": "ducks", "docid": "5607", "rank": "2", "page": "1"}
{"type": "cursorLeftSnippet", "timestamp": "2026-02-20T10:53:21.335Z", "sessionID": "1fbe97f8-d58e-40d5-8ce4-6c44b42f2bce", "query": "ducks", "docid": "5607", "rank": "2", "page": "1"}
{"type": "cursorEnteredSnippet", "timestamp": "2026-02-20T10:53:21.352Z", "sessionID": "1fbe97f8-d58e-40d5-8ce4-6c44b42f2bce", "query": "ducks", "docid": "5292", "rank": "3", "page": "1"}
{"type": "cursorLeftSnippet", "timestamp": "2026-02-20T10:53:22.703Z", "sessionID": "1fbe97f8-d58e-40d5-8ce4-6c44b42f2bce", "query": "ducks", "docid": "5292", "rank": "3", "page": "1"}
{"type": "cursorEnteredSnippet", "timestamp": "2026-02-20T10:53:22.703Z", "sessionID": "1fbe97f8-d58e-40d5-8ce4-6c44b42f2bce", "query": "ducks", "docid": "5714", "rank": "9", "page": "1"}
{"type": "cursorLeftSnippet", "timestamp": "2026-02-20T10:53:22.851Z", "sessionID": "1fbe97f8-d58e-40d5-8ce4-6c44b42f2bce", "query": "ducks", "docid": "5714", "rank": "9", "page": "1"}
{"type": "cursorEnteredSnippet", "timestamp": "2026-02-20T10:53:22.852Z", "sessionID": "1fbe97f8-d58e-40d5-8ce4-6c44b42f2bce", "query": "ducks", "docid": "5589", "rank": "10", "page": "1"}
{"type": "cursorLeftSnippet", "timestamp": "2026-02-20T10:53:23.018Z", "sessionID": "1fbe97f8-d58e-40d5-8ce4-6c44b42f2bce", "query": "ducks", "docid": "5589", "rank": "10", "page": "1"}
{"type": "pageNavigationClicked", "timestamp": "2026-02-20T10:53:23.430Z", "sessionID": "1fbe97f8-d58e-40d5-8ce4-6c44b42f2bce", "clicked": "4", "fromPage": 1, "toPage": 4}
{"type": "searchResultGenerated", "timestamp": "2026-02-20T10:53:23.663Z", "sessionID": "1fbe97f8-d58e-40d5-8ce4-6c44b42f2bce", "query": "ducks", "docid": "7041", "rank": "1", "page": "4", "url": "http://www.gutenberg.org/files/25359/25359-h/25359-h.htm#Page_304", "windowLocation": "http://localhost:7001/result?query=ducks&page=4"}
{"type": "searchResultGenerated", "timestamp": "2026-02-20T10:53:23.663Z", "sessionID": "1fbe97f8-d58e-40d5-8ce4-6c44b42f2bce", "query": "ducks", "docid": "3213", "rank": "2", "page": "4", "url": "https://freekidsbooks.org/wp-content/uploads/2020/06/the-dance-of-the-flamingo-Pratham-FKB.pdf", "windowLocation": "http://localhost:7001/result?query=ducks&page=4"}
{"type": "cursorEnteredSnippet", "timestamp": "2026-02-20T10:53:23.986Z", "sessionID": "1fbe97f8-d58e-40d5-8ce4-6c44b42f2bce", "query": "ducks", "docid": "3213", "rank": "2", "page": "4"}
{"type": "clickedResult", "timestamp": "2026-02-20T10:53:24.486Z", "sessionID": "1fbe97f8-d58e-40d5-8ce4-6c44b42f2bce", "query": "ducks", "rank": "2", "page": "4", "url": "https://freekidsbooks.org/wp-content/uploads/2020/06/the-dance-of-the-flamingo-Pratham-FKB.pdf"}
{"type": "cursorLeftSnippet", "timestamp": "2026-02-20T10:53:27.792Z", "sessionID": "1fbe97f8-d58e-40d5-8ce4-6c44b42f2bce", "query": "ducks", "docid": "3213", "rank": "2", "page": "4"}
{"type": "cursorEnteredSnippet", "timestamp": "2026-02-20T10:53:30.569Z", "sessionID": "1fbe97f8-d58e-40d5-8ce4-6c44b42f2bce", "query": "ducks", "docid": "7041", "rank": "1", "page": "4"}
{"type": "cursorLeftSnippet", "timestamp": "2026-02-20T10:53:30.665Z", "sessionID": "1fbe97f8-d58e-40d5-8ce4-6c44b42f2bce", "query": "ducks", "docid": "7041", "rank": "1", "page": "4"}
{"type": "cursorEnteredSnippet", "timestamp": "2026-02-20T10:53:30.666Z", "sessionID": "1fbe97f8-d58e-40d5-8ce4-6c44b42f2bce", "query": "ducks", "docid": "3213", "rank": "2", "page": "4"}
{"type": "cursorLeftSnippet", "timestamp": "2026-02-20T10:53:30.735Z", "sessionID": "1fbe97f8-d58e-40d5-8ce4-6c44b42f2bce", "query": "ducks", "docid": "3213", "rank": "2", "page": "4"}
{"type": "pageNavigationClicked", "timestamp": "2026-02-20T10:53:31.392Z", "sessionID": "1fbe97f8-d58e-40d5-8ce4-6c44b42f2bce", "clicked": "2", "fromPage": 4, "toPage": 2}
{"type": "searchResultGenerated", "timestamp": "2026-02-20T10:53:31.760Z", "sessionID": "1fbe97f8-d58e-40d5-8ce4-6c44b42f2bce", "query": "ducks", "docid": "5656", "rank": "1", "page": "2", "url": "http://www.gutenberg.org/files/19821/19821-h/19821-h.htm#keeper", "windowLocation": "http://localhost:7001/result?query=ducks&page=2"}
{"type": "searchResultGenerated", "timestamp": "2026-02-20T10:53:31.760Z", "sessionID": "1fbe97f8-d58e-40d5-8ce4-6c44b42f2bce", "query": "ducks", "docid": "5565", "rank": "2", "page": "2", "url": "http://www.gutenberg.org/files/28131/28131-h/28131-h.htm#Page_94", "windowLocation": "http://localhost:7001/result?query=ducks&page=2"}
{"type": "searchResultGenerated", "timestamp": "2026-02-20T10:53:31.760Z", "sessionID": "1fbe97f8-d58e-40d5-8ce4-6c44b42f2bce", "query": "ducks", "docid": "7020", "rank": "3", "page": "2", "url": "http://www.gutenberg.org/files/25359/25359-h/25359-h.htm#Page_204", "windowLocation": "http://localhost:7001/result?query=ducks&page=2"}
{"type": "searchResultGenerated", "timestamp": "2026-02-20T10:53:31.761Z", "sessionID": "1fbe97f8-d58e-40d5-8ce4-6c44b42f2bce", "query": "ducks", "docid": "5298", "rank": "4", "page": "2", "url": "http://www.gutenberg.org/files/42156/42156-h/42156-h.htm#Page_197", "windowLocation": "http://localhost:7001/result?query=ducks&page=2"}
{"type": "searchResultGenerated", "timestamp": "2026-02-20T10:53:31.761Z", "sessionID": "1fbe97f8-d58e-40d5-8ce4-6c44b42f2bce", "query": "ducks", "docid": "3810", "rank": "5", "page": "2", "url": "http://www.gutenberg.org/files/2591/2591-h/2591-h.htm", "windowLocation": "http://localhost:7001/result?query=ducks&page=2"}
{"type": "searchResultGenerated", "timestamp": "2026-02-20T10:53:31.761Z", "sessionID": "1fbe97f8-d58e-40d5-8ce4-6c44b42f2bce", "query": "ducks", "docid": "5511", "rank": "6", "page": "2", "url": "http://www.gutenberg.org/files/28138/28138-h/28138-h.htm#Page_100", "windowLocation": "http://localhost:7001/result?query=ducks&page=2"}
{"type": "searchResultGenerated", "timestamp": "2026-02-20T10:53:31.762Z", "sessionID": "1fbe97f8-d58e-40d5-8ce4-6c44b42f2bce", "query": "ducks", "docid": "6117", "rank": "7", "page": "2", "url": "https://www.commonlit.org/texts/excerpt-from-the-adventures-of-huckleberry-finn", "windowLocation": "http://localhost:7001/result?query=ducks&page=2"}
{"type": "searchResultGenerated", "timestamp": "2026-02-20T10:53:31.762Z", "sessionID": "1fbe97f8-d58e-40d5-8ce4-6c44b42f2bce", "query": "ducks", "docid": "6549", "rank": "8", "page": "2", "url": "http://www.gutenberg.org/cache/epub/18606/pg18606-images.html", "windowLocation": "http://localhost:7001/result?query=ducks&page=2"}
{"type": "searchResultGenerated", "timestamp": "2026-02-20T10:53:31.762Z", "sessionID": "1fbe97f8-d58e-40d5-8ce4-6c44b42f2bce", "query": "ducks", "docid": "5405", "rank": "9", "page": "2", "url": "http://www.gutenberg.org/files/14493/14493-h/14493-h.htm#A_DAY_ON_GRANDPAS_FARM", "windowLocation": "http://localhost:7001/result?query=ducks&page=2"}
{"type": "searchResultGenerated", "timestamp": "2026-02-20T10:53:31.763Z", "sessionID": "1fbe97f8-d58e-40d5-8ce4-6c44b42f2bce", "query": "ducks", "docid": "5638", "rank": "10", "page": "2", "url": "http://www.gutenberg.org/files/16524/16524-h/16524-h.htm#CAPTAIN_BOB", "windowLocation": "http://localhost:7001/result?query=ducks&page=2"}
{"type": "cursorEnteredSnippet", "timestamp": "2026-02-20T10:53:32.148Z", "sessionID": "1fbe97f8-d58e-40d5-8ce4-6c44b42f2bce", "query": "ducks", "docid": "7020", "rank": "3", "page": "2"}
{"type": "cursorLeftSnippet", "timestamp": "2026-02-20T10:53:32.168Z", "sessionID": "1fbe97f8-d58e-40d5-8ce4-6c44b42f2bce", "query": "ducks", "docid": "7020", "rank": "3", "page": "2"}
{"type": "cursorEnteredSnippet", "timestamp": "2026-02-20T10:53:32.185Z", "sessionID": "1fbe97f8-d58e-40d5-8ce4-6c44b42f2bce", "query": "ducks", "docid": "5565", "rank": "2", "page": "2"}
{"type": "cursorLeftSnippet", "timestamp": "2026-02-20T10:53:32.252Z", "sessionID": "1fbe97f8-d58e-40d5-8ce4-6c44b42f2bce", "query": "ducks", "docid": "5565", "rank": "2", "page": "2"}
{"type": "cursorEnteredSnippet", "timestamp": "2026-02-20T10:53:32.835Z", "sessionID": "1fbe97f8-d58e-40d5-8ce4-6c44b42f2bce", "query": "ducks", "docid": "5565", "rank": "2", "page": "2"}
{"type": "cursorLeftSnippet", "timestamp": "2026-02-20T10:53:32.852Z", "sessionID": "1fbe97f8-d58e-40d5-8ce4-6c44b42f2bce", "query": "ducks", "docid": "5565", "rank": "2", "page": "2"}
{"type": "cursorEnteredSnippet", "timestamp": "2026-02-20T10:53:32.852Z", "sessionID": "1fbe97f8-d58e-40d5-8ce4-6c44b42f2bce", "query": "ducks", "docid": "7020", "rank": "3", "page": "2"}
{"type": "clickedResult", "timestamp": "2026-02-20T10:53:33.565Z", "sessionID": "1fbe97f8-d58e-40d5-8ce4-6c44b42f2bce", "query": "ducks", "rank": "3", "page": "2", "url": "http://www.gutenberg.org/files/25359/25359-h/25359-h.htm#Page_204"}
{"type": "cursorLeftSnippet", "timestamp": "2026-02-20T10:53:34.120Z", "sessionID": "1fbe97f8-d58e-40d5-8ce4-6c44b42f2bce", "query": "ducks", "docid": "7020", "rank": "3", "page": "2"}
{"type": "queryBoxFocused", "timestamp": "2026-02-20T10:53:36.583Z", "sessionID": "1fbe97f8-d58e-40d5-8ce4-6c44b42f2bce"}
{"type": "querySubmitted", "timestamp": "2026-02-20T10:53:38.223Z", "sessionID": "1fbe97f8-d58e-40d5-8ce4-6c44b42f2bce", "query": "book"}
{"type": "searchResultGenerated", "timestamp": "2026-02-20T10:53:38.687Z", "sessionID": "1fbe97f8-d58e-40d5-8ce4-6c44b42f2bce", "query": "book", "docid": "6622", "rank": "1", "page": "1", "url": "http://www.gutenberg.org/files/24286/24286-h/24286-h.htm", "windowLocation": "http://localhost:7001/result?query=book&page=1"}
{"type": "searchResultGenerated", "timestamp": "2026-02-20T10:53:38.687Z", "sessionID": "1fbe97f8-d58e-40d5-8ce4-6c44b42f2bce", "query": "book", "docid": "2901", "rank": "2", "page": "1", "url": "https://www.commonlit.org/texts/marley-dias-the-13-year-old-activist-author", "windowLocation": "http://localhost:7001/result?query=book&page=1?query=book&page=1"}
{"type": "searchResultGenerated", "timestamp": "2026-02-20T10:53:38.688Z", "sessionID": "1fbe97f8-d58e-40d5-8ce4-6c44b42f2bce", "query": "book", "docid": "7400", "rank": "3", "page": "1", "url": "https://www.digitallibrary.io/en/books/details/3838", "windowLocation": "http://localhost:7001/result?query=book&page=1?query=book&page=1?query=book&page=1"}
{"type": "searchResultGenerated", "timestamp": "2026-02-20T10:53:38.688Z", "sessionID": "1fbe97f8-d58e-40d5-8ce4-6c44b42f2bce", "query": "book", "docid": "7353", "rank": "4", "page": "1", "url": "http://www.gutenberg.org/files/38280/38280-h/38280-h.htm", "windowLocation": "http://localhost:7001/result?query=book&page=1?query=book&page=1?query=book&page=1?query=book&page=1"}
{"type": "searchResultGenerated", "timestamp": "2026-02-20T10:53:38.689Z", "sessionID": "1fbe97f8-d58e-40d5-8ce4-6c44b42f2bce", "query": "book", "docid": "3654", "rank": "5", "page": "1", "url": "http://www.online-literature.com/sherwood-anderson/4783/", "windowLocation": "http://localhost:7001/result?query=book&page=1?query=book&page=1?query=book&page=1?query=book&page=1?query=book&page=1"}
{"type": "searchResultGenerated", "timestamp": "2026-02-20T10:53:38.689Z", "sessionID": "1fbe97f8-d58e-40d5-8ce4-6c44b42f2bce", "query": "book", "docid": "4782", "rank": "6", "page": "1", "url": "http://www.gutenberg.org/files/11945/11945-h/11945-h.htm", "windowLocation": "http://localhost:7001/result?query=book&page=1?query=book&page=1?query=book&page=1?query=book&page=1?query=book&page=1?query=book&page=1"}
{"type": "searchResultGenerated", "timestamp": "2026-02-20T10:53:38.689Z", "sessionID": "1fbe97f8-d58e-40d5-8ce4-6c44b42f2bce", "query": "book", "docid": "1580", "rank": "7", "page": "1", "url": "http://www.gutenberg.org/files/16173/16173-h/16173-h.htm#johnny", "windowLocation": "http://localhost:7001/result?query=book&page=1?query=book&page=1?query=book&page=1?query=book&page=1?query=book&page=1?query=book&page=1?query=book&page=1"}
{"type": "searchResultGenerated", "timestamp": "2026-02-20T10:53:38.690Z", "sessionID": "1fbe97f8-d58e-40d5-8ce4-6c44b42f2bce", "query": "book", "docid": "3685", "rank": "8", "page": "1", "url": "http://www.gutenberg.org/files/38280/38280-h/38280-h.htm", "windowLocation": "http://localhost:7001/result?query=book&page=1?query=book&page=1?query=book&page=1?query=book&page=1?query=book&page=1?query=book&page=1?query=book&page=1?query=book&page=1"}
{"type": "searchResultGenerated", "timestamp": "2026-02-20T10:53:38.690Z", "sessionID": "1fbe97f8-d58e-40d5-8ce4-6c44b42f2bce", "query": "book", "docid": "4629", "rank": "9", "page": "1", "url": "http://www.gutenberg.org/files/16031/16031-h/16031-h.htm", "windowLocation": "http://localhost:7001/result?query=book&page=1?query=book&page=1?query=book&page=1?query=book&page=1?query=book&page=1?query=book&page=1?query=book&page=1?query=book&page=1?query=book&page=1"}
{"type": "searchResultGenerated", "timestamp": "2026-02-20T10:53:38.691Z", "sessionID": "1fbe97f8-d58e-40d5-8ce4-6c44b42f2bce", "query": "book", "docid": "2008", "rank": "10", "page": "1", "url": "https://en.wikipedia.org/wiki/E-reader", "windowLocation": "http://localhost:7001/result?query=book&page=1?query=book&page=1?query=book&page=1?query=book&page=1?query=book&page=1?query=book&page=1?query=book&page=1?query=book&page=1?query=book&page=1?query=book&page=1"}
{"type": "cursorEnteredSnippet", "timestamp": "2026-02-20T10:53:39.268Z", "sessionID": "1fbe97f8-d58e-40d5-8ce4-6c44b42f2bce", "query": "book", "docid": "6622", "rank": "1", "page": "1"}
{"type": "cursorLeftSnippet", "timestamp": "2026-02-20T10:53:39.751Z", "sessionID": "1fbe97f8-d58e-40d5-8ce4-6c44b42f2bce", "query": "book", "docid": "6622", "rank": "1", "page": "1"}
{"type": "cursorEnteredSnippet", "timestamp": "2026-02-20T10:53:39.962Z", "sessionID": "1fbe97f8-d58e-40d5-8ce4-6c44b42f2bce", "query": "book", "docid": "2901", "rank": "2", "page": "1"}
{"type": "clickedResult", "timestamp": "2026-02-20T10:53:40.257Z", "sessionID": "1fbe97f8-d58e-40d5-8ce4-6c44b42f2bce", "query": "book", "rank": "2", "page": "1", "url": "https://www.commonlit.org/texts/marley-dias-the-13-year-old-activist-author"}
{"type": "cursorLeftSnippet", "timestamp": "2026-02-20T10:53:40.828Z", "sessionID": "1fbe97f8-d58e-40d5-8ce4-6c44b42f2bce", "query": "book", "docid": "2901", "rank": "2", "page": "1"}
{"type": "searchResultGenerated", "timestamp": "2026-02-20T10:53:43.631Z", "sessionID": "1fbe97f8-d58e-40d5-8ce4-6c44b42f2bce", "query": "book", "docid": "6622", "rank": "1", "page": "1", "url": "http://www.gutenberg.org/files/24286/24286-h/24286-h.htm", "windowLocation": "http://localhost:7001/result?query=book&page=1"}
{"type": "searchResultGenerated", "timestamp": "2026-02-20T10:53:43.632Z", "sessionID": "1fbe97f8-d58e-40d5-8ce4-6c44b42f2bce", "query": "book", "docid": "2901", "rank": "2", "page": "1", "url": "https://www.commonlit.org/texts/marley-dias-the-13-year-old-activist-author", "windowLocation": "http://localhost:7001/result?query=book&page=1?query=book&page=1"}
{"type": "searchResultGenerated", "timestamp": "2026-02-20T10:53:43.632Z", "sessionID": "1fbe97f8-d58e-40d5-8ce4-6c44b42f2bce", "query": "book", "docid": "7400", "rank": "3", "page": "1", "url": "https://www.digitallibrary.io/en/books/details/3838", "windowLocation": "http://localhost:7001/result?query=book&page=1?query=book&page=1?query=book&page=1"}
{"type": "searchResultGenerated", "timestamp": "2026-02-20T10:53:43.633Z", "sessionID": "1fbe97f8-d58e-40d5-8ce4-6c44b42f2bce", "query": "book", "docid": "7353", "rank": "4", "page": "1", "url": "http://www.gutenberg.org/files/38280/38280-h/38280-h.htm", "windowLocation": "http://localhost:7001/result?query=book&page=1?query=book&page=1?query=book&page=1?query=book&page=1"}
{"type": "searchResultGenerated", "timestamp": "2026-02-20T10:53:43.633Z", "sessionID": "1fbe97f8-d58e-40d5-8ce4-6c44b42f2bce", "query": "book", "docid": "3654", "rank": "5", "page": "1", "url": "http://www.online-literature.com/sherwood-anderson/4783/", "windowLocation": "http://localhost:7001/result?query=book&page=1?query=book&page=1?query=book&page=1?query=book&page=1?query=book&page=1"}
{"type": "searchResultGenerated", "timestamp": "2026-02-20T10:53:43.633Z", "sessionID": "1fbe97f8-d58e-40d5-8ce4-6c44b42f2bce", "query": "book", "docid": "4782", "rank": "6", "page": "1", "url": "http://www.gutenberg.org/files/11945/11945-h/11945-h.htm", "windowLocation": "http://localhost:7001/result?query=book&page=1?query=book&page=1?query=book&page=1?query=book&page=1?query=book&page=1?query=book&page=1"}
{"type": "searchResultGenerated", "timestamp": "2026-02-20T10:53:43.634Z", "sessionID": "1fbe97f8-d58e-40d5-8ce4-6c44b42f2bce", "query": "book", "docid": "1580", "rank": "7", "page": "1", "url": "http://www.gutenberg.org/files/16173/16173-h/16173-h.htm#johnny", "windowLocation": "http://localhost:7001/result?query=book&page=1?query=book&page=1?query=book&page=1?query=book&page=1?query=book&page=1?query=book&page=1?query=book&page=1"}
{"type": "searchResultGenerated", "timestamp": "2026-02-20T10:53:43.634Z", "sessionID": "1fbe97f8-d58e-40d5-8ce4-6c44b42f2bce", "query": "book", "docid": "3685", "rank": "8", "page": "1", "url": "http://www.gutenberg.org/files/38280/38280-h/38280-h.htm", "windowLocation": "http://localhost:7001/result?query=book&page=1?query=book&page=1?query=book&page=1?query=book&page=1?query=book&page=1?query=book&page=1?query=book&page=1?query=book&page=1"}
{"type": "searchResultGenerated", "timestamp": "2026-02-20T10:53:43.635Z", "sessionID": "1fbe97f8-d58e-40d5-8ce4-6c44b42f2bce", "query": "book", "docid": "4629", "rank": "9", "page": "1", "url": "http://www.gutenberg.org/files/16031/16031-h/16031-h.htm", "windowLocation": "http://localhost:7001/result?query=book&page=1?query=book&page=1?query=book&page=1?query=book&page=1?query=book&page=1?query=book&page=1?query=book&page=1?query=book&page=1?query=book&page=1"}
{"type": "searchResultGenerated", "timestamp": "2026-02-20T10:53:43.635Z", "sessionID": "1fbe97f8-d58e-40d5-8ce4-6c44b42f2bce", "query": "book", "docid": "2008", "rank": "10", "page": "1", "url": "https://en.wikipedia.org/wiki/E-reader", "windowLocation": "http://localhost:7001/result?query=book&page=1?query=book&page=1?query=book&page=1?query=book&page=1?query=book&page=1?query=book&page=1?query=book&page=1?query=book&page=1?query=book&page=1?query=book&page=1"}
{"type": "cursorLeftSnippet", "timestamp": "2026-02-20T10:53:43.644Z", "sessionID": "1fbe97f8-d58e-40d5-8ce4-6c44b42f2bce", "query": "book", "docid": "6622", "rank": "1", "page": "1"}
{"type": "cursorEnteredSnippet", "timestamp": "2026-02-20T10:53:43.644Z", "sessionID": "1fbe97f8-d58e-40d5-8ce4-6c44b42f2bce", "query": "book", "docid": "2901", "rank": "2", "page": "1"}
{"type": "cursorLeftSnippet", "timestamp": "2026-02-20T10:53:44.023Z", "sessionID": "1fbe97f8-d58e-40d5-8ce4-6c44b42f2bce", "query": "book", "docid": "2901", "rank": "2", "page": "1"}
{"type": "cursorEnteredSnippet", "timestamp": "2026-02-20T10:53:44.024Z", "sessionID": "1fbe97f8-d58e-40d5-8ce4-6c44b42f2bce", "query": "book", "docid": "7400", "rank": "3", "page": "1"}
{"type": "cursorLeftSnippet", "timestamp": "2026-02-20T10:53:44.057Z", "sessionID": "1fbe97f8-d58e-40d5-8ce4-6c44b42f2bce", "query": "book", "docid": "7400", "rank": "3", "page": "1"}
{"type": "cursorEnteredSnippet", "timestamp": "2026-02-20T10:53:44.057Z", "sessionID": "1fbe97f8-d58e-40d5-8ce4-6c44b42f2bce", "query": "book", "docid": "7353", "rank": "4", "page": "1"}
{"type": "cursorLeftSnippet", "timestamp": "2026-02-20T10:53:44.701Z", "sessionID": "1fbe97f8-d58e-40d5-8ce4-6c44b42f2bce", "query": "book", "docid": "7353", "rank": "4", "page": "1"}
{"type": "cursorEnteredSnippet", "timestamp": "2026-02-20T10:53:44.701Z", "sessionID": "1fbe97f8-d58e-40d5-8ce4-6c44b42f2bce", "query": "book", "docid": "1580", "rank": "7", "page": "1"}
{"type": "cursorLeftSnippet", "timestamp": "2026-02-20T10:53:45.051Z", "sessionID": "1fbe97f8-d58e-40d5-8ce4-6c44b42f2bce", "query": "book", "docid": "1580", "rank": "7", "page": "1"}
{"type": "cursorEnteredSnippet", "timestamp": "2026-02-20T10:53:45.051Z", "sessionID": "1fbe97f8-d58e-40d5-8ce4-6c44b42f2bce", "query": "book", "docid": "3685", "rank": "8", "page": "1"}
{"type": "cursorLeftSnippet", "timestamp": "2026-02-20T10:53:45.300Z", "sessionID": "1fbe97f8-d58e-40d5-8ce4-6c44b42f2bce", "query": "book", "docid": "3685", "rank": "8", "page": "1"}
{"type": "cursorEnteredSnippet", "timestamp": "2026-02-20T10:53:45.317Z", "sessionID": "1fbe97f8-d58e-40d5-8ce4-6c44b42f2bce", "query": "book", "docid": "4629", "rank": "9", "page": "1"}
{"type": "cursorLeftSnippet", "timestamp": "2026-02-20T10:53:45.350Z", "sessionID": "1fbe97f8-d58e-40d5-8ce4-6c44b42f2bce", "query": "book", "docid": "4629", "rank": "9", "page": "1"}
{"type": "cursorEnteredSnippet", "timestamp": "2026-02-20T10:53:45.367Z", "sessionID": "1fbe97f8-d58e-40d5-8ce4-6c44b42f2bce", "query": "book", "docid": "2008", "rank": "10", "page": "1"}
{"type": "cursorLeftSnippet", "timestamp": "2026-02-20T10:53:45.584Z", "sessionID": "1fbe97f8-d58e-40d5-8ce4-6c44b42f2bce", "query": "book", "docid": "2008", "rank": "10", "page": "1"}
{"type": "pageNavigationClicked", "timestamp": "2026-02-20T10:53:46.003Z", "sessionID": "1fbe97f8-d58e-40d5-8ce4-6c44b42f2bce", "clicked": "7", "fromPage": 1, "toPage": 7}
{"type": "cursorEnteredSnippet", "timestamp": "2026-02-20T10:53:46.150Z", "sessionID": "1fbe97f8-d58e-40d5-8ce4-6c44b42f2bce", "query": "book", "docid": "2008", "rank": "10", "page": "1"}
{"type": "searchResultGenerated", "timestamp": "2026-02-20T10:53:46.455Z", "sessionID": "1fbe97f8-d58e-40d5-8ce4-6c44b42f2bce", "query": "book", "docid": "1143", "rank": "1", "page": "7", "url": "http://www.gutenberg.org/cache/epub/157/pg157-images.html", "windowLocation": "http://localhost:7001/result?query=book&page=7"}
{"type": "searchResultGenerated", "timestamp": "2026-02-20T10:53:46.455Z", "sessionID": "1fbe97f8-d58e-40d5-8ce4-6c44b42f2bce", "query": "book", "docid": "3239", "rank": "2", "page": "7", "url": "https://www.africanstorybook.org/#", "windowLocation": "http://localhost:7001/result?query=book&page=7"}
{"type": "searchResultGenerated", "timestamp": "2026-02-20T10:53:46.456Z", "sessionID": "1fbe97f8-d58e-40d5-8ce4-6c44b42f2bce", "query": "book", "docid": "5627", "rank": "3", "page": "7", "url": "http://www.gutenberg.org/files/16522/16522-h/16522-h.htm#WE_THREE", "windowLocation": "http://localhost:7001/result?query=book&page=7"}
{"type": "searchResultGenerated", "timestamp": "2026-02-20T10:53:46.456Z", "sessionID": "1fbe97f8-d58e-40d5-8ce4-6c44b42f2bce", "query": "book", "docid": "5963", "rank": "4", "page": "7", "url": "http://www.gutenberg.org/files/2147/2147-h/2147-h.htm", "windowLocation": "http://localhost:7001/result?query=book&page=7"}
{"type": "searchResultGenerated", "timestamp": "2026-02-20T10:53:46.457Z", "sessionID": "1fbe97f8-d58e-40d5-8ce4-6c44b42f2bce", "query": "book", "docid": "3281", "rank": "5", "page": "7", "url": "https://www.digitallibrary.io/en/books/details/3706", "windowLocation": "http://localhost:7001/result?query=book&page=7"}
{"type": "searchResultGenerated", "timestamp": "2026-02-20T10:53:46.457Z", "sessionID": "1fbe97f8-d58e-40d5-8ce4-6c44b42f2bce", "query": "book", "docid": "5671", "rank": "6", "page": "7", "url": "http://www.gutenberg.org/files/24478/24478-h/24478-h.htm#Page_144", "windowLocation": "http://localhost:7001/result?query=book&page=7"}
{"type": "searchResultGenerated", "timestamp": "2026-02-20T10:53:46.458Z", "sessionID": "1fbe97f8-d58e-40d5-8ce4-6c44b42f2bce", "query": "book", "docid": "6635", "rank": "7", "page": "7", "url": "http://www.gutenberg.org/cache/epub/10540/pg10540-images.html", "windowLocation": "http://localhost:7001/result?query=book&page=7"}
{"type": "searchResultGenerated", "timestamp": "2026-02-20T10:53:46.458Z", "sessionID": "1fbe97f8-d58e-40d5-8ce4-6c44b42f2bce", "query": "book", "docid": "1570", "rank": "8", "page": "7", "url": "http://www.gutenberg.org/files/23926/23926-h/23926-h.htm#PORT", "windowLocation": "http://localhost:7001/result?query=book&page=7"}
{"type": "searchResultGenerated", "timestamp": "2026-02-20T10:53:46.459Z", "sessionID": "1fbe97f8-d58e-40d5-8ce4-6c44b42f2bce", "query": "book", "docid": "4714", "rank": "9", "page": "7", "url": "http://www.gutenberg.org/files/13415/13415-h/13415-h.htm", "windowLocation": "http://localhost:7001/result?query=book&page=7"}
{"type": "searchResultGenerated", "timestamp": "2026-02-20T10:53:46.460Z", "sessionID": "1fbe97f8-d58e-40d5-8ce4-6c44b42f2bce", "query": "book", "docid": "5334", "rank": "10", "page": "7", "url": "http://www.gutenberg.org/files/40757/40757-h/40757-h.htm#Page_185", "windowLocation": "http://localhost:7001/result?query=book&page=7"}
{"type": "cursorEnteredSnippet", "timestamp": "2026-02-20T10:53:46.466Z", "sessionID": "1fbe97f8-d58e-40d5-8ce4-6c44b42f2bce", "query": "book", "docid": "5627", "rank": "3", "page": "7"}
{"type": "clickedResult", "timestamp": "2026-02-20T10:53:47.279Z", "sessionID": "1fbe97f8-d58e-40d5-8ce4-6c44b42f2bce", "query": "book", "rank": "3", "page": "7", "url": "http://www.gutenberg.org/files/16522/16522-h/16522-h.htm#WE_THREE"}
{"type": "cursorLeftSnippet", "timestamp": "2026-02-20T10:53:47.784Z", "sessionID": "1fbe97f8-d58e-40d5-8ce4-6c44b42f2bce", "query": "book", "docid": "5627", "rank": "3", "page": "7"}
{"type": "cursorEnteredSnippet", "timestamp": "2026-02-20T10:53:50.850Z", "sessionID": "1fbe97f8-d58e-40d5-8ce4-6c44b42f2bce", "query": "book", "docid": "1143", "rank": "1", "page": "7"}
{"type": "cursorLeftSnippet", "timestamp": "2026-02-20T10:53:50.934Z", "sessionID": "1fbe97f8-d58e-40d5-8ce4-6c44b42f2bce", "query": "book", "docid": "1143", "rank": "1", "page": "7"}
{"type": "cursorEnteredSnippet", "timestamp": "2026-02-20T10:53:50.934Z", "sessionID": "1fbe97f8-d58e-40d5-8ce4-6c44b42f2bce", "query": "book", "docid": "3239", "rank": "2", "page": "7"}
{"type": "cursorLeftSnippet", "timestamp": "2026-02-20T10:53:51.690Z", "sessionID": "1fbe97f8-d58e-40d5-8ce4-6c44b42f2bce", "query": "book", "docid": "3239", "rank": "2", "page": "7"}
{"type": "cursorEnteredSnippet", "timestamp": "2026-02-20T10:53:51.690Z", "sessionID": "1fbe97f8-d58e-40d5-8ce4-6c44b42f2bce", "query": "book", "docid": "5963", "rank": "4", "page": "7"}
{"type": "cursorLeftSnippet", "timestamp": "2026-02-20T10:53:51.790Z", "sessionID": "1fbe97f8-d58e-40d5-8ce4-6c44b42f2bce", "query": "book", "docid": "5963", "rank": "4", "page": "7"}
{"type": "ClickedEndTask", "timestamp": "2026-02-20T10:53:52.309Z", "sessionID": "1fbe97f8-d58e-40d5-8ce4-6c44b42f2bce"}
{"type": "TaskEndConfirmed", "timestamp": "2026-02-20T10:53:53.201Z", "sessionID": "1fbe97f8-d58e-40d5-8ce4-6c44b42f2bce"}
