{"type": "TaskStarted", "timestamp": "2026-03-03T15:18:05.915Z", "sessionID": "896a1892-eb20-4956-9365-4fb8386d3a52"}
{"type": "idSubmitted", "timestamp": "2026-03-03T15:18:05.918Z", "sessionID": "896a1892-eb20-4956-9365-4fb8386d3a52", "uid": "Participant16"}
{"type": "queryBoxFocused", "timestamp": "2026-03-03T15:18:07.449Z", "sessionID": "896a1892-eb20-4956-9365-4fb8386d3a52"}
{"type": "querySubmitted", "timestamp": "2026-03-03T15:18:11.810Z", "sessionID": "896a1892-eb20-4956-9365-4fb8386d3a52", "query": "ducks"}
{"type": "searchResultGenerated", "timestamp": "2026-03-03T15:18:12.836Z", "sessionID": "896a1892-eb20-4956-9365-4fb8386d3a52", "query": "ducks", "docid": "2938", "rank": "1", "page": "1", "url": "https://www.africanstorybook.org/#", "windowLocation": "http://localhost:7001/result?query=ducks&page=1"}
{"type": "searchResultGenerated", "timestamp": "2026-03-03T15:18:12.837Z", "sessionID": "896a1892-eb20-4956-9365-4fb8386d3a52", "query": "ducks", "docid": "5607", "rank": "2", "page": "1", "url": "http://www.gutenberg.org/files/15170/15170-h/15170-h.htm#mirror", "windowLocation": "http://localhost:7001/result?query=ducks&page=1"}
{"type": "searchResultGenerated", "timestamp": "2026-03-03T15:18:12.837Z", "sessionID": "896a1892-eb20-4956-9365-4fb8386d3a52", "query": "ducks", "docid": "5292", "rank": "3", "page": "1", "url": "http://www.gutenberg.org/files/40756/40756-h/40756-h.htm#Page_135", "windowLocation": "http://localhost:7001/result?query=ducks&page=1"}
{"type": "searchResultGenerated", "timestamp": "2026-03-03T15:18:12.837Z", "sessionID": "896a1892-eb20-4956-9365-4fb8386d3a52", "query": "ducks", "docid": "5499", "rank": "4", "page": "1", "url": "http://www.gutenberg.org/files/28130/28130-h/28130-h.htm#Page_57", "windowLocation": "http://localhost:7001/result?query=ducks&page=1"}
{"type": "searchResultGenerated", "timestamp": "2026-03-03T15:18:12.838Z", "sessionID": "896a1892-eb20-4956-9365-4fb8386d3a52", "query": "ducks", "docid": "5642", "rank": "5", "page": "1", "url": "http://www.gutenberg.org/files/16522/16522-h/16522-h.htm#ELSIES_DUCKS", "windowLocation": "http://localhost:7001/result?query=ducks&page=1"}
{"type": "searchResultGenerated", "timestamp": "2026-03-03T15:18:12.838Z", "sessionID": "896a1892-eb20-4956-9365-4fb8386d3a52", "query": "ducks", "docid": "4817", "rank": "6", "page": "1", "url": "http://www.gutenberg.org/files/902/902-h/902-h.htm", "windowLocation": "http://localhost:7001/result?query=ducks&page=1"}
{"type": "searchResultGenerated", "timestamp": "2026-03-03T15:18:12.838Z", "sessionID": "896a1892-eb20-4956-9365-4fb8386d3a52", "query": "ducks", "docid": "4970", "rank": "7", "page": "1", "url": "http://www.gutenberg.org/files/8950/8950-h/8950-h.htm", "windowLocation": "http://localhost:7001/result?query=ducks&page=1"}
{"type": "searchResultGenerated", "timestamp": "2026-03-03T15:18:12.839Z", "sessionID": "896a1892-eb20-4956-9365-4fb8386d3a52", "query": "ducks", "docid": "6202", "rank": "8", "page": "1", "url": "http://www.gutenberg.org/files/16891/16891-h/16891-h.htm", "windowLocation": "http://localhost:7001/result?query=ducks&page=1"}
{"type": "searchResultGenerated", "timestamp": "2026-03-03T15:18:12.839Z", "sessionID": "896a1892-eb20-4956-9365-4fb8386d3a52", "query": "ducks", "docid": "5714", "rank": "9", "page": "1", "url": "http://www.gutenberg.org/files/24940/24940-h/24940-h.htm#Page_69", "windowLocation": "http://localhost:7001/result?query=ducks&page=1"}
{"type": "searchResultGenerated", "timestamp": "2026-03-03T15:18:12.839Z", "sessionID": "896a1892-eb20-4956-9365-4fb8386d3a52", "query": "ducks", "docid": "5589", "rank": "10", "page": "1", "url": "http://www.gutenberg.org/files/28133/28133-h/28133-h.htm#Page_139", "windowLocation": "http://localhost:7001/result?query=ducks&page=1"}
{"type": "cursorEnteredSnippet", "timestamp": "2026-03-03T15:18:13.139Z", "sessionID": "896a1892-eb20-4956-9365-4fb8386d3a52", "query": "ducks", "docid": "2938", "rank": "1", "page": "1", "windowLocation": "http://localhost:7001/result?query=ducks&page=1"}
{"type": "cursorLeftSnippet", "timestamp": "2026-03-03T15:18:13.239Z", "sessionID": "896a1892-eb20-4956-9365-4fb8386d3a52", "query": "ducks", "docid": "2938", "rank": "1", "page": "1", "windowLocation": "http://localhost:7001/result?query=ducks&page=1"}
{"type": "cursorEnteredSnippet", "timestamp": "2026-03-03T15:18:13.239Z", "sessionID": "896a1892-eb20-4956-9365-4fb8386d3a52", "query": "ducks", "docid": "5607", "rank": "2", "page": "1", "windowLocation": "http://localhost:7001/result?query=ducks&page=1"}
{"type": "cursorLeftSnippet", "timestamp": "2026-03-03T15:18:15.206Z", "sessionID": "896a1892-eb20-4956-9365-4fb8386d3a52", "query": "ducks", "docid": "5607", "rank": "2", "page": "1", "windowLocation": "http://localhost:7001/result?query=ducks&page=1"}
{"type": "cursorEnteredSnippet", "timestamp": "2026-03-03T15:18:15.206Z", "sessionID": "896a1892-eb20-4956-9365-4fb8386d3a52", "query": "ducks", "docid": "5714", "rank": "9", "page": "1", "windowLocation": "http://localhost:7001/result?query=ducks&page=1"}
{"type": "clickedResult", "timestamp": "2026-03-03T15:18:15.925Z", "sessionID": "896a1892-eb20-4956-9365-4fb8386d3a52", "query": "ducks", "rank": "9", "page": "1", "url": "http://www.gutenberg.org/files/24940/24940-h/24940-h.htm#Page_69", "searchAppLocation": "http://www.gutenberg.org/files/24940/24940-h/24940-h.htm#Page_69"}
{"type": "cursorLeftSnippet", "timestamp": "2026-03-03T15:18:16.129Z", "sessionID": "896a1892-eb20-4956-9365-4fb8386d3a52", "query": "ducks", "docid": "5714", "rank": "9", "page": "1", "windowLocation": "http://localhost:7001/result?query=ducks&page=1"}
{"type": "searchResultGenerated", "timestamp": "2026-03-03T15:18:18.180Z", "sessionID": "896a1892-eb20-4956-9365-4fb8386d3a52", "query": "ducks", "docid": "2938", "rank": "1", "page": "1", "url": "https://www.africanstorybook.org/#", "windowLocation": "http://localhost:7001/result?query=ducks&page=1"}
{"type": "searchResultGenerated", "timestamp": "2026-03-03T15:18:18.181Z", "sessionID": "896a1892-eb20-4956-9365-4fb8386d3a52", "query": "ducks", "docid": "5607", "rank": "2", "page": "1", "url": "http://www.gutenberg.org/files/15170/15170-h/15170-h.htm#mirror", "windowLocation": "http://localhost:7001/result?query=ducks&page=1"}
{"type": "searchResultGenerated", "timestamp": "2026-03-03T15:18:18.181Z", "sessionID": "896a1892-eb20-4956-9365-4fb8386d3a52", "query": "ducks", "docid": "5292", "rank": "3", "page": "1", "url": "http://www.gutenberg.org/files/40756/40756-h/40756-h.htm#Page_135", "windowLocation": "http://localhost:7001/result?query=ducks&page=1"}
{"type": "searchResultGenerated", "timestamp": "2026-03-03T15:18:18.182Z", "sessionID": "896a1892-eb20-4956-9365-4fb8386d3a52", "query": "ducks", "docid": "5499", "rank": "4", "page": "1", "url": "http://www.gutenberg.org/files/28130/28130-h/28130-h.htm#Page_57", "windowLocation": "http://localhost:7001/result?query=ducks&page=1"}
{"type": "searchResultGenerated", "timestamp": "2026-03-03T15:18:18.182Z", "sessionID": "896a1892-eb20-4956-9365-4fb8386d3a52", "query": "ducks", "docid": "5642", "rank": "5", "page": "1", "url": "http://www.gutenberg.org/files/16522/16522-h/16522-h.htm#ELSIES_DUCKS", "windowLocation": "http://localhost:7001/result?query=ducks&page=1"}
{"type": "searchResultGenerated", "timestamp": "2026-03-03T15:18:18.182Z", "sessionID": "896a1892-eb20-4956-9365-4fb8386d3a52", "query": "ducks", "docid": "4817", "rank": "6", "page": "1", "url": "http://www.gutenberg.org/files/902/902-h/902-h.htm", "windowLocation": "http://localhost:7001/result?query=ducks&page=1"}
{"type": "searchResultGenerated", "timestamp": "2026-03-03T15:18:18.183Z", "sessionID": "896a1892-eb20-4956-9365-4fb8386d3a52", "query": "ducks", "docid": "4970", "rank": "7", "page": "1", "url": "http://www.gutenberg.org/files/8950/8950-h/8950-h.htm", "windowLocation": "http://localhost:7001/result?query=ducks&page=1"}
{"type": "searchResultGenerated", "timestamp": "2026-03-03T15:18:18.183Z", "sessionID": "896a1892-eb20-4956-9365-4fb8386d3a52", "query": "ducks", "docid": "6202", "rank": "8", "page": "1", "url": "http://www.gutenberg.org/files/16891/16891-h/16891-h.htm", "windowLocation": "http://localhost:7001/result?query=ducks&page=1"}
{"type": "searchResultGenerated", "timestamp": "2026-03-03T15:18:18.184Z", "sessionID": "896a1892-eb20-4956-9365-4fb8386d3a52", "query": "ducks", "docid": "5714", "rank": "9", "page": "1", "url": "http://www.gutenberg.org/files/24940/24940-h/24940-h.htm#Page_69", "windowLocation": "http://localhost:7001/result?query=ducks&page=1"}
{"type": "searchResultGenerated", "timestamp": "2026-03-03T15:18:18.184Z", "sessionID": "896a1892-eb20-4956-9365-4fb8386d3a52", "query": "ducks", "docid": "5589", "rank": "10", "page": "1", "url": "http://www.gutenberg.org/files/28133/28133-h/28133-h.htm#Page_139", "windowLocation": "http://localhost:7001/result?query=ducks&page=1"}
{"type": "cursorEnteredSnippet", "timestamp": "2026-03-03T15:18:18.196Z", "sessionID": "896a1892-eb20-4956-9365-4fb8386d3a52", "query": "ducks", "docid": "5714", "rank": "9", "page": "1", "windowLocation": "http://localhost:7001/result?query=ducks&page=1"}
{"type": "cursorLeftSnippet", "timestamp": "2026-03-03T15:18:18.239Z", "sessionID": "896a1892-eb20-4956-9365-4fb8386d3a52", "query": "ducks", "docid": "5714", "rank": "9", "page": "1", "windowLocation": "http://localhost:7001/result?query=ducks&page=1"}
{"type": "cursorEnteredSnippet", "timestamp": "2026-03-03T15:18:18.258Z", "sessionID": "896a1892-eb20-4956-9365-4fb8386d3a52", "query": "ducks", "docid": "5589", "rank": "10", "page": "1", "windowLocation": "http://localhost:7001/result?query=ducks&page=1"}
{"type": "cursorLeftSnippet", "timestamp": "2026-03-03T15:18:18.841Z", "sessionID": "896a1892-eb20-4956-9365-4fb8386d3a52", "query": "ducks", "docid": "5589", "rank": "10", "page": "1", "windowLocation": "http://localhost:7001/result?query=ducks&page=1"}
{"type": "pageNavigationClicked", "timestamp": "2026-03-03T15:18:19.244Z", "sessionID": "896a1892-eb20-4956-9365-4fb8386d3a52", "clicked": "3", "fromPage": 1, "toPage": 3}
{"type": "searchResultGenerated", "timestamp": "2026-03-03T15:18:19.639Z", "sessionID": "896a1892-eb20-4956-9365-4fb8386d3a52", "query": "ducks", "docid": "6235", "rank": "1", "page": "3", "url": "http://www.gutenberg.org/files/7252/7252-h/7252-h.htm", "windowLocation": "http://localhost:7001/result?query=ducks&page=3"}
{"type": "searchResultGenerated", "timestamp": "2026-03-03T15:18:19.639Z", "sessionID": "896a1892-eb20-4956-9365-4fb8386d3a52", "query": "ducks", "docid": "2047", "rank": "2", "page": "3", "url": "https://kids.frontiersin.org/article/10.3389/frym.2020.00083", "windowLocation": "http://localhost:7001/result?query=ducks&page=3"}
{"type": "searchResultGenerated", "timestamp": "2026-03-03T15:18:19.640Z", "sessionID": "896a1892-eb20-4956-9365-4fb8386d3a52", "query": "ducks", "docid": "7365", "rank": "3", "page": "3", "url": "https://www.digitallibrary.io/en/books/details/1391", "windowLocation": "http://localhost:7001/result?query=ducks&page=3"}
{"type": "searchResultGenerated", "timestamp": "2026-03-03T15:18:19.640Z", "sessionID": "896a1892-eb20-4956-9365-4fb8386d3a52", "query": "ducks", "docid": "3208", "rank": "4", "page": "3", "url": "https://www.africanstorybook.org/", "windowLocation": "http://localhost:7001/result?query=ducks&page=3"}
{"type": "searchResultGenerated", "timestamp": "2026-03-03T15:18:19.641Z", "sessionID": "896a1892-eb20-4956-9365-4fb8386d3a52", "query": "ducks", "docid": "4340", "rank": "5", "page": "3", "url": "https://www.commonlit.org/texts/the-open-window", "windowLocation": "http://localhost:7001/result?query=ducks&page=3"}
{"type": "searchResultGenerated", "timestamp": "2026-03-03T15:18:19.641Z", "sessionID": "896a1892-eb20-4956-9365-4fb8386d3a52", "query": "ducks", "docid": "5234", "rank": "6", "page": "3", "url": "http://www.gutenberg.org/files/42159/42159-h/42159-h.htm#Page_308", "windowLocation": "http://localhost:7001/result?query=ducks&page=3"}
{"type": "searchResultGenerated", "timestamp": "2026-03-03T15:18:19.641Z", "sessionID": "896a1892-eb20-4956-9365-4fb8386d3a52", "query": "ducks", "docid": "4261", "rank": "7", "page": "3", "url": "http://www.gutenberg.org/files/20521/20521-h/20521-h.htm#French_Amenities", "windowLocation": "http://localhost:7001/result?query=ducks&page=3"}
{"type": "searchResultGenerated", "timestamp": "2026-03-03T15:18:19.642Z", "sessionID": "896a1892-eb20-4956-9365-4fb8386d3a52", "query": "ducks", "docid": "2967", "rank": "8", "page": "3", "url": "https://kids.frontiersin.org/article/10.3389/frym.2017.00007", "windowLocation": "http://localhost:7001/result?query=ducks&page=3"}
{"type": "searchResultGenerated", "timestamp": "2026-03-03T15:18:19.642Z", "sessionID": "896a1892-eb20-4956-9365-4fb8386d3a52", "query": "ducks", "docid": "3071", "rank": "9", "page": "3", "url": "https://www.africanstorybook.org/", "windowLocation": "http://localhost:7001/result?query=ducks&page=3"}
{"type": "searchResultGenerated", "timestamp": "2026-03-03T15:18:19.642Z", "sessionID": "896a1892-eb20-4956-9365-4fb8386d3a52", "query": "ducks", "docid": "7254", "rank": "10", "page": "3", "url": "https://www.digitallibrary.io/en/books/details/3753", "windowLocation": "http://localhost:7001/result?query=ducks&page=3"}
{"type": "cursorEnteredSnippet", "timestamp": "2026-03-03T15:18:19.664Z", "sessionID": "896a1892-eb20-4956-9365-4fb8386d3a52", "query": "ducks", "docid": "2047", "rank": "2", "page": "3", "windowLocation": "http://localhost:7001/result?query=ducks&page=3"}
{"type": "clickedResult", "timestamp": "2026-03-03T15:18:20.755Z", "sessionID": "896a1892-eb20-4956-9365-4fb8386d3a52", "query": "ducks", "rank": "2", "page": "3", "url": "https://kids.frontiersin.org/article/10.3389/frym.2020.00083", "searchAppLocation": "https://kids.frontiersin.org/article/10.3389/frym.2020.00083"}
{"type": "cursorLeftSnippet", "timestamp": "2026-03-03T15:18:21.133Z", "sessionID": "896a1892-eb20-4956-9365-4fb8386d3a52", "query": "ducks", "docid": "2047", "rank": "2", "page": "3", "windowLocation": "http://localhost:7001/result?query=ducks&page=3"}
{"type": "cursorEnteredSnippet", "timestamp": "2026-03-03T15:18:25.388Z", "sessionID": "896a1892-eb20-4956-9365-4fb8386d3a52", "query": "ducks", "docid": "2047", "rank": "2", "page": "3", "windowLocation": "http://localhost:7001/result?query=ducks&page=3"}
{"type": "cursorLeftSnippet", "timestamp": "2026-03-03T15:18:26.605Z", "sessionID": "896a1892-eb20-4956-9365-4fb8386d3a52", "query": "ducks", "docid": "2047", "rank": "2", "page": "3", "windowLocation": "http://localhost:7001/result?query=ducks&page=3"}
{"type": "cursorEnteredSnippet", "timestamp": "2026-03-03T15:18:27.021Z", "sessionID": "896a1892-eb20-4956-9365-4fb8386d3a52", "query": "ducks", "docid": "6235", "rank": "1", "page": "3", "windowLocation": "http://localhost:7001/result?query=ducks&page=3"}
{"type": "cursorLeftSnippet", "timestamp": "2026-03-03T15:18:27.839Z", "sessionID": "896a1892-eb20-4956-9365-4fb8386d3a52", "query": "ducks", "docid": "6235", "rank": "1", "page": "3", "windowLocation": "http://localhost:7001/result?query=ducks&page=3"}
{"type": "cursorEnteredSnippet", "timestamp": "2026-03-03T15:18:28.905Z", "sessionID": "896a1892-eb20-4956-9365-4fb8386d3a52", "query": "ducks", "docid": "7365", "rank": "3", "page": "3", "windowLocation": "http://localhost:7001/result?query=ducks&page=3"}
{"type": "cursorLeftSnippet", "timestamp": "2026-03-03T15:18:29.956Z", "sessionID": "896a1892-eb20-4956-9365-4fb8386d3a52", "query": "ducks", "docid": "7365", "rank": "3", "page": "3", "windowLocation": "http://localhost:7001/result?query=ducks&page=3"}
{"type": "cursorEnteredSnippet", "timestamp": "2026-03-03T15:18:30.789Z", "sessionID": "896a1892-eb20-4956-9365-4fb8386d3a52", "query": "ducks", "docid": "4340", "rank": "5", "page": "3", "windowLocation": "http://localhost:7001/result?query=ducks&page=3"}
{"type": "cursorLeftSnippet", "timestamp": "2026-03-03T15:18:31.688Z", "sessionID": "896a1892-eb20-4956-9365-4fb8386d3a52", "query": "ducks", "docid": "4340", "rank": "5", "page": "3", "windowLocation": "http://localhost:7001/result?query=ducks&page=3"}
{"type": "ClickedEndTask", "timestamp": "2026-03-03T15:18:33.100Z", "sessionID": "896a1892-eb20-4956-9365-4fb8386d3a52"}
{"type": "TaskEndConfirmed", "timestamp": "2026-03-03T15:18:34.142Z", "sessionID": "896a1892-eb20-4956-9365-4fb8386d3a52"}
