{"type": "TaskStarted", "timestamp": "2026-03-03T15:10:49.356Z", "sessionID": "c8b1f260-4674-429c-bf3f-a084f5b8781a"}
{"type": "idSubmitted", "timestamp": "2026-03-03T15:10:49.359Z", "sessionID": "c8b1f260-4674-429c-bf3f-a084f5b8781a", "uid": "Participant18"}
{"type": "queryBoxFocused", "timestamp": "2026-03-03T15:10:50.886Z", "sessionID": "c8b1f260-4674-429c-bf3f-a084f5b8781a"}
{"type": "querySubmitted", "timestamp": "2026-03-03T15:10:52.710Z", "sessionID": "c8b1f260-4674-429c-bf3f-a084f5b8781a", "query": "ducks"}
{"type": "searchResultGenerated", "timestamp": "2026-03-03T15:10:54.113Z", "sessionID": "c8b1f260-4674-429c-bf3f-a084f5b8781a", "query": "ducks", "docid": "2938", "rank": "1", "page": "1", "url": "https://www.africanstorybook.org/#", "windowLocation": "http://localhost:7001/result?query=ducks&page=1"}
{"type": "searchResultGenerated", "timestamp": "2026-03-03T15:10:54.113Z", "sessionID": "c8b1f260-4674-429c-bf3f-a084f5b8781a", "query": "ducks", "docid": "5607", "rank": "2", "page": "1", "url": "http://www.gutenberg.org/files/15170/15170-h/15170-h.htm#mirror", "windowLocation": "http://localhost:7001/result?query=ducks&page=1"}
{"type": "searchResultGenerated", "timestamp": "2026-03-03T15:10:54.113Z", "sessionID": "c8b1f260-4674-429c-bf3f-a084f5b8781a", "query": "ducks", "docid": "5292", "rank": "3", "page": "1", "url": "http://www.gutenberg.org/files/40756/40756-h/40756-h.htm#Page_135", "windowLocation": "http://localhost:7001/result?query=ducks&page=1"}
{"type": "searchResultGenerated", "timestamp": "2026-03-03T15:10:54.113Z", "sessionID": "c8b1f260-4674-429c-bf3f-a084f5b8781a", "query": "ducks", "docid": "5499", "rank": "4", "page": "1", "url": "http://www.gutenberg.org/files/28130/28130-h/28130-h.htm#Page_57", "windowLocation": "http://localhost:7001/result?query=ducks&page=1"}
{"type": "searchResultGenerated", "timestamp": "2026-03-03T15:10:54.113Z", "sessionID": "c8b1f260-4674-429c-bf3f-a084f5b8781a", "query": "ducks", "docid": "5642", "rank": "5", "page": "1", "url": "http://www.gutenberg.org/files/16522/16522-h/16522-h.htm#ELSIES_DUCKS", "windowLocation": "http://localhost:7001/result?query=ducks&page=1"}
{"type": "searchResultGenerated", "timestamp": "2026-03-03T15:10:54.113Z", "sessionID": "c8b1f260-4674-429c-bf3f-a084f5b8781a", "query": "ducks", "docid": "4817", "rank": "6", "page": "1", "url": "http://www.gutenberg.org/files/902/902-h/902-h.htm", "windowLocation": "http://localhost:7001/result?query=ducks&page=1"}
{"type": "searchResultGenerated", "timestamp": "2026-03-03T15:10:54.113Z", "sessionID": "c8b1f260-4674-429c-bf3f-a084f5b8781a", "query": "ducks", "docid": "4970", "rank": "7", "page": "1", "url": "http://www.gutenberg.org/files/8950/8950-h/8950-h.htm", "windowLocation": "http://localhost:7001/result?query=ducks&page=1"}
{"type": "searchResultGenerated", "timestamp": "2026-03-03T15:10:54.114Z", "sessionID": "c8b1f260-4674-429c-bf3f-a084f5b8781a", "query": "ducks", "docid": "6202", "rank": "8", "page": "1", "url": "http://www.gutenberg.org/files/16891/16891-h/16891-h.htm", "windowLocation": "http://localhost:7001/result?query=ducks&page=1"}
{"type": "searchResultGenerated", "timestamp": "2026-03-03T15:10:54.114Z", "sessionID": "c8b1f260-4674-429c-bf3f-a084f5b8781a", "query": "ducks", "docid": "5714", "rank": "9", "page": "1", "url": "http://www.gutenberg.org/files/24940/24940-h/24940-h.htm#Page_69", "windowLocation": "http://localhost:7001/result?query=ducks&page=1"}
{"type": "searchResultGenerated", "timestamp": "2026-03-03T15:10:54.114Z", "sessionID": "c8b1f260-4674-429c-bf3f-a084f5b8781a", "query": "ducks", "docid": "5589", "rank": "10", "page": "1", "url": "http://www.gutenberg.org/files/28133/28133-h/28133-h.htm#Page_139", "windowLocation": "http://localhost:7001/result?query=ducks&page=1"}
{"type": "pageNavigationClicked", "timestamp": "2026-03-03T15:10:59.136Z", "sessionID": "c8b1f260-4674-429c-bf3f-a084f5b8781a", "clicked": "3", "fromPage": 1, "toPage": 3}
{"type": "searchResultGenerated", "timestamp": "2026-03-03T15:10:59.516Z", "sessionID": "c8b1f260-4674-429c-bf3f-a084f5b8781a", "query": "ducks", "docid": "6235", "rank": "1", "page": "3", "url": "http://www.gutenberg.org/files/7252/7252-h/7252-h.htm", "windowLocation": "http://localhost:7001/result?query=ducks&page=3"}
{"type": "searchResultGenerated", "timestamp": "2026-03-03T15:10:59.517Z", "sessionID": "c8b1f260-4674-429c-bf3f-a084f5b8781a", "query": "ducks", "docid": "2047", "rank": "2", "page": "3", "url": "https://kids.frontiersin.org/article/10.3389/frym.2020.00083", "windowLocation": "http://localhost:7001/result?query=ducks&page=3"}
{"type": "searchResultGenerated", "timestamp": "2026-03-03T15:10:59.517Z", "sessionID": "c8b1f260-4674-429c-bf3f-a084f5b8781a", "query": "ducks", "docid": "7365", "rank": "3", "page": "3", "url": "https://www.digitallibrary.io/en/books/details/1391", "windowLocation": "http://localhost:7001/result?query=ducks&page=3"}
{"type": "searchResultGenerated", "timestamp": "2026-03-03T15:10:59.518Z", "sessionID": "c8b1f260-4674-429c-bf3f-a084f5b8781a", "query": "ducks", "docid": "3208", "rank": "4", "page": "3", "url": "https://www.africanstorybook.org/", "windowLocation": "http://localhost:7001/result?query=ducks&page=3"}
{"type": "searchResultGenerated", "timestamp": "2026-03-03T15:10:59.518Z", "sessionID": "c8b1f260-4674-429c-bf3f-a084f5b8781a", "query": "ducks", "docid": "4340", "rank": "5", "page": "3", "url": "https://www.commonlit.org/texts/the-open-window", "windowLocation": "http://localhost:7001/result?query=ducks&page=3"}
{"type": "searchResultGenerated", "timestamp": "2026-03-03T15:10:59.518Z", "sessionID": "c8b1f260-4674-429c-bf3f-a084f5b8781a", "query": "ducks", "docid": "5234", "rank": "6", "page": "3", "url": "http://www.gutenberg.org/files/42159/42159-h/42159-h.htm#Page_308", "windowLocation": "http://localhost:7001/result?query=ducks&page=3"}
{"type": "searchResultGenerated", "timestamp": "2026-03-03T15:10:59.518Z", "sessionID": "c8b1f260-4674-429c-bf3f-a084f5b8781a", "query": "ducks", "docid": "4261", "rank": "7", "page": "3", "url": "http://www.gutenberg.org/files/20521/20521-h/20521-h.htm#French_Amenities", "windowLocation": "http://localhost:7001/result?query=ducks&page=3"}
{"type": "searchResultGenerated", "timestamp": "2026-03-03T15:10:59.519Z", "sessionID": "c8b1f260-4674-429c-bf3f-a084f5b8781a", "query": "ducks", "docid": "2967", "rank": "8", "page": "3", "url": "https://kids.frontiersin.org/article/10.3389/frym.2017.00007", "windowLocation": "http://localhost:7001/result?query=ducks&page=3"}
{"type": "searchResultGenerated", "timestamp": "2026-03-03T15:10:59.519Z", "sessionID": "c8b1f260-4674-429c-bf3f-a084f5b8781a", "query": "ducks", "docid": "3071", "rank": "9", "page": "3", "url": "https://www.africanstorybook.org/", "windowLocation": "http://localhost:7001/result?query=ducks&page=3"}
{"type": "searchResultGenerated", "timestamp": "2026-03-03T15:10:59.520Z", "sessionID": "c8b1f260-4674-429c-bf3f-a084f5b8781a", "query": "ducks", "docid": "7254", "rank": "10", "page": "3", "url": "https://www.digitallibrary.io/en/books/details/3753", "windowLocation": "http://localhost:7001/result?query=ducks&page=3"}
{"type": "clickedResult", "timestamp": "2026-03-03T15:11:00.991Z", "sessionID": "c8b1f260-4674-429c-bf3f-a084f5b8781a", "query": "ducks", "rank": "2", "page": "3", "url": "https://kids.frontiersin.org/article/10.3389/frym.2020.00083", "searchAppLocation": "https://kids.frontiersin.org/article/10.3389/frym.2020.00083"}
{"type": "searchResultGenerated", "timestamp": "2026-03-03T15:11:07.806Z", "sessionID": "c8b1f260-4674-429c-bf3f-a084f5b8781a", "query": "ducks", "docid": "2938", "rank": "1", "page": "1", "url": "https://www.africanstorybook.org/#", "windowLocation": "http://localhost:7001/result?query=ducks&page=1"}
{"type": "searchResultGenerated", "timestamp": "2026-03-03T15:11:07.806Z", "sessionID": "c8b1f260-4674-429c-bf3f-a084f5b8781a", "query": "ducks", "docid": "5607", "rank": "2", "page": "1", "url": "http://www.gutenberg.org/files/15170/15170-h/15170-h.htm#mirror", "windowLocation": "http://localhost:7001/result?query=ducks&page=1"}
{"type": "searchResultGenerated", "timestamp": "2026-03-03T15:11:07.806Z", "sessionID": "c8b1f260-4674-429c-bf3f-a084f5b8781a", "query": "ducks", "docid": "5292", "rank": "3", "page": "1", "url": "http://www.gutenberg.org/files/40756/40756-h/40756-h.htm#Page_135", "windowLocation": "http://localhost:7001/result?query=ducks&page=1"}
{"type": "searchResultGenerated", "timestamp": "2026-03-03T15:11:07.807Z", "sessionID": "c8b1f260-4674-429c-bf3f-a084f5b8781a", "query": "ducks", "docid": "5499", "rank": "4", "page": "1", "url": "http://www.gutenberg.org/files/28130/28130-h/28130-h.htm#Page_57", "windowLocation": "http://localhost:7001/result?query=ducks&page=1"}
{"type": "searchResultGenerated", "timestamp": "2026-03-03T15:11:07.808Z", "sessionID": "c8b1f260-4674-429c-bf3f-a084f5b8781a", "query": "ducks", "docid": "5642", "rank": "5", "page": "1", "url": "http://www.gutenberg.org/files/16522/16522-h/16522-h.htm#ELSIES_DUCKS", "windowLocation": "http://localhost:7001/result?query=ducks&page=1"}
{"type": "searchResultGenerated", "timestamp": "2026-03-03T15:11:07.808Z", "sessionID": "c8b1f260-4674-429c-bf3f-a084f5b8781a", "query": "ducks", "docid": "4817", "rank": "6", "page": "1", "url": "http://www.gutenberg.org/files/902/902-h/902-h.htm", "windowLocation": "http://localhost:7001/result?query=ducks&page=1"}
{"type": "searchResultGenerated", "timestamp": "2026-03-03T15:11:07.808Z", "sessionID": "c8b1f260-4674-429c-bf3f-a084f5b8781a", "query": "ducks", "docid": "4970", "rank": "7", "page": "1", "url": "http://www.gutenberg.org/files/8950/8950-h/8950-h.htm", "windowLocation": "http://localhost:7001/result?query=ducks&page=1"}
{"type": "searchResultGenerated", "timestamp": "2026-03-03T15:11:07.809Z", "sessionID": "c8b1f260-4674-429c-bf3f-a084f5b8781a", "query": "ducks", "docid": "6202", "rank": "8", "page": "1", "url": "http://www.gutenberg.org/files/16891/16891-h/16891-h.htm", "windowLocation": "http://localhost:7001/result?query=ducks&page=1"}
{"type": "searchResultGenerated", "timestamp": "2026-03-03T15:11:07.809Z", "sessionID": "c8b1f260-4674-429c-bf3f-a084f5b8781a", "query": "ducks", "docid": "5714", "rank": "9", "page": "1", "url": "http://www.gutenberg.org/files/24940/24940-h/24940-h.htm#Page_69", "windowLocation": "http://localhost:7001/result?query=ducks&page=1"}
{"type": "searchResultGenerated", "timestamp": "2026-03-03T15:11:07.809Z", "sessionID": "c8b1f260-4674-429c-bf3f-a084f5b8781a", "query": "ducks", "docid": "5589", "rank": "10", "page": "1", "url": "http://www.gutenberg.org/files/28133/28133-h/28133-h.htm#Page_139", "windowLocation": "http://localhost:7001/result?query=ducks&page=1"}
{"type": "clickedResult", "timestamp": "2026-03-03T15:11:09.150Z", "sessionID": "c8b1f260-4674-429c-bf3f-a084f5b8781a", "query": "ducks", "rank": "9", "page": "1", "url": "http://www.gutenberg.org/files/24940/24940-h/24940-h.htm#Page_69", "searchAppLocation": "http://www.gutenberg.org/files/24940/24940-h/24940-h.htm#Page_69"}
{"type": "searchResultGenerated", "timestamp": "2026-03-03T15:11:11.223Z", "sessionID": "c8b1f260-4674-429c-bf3f-a084f5b8781a", "query": "ducks", "docid": "2938", "rank": "1", "page": "1", "url": "https://www.africanstorybook.org/#", "windowLocation": "http://localhost:7001/result?query=ducks&page=1"}
{"type": "searchResultGenerated", "timestamp": "2026-03-03T15:11:11.223Z", "sessionID": "c8b1f260-4674-429c-bf3f-a084f5b8781a", "query": "ducks", "docid": "5607", "rank": "2", "page": "1", "url": "http://www.gutenberg.org/files/15170/15170-h/15170-h.htm#mirror", "windowLocation": "http://localhost:7001/result?query=ducks&page=1"}
{"type": "searchResultGenerated", "timestamp": "2026-03-03T15:11:11.223Z", "sessionID": "c8b1f260-4674-429c-bf3f-a084f5b8781a", "query": "ducks", "docid": "5292", "rank": "3", "page": "1", "url": "http://www.gutenberg.org/files/40756/40756-h/40756-h.htm#Page_135", "windowLocation": "http://localhost:7001/result?query=ducks&page=1"}
{"type": "searchResultGenerated", "timestamp": "2026-03-03T15:11:11.224Z", "sessionID": "c8b1f260-4674-429c-bf3f-a084f5b8781a", "query": "ducks", "docid": "5499", "rank": "4", "page": "1", "url": "http://www.gutenberg.org/files/28130/28130-h/28130-h.htm#Page_57", "windowLocation": "http://localhost:7001/result?query=ducks&page=1"}
{"type": "searchResultGenerated", "timestamp": "2026-03-03T15:11:11.224Z", "sessionID": "c8b1f260-4674-429c-bf3f-a084f5b8781a", "query": "ducks", "docid": "5642", "rank": "5", "page": "1", "url": "http://www.gutenberg.org/files/16522/16522-h/16522-h.htm#ELSIES_DUCKS", "windowLocation": "http://localhost:7001/result?query=ducks&page=1"}
{"type": "searchResultGenerated", "timestamp": "2026-03-03T15:11:11.225Z", "sessionID": "c8b1f260-4674-429c-bf3f-a084f5b8781a", "query": "ducks", "docid": "4817", "rank": "6", "page": "1", "url": "http://www.gutenberg.org/files/902/902-h/902-h.htm", "windowLocation": "http://localhost:7001/result?query=ducks&page=1"}
{"type": "searchResultGenerated", "timestamp": "2026-03-03T15:11:11.225Z", "sessionID": "c8b1f260-4674-429c-bf3f-a084f5b8781a", "query": "ducks", "docid": "4970", "rank": "7", "page": "1", "url": "http://www.gutenberg.org/files/8950/8950-h/8950-h.htm", "windowLocation": "http://localhost:7001/result?query=ducks&page=1"}
{"type": "searchResultGenerated", "timestamp": "2026-03-03T15:11:11.226Z", "sessionID": "c8b1f260-4674-429c-bf3f-a084f5b8781a", "query": "ducks", "docid": "6202", "rank": "8", "page": "1", "url": "http://www.gutenberg.org/files/16891/16891-h/16891-h.htm", "windowLocation": "http://localhost:7001/result?query=ducks&page=1"}
{"type": "searchResultGenerated", "timestamp": "2026-03-03T15:11:11.226Z", "sessionID": "c8b1f260-4674-429c-bf3f-a084f5b8781a", "query": "ducks", "docid": "5714", "rank": "9", "page": "1", "url": "http://www.gutenberg.org/files/24940/24940-h/24940-h.htm#Page_69", "windowLocation": "http://localhost:7001/result?query=ducks&page=1"}
{"type": "searchResultGenerated", "timestamp": "2026-03-03T15:11:11.227Z", "sessionID": "c8b1f260-4674-429c-bf3f-a084f5b8781a", "query": "ducks", "docid": "5589", "rank": "10", "page": "1", "url": "http://www.gutenberg.org/files/28133/28133-h/28133-h.htm#Page_139", "windowLocation": "http://localhost:7001/result?query=ducks&page=1"}
{"type": "ClickedEndTask", "timestamp": "2026-03-03T15:11:12.746Z", "sessionID": "c8b1f260-4674-429c-bf3f-a084f5b8781a"}
{"type": "TaskEndConfirmed", "timestamp": "2026-03-03T15:11:14.223Z", "sessionID": "c8b1f260-4674-429c-bf3f-a084f5b8781a"}
