{"type": "TaskStarted", "timestamp": "2026-02-19T09:29:36.885Z", "sessionID": "8e5dce86-1ce4-4c4f-9f56-43293e469fcd"}
{"type": "idSubmitted", "timestamp": "2026-02-19T09:29:36.887Z", "sessionID": "8e5dce86-1ce4-4c4f-9f56-43293e469fcd", "uid": "Participant14"}
{"type": "queryBoxFocused", "timestamp": "2026-02-19T09:29:38.111Z", "sessionID": "8e5dce86-1ce4-4c4f-9f56-43293e469fcd"}
{"type": "querySubmitted", "timestamp": "2026-02-19T09:29:42.614Z", "sessionID": "8e5dce86-1ce4-4c4f-9f56-43293e469fcd", "query": "sea"}
{"type": "queryBoxFocused", "timestamp": "2026-02-19T09:29:47.254Z", "sessionID": "8e5dce86-1ce4-4c4f-9f56-43293e469fcd"}
{"type": "querySubmitted", "timestamp": "2026-02-19T09:29:49.398Z", "sessionID": "8e5dce86-1ce4-4c4f-9f56-43293e469fcd", "query": "bts"}
{"type": "searchResultGenerated", "timestamp": "2026-02-19T09:29:49.814Z", "sessionID": "8e5dce86-1ce4-4c4f-9f56-43293e469fcd", "query": "bts", "docid": "63175e0a62614f568ba8bb88537dfd97", "rank": "1", "page": "1", "url": "", "windowLocation": "http://localhost:7001/result"}
{"type": "searchResultGenerated", "timestamp": "2026-02-19T09:29:49.814Z", "sessionID": "8e5dce86-1ce4-4c4f-9f56-43293e469fcd", "query": "bts", "docid": "3cca2583656a4c528dcc6b8213b5bdd7", "rank": "2", "page": "1", "url": "", "windowLocation": "http://localhost:7001/result"}
{"type": "searchResultGenerated", "timestamp": "2026-02-19T09:29:49.815Z", "sessionID": "8e5dce86-1ce4-4c4f-9f56-43293e469fcd", "query": "bts", "docid": "6d9275f065cf4818bf57b38db4817870", "rank": "3", "page": "1", "url": "", "windowLocation": "http://localhost:7001/result"}
{"type": "searchResultGenerated", "timestamp": "2026-02-19T09:29:49.815Z", "sessionID": "8e5dce86-1ce4-4c4f-9f56-43293e469fcd", "query": "bts", "docid": "9b0d634a21484b5288f3e70203cb30a3", "rank": "4", "page": "1", "url": "", "windowLocation": "http://localhost:7001/result"}
{"type": "searchResultGenerated", "timestamp": "2026-02-19T09:29:49.815Z", "sessionID": "8e5dce86-1ce4-4c4f-9f56-43293e469fcd", "query": "bts", "docid": "f449e7fd662e4a5f8f46fe67a20f2a85", "rank": "5", "page": "1", "url": "", "windowLocation": "http://localhost:7001/result"}
{"type": "searchResultGenerated", "timestamp": "2026-02-19T09:29:49.815Z", "sessionID": "8e5dce86-1ce4-4c4f-9f56-43293e469fcd", "query": "bts", "docid": "4a0bc6c29c8d4ac995941d8294e05d21", "rank": "6", "page": "1", "url": "", "windowLocation": "http://localhost:7001/result"}
{"type": "searchResultGenerated", "timestamp": "2026-02-19T09:29:49.815Z", "sessionID": "8e5dce86-1ce4-4c4f-9f56-43293e469fcd", "query": "bts", "docid": "ec742a5f53bf4c6db7aafdc361afbf61", "rank": "7", "page": "1", "url": "", "windowLocation": "http://localhost:7001/result"}
{"type": "searchResultGenerated", "timestamp": "2026-02-19T09:29:49.815Z", "sessionID": "8e5dce86-1ce4-4c4f-9f56-43293e469fcd", "query": "bts", "docid": "06c8038c50714812ae1fb562865444a1", "rank": "8", "page": "1", "url": "", "windowLocation": "http://localhost:7001/result"}
{"type": "searchResultGenerated", "timestamp": "2026-02-19T09:29:49.815Z", "sessionID": "8e5dce86-1ce4-4c4f-9f56-43293e469fcd", "query": "bts", "docid": "c51ba51158df477b8616c7bda055788e", "rank": "9", "page": "1", "url": "", "windowLocation": "http://localhost:7001/result"}
{"type": "searchResultGenerated", "timestamp": "2026-02-19T09:29:49.815Z", "sessionID": "8e5dce86-1ce4-4c4f-9f56-43293e469fcd", "query": "bts", "docid": "2b0a91e5760b4dd6964305f5b530be9f", "rank": "10", "page": "1", "url": "", "windowLocation": "http://localhost:7001/result"}
{"type": "cursorEnteredSnippet", "timestamp": "2026-02-19T09:29:50.256Z", "sessionID": "8e5dce86-1ce4-4c4f-9f56-43293e469fcd", "query": "bts", "docid": "63175e0a62614f568ba8bb88537dfd97", "rank": "1", "page": "1"}
{"type": "clickedResult", "timestamp": "2026-02-19T09:29:50.844Z", "sessionID": "8e5dce86-1ce4-4c4f-9f56-43293e469fcd", "query": "bts", "rank": "1", "page": "1", "url": ""}
{"type": "ClickedEndTask", "timestamp": "2026-02-19T10:34:00.886Z", "sessionID": "8e5dce86-1ce4-4c4f-9f56-43293e469fcd"}
{"type": "TaskEndConfirmed", "timestamp": "2026-02-19T10:34:02.079Z", "sessionID": "8e5dce86-1ce4-4c4f-9f56-43293e469fcd"}
