{"type": "TaskStarted", "timestamp": "2026-02-24T15:25:00.380Z", "sessionID": "bfb65eb0-092e-4b63-9a6c-a21e1b7b3cce"}
{"type": "idSubmitted", "timestamp": "2026-02-24T15:25:00.382Z", "sessionID": "bfb65eb0-092e-4b63-9a6c-a21e1b7b3cce", "uid": "Participant64"}
{"type": "queryBoxFocused", "timestamp": "2026-02-24T15:25:01.945Z", "sessionID": "bfb65eb0-092e-4b63-9a6c-a21e1b7b3cce"}
{"type": "querySubmitted", "timestamp": "2026-02-24T15:25:03.599Z", "sessionID": "bfb65eb0-092e-4b63-9a6c-a21e1b7b3cce", "query": "ducks"}
{"type": "searchResultGenerated", "timestamp": "2026-02-24T15:25:04.963Z", "sessionID": "bfb65eb0-092e-4b63-9a6c-a21e1b7b3cce", "query": "ducks", "docid": "2938", "rank": "1", "page": "1", "url": "https://www.africanstorybook.org/#", "windowLocation": "http://localhost:7001/result?query=ducks&page=1"}
{"type": "searchResultGenerated", "timestamp": "2026-02-24T15:25:04.963Z", "sessionID": "bfb65eb0-092e-4b63-9a6c-a21e1b7b3cce", "query": "ducks", "docid": "5607", "rank": "2", "page": "1", "url": "http://www.gutenberg.org/files/15170/15170-h/15170-h.htm#mirror", "windowLocation": "http://localhost:7001/result?query=ducks&page=1"}
{"type": "searchResultGenerated", "timestamp": "2026-02-24T15:25:04.963Z", "sessionID": "bfb65eb0-092e-4b63-9a6c-a21e1b7b3cce", "query": "ducks", "docid": "5292", "rank": "3", "page": "1", "url": "http://www.gutenberg.org/files/40756/40756-h/40756-h.htm#Page_135", "windowLocation": "http://localhost:7001/result?query=ducks&page=1"}
{"type": "searchResultGenerated", "timestamp": "2026-02-24T15:25:04.963Z", "sessionID": "bfb65eb0-092e-4b63-9a6c-a21e1b7b3cce", "query": "ducks", "docid": "5499", "rank": "4", "page": "1", "url": "http://www.gutenberg.org/files/28130/28130-h/28130-h.htm#Page_57", "windowLocation": "http://localhost:7001/result?query=ducks&page=1"}
{"type": "searchResultGenerated", "timestamp": "2026-02-24T15:25:04.963Z", "sessionID": "bfb65eb0-092e-4b63-9a6c-a21e1b7b3cce", "query": "ducks", "docid": "5642", "rank": "5", "page": "1", "url": "http://www.gutenberg.org/files/16522/16522-h/16522-h.htm#ELSIES_DUCKS", "windowLocation": "http://localhost:7001/result?query=ducks&page=1"}
{"type": "searchResultGenerated", "timestamp": "2026-02-24T15:25:04.963Z", "sessionID": "bfb65eb0-092e-4b63-9a6c-a21e1b7b3cce", "query": "ducks", "docid": "4817", "rank": "6", "page": "1", "url": "http://www.gutenberg.org/files/902/902-h/902-h.htm", "windowLocation": "http://localhost:7001/result?query=ducks&page=1"}
{"type": "searchResultGenerated", "timestamp": "2026-02-24T15:25:04.963Z", "sessionID": "bfb65eb0-092e-4b63-9a6c-a21e1b7b3cce", "query": "ducks", "docid": "4970", "rank": "7", "page": "1", "url": "http://www.gutenberg.org/files/8950/8950-h/8950-h.htm", "windowLocation": "http://localhost:7001/result?query=ducks&page=1"}
{"type": "searchResultGenerated", "timestamp": "2026-02-24T15:25:04.963Z", "sessionID": "bfb65eb0-092e-4b63-9a6c-a21e1b7b3cce", "query": "ducks", "docid": "6202", "rank": "8", "page": "1", "url": "http://www.gutenberg.org/files/16891/16891-h/16891-h.htm", "windowLocation": "http://localhost:7001/result?query=ducks&page=1"}
{"type": "searchResultGenerated", "timestamp": "2026-02-24T15:25:04.963Z", "sessionID": "bfb65eb0-092e-4b63-9a6c-a21e1b7b3cce", "query": "ducks", "docid": "5714", "rank": "9", "page": "1", "url": "http://www.gutenberg.org/files/24940/24940-h/24940-h.htm#Page_69", "windowLocation": "http://localhost:7001/result?query=ducks&page=1"}
{"type": "searchResultGenerated", "timestamp": "2026-02-24T15:25:04.964Z", "sessionID": "bfb65eb0-092e-4b63-9a6c-a21e1b7b3cce", "query": "ducks", "docid": "5589", "rank": "10", "page": "1", "url": "http://www.gutenberg.org/files/28133/28133-h/28133-h.htm#Page_139", "windowLocation": "http://localhost:7001/result?query=ducks&page=1"}
{"type": "cursorEnteredSnippet", "timestamp": "2026-02-24T15:25:05.402Z", "sessionID": "bfb65eb0-092e-4b63-9a6c-a21e1b7b3cce", "query": "ducks", "docid": "2938", "rank": "1", "page": "1"}
{"type": "cursorLeftSnippet", "timestamp": "2026-02-24T15:25:05.572Z", "sessionID": "bfb65eb0-092e-4b63-9a6c-a21e1b7b3cce", "query": "ducks", "docid": "2938", "rank": "1", "page": "1"}
{"type": "cursorEnteredSnippet", "timestamp": "2026-02-24T15:25:05.572Z", "sessionID": "bfb65eb0-092e-4b63-9a6c-a21e1b7b3cce", "query": "ducks", "docid": "5607", "rank": "2", "page": "1"}
{"type": "cursorLeftSnippet", "timestamp": "2026-02-24T15:25:06.256Z", "sessionID": "bfb65eb0-092e-4b63-9a6c-a21e1b7b3cce", "query": "ducks", "docid": "5607", "rank": "2", "page": "1"}
{"type": "cursorEnteredSnippet", "timestamp": "2026-02-24T15:25:06.256Z", "sessionID": "bfb65eb0-092e-4b63-9a6c-a21e1b7b3cce", "query": "ducks", "docid": "4970", "rank": "7", "page": "1"}
{"type": "cursorLeftSnippet", "timestamp": "2026-02-24T15:25:06.377Z", "sessionID": "bfb65eb0-092e-4b63-9a6c-a21e1b7b3cce", "query": "ducks", "docid": "4970", "rank": "7", "page": "1"}
{"type": "cursorEnteredSnippet", "timestamp": "2026-02-24T15:25:06.393Z", "sessionID": "bfb65eb0-092e-4b63-9a6c-a21e1b7b3cce", "query": "ducks", "docid": "6202", "rank": "8", "page": "1"}
{"type": "cursorLeftSnippet", "timestamp": "2026-02-24T15:25:06.787Z", "sessionID": "bfb65eb0-092e-4b63-9a6c-a21e1b7b3cce", "query": "ducks", "docid": "6202", "rank": "8", "page": "1"}
{"type": "cursorEnteredSnippet", "timestamp": "2026-02-24T15:25:06.788Z", "sessionID": "bfb65eb0-092e-4b63-9a6c-a21e1b7b3cce", "query": "ducks", "docid": "5714", "rank": "9", "page": "1"}
{"type": "cursorLeftSnippet", "timestamp": "2026-02-24T15:25:06.837Z", "sessionID": "bfb65eb0-092e-4b63-9a6c-a21e1b7b3cce", "query": "ducks", "docid": "5714", "rank": "9", "page": "1"}
{"type": "cursorEnteredSnippet", "timestamp": "2026-02-24T15:25:06.837Z", "sessionID": "bfb65eb0-092e-4b63-9a6c-a21e1b7b3cce", "query": "ducks", "docid": "5589", "rank": "10", "page": "1"}
{"type": "cursorLeftSnippet", "timestamp": "2026-02-24T15:25:06.887Z", "sessionID": "bfb65eb0-092e-4b63-9a6c-a21e1b7b3cce", "query": "ducks", "docid": "5589", "rank": "10", "page": "1"}
{"type": "pageNavigationClicked", "timestamp": "2026-02-24T15:25:07.498Z", "sessionID": "bfb65eb0-092e-4b63-9a6c-a21e1b7b3cce", "clicked": "4", "fromPage": 1, "toPage": 4}
{"type": "searchResultGenerated", "timestamp": "2026-02-24T15:25:07.805Z", "sessionID": "bfb65eb0-092e-4b63-9a6c-a21e1b7b3cce", "query": "ducks", "docid": "7041", "rank": "1", "page": "4", "url": "http://www.gutenberg.org/files/25359/25359-h/25359-h.htm#Page_304", "windowLocation": "http://localhost:7001/result?query=ducks&page=4"}
{"type": "searchResultGenerated", "timestamp": "2026-02-24T15:25:07.805Z", "sessionID": "bfb65eb0-092e-4b63-9a6c-a21e1b7b3cce", "query": "ducks", "docid": "3213", "rank": "2", "page": "4", "url": "https://freekidsbooks.org/wp-content/uploads/2020/06/the-dance-of-the-flamingo-Pratham-FKB.pdf", "windowLocation": "http://localhost:7001/result?query=ducks&page=4"}
{"type": "cursorEnteredSnippet", "timestamp": "2026-02-24T15:25:08.321Z", "sessionID": "bfb65eb0-092e-4b63-9a6c-a21e1b7b3cce", "query": "ducks", "docid": "3213", "rank": "2", "page": "4"}
{"type": "clickedResult", "timestamp": "2026-02-24T15:25:08.816Z", "sessionID": "bfb65eb0-092e-4b63-9a6c-a21e1b7b3cce", "query": "ducks", "rank": "2", "page": "4", "url": "https://freekidsbooks.org/wp-content/uploads/2020/06/the-dance-of-the-flamingo-Pratham-FKB.pdf"}
{"type": "cursorLeftSnippet", "timestamp": "2026-02-24T15:25:16.239Z", "sessionID": "bfb65eb0-092e-4b63-9a6c-a21e1b7b3cce", "query": "ducks", "docid": "3213", "rank": "2", "page": "4"}
{"type": "wentBack", "timestamp": "2026-02-24T15:25:21.384Z", "sessionID": "bfb65eb0-092e-4b63-9a6c-a21e1b7b3cce", "query": "ducks", "page": "1"}
{"type": "pageNavigationClicked", "timestamp": "2026-02-24T15:25:28.284Z", "sessionID": "bfb65eb0-092e-4b63-9a6c-a21e1b7b3cce", "clicked": "3", "fromPage": 1, "toPage": 3}
{"type": "searchResultGenerated", "timestamp": "2026-02-24T15:25:28.572Z", "sessionID": "bfb65eb0-092e-4b63-9a6c-a21e1b7b3cce", "query": "ducks", "docid": "6235", "rank": "1", "page": "3", "url": "http://www.gutenberg.org/files/7252/7252-h/7252-h.htm", "windowLocation": "http://localhost:7001/result?query=ducks&page=3"}
{"type": "searchResultGenerated", "timestamp": "2026-02-24T15:25:28.572Z", "sessionID": "bfb65eb0-092e-4b63-9a6c-a21e1b7b3cce", "query": "ducks", "docid": "2047", "rank": "2", "page": "3", "url": "https://kids.frontiersin.org/article/10.3389/frym.2020.00083", "windowLocation": "http://localhost:7001/result?query=ducks&page=3"}
{"type": "searchResultGenerated", "timestamp": "2026-02-24T15:25:28.572Z", "sessionID": "bfb65eb0-092e-4b63-9a6c-a21e1b7b3cce", "query": "ducks", "docid": "7365", "rank": "3", "page": "3", "url": "https://www.digitallibrary.io/en/books/details/1391", "windowLocation": "http://localhost:7001/result?query=ducks&page=3"}
{"type": "searchResultGenerated", "timestamp": "2026-02-24T15:25:28.572Z", "sessionID": "bfb65eb0-092e-4b63-9a6c-a21e1b7b3cce", "query": "ducks", "docid": "3208", "rank": "4", "page": "3", "url": "https://www.africanstorybook.org/", "windowLocation": "http://localhost:7001/result?query=ducks&page=3"}
{"type": "searchResultGenerated", "timestamp": "2026-02-24T15:25:28.573Z", "sessionID": "bfb65eb0-092e-4b63-9a6c-a21e1b7b3cce", "query": "ducks", "docid": "4340", "rank": "5", "page": "3", "url": "https://www.commonlit.org/texts/the-open-window", "windowLocation": "http://localhost:7001/result?query=ducks&page=3"}
{"type": "searchResultGenerated", "timestamp": "2026-02-24T15:25:28.573Z", "sessionID": "bfb65eb0-092e-4b63-9a6c-a21e1b7b3cce", "query": "ducks", "docid": "5234", "rank": "6", "page": "3", "url": "http://www.gutenberg.org/files/42159/42159-h/42159-h.htm#Page_308", "windowLocation": "http://localhost:7001/result?query=ducks&page=3"}
{"type": "searchResultGenerated", "timestamp": "2026-02-24T15:25:28.573Z", "sessionID": "bfb65eb0-092e-4b63-9a6c-a21e1b7b3cce", "query": "ducks", "docid": "4261", "rank": "7", "page": "3", "url": "http://www.gutenberg.org/files/20521/20521-h/20521-h.htm#French_Amenities", "windowLocation": "http://localhost:7001/result?query=ducks&page=3"}
{"type": "searchResultGenerated", "timestamp": "2026-02-24T15:25:28.573Z", "sessionID": "bfb65eb0-092e-4b63-9a6c-a21e1b7b3cce", "query": "ducks", "docid": "2967", "rank": "8", "page": "3", "url": "https://kids.frontiersin.org/article/10.3389/frym.2017.00007", "windowLocation": "http://localhost:7001/result?query=ducks&page=3"}
{"type": "searchResultGenerated", "timestamp": "2026-02-24T15:25:28.573Z", "sessionID": "bfb65eb0-092e-4b63-9a6c-a21e1b7b3cce", "query": "ducks", "docid": "3071", "rank": "9", "page": "3", "url": "https://www.africanstorybook.org/", "windowLocation": "http://localhost:7001/result?query=ducks&page=3"}
{"type": "searchResultGenerated", "timestamp": "2026-02-24T15:25:28.573Z", "sessionID": "bfb65eb0-092e-4b63-9a6c-a21e1b7b3cce", "query": "ducks", "docid": "7254", "rank": "10", "page": "3", "url": "https://www.digitallibrary.io/en/books/details/3753", "windowLocation": "http://localhost:7001/result?query=ducks&page=3"}
{"type": "cursorEnteredSnippet", "timestamp": "2026-02-24T15:25:29.086Z", "sessionID": "bfb65eb0-092e-4b63-9a6c-a21e1b7b3cce", "query": "ducks", "docid": "3208", "rank": "4", "page": "3"}
{"type": "cursorLeftSnippet", "timestamp": "2026-02-24T15:25:30.820Z", "sessionID": "bfb65eb0-092e-4b63-9a6c-a21e1b7b3cce", "query": "ducks", "docid": "3208", "rank": "4", "page": "3"}
{"type": "cursorEnteredSnippet", "timestamp": "2026-02-24T15:25:30.820Z", "sessionID": "bfb65eb0-092e-4b63-9a6c-a21e1b7b3cce", "query": "ducks", "docid": "7254", "rank": "10", "page": "3"}
{"type": "cursorLeftSnippet", "timestamp": "2026-02-24T15:25:30.853Z", "sessionID": "bfb65eb0-092e-4b63-9a6c-a21e1b7b3cce", "query": "ducks", "docid": "7254", "rank": "10", "page": "3"}
{"type": "pageNavigationClicked", "timestamp": "2026-02-24T15:25:31.366Z", "sessionID": "bfb65eb0-092e-4b63-9a6c-a21e1b7b3cce", "clicked": "4", "fromPage": 3, "toPage": 4}
{"type": "queryBoxFocused", "timestamp": "2026-02-24T15:25:36.066Z", "sessionID": "bfb65eb0-092e-4b63-9a6c-a21e1b7b3cce"}
{"type": "querySubmitted", "timestamp": "2026-02-24T15:25:38.111Z", "sessionID": "bfb65eb0-092e-4b63-9a6c-a21e1b7b3cce", "query": "boats"}
{"type": "wentBack", "timestamp": "2026-02-24T15:25:38.396Z", "sessionID": "bfb65eb0-092e-4b63-9a6c-a21e1b7b3cce", "query": "boats", "page": "1"}
{"type": "clickedResult", "timestamp": "2026-02-24T15:25:41.095Z", "sessionID": "bfb65eb0-092e-4b63-9a6c-a21e1b7b3cce", "query": "boats", "rank": "7", "page": "1", "url": "http://www.gutenberg.org/files/2591/2591-h/2591-h.htm"}
{"type": "wentBack", "timestamp": "2026-02-24T15:25:43.168Z", "sessionID": "bfb65eb0-092e-4b63-9a6c-a21e1b7b3cce", "query": "boats", "page": "1"}
{"type": "wentBack", "timestamp": "2026-02-24T15:25:47.239Z", "sessionID": "bfb65eb0-092e-4b63-9a6c-a21e1b7b3cce", "query": "ducks", "page": "1"}
{"type": "ClickedEndTask", "timestamp": "2026-02-24T15:25:49.530Z", "sessionID": "bfb65eb0-092e-4b63-9a6c-a21e1b7b3cce"}
{"type": "TaskEndConfirmed", "timestamp": "2026-02-24T15:25:50.262Z", "sessionID": "bfb65eb0-092e-4b63-9a6c-a21e1b7b3cce"}
