{"type": "TaskStarted", "timestamp": "2026-02-25T15:16:10.963Z", "sessionID": "78dd8720-9a02-4bb0-9855-1772e07a42d3"}
{"type": "idSubmitted", "timestamp": "2026-02-25T15:16:10.965Z", "sessionID": "78dd8720-9a02-4bb0-9855-1772e07a42d3", "uid": "Participant9"}
{"type": "queryBoxFocused", "timestamp": "2026-02-25T15:16:12.156Z", "sessionID": "78dd8720-9a02-4bb0-9855-1772e07a42d3"}
{"type": "querySubmitted", "timestamp": "2026-02-25T15:16:13.567Z", "sessionID": "78dd8720-9a02-4bb0-9855-1772e07a42d3", "query": "ducks"}
{"type": "searchResultGenerated", "timestamp": "2026-02-25T15:16:14.951Z", "sessionID": "78dd8720-9a02-4bb0-9855-1772e07a42d3", "query": "ducks", "docid": "2938", "rank": "1", "page": "1", "url": "https://www.africanstorybook.org/#", "windowLocation": "http://localhost:7001/result?query=ducks&page=1"}
{"type": "searchResultGenerated", "timestamp": "2026-02-25T15:16:14.952Z", "sessionID": "78dd8720-9a02-4bb0-9855-1772e07a42d3", "query": "ducks", "docid": "5607", "rank": "2", "page": "1", "url": "http://www.gutenberg.org/files/15170/15170-h/15170-h.htm#mirror", "windowLocation": "http://localhost:7001/result?query=ducks&page=1"}
{"type": "searchResultGenerated", "timestamp": "2026-02-25T15:16:14.952Z", "sessionID": "78dd8720-9a02-4bb0-9855-1772e07a42d3", "query": "ducks", "docid": "5292", "rank": "3", "page": "1", "url": "http://www.gutenberg.org/files/40756/40756-h/40756-h.htm#Page_135", "windowLocation": "http://localhost:7001/result?query=ducks&page=1"}
{"type": "searchResultGenerated", "timestamp": "2026-02-25T15:16:14.952Z", "sessionID": "78dd8720-9a02-4bb0-9855-1772e07a42d3", "query": "ducks", "docid": "5499", "rank": "4", "page": "1", "url": "http://www.gutenberg.org/files/28130/28130-h/28130-h.htm#Page_57", "windowLocation": "http://localhost:7001/result?query=ducks&page=1"}
{"type": "searchResultGenerated", "timestamp": "2026-02-25T15:16:14.952Z", "sessionID": "78dd8720-9a02-4bb0-9855-1772e07a42d3", "query": "ducks", "docid": "5642", "rank": "5", "page": "1", "url": "http://www.gutenberg.org/files/16522/16522-h/16522-h.htm#ELSIES_DUCKS", "windowLocation": "http://localhost:7001/result?query=ducks&page=1"}
{"type": "searchResultGenerated", "timestamp": "2026-02-25T15:16:14.953Z", "sessionID": "78dd8720-9a02-4bb0-9855-1772e07a42d3", "query": "ducks", "docid": "4817", "rank": "6", "page": "1", "url": "http://www.gutenberg.org/files/902/902-h/902-h.htm", "windowLocation": "http://localhost:7001/result?query=ducks&page=1"}
{"type": "searchResultGenerated", "timestamp": "2026-02-25T15:16:14.953Z", "sessionID": "78dd8720-9a02-4bb0-9855-1772e07a42d3", "query": "ducks", "docid": "4970", "rank": "7", "page": "1", "url": "http://www.gutenberg.org/files/8950/8950-h/8950-h.htm", "windowLocation": "http://localhost:7001/result?query=ducks&page=1"}
{"type": "searchResultGenerated", "timestamp": "2026-02-25T15:16:14.953Z", "sessionID": "78dd8720-9a02-4bb0-9855-1772e07a42d3", "query": "ducks", "docid": "6202", "rank": "8", "page": "1", "url": "http://www.gutenberg.org/files/16891/16891-h/16891-h.htm", "windowLocation": "http://localhost:7001/result?query=ducks&page=1"}
{"type": "searchResultGenerated", "timestamp": "2026-02-25T15:16:14.953Z", "sessionID": "78dd8720-9a02-4bb0-9855-1772e07a42d3", "query": "ducks", "docid": "5714", "rank": "9", "page": "1", "url": "http://www.gutenberg.org/files/24940/24940-h/24940-h.htm#Page_69", "windowLocation": "http://localhost:7001/result?query=ducks&page=1"}
{"type": "searchResultGenerated", "timestamp": "2026-02-25T15:16:14.954Z", "sessionID": "78dd8720-9a02-4bb0-9855-1772e07a42d3", "query": "ducks", "docid": "5589", "rank": "10", "page": "1", "url": "http://www.gutenberg.org/files/28133/28133-h/28133-h.htm#Page_139", "windowLocation": "http://localhost:7001/result?query=ducks&page=1"}
{"type": "queryBoxFocused", "timestamp": "2026-02-25T15:16:16.727Z", "sessionID": "78dd8720-9a02-4bb0-9855-1772e07a42d3"}
{"type": "querySubmitted", "timestamp": "2026-02-25T15:16:18.492Z", "sessionID": "78dd8720-9a02-4bb0-9855-1772e07a42d3", "query": "boat"}
{"type": "searchResultGenerated", "timestamp": "2026-02-25T15:16:18.777Z", "sessionID": "78dd8720-9a02-4bb0-9855-1772e07a42d3", "query": "boat", "docid": "7248", "rank": "1", "page": "1", "url": "http://www.gutenberg.org/files/8504/8504-h/8504-h.htm#5", "windowLocation": "http://localhost:7001/result?query=boat&page=1"}
{"type": "searchResultGenerated", "timestamp": "2026-02-25T15:16:18.777Z", "sessionID": "78dd8720-9a02-4bb0-9855-1772e07a42d3", "query": "boat", "docid": "1102", "rank": "2", "page": "1", "url": "http://www.gutenberg.org/files/22168/22168-h/22168-h.htm#h2H_4_0007", "windowLocation": "http://localhost:7001/result?query=boat&page=1"}
{"type": "searchResultGenerated", "timestamp": "2026-02-25T15:16:18.778Z", "sessionID": "78dd8720-9a02-4bb0-9855-1772e07a42d3", "query": "boat", "docid": "5775", "rank": "3", "page": "1", "url": "http://www.gutenberg.org/files/24477/24477-h/24477-h.htm#Page_110", "windowLocation": "http://localhost:7001/result?query=boat&page=1"}
{"type": "searchResultGenerated", "timestamp": "2026-02-25T15:16:18.778Z", "sessionID": "78dd8720-9a02-4bb0-9855-1772e07a42d3", "query": "boat", "docid": "5855", "rank": "4", "page": "1", "url": "http://www.online-literature.com/wilkie-collins/rambles-beyond-railways/0/", "windowLocation": "http://localhost:7001/result?query=boat&page=1"}
{"type": "searchResultGenerated", "timestamp": "2026-02-25T15:16:18.778Z", "sessionID": "78dd8720-9a02-4bb0-9855-1772e07a42d3", "query": "boat", "docid": "3758", "rank": "5", "page": "1", "url": "http://www.gutenberg.org/files/38750/38750-h/38750-h.htm#Page_290", "windowLocation": "http://localhost:7001/result?query=boat&page=1"}
{"type": "searchResultGenerated", "timestamp": "2026-02-25T15:16:18.779Z", "sessionID": "78dd8720-9a02-4bb0-9855-1772e07a42d3", "query": "boat", "docid": "5524", "rank": "6", "page": "1", "url": "http://www.gutenberg.org/files/28130/28130-h/28130-h.htm#Page_47", "windowLocation": "http://localhost:7001/result?query=boat&page=1"}
{"type": "searchResultGenerated", "timestamp": "2026-02-25T15:16:18.779Z", "sessionID": "78dd8720-9a02-4bb0-9855-1772e07a42d3", "query": "boat", "docid": "3809", "rank": "7", "page": "1", "url": "http://www.gutenberg.org/files/2591/2591-h/2591-h.htm", "windowLocation": "http://localhost:7001/result?query=boat&page=1"}
{"type": "searchResultGenerated", "timestamp": "2026-02-25T15:16:18.779Z", "sessionID": "78dd8720-9a02-4bb0-9855-1772e07a42d3", "query": "boat", "docid": "6588", "rank": "8", "page": "1", "url": "http://www.gutenberg.org/files/13577/13577-h/13577-h.htm", "windowLocation": "http://localhost:7001/result?query=boat&page=1"}
{"type": "searchResultGenerated", "timestamp": "2026-02-25T15:16:18.779Z", "sessionID": "78dd8720-9a02-4bb0-9855-1772e07a42d3", "query": "boat", "docid": "7051", "rank": "9", "page": "1", "url": "http://www.gutenberg.org/files/20117/20117-h/20117-h.htm#A_COAT_OF_PAINT", "windowLocation": "http://localhost:7001/result?query=boat&page=1"}
{"type": "searchResultGenerated", "timestamp": "2026-02-25T15:16:18.780Z", "sessionID": "78dd8720-9a02-4bb0-9855-1772e07a42d3", "query": "boat", "docid": "1201", "rank": "10", "page": "1", "url": "http://www.gutenberg.org/files/21137/21137-h/21137-h.htm", "windowLocation": "http://localhost:7001/result?query=boat&page=1"}
{"type": "cursorEnteredSnippet", "timestamp": "2026-02-25T15:16:20.454Z", "sessionID": "78dd8720-9a02-4bb0-9855-1772e07a42d3", "query": "boat", "docid": "7248", "rank": "1", "page": "1"}
{"type": "cursorLeftSnippet", "timestamp": "2026-02-25T15:16:20.488Z", "sessionID": "78dd8720-9a02-4bb0-9855-1772e07a42d3", "query": "boat", "docid": "7248", "rank": "1", "page": "1"}
{"type": "cursorEnteredSnippet", "timestamp": "2026-02-25T15:16:20.489Z", "sessionID": "78dd8720-9a02-4bb0-9855-1772e07a42d3", "query": "boat", "docid": "1102", "rank": "2", "page": "1"}
{"type": "cursorLeftSnippet", "timestamp": "2026-02-25T15:16:20.538Z", "sessionID": "78dd8720-9a02-4bb0-9855-1772e07a42d3", "query": "boat", "docid": "1102", "rank": "2", "page": "1"}
{"type": "wentBack", "timestamp": "2026-02-25T15:16:21.502Z", "sessionID": "78dd8720-9a02-4bb0-9855-1772e07a42d3", "query": "ducks", "page": "1"}
{"type": "queryBoxFocused", "timestamp": "2026-02-25T15:16:25.270Z", "sessionID": "78dd8720-9a02-4bb0-9855-1772e07a42d3"}
{"type": "querySubmitted", "timestamp": "2026-02-25T15:16:27.231Z", "sessionID": "78dd8720-9a02-4bb0-9855-1772e07a42d3", "query": "dogs"}
{"type": "searchResultGenerated", "timestamp": "2026-02-25T15:16:27.626Z", "sessionID": "78dd8720-9a02-4bb0-9855-1772e07a42d3", "query": "dogs", "docid": "2936", "rank": "1", "page": "1", "url": "https://www.africanstorybook.org/#", "windowLocation": "http://localhost:7001/result?query=dogs&page=1"}
{"type": "searchResultGenerated", "timestamp": "2026-02-25T15:16:27.627Z", "sessionID": "78dd8720-9a02-4bb0-9855-1772e07a42d3", "query": "dogs", "docid": "2942", "rank": "2", "page": "1", "url": "https://www.africanstorybook.org/#", "windowLocation": "http://localhost:7001/result?query=dogs&page=1"}
{"type": "searchResultGenerated", "timestamp": "2026-02-25T15:16:27.627Z", "sessionID": "78dd8720-9a02-4bb0-9855-1772e07a42d3", "query": "dogs", "docid": "2937", "rank": "3", "page": "1", "url": "https://www.africanstorybook.org/#", "windowLocation": "http://localhost:7001/result?query=dogs&page=1"}
{"type": "searchResultGenerated", "timestamp": "2026-02-25T15:16:27.628Z", "sessionID": "78dd8720-9a02-4bb0-9855-1772e07a42d3", "query": "dogs", "docid": "2940", "rank": "4", "page": "1", "url": "https://www.africanstorybook.org/#", "windowLocation": "http://localhost:7001/result?query=dogs&page=1"}
{"type": "searchResultGenerated", "timestamp": "2026-02-25T15:16:27.628Z", "sessionID": "78dd8720-9a02-4bb0-9855-1772e07a42d3", "query": "dogs", "docid": "2939", "rank": "5", "page": "1", "url": "https://www.africanstorybook.org/#", "windowLocation": "http://localhost:7001/result?query=dogs&page=1"}
{"type": "searchResultGenerated", "timestamp": "2026-02-25T15:16:27.628Z", "sessionID": "78dd8720-9a02-4bb0-9855-1772e07a42d3", "query": "dogs", "docid": "3420", "rank": "6", "page": "1", "url": "https://www.africanstorybook.org/", "windowLocation": "http://localhost:7001/result?query=dogs&page=1"}
{"type": "searchResultGenerated", "timestamp": "2026-02-25T15:16:27.629Z", "sessionID": "78dd8720-9a02-4bb0-9855-1772e07a42d3", "query": "dogs", "docid": "5461", "rank": "7", "page": "1", "url": "http://www.gutenberg.org/files/28142/28142-h/28142-h.htm#Page_73", "windowLocation": "http://localhost:7001/result?query=dogs&page=1"}
{"type": "searchResultGenerated", "timestamp": "2026-02-25T15:16:27.629Z", "sessionID": "78dd8720-9a02-4bb0-9855-1772e07a42d3", "query": "dogs", "docid": "3071", "rank": "8", "page": "1", "url": "https://www.africanstorybook.org/", "windowLocation": "http://localhost:7001/result?query=dogs&page=1"}
{"type": "searchResultGenerated", "timestamp": "2026-02-25T15:16:27.629Z", "sessionID": "78dd8720-9a02-4bb0-9855-1772e07a42d3", "query": "dogs", "docid": "2892", "rank": "9", "page": "1", "url": "https://www.africanstorybook.org/#", "windowLocation": "http://localhost:7001/result?query=dogs&page=1"}
{"type": "searchResultGenerated", "timestamp": "2026-02-25T15:16:27.630Z", "sessionID": "78dd8720-9a02-4bb0-9855-1772e07a42d3", "query": "dogs", "docid": "2938", "rank": "10", "page": "1", "url": "https://www.africanstorybook.org/#", "windowLocation": "http://localhost:7001/result?query=dogs&page=1"}
{"type": "wentBack", "timestamp": "2026-02-25T15:16:30.547Z", "sessionID": "78dd8720-9a02-4bb0-9855-1772e07a42d3", "query": "ducks", "page": "1"}
{"type": "cursorEnteredSnippet", "timestamp": "2026-02-25T15:16:31.171Z", "sessionID": "78dd8720-9a02-4bb0-9855-1772e07a42d3", "query": "ducks", "docid": "2938", "rank": "1", "page": "1"}
{"type": "cursorLeftSnippet", "timestamp": "2026-02-25T15:16:31.654Z", "sessionID": "78dd8720-9a02-4bb0-9855-1772e07a42d3", "query": "ducks", "docid": "2938", "rank": "1", "page": "1"}
{"type": "queryBoxFocused", "timestamp": "2026-02-25T15:16:32.225Z", "sessionID": "78dd8720-9a02-4bb0-9855-1772e07a42d3"}
{"type": "querySubmitted", "timestamp": "2026-02-25T15:16:43.077Z", "sessionID": "78dd8720-9a02-4bb0-9855-1772e07a42d3", "query": "six"}
{"type": "queryBoxFocused", "timestamp": "2026-02-25T15:16:44.861Z", "sessionID": "78dd8720-9a02-4bb0-9855-1772e07a42d3"}
{"type": "querySubmitted", "timestamp": "2026-02-25T15:16:46.389Z", "sessionID": "78dd8720-9a02-4bb0-9855-1772e07a42d3", "query": "six"}
{"type": "queryBoxFocused", "timestamp": "2026-02-25T15:16:49.738Z", "sessionID": "78dd8720-9a02-4bb0-9855-1772e07a42d3"}
{"type": "querySubmitted", "timestamp": "2026-02-25T15:16:51.732Z", "sessionID": "78dd8720-9a02-4bb0-9855-1772e07a42d3", "query": "history"}
{"type": "searchResultGenerated", "timestamp": "2026-02-25T15:16:52.158Z", "sessionID": "78dd8720-9a02-4bb0-9855-1772e07a42d3", "query": "history", "docid": "2111", "rank": "1", "page": "1", "url": "https://simple.wikipedia.org/wiki/History", "windowLocation": "http://localhost:7001/result?query=history&page=1"}
{"type": "searchResultGenerated", "timestamp": "2026-02-25T15:16:52.158Z", "sessionID": "78dd8720-9a02-4bb0-9855-1772e07a42d3", "query": "history", "docid": "2110", "rank": "2", "page": "1", "url": "https://en.wikipedia.org/wiki/Historiography", "windowLocation": "http://localhost:7001/result?query=history&page=1"}
{"type": "searchResultGenerated", "timestamp": "2026-02-25T15:16:52.158Z", "sessionID": "78dd8720-9a02-4bb0-9855-1772e07a42d3", "query": "history", "docid": "1289", "rank": "3", "page": "1", "url": "http://www.gutenberg.org/cache/epub/11250/pg11250.html", "windowLocation": "http://localhost:7001/result?query=history&page=1"}
{"type": "searchResultGenerated", "timestamp": "2026-02-25T15:16:52.159Z", "sessionID": "78dd8720-9a02-4bb0-9855-1772e07a42d3", "query": "history", "docid": "5201", "rank": "4", "page": "1", "url": "http://www.gutenberg.org/files/18763/18763-h/18763-h.htm", "windowLocation": "http://localhost:7001/result?query=history&page=1"}
{"type": "searchResultGenerated", "timestamp": "2026-02-25T15:16:52.159Z", "sessionID": "78dd8720-9a02-4bb0-9855-1772e07a42d3", "query": "history", "docid": "3068", "rank": "5", "page": "1", "url": "https://www.africanstorybook.org/", "windowLocation": "http://localhost:7001/result?query=history&page=1"}
{"type": "searchResultGenerated", "timestamp": "2026-02-25T15:16:52.160Z", "sessionID": "78dd8720-9a02-4bb0-9855-1772e07a42d3", "query": "history", "docid": "5880", "rank": "6", "page": "1", "url": "http://www.gutenberg.org/files/24950/24950-h/24950-h.htm", "windowLocation": "http://localhost:7001/result?query=history&page=1"}
{"type": "searchResultGenerated", "timestamp": "2026-02-25T15:16:52.160Z", "sessionID": "78dd8720-9a02-4bb0-9855-1772e07a42d3", "query": "history", "docid": "5438", "rank": "7", "page": "1", "url": "http://www.gutenberg.org/files/15374/15374-h/15374-h.htm", "windowLocation": "http://localhost:7001/result?query=history&page=1"}
{"type": "searchResultGenerated", "timestamp": "2026-02-25T15:16:52.161Z", "sessionID": "78dd8720-9a02-4bb0-9855-1772e07a42d3", "query": "history", "docid": "1951", "rank": "8", "page": "1", "url": "https://en.wikipedia.org/wiki/Civil_engineering", "windowLocation": "http://localhost:7001/result?query=history&page=1"}
{"type": "searchResultGenerated", "timestamp": "2026-02-25T15:16:52.161Z", "sessionID": "78dd8720-9a02-4bb0-9855-1772e07a42d3", "query": "history", "docid": "1501", "rank": "9", "page": "1", "url": "http://www.gutenberg.org/files/15373/15373-h/15373-h.htm#pottery", "windowLocation": "http://localhost:7001/result?query=history&page=1"}
{"type": "searchResultGenerated", "timestamp": "2026-02-25T15:16:52.161Z", "sessionID": "78dd8720-9a02-4bb0-9855-1772e07a42d3", "query": "history", "docid": "6298", "rank": "10", "page": "1", "url": "http://www.gutenberg.org/files/3066/3066-h/3066-h.htm#link2HCH0001", "windowLocation": "http://localhost:7001/result?query=history&page=1"}
{"type": "cursorEnteredSnippet", "timestamp": "2026-02-25T15:16:53.086Z", "sessionID": "78dd8720-9a02-4bb0-9855-1772e07a42d3", "query": "history", "docid": "2110", "rank": "2", "page": "1"}
{"type": "cursorLeftSnippet", "timestamp": "2026-02-25T15:16:56.435Z", "sessionID": "78dd8720-9a02-4bb0-9855-1772e07a42d3", "query": "history", "docid": "2110", "rank": "2", "page": "1"}
{"type": "cursorEnteredSnippet", "timestamp": "2026-02-25T15:16:56.436Z", "sessionID": "78dd8720-9a02-4bb0-9855-1772e07a42d3", "query": "history", "docid": "1501", "rank": "9", "page": "1"}
{"type": "cursorLeftSnippet", "timestamp": "2026-02-25T15:16:56.736Z", "sessionID": "78dd8720-9a02-4bb0-9855-1772e07a42d3", "query": "history", "docid": "1501", "rank": "9", "page": "1"}
{"type": "cursorEnteredSnippet", "timestamp": "2026-02-25T15:16:56.753Z", "sessionID": "78dd8720-9a02-4bb0-9855-1772e07a42d3", "query": "history", "docid": "6298", "rank": "10", "page": "1"}
{"type": "cursorLeftSnippet", "timestamp": "2026-02-25T15:16:57.403Z", "sessionID": "78dd8720-9a02-4bb0-9855-1772e07a42d3", "query": "history", "docid": "6298", "rank": "10", "page": "1"}
{"type": "pageNavigationClicked", "timestamp": "2026-02-25T15:16:57.848Z", "sessionID": "78dd8720-9a02-4bb0-9855-1772e07a42d3", "clicked": "5", "fromPage": 1, "toPage": 5}
{"type": "searchResultGenerated", "timestamp": "2026-02-25T15:16:58.300Z", "sessionID": "78dd8720-9a02-4bb0-9855-1772e07a42d3", "query": "history", "docid": "6275", "rank": "1", "page": "5", "url": "http://www.gutenberg.org/files/17770/17770-h/17770-h.htm#Page_13", "windowLocation": "http://localhost:7001/result?query=history&page=5"}
{"type": "searchResultGenerated", "timestamp": "2026-02-25T15:16:58.301Z", "sessionID": "78dd8720-9a02-4bb0-9855-1772e07a42d3", "query": "history", "docid": "4385", "rank": "2", "page": "5", "url": "http://www.gutenberg.org/files/78/78-h/78-h.htm", "windowLocation": "http://localhost:7001/result?query=history&page=5"}
{"type": "searchResultGenerated", "timestamp": "2026-02-25T15:16:58.301Z", "sessionID": "78dd8720-9a02-4bb0-9855-1772e07a42d3", "query": "history", "docid": "4729", "rank": "3", "page": "5", "url": "http://www.gutenberg.org/files/834/834-h/834-h.htm", "windowLocation": "http://localhost:7001/result?query=history&page=5"}
{"type": "searchResultGenerated", "timestamp": "2026-02-25T15:16:58.301Z", "sessionID": "78dd8720-9a02-4bb0-9855-1772e07a42d3", "query": "history", "docid": "4097", "rank": "4", "page": "5", "url": "http://www.gutenberg.org/files/26377/26377-h/26377-h.htm#Lloyd_Georges_Appeal_to_Labor", "windowLocation": "http://localhost:7001/result?query=history&page=5"}
{"type": "searchResultGenerated", "timestamp": "2026-02-25T15:16:58.302Z", "sessionID": "78dd8720-9a02-4bb0-9855-1772e07a42d3", "query": "history", "docid": "2498", "rank": "5", "page": "5", "url": "https://simple.wikipedia.org/wiki/Ancient_Egypt", "windowLocation": "http://localhost:7001/result?query=history&page=5"}
{"type": "searchResultGenerated", "timestamp": "2026-02-25T15:16:58.302Z", "sessionID": "78dd8720-9a02-4bb0-9855-1772e07a42d3", "query": "history", "docid": "4665", "rank": "6", "page": "5", "url": "http://www.gutenberg.org/files/15428/15428-h/15428-h.htm", "windowLocation": "http://localhost:7001/result?query=history&page=5"}
{"type": "searchResultGenerated", "timestamp": "2026-02-25T15:16:58.302Z", "sessionID": "78dd8720-9a02-4bb0-9855-1772e07a42d3", "query": "history", "docid": "5964", "rank": "7", "page": "5", "url": "http://www.gutenberg.org/files/1091/1091-h/1091-h.htm", "windowLocation": "http://localhost:7001/result?query=history&page=5"}
{"type": "searchResultGenerated", "timestamp": "2026-02-25T15:16:58.303Z", "sessionID": "78dd8720-9a02-4bb0-9855-1772e07a42d3", "query": "history", "docid": "6225", "rank": "8", "page": "5", "url": "http://www.gutenberg.org/cache/epub/9995/pg9995-images.html", "windowLocation": "http://localhost:7001/result?query=history&page=5"}
{"type": "searchResultGenerated", "timestamp": "2026-02-25T15:16:58.303Z", "sessionID": "78dd8720-9a02-4bb0-9855-1772e07a42d3", "query": "history", "docid": "1212", "rank": "9", "page": "5", "url": "http://www.gutenberg.org/files/19461/19461-h/19461-h.htm#The_Two_Genies", "windowLocation": "http://localhost:7001/result?query=history&page=5"}
{"type": "searchResultGenerated", "timestamp": "2026-02-25T15:16:58.304Z", "sessionID": "78dd8720-9a02-4bb0-9855-1772e07a42d3", "query": "history", "docid": "3381", "rank": "10", "page": "5", "url": "https://kids.frontiersin.org/article/10.3389/frym.2014.00001", "windowLocation": "http://localhost:7001/result?query=history&page=5"}
{"type": "cursorEnteredSnippet", "timestamp": "2026-02-25T15:16:58.672Z", "sessionID": "78dd8720-9a02-4bb0-9855-1772e07a42d3", "query": "history", "docid": "4097", "rank": "4", "page": "5"}
{"type": "clickedResult", "timestamp": "2026-02-25T15:16:59.664Z", "sessionID": "78dd8720-9a02-4bb0-9855-1772e07a42d3", "query": "history", "rank": "4", "page": "5", "url": "http://www.gutenberg.org/files/26377/26377-h/26377-h.htm#Lloyd_Georges_Appeal_to_Labor", "searchAppLocation": "http://www.gutenberg.org/files/26377/26377-h/26377-h.htm#Lloyd_Georges_Appeal_to_Labor"}
{"type": "cursorLeftSnippet", "timestamp": "2026-02-25T15:17:00.113Z", "sessionID": "78dd8720-9a02-4bb0-9855-1772e07a42d3", "query": "history", "docid": "4097", "rank": "4", "page": "5"}
{"type": "wentBack", "timestamp": "2026-02-25T15:17:04.497Z", "sessionID": "78dd8720-9a02-4bb0-9855-1772e07a42d3", "query": "history", "page": "1"}
{"type": "ClickedEndTask", "timestamp": "2026-02-25T15:17:09.416Z", "sessionID": "78dd8720-9a02-4bb0-9855-1772e07a42d3"}
{"type": "TaskEndConfirmed", "timestamp": "2026-02-25T15:17:10.732Z", "sessionID": "78dd8720-9a02-4bb0-9855-1772e07a42d3"}
