{"type": "TaskStarted", "timestamp": "2026-02-18T10:55:34.840Z", "sessionID": "bea95bfa-893f-4b48-8c34-720cc3f80318"}
{"type": "idSubmitted", "timestamp": "2026-02-18T10:55:34.843Z", "sessionID": "bea95bfa-893f-4b48-8c34-720cc3f80318", "uid": "Participant8"}
{"type": "queryBoxFocused", "timestamp": "2026-02-18T10:55:38.198Z", "sessionID": "bea95bfa-893f-4b48-8c34-720cc3f80318"}
{"type": "querySubmitted", "timestamp": "2026-02-18T10:55:40.638Z", "sessionID": "bea95bfa-893f-4b48-8c34-720cc3f80318", "query": "trump"}
{"type": "searchResultGenerated", "timestamp": "2026-02-18T10:55:46.596Z", "sessionID": "bea95bfa-893f-4b48-8c34-720cc3f80318", "query": "trump", "docid": "Sf7eae93f-A248939", "rank": "1", "page": "6", "url": "https://www.debate.org/debates/Things-that-Donald-Trump-and-god-both-are-He-Men-rubber-baby-baggy-doggie-flunkers-have-in-common/1/", "windowLocation": "http://localhost:7001/result?query=trump&page=6"}
{"type": "searchResultGenerated", "timestamp": "2026-02-18T10:55:46.596Z", "sessionID": "bea95bfa-893f-4b48-8c34-720cc3f80318", "query": "trump", "docid": "S27bc855f-A4b0a3e4a", "rank": "2", "page": "6", "url": "https://www.debate.org/debates/Trump-will-make-a-great-president/1/", "windowLocation": "http://localhost:7001/result?query=trump&page=6"}
{"type": "searchResultGenerated", "timestamp": "2026-02-18T10:55:46.597Z", "sessionID": "bea95bfa-893f-4b48-8c34-720cc3f80318", "query": "trump", "docid": "S5d98f01a-A23549648", "rank": "3", "page": "6", "url": "https://www.debate.org/debates/Is-Donald-Trump-Racist-Pro-yes-con-No/1/", "windowLocation": "http://localhost:7001/result?query=trump&page=6"}
{"type": "searchResultGenerated", "timestamp": "2026-02-18T10:55:46.597Z", "sessionID": "bea95bfa-893f-4b48-8c34-720cc3f80318", "query": "trump", "docid": "Sa0ff19c6-Af32dd665", "rank": "4", "page": "6", "url": "https://www.debate.org/debates/Is-Trump-good-for-the-US/1/", "windowLocation": "http://localhost:7001/result?query=trump&page=6"}
{"type": "searchResultGenerated", "timestamp": "2026-02-18T10:55:46.597Z", "sessionID": "bea95bfa-893f-4b48-8c34-720cc3f80318", "query": "trump", "docid": "S2dd30782-Ab6a188e2", "rank": "5", "page": "6", "url": "https://www.debate.org/debates/Hilary-Clinton-vs-Donald-Trump/2/", "windowLocation": "http://localhost:7001/result?query=trump&page=6"}
{"type": "searchResultGenerated", "timestamp": "2026-02-18T10:55:46.598Z", "sessionID": "bea95bfa-893f-4b48-8c34-720cc3f80318", "query": "trump", "docid": "S6d905c81-A5139418e", "rank": "6", "page": "6", "url": "https://www.debate.org/debates/Donald-Trump-is-inept-at-finances./1/", "windowLocation": "http://localhost:7001/result?query=trump&page=6"}
{"type": "searchResultGenerated", "timestamp": "2026-02-18T10:55:46.598Z", "sessionID": "bea95bfa-893f-4b48-8c34-720cc3f80318", "query": "trump", "docid": "S40acee64-Ade5611a3", "rank": "7", "page": "6", "url": "https://www.debate.org/debates/Is-Donald-Trump-better-for-President-than-Hilary-Clinton/1/", "windowLocation": "http://localhost:7001/result?query=trump&page=6"}
{"type": "searchResultGenerated", "timestamp": "2026-02-18T10:55:46.598Z", "sessionID": "bea95bfa-893f-4b48-8c34-720cc3f80318", "query": "trump", "docid": "S6845ccbc-A24584282", "rank": "8", "page": "6", "url": "https://www.debate.org/debates/Is-Hillary-better-than-trump/1/", "windowLocation": "http://localhost:7001/result?query=trump&page=6"}
{"type": "searchResultGenerated", "timestamp": "2026-02-18T10:55:46.599Z", "sessionID": "bea95bfa-893f-4b48-8c34-720cc3f80318", "query": "trump", "docid": "S99eb3279-A92b66bb6", "rank": "9", "page": "6", "url": "https://www.debate.org/debates/TRUMP-PRO-vs-KASICH-CON/1/", "windowLocation": "http://localhost:7001/result?query=trump&page=6"}
{"type": "searchResultGenerated", "timestamp": "2026-02-18T10:55:46.599Z", "sessionID": "bea95bfa-893f-4b48-8c34-720cc3f80318", "query": "trump", "docid": "Sbce5d0db-A27c8b858", "rank": "10", "page": "6", "url": "https://www.debate.org/debates/Clinton-CON-or-Trump-PRO/1/", "windowLocation": "http://localhost:7001/result?query=trump&page=6"}
{"type": "cursorEnteredSnippet", "timestamp": "2026-02-18T10:55:46.602Z", "sessionID": "bea95bfa-893f-4b48-8c34-720cc3f80318", "query": "trump", "docid": "Sa0ff19c6-Af32dd665", "rank": "4", "page": "6"}
{"type": "cursorLeftSnippet", "timestamp": "2026-02-18T10:55:47.216Z", "sessionID": "bea95bfa-893f-4b48-8c34-720cc3f80318", "query": "trump", "docid": "Sa0ff19c6-Af32dd665", "rank": "4", "page": "6"}
{"type": "cursorEnteredSnippet", "timestamp": "2026-02-18T10:55:47.216Z", "sessionID": "bea95bfa-893f-4b48-8c34-720cc3f80318", "query": "trump", "docid": "S5d98f01a-A23549648", "rank": "3", "page": "6"}
{"type": "cursorLeftSnippet", "timestamp": "2026-02-18T10:55:47.265Z", "sessionID": "bea95bfa-893f-4b48-8c34-720cc3f80318", "query": "trump", "docid": "S5d98f01a-A23549648", "rank": "3", "page": "6"}
{"type": "cursorEnteredSnippet", "timestamp": "2026-02-18T10:55:47.266Z", "sessionID": "bea95bfa-893f-4b48-8c34-720cc3f80318", "query": "trump", "docid": "S27bc855f-A4b0a3e4a", "rank": "2", "page": "6"}
{"type": "cursorLeftSnippet", "timestamp": "2026-02-18T10:55:47.315Z", "sessionID": "bea95bfa-893f-4b48-8c34-720cc3f80318", "query": "trump", "docid": "S27bc855f-A4b0a3e4a", "rank": "2", "page": "6"}
{"type": "cursorEnteredSnippet", "timestamp": "2026-02-18T10:55:47.315Z", "sessionID": "bea95bfa-893f-4b48-8c34-720cc3f80318", "query": "trump", "docid": "Sf7eae93f-A248939", "rank": "1", "page": "6"}
{"type": "cursorLeftSnippet", "timestamp": "2026-02-18T10:55:47.415Z", "sessionID": "bea95bfa-893f-4b48-8c34-720cc3f80318", "query": "trump", "docid": "Sf7eae93f-A248939", "rank": "1", "page": "6"}
{"type": "queryBoxFocused", "timestamp": "2026-02-18T10:55:47.860Z", "sessionID": "bea95bfa-893f-4b48-8c34-720cc3f80318"}
{"type": "querySubmitted", "timestamp": "2026-02-18T10:55:53.029Z", "sessionID": "bea95bfa-893f-4b48-8c34-720cc3f80318", "query": "clinton"}
{"type": "searchResultGenerated", "timestamp": "2026-02-18T10:56:02.051Z", "sessionID": "bea95bfa-893f-4b48-8c34-720cc3f80318", "query": "clinton", "docid": "S5c364086-A33d060b7", "rank": "1", "page": "6", "url": "https://www.debate.org/debates/is-it-ok-to-vote-for-hillary-clinton/1/", "windowLocation": "http://localhost:7001/result?query=clinton&page=6"}
{"type": "searchResultGenerated", "timestamp": "2026-02-18T10:56:02.052Z", "sessionID": "bea95bfa-893f-4b48-8c34-720cc3f80318", "query": "clinton", "docid": "Se7ba7555-A3e5e42c0", "rank": "2", "page": "6", "url": "https://www.debate.org/debates/A-Trump-Presidency/1/", "windowLocation": "http://localhost:7001/result?query=clinton&page=6"}
{"type": "searchResultGenerated", "timestamp": "2026-02-18T10:56:02.052Z", "sessionID": "bea95bfa-893f-4b48-8c34-720cc3f80318", "query": "clinton", "docid": "Sf36077fd-A7a0d4c87", "rank": "3", "page": "6", "url": "https://www.debate.org/debates/Donald-Trump-or-Hillary-Clinton/1/", "windowLocation": "http://localhost:7001/result?query=clinton&page=6"}
{"type": "searchResultGenerated", "timestamp": "2026-02-18T10:56:02.053Z", "sessionID": "bea95bfa-893f-4b48-8c34-720cc3f80318", "query": "clinton", "docid": "S85738812-Af789add1", "rank": "4", "page": "6", "url": "https://www.debate.org/debates/the-Clintons-are-the-most-corrupt-politicians-ever-in-the-history-of-the-US-government/1/", "windowLocation": "http://localhost:7001/result?query=clinton&page=6"}
{"type": "searchResultGenerated", "timestamp": "2026-02-18T10:56:02.053Z", "sessionID": "bea95bfa-893f-4b48-8c34-720cc3f80318", "query": "clinton", "docid": "S2b7e99bf-A4156638b", "rank": "5", "page": "6", "url": "https://www.debate.org/debates/Obama-has-outperformed-every-modern-president-in-jobs-growth-and-investments/1/", "windowLocation": "http://localhost:7001/result?query=clinton&page=6"}
{"type": "searchResultGenerated", "timestamp": "2026-02-18T10:56:02.053Z", "sessionID": "bea95bfa-893f-4b48-8c34-720cc3f80318", "query": "clinton", "docid": "Sd7772533-A641a4209", "rank": "6", "page": "6", "url": "https://www.debate.org/debates/Hillary-pro-Trump-con/1/", "windowLocation": "http://localhost:7001/result?query=clinton&page=6"}
{"type": "searchResultGenerated", "timestamp": "2026-02-18T10:56:02.054Z", "sessionID": "bea95bfa-893f-4b48-8c34-720cc3f80318", "query": "clinton", "docid": "S9d72c03a-A4b9e90b3", "rank": "7", "page": "6", "url": "https://www.debate.org/debates/The-electoral-college-should-be-abolished/15/", "windowLocation": "http://localhost:7001/result?query=clinton&page=6"}
{"type": "searchResultGenerated", "timestamp": "2026-02-18T10:56:02.054Z", "sessionID": "bea95bfa-893f-4b48-8c34-720cc3f80318", "query": "clinton", "docid": "Sf9289b92-A808262ee", "rank": "8", "page": "6", "url": "https://www.debate.org/debates/Hillary-Clinton-is-not-a-bad-canidate/1/", "windowLocation": "http://localhost:7001/result?query=clinton&page=6"}
{"type": "searchResultGenerated", "timestamp": "2026-02-18T10:56:02.054Z", "sessionID": "bea95bfa-893f-4b48-8c34-720cc3f80318", "query": "clinton", "docid": "S3c1d1411-A7bfbe0eb", "rank": "9", "page": "6", "url": "https://www.debate.org/debates/Barack-Obama/3/", "windowLocation": "http://localhost:7001/result?query=clinton&page=6"}
{"type": "searchResultGenerated", "timestamp": "2026-02-18T10:56:02.055Z", "sessionID": "bea95bfa-893f-4b48-8c34-720cc3f80318", "query": "clinton", "docid": "See024a1b-Acbc0b7d6", "rank": "10", "page": "6", "url": "https://www.debate.org/debates/Hillary-Clinton-winning-the-democratic-nomination-would-give-republicans-the-best-chance-of-winning./1/", "windowLocation": "http://localhost:7001/result?query=clinton&page=6"}
{"type": "clickedResult", "timestamp": "2026-02-18T10:56:02.775Z", "sessionID": "bea95bfa-893f-4b48-8c34-720cc3f80318", "query": "clinton", "rank": "4", "page": "6", "url": "https://www.debate.org/debates/the-Clintons-are-the-most-corrupt-politicians-ever-in-the-history-of-the-US-government/1/"}
{"type": "cursorLeftSnippet", "timestamp": "2026-02-18T10:56:02.985Z", "sessionID": "bea95bfa-893f-4b48-8c34-720cc3f80318", "query": "clinton", "docid": "S85738812-Af789add1", "rank": "4", "page": "6"}
{"type": "cursorEnteredSnippet", "timestamp": "2026-02-18T10:56:04.732Z", "sessionID": "bea95bfa-893f-4b48-8c34-720cc3f80318", "query": "clinton", "docid": "Se7ba7555-A3e5e42c0", "rank": "2", "page": "6"}
{"type": "cursorLeftSnippet", "timestamp": "2026-02-18T10:56:04.762Z", "sessionID": "bea95bfa-893f-4b48-8c34-720cc3f80318", "query": "clinton", "docid": "Se7ba7555-A3e5e42c0", "rank": "2", "page": "6"}
{"type": "cursorEnteredSnippet", "timestamp": "2026-02-18T10:56:04.762Z", "sessionID": "bea95bfa-893f-4b48-8c34-720cc3f80318", "query": "clinton", "docid": "Sf36077fd-A7a0d4c87", "rank": "3", "page": "6"}
{"type": "cursorLeftSnippet", "timestamp": "2026-02-18T10:56:05.212Z", "sessionID": "bea95bfa-893f-4b48-8c34-720cc3f80318", "query": "clinton", "docid": "Sf36077fd-A7a0d4c87", "rank": "3", "page": "6"}
{"type": "cursorEnteredSnippet", "timestamp": "2026-02-18T10:56:05.212Z", "sessionID": "bea95bfa-893f-4b48-8c34-720cc3f80318", "query": "clinton", "docid": "S2b7e99bf-A4156638b", "rank": "5", "page": "6"}
{"type": "cursorLeftSnippet", "timestamp": "2026-02-18T10:56:05.431Z", "sessionID": "bea95bfa-893f-4b48-8c34-720cc3f80318", "query": "clinton", "docid": "S2b7e99bf-A4156638b", "rank": "5", "page": "6"}
{"type": "cursorEnteredSnippet", "timestamp": "2026-02-18T10:56:05.453Z", "sessionID": "bea95bfa-893f-4b48-8c34-720cc3f80318", "query": "clinton", "docid": "Sd7772533-A641a4209", "rank": "6", "page": "6"}
{"type": "cursorLeftSnippet", "timestamp": "2026-02-18T10:56:05.514Z", "sessionID": "bea95bfa-893f-4b48-8c34-720cc3f80318", "query": "clinton", "docid": "Sd7772533-A641a4209", "rank": "6", "page": "6"}
{"type": "cursorEnteredSnippet", "timestamp": "2026-02-18T10:56:05.514Z", "sessionID": "bea95bfa-893f-4b48-8c34-720cc3f80318", "query": "clinton", "docid": "S9d72c03a-A4b9e90b3", "rank": "7", "page": "6"}
{"type": "cursorLeftSnippet", "timestamp": "2026-02-18T10:56:05.609Z", "sessionID": "bea95bfa-893f-4b48-8c34-720cc3f80318", "query": "clinton", "docid": "S9d72c03a-A4b9e90b3", "rank": "7", "page": "6"}
{"type": "cursorEnteredSnippet", "timestamp": "2026-02-18T10:56:05.609Z", "sessionID": "bea95bfa-893f-4b48-8c34-720cc3f80318", "query": "clinton", "docid": "Sf9289b92-A808262ee", "rank": "8", "page": "6"}
{"type": "cursorLeftSnippet", "timestamp": "2026-02-18T10:56:06.381Z", "sessionID": "bea95bfa-893f-4b48-8c34-720cc3f80318", "query": "clinton", "docid": "Sf9289b92-A808262ee", "rank": "8", "page": "6"}
{"type": "cursorEnteredSnippet", "timestamp": "2026-02-18T10:56:06.381Z", "sessionID": "bea95bfa-893f-4b48-8c34-720cc3f80318", "query": "clinton", "docid": "S3c1d1411-A7bfbe0eb", "rank": "9", "page": "6"}
{"type": "cursorLeftSnippet", "timestamp": "2026-02-18T10:56:07.164Z", "sessionID": "bea95bfa-893f-4b48-8c34-720cc3f80318", "query": "clinton", "docid": "S3c1d1411-A7bfbe0eb", "rank": "9", "page": "6"}
{"type": "cursorEnteredSnippet", "timestamp": "2026-02-18T10:56:07.197Z", "sessionID": "bea95bfa-893f-4b48-8c34-720cc3f80318", "query": "clinton", "docid": "See024a1b-Acbc0b7d6", "rank": "10", "page": "6"}
{"type": "cursorLeftSnippet", "timestamp": "2026-02-18T10:56:07.364Z", "sessionID": "bea95bfa-893f-4b48-8c34-720cc3f80318", "query": "clinton", "docid": "See024a1b-Acbc0b7d6", "rank": "10", "page": "6"}
{"type": "cursorEnteredSnippet", "timestamp": "2026-02-18T10:56:08.030Z", "sessionID": "bea95bfa-893f-4b48-8c34-720cc3f80318", "query": "clinton", "docid": "See024a1b-Acbc0b7d6", "rank": "10", "page": "6"}
{"type": "cursorLeftSnippet", "timestamp": "2026-02-18T10:56:08.114Z", "sessionID": "bea95bfa-893f-4b48-8c34-720cc3f80318", "query": "clinton", "docid": "See024a1b-Acbc0b7d6", "rank": "10", "page": "6"}
{"type": "cursorEnteredSnippet", "timestamp": "2026-02-18T10:56:08.115Z", "sessionID": "bea95bfa-893f-4b48-8c34-720cc3f80318", "query": "clinton", "docid": "S3c1d1411-A7bfbe0eb", "rank": "9", "page": "6"}
{"type": "cursorLeftSnippet", "timestamp": "2026-02-18T10:56:08.164Z", "sessionID": "bea95bfa-893f-4b48-8c34-720cc3f80318", "query": "clinton", "docid": "S3c1d1411-A7bfbe0eb", "rank": "9", "page": "6"}
{"type": "searchResultGenerated", "timestamp": "2026-02-18T10:56:13.108Z", "sessionID": "bea95bfa-893f-4b48-8c34-720cc3f80318", "query": "trump", "docid": "Sf7eae93f-A248939", "rank": "1", "page": "6", "url": "https://www.debate.org/debates/Things-that-Donald-Trump-and-god-both-are-He-Men-rubber-baby-baggy-doggie-flunkers-have-in-common/1/", "windowLocation": "http://localhost:7001/result?query=trump&page=6"}
{"type": "searchResultGenerated", "timestamp": "2026-02-18T10:56:13.109Z", "sessionID": "bea95bfa-893f-4b48-8c34-720cc3f80318", "query": "trump", "docid": "S27bc855f-A4b0a3e4a", "rank": "2", "page": "6", "url": "https://www.debate.org/debates/Trump-will-make-a-great-president/1/", "windowLocation": "http://localhost:7001/result?query=trump&page=6"}
{"type": "searchResultGenerated", "timestamp": "2026-02-18T10:56:13.109Z", "sessionID": "bea95bfa-893f-4b48-8c34-720cc3f80318", "query": "trump", "docid": "S5d98f01a-A23549648", "rank": "3", "page": "6", "url": "https://www.debate.org/debates/Is-Donald-Trump-Racist-Pro-yes-con-No/1/", "windowLocation": "http://localhost:7001/result?query=trump&page=6"}
{"type": "searchResultGenerated", "timestamp": "2026-02-18T10:56:13.109Z", "sessionID": "bea95bfa-893f-4b48-8c34-720cc3f80318", "query": "trump", "docid": "Sa0ff19c6-Af32dd665", "rank": "4", "page": "6", "url": "https://www.debate.org/debates/Is-Trump-good-for-the-US/1/", "windowLocation": "http://localhost:7001/result?query=trump&page=6"}
{"type": "searchResultGenerated", "timestamp": "2026-02-18T10:56:13.109Z", "sessionID": "bea95bfa-893f-4b48-8c34-720cc3f80318", "query": "trump", "docid": "S2dd30782-Ab6a188e2", "rank": "5", "page": "6", "url": "https://www.debate.org/debates/Hilary-Clinton-vs-Donald-Trump/2/", "windowLocation": "http://localhost:7001/result?query=trump&page=6"}
{"type": "searchResultGenerated", "timestamp": "2026-02-18T10:56:13.110Z", "sessionID": "bea95bfa-893f-4b48-8c34-720cc3f80318", "query": "trump", "docid": "S6d905c81-A5139418e", "rank": "6", "page": "6", "url": "https://www.debate.org/debates/Donald-Trump-is-inept-at-finances./1/", "windowLocation": "http://localhost:7001/result?query=trump&page=6"}
{"type": "searchResultGenerated", "timestamp": "2026-02-18T10:56:13.110Z", "sessionID": "bea95bfa-893f-4b48-8c34-720cc3f80318", "query": "trump", "docid": "S40acee64-Ade5611a3", "rank": "7", "page": "6", "url": "https://www.debate.org/debates/Is-Donald-Trump-better-for-President-than-Hilary-Clinton/1/", "windowLocation": "http://localhost:7001/result?query=trump&page=6"}
{"type": "searchResultGenerated", "timestamp": "2026-02-18T10:56:13.110Z", "sessionID": "bea95bfa-893f-4b48-8c34-720cc3f80318", "query": "trump", "docid": "S6845ccbc-A24584282", "rank": "8", "page": "6", "url": "https://www.debate.org/debates/Is-Hillary-better-than-trump/1/", "windowLocation": "http://localhost:7001/result?query=trump&page=6"}
{"type": "searchResultGenerated", "timestamp": "2026-02-18T10:56:13.110Z", "sessionID": "bea95bfa-893f-4b48-8c34-720cc3f80318", "query": "trump", "docid": "S99eb3279-A92b66bb6", "rank": "9", "page": "6", "url": "https://www.debate.org/debates/TRUMP-PRO-vs-KASICH-CON/1/", "windowLocation": "http://localhost:7001/result?query=trump&page=6"}
{"type": "searchResultGenerated", "timestamp": "2026-02-18T10:56:13.111Z", "sessionID": "bea95bfa-893f-4b48-8c34-720cc3f80318", "query": "trump", "docid": "Sbce5d0db-A27c8b858", "rank": "10", "page": "6", "url": "https://www.debate.org/debates/Clinton-CON-or-Trump-PRO/1/", "windowLocation": "http://localhost:7001/result?query=trump&page=6"}
