{"type": "TaskStarted", "timestamp": "2026-02-18T10:21:35.058Z", "sessionID": "534f6799-52c3-4343-b47e-8c9a08c569f9"}
{"type": "idSubmitted", "timestamp": "2026-02-18T10:21:35.063Z", "sessionID": "534f6799-52c3-4343-b47e-8c9a08c569f9", "uid": "Participant15"}
{"type": "queryBoxFocused", "timestamp": "2026-02-18T10:21:38.816Z", "sessionID": "534f6799-52c3-4343-b47e-8c9a08c569f9"}
{"type": "querySubmitted", "timestamp": "2026-02-18T10:21:42.196Z", "sessionID": "534f6799-52c3-4343-b47e-8c9a08c569f9", "query": "trump"}
{"type": "searchResultGenerated", "timestamp": "2026-02-18T10:21:43.724Z", "sessionID": "534f6799-52c3-4343-b47e-8c9a08c569f9", "query": "trump", "docid": "S5c58870f-A5d72cb4", "rank": "1", "page": "1", "url": "https://www.debate.org/debates/Hillary-is-better-than-Trump/2/", "windowLocation": "http://localhost:7001/result"}
{"type": "searchResultGenerated", "timestamp": "2026-02-18T10:21:43.724Z", "sessionID": "534f6799-52c3-4343-b47e-8c9a08c569f9", "query": "trump", "docid": "S54db2959-A66eff8d1", "rank": "2", "page": "1", "url": "https://www.debate.org/debates/Things-that-Donald-Trump-the-worst-president-of-all-time-and-god-both-are-unclean-have-in-common/2/", "windowLocation": "http://localhost:7001/result"}
{"type": "searchResultGenerated", "timestamp": "2026-02-18T10:21:43.725Z", "sessionID": "534f6799-52c3-4343-b47e-8c9a08c569f9", "query": "trump", "docid": "S6fb67f39-Ae34eeece", "rank": "3", "page": "1", "url": "https://www.debate.org/debates/Trump-has-finally-gone-to-far/1/", "windowLocation": "http://localhost:7001/result"}
{"type": "searchResultGenerated", "timestamp": "2026-02-18T10:21:43.725Z", "sessionID": "534f6799-52c3-4343-b47e-8c9a08c569f9", "query": "trump", "docid": "S1b5369b7-Ae0635aa3", "rank": "4", "page": "1", "url": "https://www.debate.org/debates/i-can-list-more-lies-from-trump-than-you-can-from-hilary/1/", "windowLocation": "http://localhost:7001/result"}
{"type": "searchResultGenerated", "timestamp": "2026-02-18T10:21:43.725Z", "sessionID": "534f6799-52c3-4343-b47e-8c9a08c569f9", "query": "trump", "docid": "Sde529d61-A61d220f9", "rank": "5", "page": "1", "url": "https://www.debate.org/debates/i-can-list-more-lies-from-trump-than-u-can-from-hilary/1/", "windowLocation": "http://localhost:7001/result"}
{"type": "searchResultGenerated", "timestamp": "2026-02-18T10:21:43.725Z", "sessionID": "534f6799-52c3-4343-b47e-8c9a08c569f9", "query": "trump", "docid": "S68402198-Af559decc", "rank": "6", "page": "1", "url": "https://www.debate.org/debates/Donald-Trump-will-make-a-great-President/1/", "windowLocation": "http://localhost:7001/result"}
{"type": "searchResultGenerated", "timestamp": "2026-02-18T10:21:43.725Z", "sessionID": "534f6799-52c3-4343-b47e-8c9a08c569f9", "query": "trump", "docid": "S1aac65e8-A49f9a643", "rank": "7", "page": "1", "url": "https://www.debate.org/debates/Donald-Trumps-true-campaign-is-to-put-Clinton-in-office/1/", "windowLocation": "http://localhost:7001/result"}
{"type": "searchResultGenerated", "timestamp": "2026-02-18T10:21:43.726Z", "sessionID": "534f6799-52c3-4343-b47e-8c9a08c569f9", "query": "trump", "docid": "Sb91d4292-A293ddb2c", "rank": "8", "page": "1", "url": "https://www.debate.org/debates/Who-would-be-the-best-Republican-candidate-to-be-president./1/", "windowLocation": "http://localhost:7001/result"}
{"type": "searchResultGenerated", "timestamp": "2026-02-18T10:21:43.726Z", "sessionID": "534f6799-52c3-4343-b47e-8c9a08c569f9", "query": "trump", "docid": "S5f55160a-Ad8a37772", "rank": "9", "page": "1", "url": "https://www.debate.org/debates/Trumps-Brain-will-explode-once-the-Democratic-congress-is-seated/1/", "windowLocation": "http://localhost:7001/result"}
{"type": "searchResultGenerated", "timestamp": "2026-02-18T10:21:43.726Z", "sessionID": "534f6799-52c3-4343-b47e-8c9a08c569f9", "query": "trump", "docid": "Sf6c224ef-A5926791a", "rank": "10", "page": "1", "url": "https://www.debate.org/debates/Donald-Trump-2016/1/", "windowLocation": "http://localhost:7001/result"}
{"type": "cursorEnteredSnippet", "timestamp": "2026-02-18T10:21:44.352Z", "sessionID": "534f6799-52c3-4343-b47e-8c9a08c569f9", "query": "trump", "docid": "S5c58870f-A5d72cb4", "rank": "1", "page": "1"}
{"type": "cursorLeftSnippet", "timestamp": "2026-02-18T10:21:44.386Z", "sessionID": "534f6799-52c3-4343-b47e-8c9a08c569f9", "query": "trump", "docid": "S5c58870f-A5d72cb4", "rank": "1", "page": "1"}
{"type": "cursorEnteredSnippet", "timestamp": "2026-02-18T10:21:44.386Z", "sessionID": "534f6799-52c3-4343-b47e-8c9a08c569f9", "query": "trump", "docid": "S54db2959-A66eff8d1", "rank": "2", "page": "1"}
{"type": "cursorLeftSnippet", "timestamp": "2026-02-18T10:21:44.481Z", "sessionID": "534f6799-52c3-4343-b47e-8c9a08c569f9", "query": "trump", "docid": "S54db2959-A66eff8d1", "rank": "2", "page": "1"}
{"type": "cursorEnteredSnippet", "timestamp": "2026-02-18T10:21:44.482Z", "sessionID": "534f6799-52c3-4343-b47e-8c9a08c569f9", "query": "trump", "docid": "S6fb67f39-Ae34eeece", "rank": "3", "page": "1"}
{"type": "cursorLeftSnippet", "timestamp": "2026-02-18T10:21:46.238Z", "sessionID": "534f6799-52c3-4343-b47e-8c9a08c569f9", "query": "trump", "docid": "S6fb67f39-Ae34eeece", "rank": "3", "page": "1"}
{"type": "cursorEnteredSnippet", "timestamp": "2026-02-18T10:21:46.238Z", "sessionID": "534f6799-52c3-4343-b47e-8c9a08c569f9", "query": "trump", "docid": "S1aac65e8-A49f9a643", "rank": "7", "page": "1"}
{"type": "cursorLeftSnippet", "timestamp": "2026-02-18T10:21:46.309Z", "sessionID": "534f6799-52c3-4343-b47e-8c9a08c569f9", "query": "trump", "docid": "S1aac65e8-A49f9a643", "rank": "7", "page": "1"}
{"type": "cursorEnteredSnippet", "timestamp": "2026-02-18T10:21:46.325Z", "sessionID": "534f6799-52c3-4343-b47e-8c9a08c569f9", "query": "trump", "docid": "Sb91d4292-A293ddb2c", "rank": "8", "page": "1"}
{"type": "cursorLeftSnippet", "timestamp": "2026-02-18T10:21:47.035Z", "sessionID": "534f6799-52c3-4343-b47e-8c9a08c569f9", "query": "trump", "docid": "Sb91d4292-A293ddb2c", "rank": "8", "page": "1"}
{"type": "cursorEnteredSnippet", "timestamp": "2026-02-18T10:21:47.036Z", "sessionID": "534f6799-52c3-4343-b47e-8c9a08c569f9", "query": "trump", "docid": "S5f55160a-Ad8a37772", "rank": "9", "page": "1"}
{"type": "cursorLeftSnippet", "timestamp": "2026-02-18T10:21:47.119Z", "sessionID": "534f6799-52c3-4343-b47e-8c9a08c569f9", "query": "trump", "docid": "S5f55160a-Ad8a37772", "rank": "9", "page": "1"}
{"type": "cursorEnteredSnippet", "timestamp": "2026-02-18T10:21:47.119Z", "sessionID": "534f6799-52c3-4343-b47e-8c9a08c569f9", "query": "trump", "docid": "Sf6c224ef-A5926791a", "rank": "10", "page": "1"}
{"type": "clickedResult", "timestamp": "2026-02-18T10:21:48.529Z", "sessionID": "534f6799-52c3-4343-b47e-8c9a08c569f9", "query": "trump", "rank": "10", "page": "1", "url": "https://www.debate.org/debates/Donald-Trump-2016/1/"}
{"type": "cursorLeftSnippet", "timestamp": "2026-02-18T10:21:48.742Z", "sessionID": "534f6799-52c3-4343-b47e-8c9a08c569f9", "query": "trump", "docid": "Sf6c224ef-A5926791a", "rank": "10", "page": "1"}
{"type": "searchResultGenerated", "timestamp": "2026-02-18T10:21:50.299Z", "sessionID": "534f6799-52c3-4343-b47e-8c9a08c569f9", "query": "trump", "docid": "S5c58870f-A5d72cb4", "rank": "1", "page": "1", "url": "https://www.debate.org/debates/Hillary-is-better-than-Trump/2/", "windowLocation": "http://localhost:7001/result"}
{"type": "searchResultGenerated", "timestamp": "2026-02-18T10:21:50.299Z", "sessionID": "534f6799-52c3-4343-b47e-8c9a08c569f9", "query": "trump", "docid": "S54db2959-A66eff8d1", "rank": "2", "page": "1", "url": "https://www.debate.org/debates/Things-that-Donald-Trump-the-worst-president-of-all-time-and-god-both-are-unclean-have-in-common/2/", "windowLocation": "http://localhost:7001/result"}
{"type": "searchResultGenerated", "timestamp": "2026-02-18T10:21:50.300Z", "sessionID": "534f6799-52c3-4343-b47e-8c9a08c569f9", "query": "trump", "docid": "S6fb67f39-Ae34eeece", "rank": "3", "page": "1", "url": "https://www.debate.org/debates/Trump-has-finally-gone-to-far/1/", "windowLocation": "http://localhost:7001/result"}
{"type": "searchResultGenerated", "timestamp": "2026-02-18T10:21:50.300Z", "sessionID": "534f6799-52c3-4343-b47e-8c9a08c569f9", "query": "trump", "docid": "S1b5369b7-Ae0635aa3", "rank": "4", "page": "1", "url": "https://www.debate.org/debates/i-can-list-more-lies-from-trump-than-you-can-from-hilary/1/", "windowLocation": "http://localhost:7001/result"}
{"type": "searchResultGenerated", "timestamp": "2026-02-18T10:21:50.300Z", "sessionID": "534f6799-52c3-4343-b47e-8c9a08c569f9", "query": "trump", "docid": "Sde529d61-A61d220f9", "rank": "5", "page": "1", "url": "https://www.debate.org/debates/i-can-list-more-lies-from-trump-than-u-can-from-hilary/1/", "windowLocation": "http://localhost:7001/result"}
{"type": "searchResultGenerated", "timestamp": "2026-02-18T10:21:50.300Z", "sessionID": "534f6799-52c3-4343-b47e-8c9a08c569f9", "query": "trump", "docid": "S68402198-Af559decc", "rank": "6", "page": "1", "url": "https://www.debate.org/debates/Donald-Trump-will-make-a-great-President/1/", "windowLocation": "http://localhost:7001/result"}
{"type": "searchResultGenerated", "timestamp": "2026-02-18T10:21:50.300Z", "sessionID": "534f6799-52c3-4343-b47e-8c9a08c569f9", "query": "trump", "docid": "S1aac65e8-A49f9a643", "rank": "7", "page": "1", "url": "https://www.debate.org/debates/Donald-Trumps-true-campaign-is-to-put-Clinton-in-office/1/", "windowLocation": "http://localhost:7001/result"}
{"type": "searchResultGenerated", "timestamp": "2026-02-18T10:21:50.300Z", "sessionID": "534f6799-52c3-4343-b47e-8c9a08c569f9", "query": "trump", "docid": "Sb91d4292-A293ddb2c", "rank": "8", "page": "1", "url": "https://www.debate.org/debates/Who-would-be-the-best-Republican-candidate-to-be-president./1/", "windowLocation": "http://localhost:7001/result"}
{"type": "searchResultGenerated", "timestamp": "2026-02-18T10:21:50.301Z", "sessionID": "534f6799-52c3-4343-b47e-8c9a08c569f9", "query": "trump", "docid": "S5f55160a-Ad8a37772", "rank": "9", "page": "1", "url": "https://www.debate.org/debates/Trumps-Brain-will-explode-once-the-Democratic-congress-is-seated/1/", "windowLocation": "http://localhost:7001/result"}
{"type": "searchResultGenerated", "timestamp": "2026-02-18T10:21:50.301Z", "sessionID": "534f6799-52c3-4343-b47e-8c9a08c569f9", "query": "trump", "docid": "Sf6c224ef-A5926791a", "rank": "10", "page": "1", "url": "https://www.debate.org/debates/Donald-Trump-2016/1/", "windowLocation": "http://localhost:7001/result"}
{"type": "cursorEnteredSnippet", "timestamp": "2026-02-18T10:21:50.702Z", "sessionID": "534f6799-52c3-4343-b47e-8c9a08c569f9", "query": "trump", "docid": "S5f55160a-Ad8a37772", "rank": "9", "page": "1"}
{"type": "cursorLeftSnippet", "timestamp": "2026-02-18T10:21:50.752Z", "sessionID": "534f6799-52c3-4343-b47e-8c9a08c569f9", "query": "trump", "docid": "S5f55160a-Ad8a37772", "rank": "9", "page": "1"}
{"type": "cursorEnteredSnippet", "timestamp": "2026-02-18T10:21:50.752Z", "sessionID": "534f6799-52c3-4343-b47e-8c9a08c569f9", "query": "trump", "docid": "Sf6c224ef-A5926791a", "rank": "10", "page": "1"}
{"type": "cursorLeftSnippet", "timestamp": "2026-02-18T10:21:51.185Z", "sessionID": "534f6799-52c3-4343-b47e-8c9a08c569f9", "query": "trump", "docid": "Sf6c224ef-A5926791a", "rank": "10", "page": "1"}
{"type": "pageNavigationClicked", "timestamp": "2026-02-18T10:21:51.703Z", "sessionID": "534f6799-52c3-4343-b47e-8c9a08c569f9", "clicked": "4", "fromPage": 1, "toPage": 4}
{"type": "searchResultGenerated", "timestamp": "2026-02-18T10:21:52.713Z", "sessionID": "534f6799-52c3-4343-b47e-8c9a08c569f9", "query": "trump", "docid": "S5f55160a-A667ed7c5", "rank": "1", "page": "4", "url": "https://www.debate.org/debates/Trumps-Brain-will-explode-once-the-Democratic-congress-is-seated/1/", "windowLocation": "http://localhost:7001/result?query=trump&page=4"}
{"type": "searchResultGenerated", "timestamp": "2026-02-18T10:21:52.713Z", "sessionID": "534f6799-52c3-4343-b47e-8c9a08c569f9", "query": "trump", "docid": "S689e8f9a-A1664b9b3", "rank": "2", "page": "4", "url": "https://www.debate.org/debates/Donald-Trump-NOOOOOOOOOOOOOO/1/", "windowLocation": "http://localhost:7001/result?query=trump&page=4"}
{"type": "searchResultGenerated", "timestamp": "2026-02-18T10:21:52.713Z", "sessionID": "534f6799-52c3-4343-b47e-8c9a08c569f9", "query": "trump", "docid": "Sc2399bbe-A6c279526", "rank": "3", "page": "4", "url": "https://www.debate.org/debates/The-Lies-of-Obama-are-more-consequential-than-those-of-Trump/1/", "windowLocation": "http://localhost:7001/result?query=trump&page=4"}
{"type": "searchResultGenerated", "timestamp": "2026-02-18T10:21:52.714Z", "sessionID": "534f6799-52c3-4343-b47e-8c9a08c569f9", "query": "trump", "docid": "Se6493c1b-Af43abb4c", "rank": "4", "page": "4", "url": "https://www.debate.org/debates/Donald-Trump-is-not-a-good-choice-for-President/1/", "windowLocation": "http://localhost:7001/result?query=trump&page=4"}
{"type": "searchResultGenerated", "timestamp": "2026-02-18T10:21:52.714Z", "sessionID": "534f6799-52c3-4343-b47e-8c9a08c569f9", "query": "trump", "docid": "Sb6ae34e7-A6f9f911f", "rank": "5", "page": "4", "url": "https://www.debate.org/debates/About-Trump-and-Canada/1/", "windowLocation": "http://localhost:7001/result?query=trump&page=4"}
{"type": "searchResultGenerated", "timestamp": "2026-02-18T10:21:52.715Z", "sessionID": "534f6799-52c3-4343-b47e-8c9a08c569f9", "query": "trump", "docid": "Sb6ae34e7-A897981dc", "rank": "6", "page": "4", "url": "https://www.debate.org/debates/About-Trump-and-Canada/1/", "windowLocation": "http://localhost:7001/result?query=trump&page=4"}
{"type": "searchResultGenerated", "timestamp": "2026-02-18T10:21:52.715Z", "sessionID": "534f6799-52c3-4343-b47e-8c9a08c569f9", "query": "trump", "docid": "Sa23436f0-A7e36a2fe", "rank": "7", "page": "4", "url": "https://www.debate.org/debates/Life-experience-is-more-useful-than-education/1/", "windowLocation": "http://localhost:7001/result?query=trump&page=4"}
{"type": "searchResultGenerated", "timestamp": "2026-02-18T10:21:52.716Z", "sessionID": "534f6799-52c3-4343-b47e-8c9a08c569f9", "query": "trump", "docid": "Seec78c6a-A55d0577c", "rank": "8", "page": "4", "url": "https://www.debate.org/debates/Should-illegal-drugs-be-legal./1/", "windowLocation": "http://localhost:7001/result?query=trump&page=4"}
{"type": "searchResultGenerated", "timestamp": "2026-02-18T10:21:52.716Z", "sessionID": "534f6799-52c3-4343-b47e-8c9a08c569f9", "query": "trump", "docid": "S62910eae-Ac1dee54f", "rank": "9", "page": "4", "url": "https://www.debate.org/debates/THB-Donald-Trumps-existence-is-good-for-the-world./1/", "windowLocation": "http://localhost:7001/result?query=trump&page=4"}
{"type": "searchResultGenerated", "timestamp": "2026-02-18T10:21:52.717Z", "sessionID": "534f6799-52c3-4343-b47e-8c9a08c569f9", "query": "trump", "docid": "Sbb6388e3-A9715c0bd", "rank": "10", "page": "4", "url": "https://www.debate.org/debates/Is-Donald-Trumps-Twitter-Posts-a-Creditable-Legitimate-Source/1/", "windowLocation": "http://localhost:7001/result?query=trump&page=4"}
{"type": "cursorLeftSnippet", "timestamp": "2026-02-18T10:21:53.068Z", "sessionID": "534f6799-52c3-4343-b47e-8c9a08c569f9", "query": "trump", "docid": "Sb6ae34e7-A6f9f911f", "rank": "5", "page": "4"}
{"type": "cursorEnteredSnippet", "timestamp": "2026-02-18T10:21:53.085Z", "sessionID": "534f6799-52c3-4343-b47e-8c9a08c569f9", "query": "trump", "docid": "Se6493c1b-Af43abb4c", "rank": "4", "page": "4"}
{"type": "clickedResult", "timestamp": "2026-02-18T10:21:53.791Z", "sessionID": "534f6799-52c3-4343-b47e-8c9a08c569f9", "query": "trump", "rank": "4", "page": "4", "url": "https://www.debate.org/debates/Donald-Trump-is-not-a-good-choice-for-President/1/"}
{"type": "cursorLeftSnippet", "timestamp": "2026-02-18T10:21:53.975Z", "sessionID": "534f6799-52c3-4343-b47e-8c9a08c569f9", "query": "trump", "docid": "Se6493c1b-Af43abb4c", "rank": "4", "page": "4"}
{"type": "cursorEnteredSnippet", "timestamp": "2026-02-18T10:21:56.085Z", "sessionID": "534f6799-52c3-4343-b47e-8c9a08c569f9", "query": "trump", "docid": "S5f55160a-A667ed7c5", "rank": "1", "page": "4"}
{"type": "cursorLeftSnippet", "timestamp": "2026-02-18T10:21:56.169Z", "sessionID": "534f6799-52c3-4343-b47e-8c9a08c569f9", "query": "trump", "docid": "S5f55160a-A667ed7c5", "rank": "1", "page": "4"}
{"type": "cursorEnteredSnippet", "timestamp": "2026-02-18T10:21:56.169Z", "sessionID": "534f6799-52c3-4343-b47e-8c9a08c569f9", "query": "trump", "docid": "S689e8f9a-A1664b9b3", "rank": "2", "page": "4"}
{"type": "cursorLeftSnippet", "timestamp": "2026-02-18T10:21:56.905Z", "sessionID": "534f6799-52c3-4343-b47e-8c9a08c569f9", "query": "trump", "docid": "S689e8f9a-A1664b9b3", "rank": "2", "page": "4"}
{"type": "cursorEnteredSnippet", "timestamp": "2026-02-18T10:21:56.924Z", "sessionID": "534f6799-52c3-4343-b47e-8c9a08c569f9", "query": "trump", "docid": "Sc2399bbe-A6c279526", "rank": "3", "page": "4"}
{"type": "cursorLeftSnippet", "timestamp": "2026-02-18T10:21:57.358Z", "sessionID": "534f6799-52c3-4343-b47e-8c9a08c569f9", "query": "trump", "docid": "Sc2399bbe-A6c279526", "rank": "3", "page": "4"}
{"type": "cursorEnteredSnippet", "timestamp": "2026-02-18T10:21:57.370Z", "sessionID": "534f6799-52c3-4343-b47e-8c9a08c569f9", "query": "trump", "docid": "Se6493c1b-Af43abb4c", "rank": "4", "page": "4"}
{"type": "cursorLeftSnippet", "timestamp": "2026-02-18T10:21:57.426Z", "sessionID": "534f6799-52c3-4343-b47e-8c9a08c569f9", "query": "trump", "docid": "Se6493c1b-Af43abb4c", "rank": "4", "page": "4"}
{"type": "cursorEnteredSnippet", "timestamp": "2026-02-18T10:21:57.427Z", "sessionID": "534f6799-52c3-4343-b47e-8c9a08c569f9", "query": "trump", "docid": "Sb6ae34e7-A6f9f911f", "rank": "5", "page": "4"}
{"type": "cursorLeftSnippet", "timestamp": "2026-02-18T10:21:57.476Z", "sessionID": "534f6799-52c3-4343-b47e-8c9a08c569f9", "query": "trump", "docid": "Sb6ae34e7-A6f9f911f", "rank": "5", "page": "4"}
{"type": "cursorEnteredSnippet", "timestamp": "2026-02-18T10:21:57.491Z", "sessionID": "534f6799-52c3-4343-b47e-8c9a08c569f9", "query": "trump", "docid": "Sb6ae34e7-A897981dc", "rank": "6", "page": "4"}
{"type": "cursorLeftSnippet", "timestamp": "2026-02-18T10:21:57.975Z", "sessionID": "534f6799-52c3-4343-b47e-8c9a08c569f9", "query": "trump", "docid": "Sb6ae34e7-A897981dc", "rank": "6", "page": "4"}
{"type": "cursorEnteredSnippet", "timestamp": "2026-02-18T10:21:58.369Z", "sessionID": "534f6799-52c3-4343-b47e-8c9a08c569f9", "query": "trump", "docid": "Seec78c6a-A55d0577c", "rank": "8", "page": "4"}
{"type": "cursorLeftSnippet", "timestamp": "2026-02-18T10:22:10.701Z", "sessionID": "534f6799-52c3-4343-b47e-8c9a08c569f9", "query": "trump", "docid": "Seec78c6a-A55d0577c", "rank": "8", "page": "4"}
{"type": "cursorEnteredSnippet", "timestamp": "2026-02-18T10:22:10.734Z", "sessionID": "534f6799-52c3-4343-b47e-8c9a08c569f9", "query": "trump", "docid": "S62910eae-Ac1dee54f", "rank": "9", "page": "4"}
{"type": "cursorLeftSnippet", "timestamp": "2026-02-18T10:22:10.834Z", "sessionID": "534f6799-52c3-4343-b47e-8c9a08c569f9", "query": "trump", "docid": "S62910eae-Ac1dee54f", "rank": "9", "page": "4"}
{"type": "cursorEnteredSnippet", "timestamp": "2026-02-18T10:22:10.834Z", "sessionID": "534f6799-52c3-4343-b47e-8c9a08c569f9", "query": "trump", "docid": "Sbb6388e3-A9715c0bd", "rank": "10", "page": "4"}
{"type": "cursorLeftSnippet", "timestamp": "2026-02-18T10:22:15.250Z", "sessionID": "534f6799-52c3-4343-b47e-8c9a08c569f9", "query": "trump", "docid": "Sbb6388e3-A9715c0bd", "rank": "10", "page": "4"}
{"type": "pageNavigationClicked", "timestamp": "2026-02-18T10:22:16.212Z", "sessionID": "534f6799-52c3-4343-b47e-8c9a08c569f9", "clicked": "9", "fromPage": 4, "toPage": 9}
{"type": "searchResultGenerated", "timestamp": "2026-02-18T10:22:17.352Z", "sessionID": "534f6799-52c3-4343-b47e-8c9a08c569f9", "query": "trump", "docid": "S99eb3279-Addb529bd", "rank": "1", "page": "9", "url": "https://www.debate.org/debates/TRUMP-PRO-vs-KASICH-CON/1/", "windowLocation": "http://localhost:7001/result?query=trump&page=9"}
{"type": "searchResultGenerated", "timestamp": "2026-02-18T10:22:17.353Z", "sessionID": "534f6799-52c3-4343-b47e-8c9a08c569f9", "query": "trump", "docid": "Sd2324e1c-Abaf48ffc", "rank": "2", "page": "9", "url": "https://www.debate.org/debates/Are-Trump-supporters-racist/1/", "windowLocation": "http://localhost:7001/result?query=trump&page=9"}
{"type": "searchResultGenerated", "timestamp": "2026-02-18T10:22:17.353Z", "sessionID": "534f6799-52c3-4343-b47e-8c9a08c569f9", "query": "trump", "docid": "Sbdb0d440-Ada2ca1bf", "rank": "3", "page": "9", "url": "https://www.debate.org/debates/If-you-voted-for-Donald-Trump-you-are-racist./1/", "windowLocation": "http://localhost:7001/result?query=trump&page=9"}
{"type": "searchResultGenerated", "timestamp": "2026-02-18T10:22:17.353Z", "sessionID": "534f6799-52c3-4343-b47e-8c9a08c569f9", "query": "trump", "docid": "S1eb2f3d-A77b5a1e5", "rank": "4", "page": "9", "url": "https://www.debate.org/debates/That-Trump-is-worse-than-Obama/1/", "windowLocation": "http://localhost:7001/result?query=trump&page=9"}
{"type": "searchResultGenerated", "timestamp": "2026-02-18T10:22:17.353Z", "sessionID": "534f6799-52c3-4343-b47e-8c9a08c569f9", "query": "trump", "docid": "S17b0025-Ac5c59af1", "rank": "5", "page": "9", "url": "https://www.debate.org/debates/Donald-Trump-is-better-than-Hillary-Clinton/1/", "windowLocation": "http://localhost:7001/result?query=trump&page=9"}
{"type": "searchResultGenerated", "timestamp": "2026-02-18T10:22:17.354Z", "sessionID": "534f6799-52c3-4343-b47e-8c9a08c569f9", "query": "trump", "docid": "S27dfd605-Ad0386a14", "rank": "6", "page": "9", "url": "https://www.debate.org/debates/Trump-Next-President/1/", "windowLocation": "http://localhost:7001/result?query=trump&page=9"}
{"type": "searchResultGenerated", "timestamp": "2026-02-18T10:22:17.354Z", "sessionID": "534f6799-52c3-4343-b47e-8c9a08c569f9", "query": "trump", "docid": "S4c5da692-A46408058", "rank": "7", "page": "9", "url": "https://www.debate.org/debates/Donald-Trumps-child-rape-case-allegations-are-credible./4/", "windowLocation": "http://localhost:7001/result?query=trump&page=9"}
{"type": "searchResultGenerated", "timestamp": "2026-02-18T10:22:17.354Z", "sessionID": "534f6799-52c3-4343-b47e-8c9a08c569f9", "query": "trump", "docid": "Seb087a19-A1f38a6a5", "rank": "8", "page": "9", "url": "https://www.debate.org/debates/We-Should-Beat-Donald-Trump-Supporters/1/", "windowLocation": "http://localhost:7001/result?query=trump&page=9"}
{"type": "searchResultGenerated", "timestamp": "2026-02-18T10:22:17.354Z", "sessionID": "534f6799-52c3-4343-b47e-8c9a08c569f9", "query": "trump", "docid": "Sf34bcbed-A4e4a1656", "rank": "9", "page": "9", "url": "https://www.debate.org/debates/Who-is-this-man-DONALD-TRUMP/1/", "windowLocation": "http://localhost:7001/result?query=trump&page=9"}
{"type": "searchResultGenerated", "timestamp": "2026-02-18T10:22:17.355Z", "sessionID": "534f6799-52c3-4343-b47e-8c9a08c569f9", "query": "trump", "docid": "S8e629597-Ad9847980", "rank": "10", "page": "9", "url": "https://www.debate.org/debates/Liberals-dont-have-to-accept-Donald-Trump-as-their-President./1/", "windowLocation": "http://localhost:7001/result?query=trump&page=9"}
{"type": "cursorEnteredSnippet", "timestamp": "2026-02-18T10:22:18.158Z", "sessionID": "534f6799-52c3-4343-b47e-8c9a08c569f9", "query": "trump", "docid": "S1eb2f3d-A77b5a1e5", "rank": "4", "page": "9"}
{"type": "cursorLeftSnippet", "timestamp": "2026-02-18T10:22:18.500Z", "sessionID": "534f6799-52c3-4343-b47e-8c9a08c569f9", "query": "trump", "docid": "S1eb2f3d-A77b5a1e5", "rank": "4", "page": "9"}
{"type": "cursorEnteredSnippet", "timestamp": "2026-02-18T10:22:18.517Z", "sessionID": "534f6799-52c3-4343-b47e-8c9a08c569f9", "query": "trump", "docid": "Sbdb0d440-Ada2ca1bf", "rank": "3", "page": "9"}
{"type": "cursorLeftSnippet", "timestamp": "2026-02-18T10:22:18.600Z", "sessionID": "534f6799-52c3-4343-b47e-8c9a08c569f9", "query": "trump", "docid": "Sbdb0d440-Ada2ca1bf", "rank": "3", "page": "9"}
{"type": "cursorEnteredSnippet", "timestamp": "2026-02-18T10:22:18.600Z", "sessionID": "534f6799-52c3-4343-b47e-8c9a08c569f9", "query": "trump", "docid": "Sd2324e1c-Abaf48ffc", "rank": "2", "page": "9"}
{"type": "cursorLeftSnippet", "timestamp": "2026-02-18T10:22:18.750Z", "sessionID": "534f6799-52c3-4343-b47e-8c9a08c569f9", "query": "trump", "docid": "Sd2324e1c-Abaf48ffc", "rank": "2", "page": "9"}
{"type": "cursorEnteredSnippet", "timestamp": "2026-02-18T10:22:18.834Z", "sessionID": "534f6799-52c3-4343-b47e-8c9a08c569f9", "query": "trump", "docid": "S99eb3279-Addb529bd", "rank": "1", "page": "9"}
{"type": "cursorLeftSnippet", "timestamp": "2026-02-18T10:22:22.567Z", "sessionID": "534f6799-52c3-4343-b47e-8c9a08c569f9", "query": "trump", "docid": "S99eb3279-Addb529bd", "rank": "1", "page": "9"}
{"type": "queryBoxFocused", "timestamp": "2026-02-18T10:22:22.942Z", "sessionID": "534f6799-52c3-4343-b47e-8c9a08c569f9"}
{"type": "querySubmitted", "timestamp": "2026-02-18T10:22:26.574Z", "sessionID": "534f6799-52c3-4343-b47e-8c9a08c569f9", "query": "robin"}
{"type": "searchResultGenerated", "timestamp": "2026-02-18T10:22:28.116Z", "sessionID": "534f6799-52c3-4343-b47e-8c9a08c569f9", "query": "robin", "docid": "Sd04ef730-Ab8c10891", "rank": "1", "page": "1", "url": "https://www.debate.org/debates/Batman-is-the-best-hero/1/", "windowLocation": "http://localhost:7001/result"}
{"type": "searchResultGenerated", "timestamp": "2026-02-18T10:22:28.116Z", "sessionID": "534f6799-52c3-4343-b47e-8c9a08c569f9", "query": "robin", "docid": "S88e4d8e4-Aa99bc2c8", "rank": "2", "page": "1", "url": "https://www.debate.org/debates/Barney-and-Robin-should-not-have-divorced-in-How-I-Met-Your-Mother/1/", "windowLocation": "http://localhost:7001/result"}
{"type": "searchResultGenerated", "timestamp": "2026-02-18T10:22:28.117Z", "sessionID": "534f6799-52c3-4343-b47e-8c9a08c569f9", "query": "robin", "docid": "Sa723c375-A5f28e34d", "rank": "3", "page": "1", "url": "https://www.debate.org/debates/stealing-is-better-than-begging/1/", "windowLocation": "http://localhost:7001/result"}
{"type": "searchResultGenerated", "timestamp": "2026-02-18T10:22:28.117Z", "sessionID": "534f6799-52c3-4343-b47e-8c9a08c569f9", "query": "robin", "docid": "S7176cf06-Aed0e6ecf", "rank": "4", "page": "1", "url": "https://www.debate.org/debates/Should-cigarettes-be-banned/1/", "windowLocation": "http://localhost:7001/result"}
{"type": "searchResultGenerated", "timestamp": "2026-02-18T10:22:28.117Z", "sessionID": "534f6799-52c3-4343-b47e-8c9a08c569f9", "query": "robin", "docid": "S20706c04-Abcd709a5", "rank": "5", "page": "1", "url": "https://www.debate.org/debates/best-charecter-in-teen-titans-go/1/", "windowLocation": "http://localhost:7001/result"}
{"type": "searchResultGenerated", "timestamp": "2026-02-18T10:22:28.117Z", "sessionID": "534f6799-52c3-4343-b47e-8c9a08c569f9", "query": "robin", "docid": "Sed7c6c71-A49711421", "rank": "6", "page": "1", "url": "https://www.debate.org/debates/Round-Robin-Story-Debate-Tournament/1/", "windowLocation": "http://localhost:7001/result"}
{"type": "searchResultGenerated", "timestamp": "2026-02-18T10:22:28.118Z", "sessionID": "534f6799-52c3-4343-b47e-8c9a08c569f9", "query": "robin", "docid": "S148ca3db-A8cc8d503", "rank": "7", "page": "1", "url": "https://www.debate.org/debates/Who-would-win-in-a-battle-between-superman-and-batman./1/", "windowLocation": "http://localhost:7001/result"}
{"type": "searchResultGenerated", "timestamp": "2026-02-18T10:22:28.118Z", "sessionID": "534f6799-52c3-4343-b47e-8c9a08c569f9", "query": "robin", "docid": "S596e46a7-A674751e2", "rank": "8", "page": "1", "url": "https://www.debate.org/debates/Best-Batman-Villain/2/", "windowLocation": "http://localhost:7001/result"}
{"type": "searchResultGenerated", "timestamp": "2026-02-18T10:22:28.118Z", "sessionID": "534f6799-52c3-4343-b47e-8c9a08c569f9", "query": "robin", "docid": "S97c1e-A2936c80", "rank": "9", "page": "1", "url": "https://www.debate.org/debates/Music-Debate/8/", "windowLocation": "http://localhost:7001/result"}
{"type": "searchResultGenerated", "timestamp": "2026-02-18T10:22:28.118Z", "sessionID": "534f6799-52c3-4343-b47e-8c9a08c569f9", "query": "robin", "docid": "S817b374d-A53cc85f7", "rank": "10", "page": "1", "url": "https://www.debate.org/debates/Ben-Affleck-is-the-best-Batman-ever/1/", "windowLocation": "http://localhost:7001/result"}
{"type": "cursorEnteredSnippet", "timestamp": "2026-02-18T10:22:37.216Z", "sessionID": "534f6799-52c3-4343-b47e-8c9a08c569f9", "query": "robin", "docid": "Sd04ef730-Ab8c10891", "rank": "1", "page": "1"}
{"type": "cursorLeftSnippet", "timestamp": "2026-02-18T10:22:46.432Z", "sessionID": "534f6799-52c3-4343-b47e-8c9a08c569f9", "query": "robin", "docid": "Sd04ef730-Ab8c10891", "rank": "1", "page": "1"}
{"type": "cursorEnteredSnippet", "timestamp": "2026-02-18T10:22:46.482Z", "sessionID": "534f6799-52c3-4343-b47e-8c9a08c569f9", "query": "robin", "docid": "S88e4d8e4-Aa99bc2c8", "rank": "2", "page": "1"}
{"type": "cursorLeftSnippet", "timestamp": "2026-02-18T10:22:49.987Z", "sessionID": "534f6799-52c3-4343-b47e-8c9a08c569f9", "query": "robin", "docid": "S88e4d8e4-Aa99bc2c8", "rank": "2", "page": "1"}
{"type": "cursorEnteredSnippet", "timestamp": "2026-02-18T10:22:51.549Z", "sessionID": "534f6799-52c3-4343-b47e-8c9a08c569f9", "query": "robin", "docid": "Sa723c375-A5f28e34d", "rank": "3", "page": "1"}
{"type": "cursorLeftSnippet", "timestamp": "2026-02-18T10:22:54.606Z", "sessionID": "534f6799-52c3-4343-b47e-8c9a08c569f9", "query": "robin", "docid": "Sa723c375-A5f28e34d", "rank": "3", "page": "1"}
{"type": "cursorEnteredSnippet", "timestamp": "2026-02-18T10:22:57.485Z", "sessionID": "534f6799-52c3-4343-b47e-8c9a08c569f9", "query": "robin", "docid": "S88e4d8e4-Aa99bc2c8", "rank": "2", "page": "1"}
{"type": "cursorLeftSnippet", "timestamp": "2026-02-18T10:23:05.413Z", "sessionID": "534f6799-52c3-4343-b47e-8c9a08c569f9", "query": "robin", "docid": "S88e4d8e4-Aa99bc2c8", "rank": "2", "page": "1"}
{"type": "cursorEnteredSnippet", "timestamp": "2026-02-18T10:23:05.414Z", "sessionID": "534f6799-52c3-4343-b47e-8c9a08c569f9", "query": "robin", "docid": "S20706c04-Abcd709a5", "rank": "5", "page": "1"}
{"type": "cursorLeftSnippet", "timestamp": "2026-02-18T10:23:05.748Z", "sessionID": "534f6799-52c3-4343-b47e-8c9a08c569f9", "query": "robin", "docid": "S20706c04-Abcd709a5", "rank": "5", "page": "1"}
{"type": "cursorEnteredSnippet", "timestamp": "2026-02-18T10:23:05.749Z", "sessionID": "534f6799-52c3-4343-b47e-8c9a08c569f9", "query": "robin", "docid": "Sed7c6c71-A49711421", "rank": "6", "page": "1"}
{"type": "cursorLeftSnippet", "timestamp": "2026-02-18T10:23:24.697Z", "sessionID": "534f6799-52c3-4343-b47e-8c9a08c569f9", "query": "robin", "docid": "Sed7c6c71-A49711421", "rank": "6", "page": "1"}
{"type": "cursorEnteredSnippet", "timestamp": "2026-02-18T10:23:24.847Z", "sessionID": "534f6799-52c3-4343-b47e-8c9a08c569f9", "query": "robin", "docid": "S20706c04-Abcd709a5", "rank": "5", "page": "1"}
{"type": "cursorLeftSnippet", "timestamp": "2026-02-18T10:23:34.498Z", "sessionID": "534f6799-52c3-4343-b47e-8c9a08c569f9", "query": "robin", "docid": "S20706c04-Abcd709a5", "rank": "5", "page": "1"}
{"type": "cursorEnteredSnippet", "timestamp": "2026-02-18T10:23:34.498Z", "sessionID": "534f6799-52c3-4343-b47e-8c9a08c569f9", "query": "robin", "docid": "S148ca3db-A8cc8d503", "rank": "7", "page": "1"}
{"type": "cursorLeftSnippet", "timestamp": "2026-02-18T10:23:34.763Z", "sessionID": "534f6799-52c3-4343-b47e-8c9a08c569f9", "query": "robin", "docid": "S148ca3db-A8cc8d503", "rank": "7", "page": "1"}
{"type": "cursorEnteredSnippet", "timestamp": "2026-02-18T10:23:34.797Z", "sessionID": "534f6799-52c3-4343-b47e-8c9a08c569f9", "query": "robin", "docid": "S596e46a7-A674751e2", "rank": "8", "page": "1"}
{"type": "cursorLeftSnippet", "timestamp": "2026-02-18T10:23:37.780Z", "sessionID": "534f6799-52c3-4343-b47e-8c9a08c569f9", "query": "robin", "docid": "S596e46a7-A674751e2", "rank": "8", "page": "1"}
{"type": "cursorEnteredSnippet", "timestamp": "2026-02-18T10:23:37.780Z", "sessionID": "534f6799-52c3-4343-b47e-8c9a08c569f9", "query": "robin", "docid": "S97c1e-A2936c80", "rank": "9", "page": "1"}
{"type": "cursorLeftSnippet", "timestamp": "2026-02-18T10:23:38.146Z", "sessionID": "534f6799-52c3-4343-b47e-8c9a08c569f9", "query": "robin", "docid": "S97c1e-A2936c80", "rank": "9", "page": "1"}
{"type": "cursorEnteredSnippet", "timestamp": "2026-02-18T10:23:38.163Z", "sessionID": "534f6799-52c3-4343-b47e-8c9a08c569f9", "query": "robin", "docid": "S817b374d-A53cc85f7", "rank": "10", "page": "1"}
{"type": "cursorLeftSnippet", "timestamp": "2026-02-18T10:23:38.213Z", "sessionID": "534f6799-52c3-4343-b47e-8c9a08c569f9", "query": "robin", "docid": "S817b374d-A53cc85f7", "rank": "10", "page": "1"}
{"type": "pageNavigationClicked", "timestamp": "2026-02-18T10:23:38.979Z", "sessionID": "534f6799-52c3-4343-b47e-8c9a08c569f9", "clicked": "6", "fromPage": 1, "toPage": 6}
{"type": "searchResultGenerated", "timestamp": "2026-02-18T10:23:40.257Z", "sessionID": "534f6799-52c3-4343-b47e-8c9a08c569f9", "query": "robin", "docid": "S88e4d8e4-Aee22885e", "rank": "1", "page": "6", "url": "https://www.debate.org/debates/Barney-and-Robin-should-not-have-divorced-in-How-I-Met-Your-Mother/1/", "windowLocation": "http://localhost:7001/result?query=robin&page=6"}
{"type": "searchResultGenerated", "timestamp": "2026-02-18T10:23:40.257Z", "sessionID": "534f6799-52c3-4343-b47e-8c9a08c569f9", "query": "robin", "docid": "S889d2289-Adeb9c0a2", "rank": "2", "page": "6", "url": "https://www.debate.org/debates/Atheist-cant-have-objective-morals./1/", "windowLocation": "http://localhost:7001/result?query=robin&page=6"}
{"type": "searchResultGenerated", "timestamp": "2026-02-18T10:23:40.257Z", "sessionID": "534f6799-52c3-4343-b47e-8c9a08c569f9", "query": "robin", "docid": "S31c51bd9-Aecc97052", "rank": "3", "page": "6", "url": "https://www.debate.org/debates/Singing-Battle-AGAIN/1/", "windowLocation": "http://localhost:7001/result?query=robin&page=6"}
{"type": "searchResultGenerated", "timestamp": "2026-02-18T10:23:40.258Z", "sessionID": "534f6799-52c3-4343-b47e-8c9a08c569f9", "query": "robin", "docid": "S74e91229-A4c0fdf79", "rank": "4", "page": "6", "url": "https://www.debate.org/debates/Drug-Legalization/44/", "windowLocation": "http://localhost:7001/result?query=robin&page=6"}
{"type": "searchResultGenerated", "timestamp": "2026-02-18T10:23:40.258Z", "sessionID": "534f6799-52c3-4343-b47e-8c9a08c569f9", "query": "robin", "docid": "Sf7e7504b-A1b35fbc8", "rank": "5", "page": "6", "url": "https://www.debate.org/debates/Winnie-the-Pooh-is-part-of-the-illuminati/1/", "windowLocation": "http://localhost:7001/result?query=robin&page=6"}
{"type": "searchResultGenerated", "timestamp": "2026-02-18T10:23:40.258Z", "sessionID": "534f6799-52c3-4343-b47e-8c9a08c569f9", "query": "robin", "docid": "Sf7e7504b-Abcacaa35", "rank": "6", "page": "6", "url": "https://www.debate.org/debates/Winnie-the-Pooh-is-part-of-the-illuminati/1/", "windowLocation": "http://localhost:7001/result?query=robin&page=6"}
{"type": "searchResultGenerated", "timestamp": "2026-02-18T10:23:40.258Z", "sessionID": "534f6799-52c3-4343-b47e-8c9a08c569f9", "query": "robin", "docid": "Sd4d627ef-A6a1888d4", "rank": "7", "page": "6", "url": "https://www.debate.org/debates/The-New-52-is-a-good-series./1/", "windowLocation": "http://localhost:7001/result?query=robin&page=6"}
{"type": "searchResultGenerated", "timestamp": "2026-02-18T10:23:40.258Z", "sessionID": "534f6799-52c3-4343-b47e-8c9a08c569f9", "query": "robin", "docid": "S88e4d8e4-Ac9d3e0f0", "rank": "8", "page": "6", "url": "https://www.debate.org/debates/Barney-and-Robin-should-not-have-divorced-in-How-I-Met-Your-Mother/1/", "windowLocation": "http://localhost:7001/result?query=robin&page=6"}
{"type": "searchResultGenerated", "timestamp": "2026-02-18T10:23:40.258Z", "sessionID": "534f6799-52c3-4343-b47e-8c9a08c569f9", "query": "robin", "docid": "Sfbdf9390-A68cb1fa4", "rank": "9", "page": "6", "url": "https://www.debate.org/debates/Left-wing-socialism-is-better-than-right-wing-extreme-capitalism/1/", "windowLocation": "http://localhost:7001/result?query=robin&page=6"}
{"type": "searchResultGenerated", "timestamp": "2026-02-18T10:23:40.258Z", "sessionID": "534f6799-52c3-4343-b47e-8c9a08c569f9", "query": "robin", "docid": "S3869ab81-A60d019d8", "rank": "10", "page": "6", "url": "https://www.debate.org/debates/A-Honey-Addiction-is-Still-an-Addiction/1/", "windowLocation": "http://localhost:7001/result?query=robin&page=6"}
{"type": "cursorEnteredSnippet", "timestamp": "2026-02-18T10:23:40.268Z", "sessionID": "534f6799-52c3-4343-b47e-8c9a08c569f9", "query": "robin", "docid": "S74e91229-A4c0fdf79", "rank": "4", "page": "6"}
{"type": "cursorLeftSnippet", "timestamp": "2026-02-18T10:23:41.362Z", "sessionID": "534f6799-52c3-4343-b47e-8c9a08c569f9", "query": "robin", "docid": "S74e91229-A4c0fdf79", "rank": "4", "page": "6"}
{"type": "cursorEnteredSnippet", "timestamp": "2026-02-18T10:23:41.363Z", "sessionID": "534f6799-52c3-4343-b47e-8c9a08c569f9", "query": "robin", "docid": "S31c51bd9-Aecc97052", "rank": "3", "page": "6"}
{"type": "cursorLeftSnippet", "timestamp": "2026-02-18T10:23:47.438Z", "sessionID": "534f6799-52c3-4343-b47e-8c9a08c569f9", "query": "robin", "docid": "S31c51bd9-Aecc97052", "rank": "3", "page": "6"}
{"type": "cursorEnteredSnippet", "timestamp": "2026-02-18T10:23:47.438Z", "sessionID": "534f6799-52c3-4343-b47e-8c9a08c569f9", "query": "robin", "docid": "Sf7e7504b-A1b35fbc8", "rank": "5", "page": "6"}
{"type": "cursorLeftSnippet", "timestamp": "2026-02-18T10:23:52.108Z", "sessionID": "534f6799-52c3-4343-b47e-8c9a08c569f9", "query": "robin", "docid": "Sf7e7504b-A1b35fbc8", "rank": "5", "page": "6"}
{"type": "cursorEnteredSnippet", "timestamp": "2026-02-18T10:23:52.109Z", "sessionID": "534f6799-52c3-4343-b47e-8c9a08c569f9", "query": "robin", "docid": "Sf7e7504b-Abcacaa35", "rank": "6", "page": "6"}
{"type": "cursorLeftSnippet", "timestamp": "2026-02-18T10:23:53.957Z", "sessionID": "534f6799-52c3-4343-b47e-8c9a08c569f9", "query": "robin", "docid": "Sf7e7504b-Abcacaa35", "rank": "6", "page": "6"}
{"type": "cursorEnteredSnippet", "timestamp": "2026-02-18T10:23:53.958Z", "sessionID": "534f6799-52c3-4343-b47e-8c9a08c569f9", "query": "robin", "docid": "Sd4d627ef-A6a1888d4", "rank": "7", "page": "6"}
{"type": "cursorLeftSnippet", "timestamp": "2026-02-18T10:23:55.405Z", "sessionID": "534f6799-52c3-4343-b47e-8c9a08c569f9", "query": "robin", "docid": "Sd4d627ef-A6a1888d4", "rank": "7", "page": "6"}
{"type": "cursorEnteredSnippet", "timestamp": "2026-02-18T10:23:55.405Z", "sessionID": "534f6799-52c3-4343-b47e-8c9a08c569f9", "query": "robin", "docid": "S88e4d8e4-Ac9d3e0f0", "rank": "8", "page": "6"}
{"type": "cursorLeftSnippet", "timestamp": "2026-02-18T10:23:56.935Z", "sessionID": "534f6799-52c3-4343-b47e-8c9a08c569f9", "query": "robin", "docid": "S88e4d8e4-Ac9d3e0f0", "rank": "8", "page": "6"}
{"type": "cursorEnteredSnippet", "timestamp": "2026-02-18T10:23:56.935Z", "sessionID": "534f6799-52c3-4343-b47e-8c9a08c569f9", "query": "robin", "docid": "Sfbdf9390-A68cb1fa4", "rank": "9", "page": "6"}
{"type": "cursorLeftSnippet", "timestamp": "2026-02-18T10:23:58.524Z", "sessionID": "534f6799-52c3-4343-b47e-8c9a08c569f9", "query": "robin", "docid": "Sfbdf9390-A68cb1fa4", "rank": "9", "page": "6"}
{"type": "cursorEnteredSnippet", "timestamp": "2026-02-18T10:23:58.527Z", "sessionID": "534f6799-52c3-4343-b47e-8c9a08c569f9", "query": "robin", "docid": "S3869ab81-A60d019d8", "rank": "10", "page": "6"}
{"type": "cursorLeftSnippet", "timestamp": "2026-02-18T10:24:09.795Z", "sessionID": "534f6799-52c3-4343-b47e-8c9a08c569f9", "query": "robin", "docid": "S3869ab81-A60d019d8", "rank": "10", "page": "6"}
{"type": "cursorEnteredSnippet", "timestamp": "2026-02-18T10:24:09.796Z", "sessionID": "534f6799-52c3-4343-b47e-8c9a08c569f9", "query": "robin", "docid": "Sfbdf9390-A68cb1fa4", "rank": "9", "page": "6"}
{"type": "cursorLeftSnippet", "timestamp": "2026-02-18T10:24:09.828Z", "sessionID": "534f6799-52c3-4343-b47e-8c9a08c569f9", "query": "robin", "docid": "Sfbdf9390-A68cb1fa4", "rank": "9", "page": "6"}
{"type": "cursorEnteredSnippet", "timestamp": "2026-02-18T10:24:09.828Z", "sessionID": "534f6799-52c3-4343-b47e-8c9a08c569f9", "query": "robin", "docid": "S88e4d8e4-Ac9d3e0f0", "rank": "8", "page": "6"}
{"type": "cursorLeftSnippet", "timestamp": "2026-02-18T10:24:09.861Z", "sessionID": "534f6799-52c3-4343-b47e-8c9a08c569f9", "query": "robin", "docid": "S88e4d8e4-Ac9d3e0f0", "rank": "8", "page": "6"}
{"type": "wentBackHome", "timestamp": "2026-02-18T10:24:11.932Z", "sessionID": "534f6799-52c3-4343-b47e-8c9a08c569f9"}
{"type": "ClickedEndTask", "timestamp": "2026-02-18T10:24:13.924Z", "sessionID": "534f6799-52c3-4343-b47e-8c9a08c569f9"}
{"type": "TaskEndConfirmed", "timestamp": "2026-02-18T10:24:15.596Z", "sessionID": "534f6799-52c3-4343-b47e-8c9a08c569f9"}
