{"type": "clickedBack", "timestamp": "2026-02-17T13:05:16.924Z", "sessionID": "4c93714a-1a39-4d1e-abb9-b2d80092317c", "query": null}
{"type": "TaskStarted", "timestamp": "2026-02-17T13:15:50.685Z", "sessionID": "4c93714a-1a39-4d1e-abb9-b2d80092317c"}
{"type": "idSubmitted", "timestamp": "2026-02-17T13:15:50.688Z", "sessionID": "4c93714a-1a39-4d1e-abb9-b2d80092317c", "uid": "Participant17"}
{"type": "queryBoxFocused", "timestamp": "2026-02-17T13:15:54.015Z", "sessionID": "4c93714a-1a39-4d1e-abb9-b2d80092317c"}
{"type": "querySubmitted", "timestamp": "2026-02-17T13:15:55.783Z", "sessionID": "4c93714a-1a39-4d1e-abb9-b2d80092317c", "query": "clinton"}
{"type": "searchResultGenerated", "timestamp": "2026-02-17T13:15:57.208Z", "sessionID": "4c93714a-1a39-4d1e-abb9-b2d80092317c", "query": "clinton", "docid": "S1d282c3d-A932dc0a3", "rank": "1", "page": "1", "url": "https://www.debate.org/debates/Hillary-Clinton-is-the-Sara-Palin-of-the-Democratic-Party-./1/"}
{"type": "searchResultGenerated", "timestamp": "2026-02-17T13:15:57.208Z", "sessionID": "4c93714a-1a39-4d1e-abb9-b2d80092317c", "query": "clinton", "docid": "Sf97757f3-Ae0f08494", "rank": "2", "page": "1", "url": "https://www.debate.org/debates/Clintons-House-of-cards-about-to-come-crashing-down/1/"}
{"type": "searchResultGenerated", "timestamp": "2026-02-17T13:15:57.208Z", "sessionID": "4c93714a-1a39-4d1e-abb9-b2d80092317c", "query": "clinton", "docid": "S6a18e3d9-A157f794e", "rank": "3", "page": "1", "url": "https://www.debate.org/debates/hillery-clinton/1/"}
{"type": "searchResultGenerated", "timestamp": "2026-02-17T13:15:57.208Z", "sessionID": "4c93714a-1a39-4d1e-abb9-b2d80092317c", "query": "clinton", "docid": "S83a08de1-A41eaceff", "rank": "4", "page": "1", "url": "https://www.debate.org/debates/Obama-is-a-Believer-in-atheist-Dogma-Not-a-Muslim/4/"}
{"type": "searchResultGenerated", "timestamp": "2026-02-17T13:15:57.209Z", "sessionID": "4c93714a-1a39-4d1e-abb9-b2d80092317c", "query": "clinton", "docid": "Sf97757f3-A7da82ddb", "rank": "5", "page": "1", "url": "https://www.debate.org/debates/Clintons-House-of-cards-about-to-come-crashing-down/1/"}
{"type": "searchResultGenerated", "timestamp": "2026-02-17T13:15:57.209Z", "sessionID": "4c93714a-1a39-4d1e-abb9-b2d80092317c", "query": "clinton", "docid": "S1aac65e8-A49f9a643", "rank": "6", "page": "1", "url": "https://www.debate.org/debates/Donald-Trumps-true-campaign-is-to-put-Clinton-in-office/1/"}
{"type": "searchResultGenerated", "timestamp": "2026-02-17T13:15:57.209Z", "sessionID": "4c93714a-1a39-4d1e-abb9-b2d80092317c", "query": "clinton", "docid": "S1aac65e8-Acea1ca63", "rank": "7", "page": "1", "url": "https://www.debate.org/debates/Donald-Trumps-true-campaign-is-to-put-Clinton-in-office/1/"}
{"type": "searchResultGenerated", "timestamp": "2026-02-17T13:15:57.209Z", "sessionID": "4c93714a-1a39-4d1e-abb9-b2d80092317c", "query": "clinton", "docid": "Se223ed4b-A7f9562a4", "rank": "8", "page": "1", "url": "https://www.debate.org/debates/Clinton-Shouldnt-Be-Allowed-To-Run-Until-The-FBI-Finish-Their-Investigation/1/"}
{"type": "searchResultGenerated", "timestamp": "2026-02-17T13:15:57.209Z", "sessionID": "4c93714a-1a39-4d1e-abb9-b2d80092317c", "query": "clinton", "docid": "Sa34fef23-Aaa602eb2", "rank": "9", "page": "1", "url": "https://www.debate.org/debates/Hillary-Clinton-wreckage/1/"}
{"type": "searchResultGenerated", "timestamp": "2026-02-17T13:15:57.209Z", "sessionID": "4c93714a-1a39-4d1e-abb9-b2d80092317c", "query": "clinton", "docid": "Se4117131-Aeb9d32b3", "rank": "10", "page": "1", "url": "https://www.debate.org/debates/Bill-Clinton-should-have-resigned-post-impeachment./1/"}
{"type": "cursorEnteredSnippet", "timestamp": "2026-02-17T13:15:57.754Z", "sessionID": "4c93714a-1a39-4d1e-abb9-b2d80092317c", "query": "clinton", "docid": "S1d282c3d-A932dc0a3", "rank": "1", "page": "1"}
{"type": "cursorLeftSnippet", "timestamp": "2026-02-17T13:15:57.786Z", "sessionID": "4c93714a-1a39-4d1e-abb9-b2d80092317c", "query": "clinton", "docid": "S1d282c3d-A932dc0a3", "rank": "1", "page": "1"}
{"type": "cursorEnteredSnippet", "timestamp": "2026-02-17T13:15:57.801Z", "sessionID": "4c93714a-1a39-4d1e-abb9-b2d80092317c", "query": "clinton", "docid": "Sf97757f3-Ae0f08494", "rank": "2", "page": "1"}
{"type": "clickedResult", "timestamp": "2026-02-17T13:15:58.604Z", "sessionID": "4c93714a-1a39-4d1e-abb9-b2d80092317c", "query": "clinton", "rank": "2", "page": "1", "url": "https://www.debate.org/debates/Clintons-House-of-cards-about-to-come-crashing-down/1/"}
{"type": "cursorLeftSnippet", "timestamp": "2026-02-17T13:15:58.840Z", "sessionID": "4c93714a-1a39-4d1e-abb9-b2d80092317c", "query": "clinton", "docid": "Sf97757f3-Ae0f08494", "rank": "2", "page": "1"}
{"type": "searchResultGenerated", "timestamp": "2026-02-17T13:16:00.313Z", "sessionID": "4c93714a-1a39-4d1e-abb9-b2d80092317c", "query": "clinton", "docid": "S1d282c3d-A932dc0a3", "rank": "1", "page": "1", "url": "https://www.debate.org/debates/Hillary-Clinton-is-the-Sara-Palin-of-the-Democratic-Party-./1/"}
{"type": "searchResultGenerated", "timestamp": "2026-02-17T13:16:00.313Z", "sessionID": "4c93714a-1a39-4d1e-abb9-b2d80092317c", "query": "clinton", "docid": "Sf97757f3-Ae0f08494", "rank": "2", "page": "1", "url": "https://www.debate.org/debates/Clintons-House-of-cards-about-to-come-crashing-down/1/"}
{"type": "searchResultGenerated", "timestamp": "2026-02-17T13:16:00.313Z", "sessionID": "4c93714a-1a39-4d1e-abb9-b2d80092317c", "query": "clinton", "docid": "S6a18e3d9-A157f794e", "rank": "3", "page": "1", "url": "https://www.debate.org/debates/hillery-clinton/1/"}
{"type": "searchResultGenerated", "timestamp": "2026-02-17T13:16:00.313Z", "sessionID": "4c93714a-1a39-4d1e-abb9-b2d80092317c", "query": "clinton", "docid": "S83a08de1-A41eaceff", "rank": "4", "page": "1", "url": "https://www.debate.org/debates/Obama-is-a-Believer-in-atheist-Dogma-Not-a-Muslim/4/"}
{"type": "searchResultGenerated", "timestamp": "2026-02-17T13:16:00.313Z", "sessionID": "4c93714a-1a39-4d1e-abb9-b2d80092317c", "query": "clinton", "docid": "Sf97757f3-A7da82ddb", "rank": "5", "page": "1", "url": "https://www.debate.org/debates/Clintons-House-of-cards-about-to-come-crashing-down/1/"}
{"type": "searchResultGenerated", "timestamp": "2026-02-17T13:16:00.313Z", "sessionID": "4c93714a-1a39-4d1e-abb9-b2d80092317c", "query": "clinton", "docid": "S1aac65e8-A49f9a643", "rank": "6", "page": "1", "url": "https://www.debate.org/debates/Donald-Trumps-true-campaign-is-to-put-Clinton-in-office/1/"}
{"type": "searchResultGenerated", "timestamp": "2026-02-17T13:16:00.313Z", "sessionID": "4c93714a-1a39-4d1e-abb9-b2d80092317c", "query": "clinton", "docid": "S1aac65e8-Acea1ca63", "rank": "7", "page": "1", "url": "https://www.debate.org/debates/Donald-Trumps-true-campaign-is-to-put-Clinton-in-office/1/"}
{"type": "searchResultGenerated", "timestamp": "2026-02-17T13:16:00.314Z", "sessionID": "4c93714a-1a39-4d1e-abb9-b2d80092317c", "query": "clinton", "docid": "Se223ed4b-A7f9562a4", "rank": "8", "page": "1", "url": "https://www.debate.org/debates/Clinton-Shouldnt-Be-Allowed-To-Run-Until-The-FBI-Finish-Their-Investigation/1/"}
{"type": "searchResultGenerated", "timestamp": "2026-02-17T13:16:00.314Z", "sessionID": "4c93714a-1a39-4d1e-abb9-b2d80092317c", "query": "clinton", "docid": "Sa34fef23-Aaa602eb2", "rank": "9", "page": "1", "url": "https://www.debate.org/debates/Hillary-Clinton-wreckage/1/"}
{"type": "searchResultGenerated", "timestamp": "2026-02-17T13:16:00.314Z", "sessionID": "4c93714a-1a39-4d1e-abb9-b2d80092317c", "query": "clinton", "docid": "Se4117131-Aeb9d32b3", "rank": "10", "page": "1", "url": "https://www.debate.org/debates/Bill-Clinton-should-have-resigned-post-impeachment./1/"}
{"type": "cursorEnteredSnippet", "timestamp": "2026-02-17T13:16:00.384Z", "sessionID": "4c93714a-1a39-4d1e-abb9-b2d80092317c", "query": "clinton", "docid": "S1d282c3d-A932dc0a3", "rank": "1", "page": "1"}
{"type": "cursorLeftSnippet", "timestamp": "2026-02-17T13:16:00.451Z", "sessionID": "4c93714a-1a39-4d1e-abb9-b2d80092317c", "query": "clinton", "docid": "S1d282c3d-A932dc0a3", "rank": "1", "page": "1"}
{"type": "cursorEnteredSnippet", "timestamp": "2026-02-17T13:16:00.484Z", "sessionID": "4c93714a-1a39-4d1e-abb9-b2d80092317c", "query": "clinton", "docid": "Sf97757f3-Ae0f08494", "rank": "2", "page": "1"}
{"type": "cursorLeftSnippet", "timestamp": "2026-02-17T13:16:00.952Z", "sessionID": "4c93714a-1a39-4d1e-abb9-b2d80092317c", "query": "clinton", "docid": "Sf97757f3-Ae0f08494", "rank": "2", "page": "1"}
{"type": "cursorEnteredSnippet", "timestamp": "2026-02-17T13:16:00.952Z", "sessionID": "4c93714a-1a39-4d1e-abb9-b2d80092317c", "query": "clinton", "docid": "Sf97757f3-A7da82ddb", "rank": "5", "page": "1"}
{"type": "cursorLeftSnippet", "timestamp": "2026-02-17T13:16:01.190Z", "sessionID": "4c93714a-1a39-4d1e-abb9-b2d80092317c", "query": "clinton", "docid": "Sf97757f3-A7da82ddb", "rank": "5", "page": "1"}
{"type": "cursorEnteredSnippet", "timestamp": "2026-02-17T13:16:01.191Z", "sessionID": "4c93714a-1a39-4d1e-abb9-b2d80092317c", "query": "clinton", "docid": "S1aac65e8-A49f9a643", "rank": "6", "page": "1"}
{"type": "cursorLeftSnippet", "timestamp": "2026-02-17T13:16:01.224Z", "sessionID": "4c93714a-1a39-4d1e-abb9-b2d80092317c", "query": "clinton", "docid": "S1aac65e8-A49f9a643", "rank": "6", "page": "1"}
{"type": "cursorEnteredSnippet", "timestamp": "2026-02-17T13:16:01.224Z", "sessionID": "4c93714a-1a39-4d1e-abb9-b2d80092317c", "query": "clinton", "docid": "S1aac65e8-Acea1ca63", "rank": "7", "page": "1"}
{"type": "cursorLeftSnippet", "timestamp": "2026-02-17T13:16:01.240Z", "sessionID": "4c93714a-1a39-4d1e-abb9-b2d80092317c", "query": "clinton", "docid": "S1aac65e8-Acea1ca63", "rank": "7", "page": "1"}
{"type": "cursorEnteredSnippet", "timestamp": "2026-02-17T13:16:01.256Z", "sessionID": "4c93714a-1a39-4d1e-abb9-b2d80092317c", "query": "clinton", "docid": "Se223ed4b-A7f9562a4", "rank": "8", "page": "1"}
{"type": "cursorLeftSnippet", "timestamp": "2026-02-17T13:16:01.334Z", "sessionID": "4c93714a-1a39-4d1e-abb9-b2d80092317c", "query": "clinton", "docid": "Se223ed4b-A7f9562a4", "rank": "8", "page": "1"}
{"type": "cursorEnteredSnippet", "timestamp": "2026-02-17T13:16:01.334Z", "sessionID": "4c93714a-1a39-4d1e-abb9-b2d80092317c", "query": "clinton", "docid": "Sa34fef23-Aaa602eb2", "rank": "9", "page": "1"}
{"type": "cursorLeftSnippet", "timestamp": "2026-02-17T13:16:01.401Z", "sessionID": "4c93714a-1a39-4d1e-abb9-b2d80092317c", "query": "clinton", "docid": "Sa34fef23-Aaa602eb2", "rank": "9", "page": "1"}
{"type": "cursorEnteredSnippet", "timestamp": "2026-02-17T13:16:01.417Z", "sessionID": "4c93714a-1a39-4d1e-abb9-b2d80092317c", "query": "clinton", "docid": "Se4117131-Aeb9d32b3", "rank": "10", "page": "1"}
{"type": "cursorLeftSnippet", "timestamp": "2026-02-17T13:16:02.318Z", "sessionID": "4c93714a-1a39-4d1e-abb9-b2d80092317c", "query": "clinton", "docid": "Se4117131-Aeb9d32b3", "rank": "10", "page": "1"}
{"type": "pageNavigationClicked", "timestamp": "2026-02-17T13:16:03.049Z", "sessionID": "4c93714a-1a39-4d1e-abb9-b2d80092317c", "clicked": "3", "fromPage": 1, "toPage": 3}
{"type": "cursorEnteredSnippet", "timestamp": "2026-02-17T13:16:03.268Z", "sessionID": "4c93714a-1a39-4d1e-abb9-b2d80092317c", "query": "clinton", "docid": "Se4117131-Aeb9d32b3", "rank": "10", "page": "1"}
{"type": "cursorLeftSnippet", "timestamp": "2026-02-17T13:16:03.351Z", "sessionID": "4c93714a-1a39-4d1e-abb9-b2d80092317c", "query": "clinton", "docid": "Se4117131-Aeb9d32b3", "rank": "10", "page": "1"}
{"type": "cursorEnteredSnippet", "timestamp": "2026-02-17T13:16:03.368Z", "sessionID": "4c93714a-1a39-4d1e-abb9-b2d80092317c", "query": "clinton", "docid": "Sa34fef23-Aaa602eb2", "rank": "9", "page": "1"}
{"type": "searchResultGenerated", "timestamp": "2026-02-17T13:16:04.371Z", "sessionID": "4c93714a-1a39-4d1e-abb9-b2d80092317c", "query": "clinton", "docid": "Sdea477f7-A451d202c", "rank": "1", "page": "3", "url": "http://www.debatepedia.org/en/index.php/Debate:_Clinton_vs._Obama"}
{"type": "searchResultGenerated", "timestamp": "2026-02-17T13:16:04.371Z", "sessionID": "4c93714a-1a39-4d1e-abb9-b2d80092317c", "query": "clinton", "docid": "S86d0eed5-A59422947", "rank": "2", "page": "3", "url": "https://www.debate.org/debates/Bernie-Sanders-has-a-better-chance-of-beating-Donald-Trump-in-a-general-election-than-Clinton-does./1/"}
{"type": "searchResultGenerated", "timestamp": "2026-02-17T13:16:04.371Z", "sessionID": "4c93714a-1a39-4d1e-abb9-b2d80092317c", "query": "clinton", "docid": "Seb91b013-Ac81c0883", "rank": "3", "page": "3", "url": "https://www.debate.org/debates/Is-Donald-Trump-fit-for-the-presidency-of-the-United-States-of-America/1/"}
{"type": "searchResultGenerated", "timestamp": "2026-02-17T13:16:04.372Z", "sessionID": "4c93714a-1a39-4d1e-abb9-b2d80092317c", "query": "clinton", "docid": "Sc3a79bfa-A47caf721", "rank": "4", "page": "3", "url": "https://www.debate.org/debates/Whose-been-more-abusive-too-women.-The-Clintons-or-The-Trumps-I-feel-the-Trumps-are./1/"}
{"type": "searchResultGenerated", "timestamp": "2026-02-17T13:16:04.372Z", "sessionID": "4c93714a-1a39-4d1e-abb9-b2d80092317c", "query": "clinton", "docid": "S8a5a317-A69be4934", "rank": "5", "page": "3", "url": "https://www.debate.org/debates/We-democrats-should-vote-for-whoever-the-democratic-nominee-is-in-November./1/"}
{"type": "searchResultGenerated", "timestamp": "2026-02-17T13:16:04.372Z", "sessionID": "4c93714a-1a39-4d1e-abb9-b2d80092317c", "query": "clinton", "docid": "S714d862-Af4a308e4", "rank": "6", "page": "3", "url": "https://www.debate.org/debates/Hillary-Clinton-secretly-has-gills/1/"}
{"type": "searchResultGenerated", "timestamp": "2026-02-17T13:16:04.372Z", "sessionID": "4c93714a-1a39-4d1e-abb9-b2d80092317c", "query": "clinton", "docid": "S458f077c-A6a98707b", "rank": "7", "page": "3", "url": "https://www.debate.org/debates/Barack-Obama-is-the-best-democratic-presidential-candidate-to-beat-a-republican-nominee-in-2008/1/"}
{"type": "searchResultGenerated", "timestamp": "2026-02-17T13:16:04.372Z", "sessionID": "4c93714a-1a39-4d1e-abb9-b2d80092317c", "query": "clinton", "docid": "Se4a9d1ee-A3ec4c33b", "rank": "8", "page": "3", "url": "https://www.debate.org/debates/Donald-Trump-PRO-VS-Hillary-Clinton-CON/1/"}
{"type": "searchResultGenerated", "timestamp": "2026-02-17T13:16:04.372Z", "sessionID": "4c93714a-1a39-4d1e-abb9-b2d80092317c", "query": "clinton", "docid": "S6e5ecbd-A473c3158", "rank": "9", "page": "3", "url": "https://www.debate.org/debates/Bernie-Sanders-Supporters-Should-Not-Support-Hillary-Clinton-if-He-Loses-the-Democratic-Nomination/2/"}
{"type": "searchResultGenerated", "timestamp": "2026-02-17T13:16:04.373Z", "sessionID": "4c93714a-1a39-4d1e-abb9-b2d80092317c", "query": "clinton", "docid": "S473b7027-A98ee7864", "rank": "10", "page": "3", "url": "https://www.debate.org/debates/Hilary-Clinton-has-more-experience-than-Barack.-Obama./1/"}
{"type": "cursorEnteredSnippet", "timestamp": "2026-02-17T13:16:04.868Z", "sessionID": "4c93714a-1a39-4d1e-abb9-b2d80092317c", "query": "clinton", "docid": "Sc3a79bfa-A47caf721", "rank": "4", "page": "3"}
{"type": "clickedResult", "timestamp": "2026-02-17T13:16:05.403Z", "sessionID": "4c93714a-1a39-4d1e-abb9-b2d80092317c", "query": "clinton", "rank": "4", "page": "3", "url": "https://www.debate.org/debates/Whose-been-more-abusive-too-women.-The-Clintons-or-The-Trumps-I-feel-the-Trumps-are./1/"}
{"type": "cursorLeftSnippet", "timestamp": "2026-02-17T13:16:05.628Z", "sessionID": "4c93714a-1a39-4d1e-abb9-b2d80092317c", "query": "clinton", "docid": "Sc3a79bfa-A47caf721", "rank": "4", "page": "3"}
{"type": "cursorEnteredSnippet", "timestamp": "2026-02-17T13:16:07.768Z", "sessionID": "4c93714a-1a39-4d1e-abb9-b2d80092317c", "query": "clinton", "docid": "Sdea477f7-A451d202c", "rank": "1", "page": "3"}
{"type": "cursorLeftSnippet", "timestamp": "2026-02-17T13:16:07.834Z", "sessionID": "4c93714a-1a39-4d1e-abb9-b2d80092317c", "query": "clinton", "docid": "Sdea477f7-A451d202c", "rank": "1", "page": "3"}
{"type": "cursorEnteredSnippet", "timestamp": "2026-02-17T13:16:07.835Z", "sessionID": "4c93714a-1a39-4d1e-abb9-b2d80092317c", "query": "clinton", "docid": "S86d0eed5-A59422947", "rank": "2", "page": "3"}
{"type": "cursorLeftSnippet", "timestamp": "2026-02-17T13:16:07.953Z", "sessionID": "4c93714a-1a39-4d1e-abb9-b2d80092317c", "query": "clinton", "docid": "S86d0eed5-A59422947", "rank": "2", "page": "3"}
{"type": "queryBoxFocused", "timestamp": "2026-02-17T13:16:09.153Z", "sessionID": "4c93714a-1a39-4d1e-abb9-b2d80092317c"}
{"type": "querySubmitted", "timestamp": "2026-02-17T13:16:11.670Z", "sessionID": "4c93714a-1a39-4d1e-abb9-b2d80092317c", "query": "sanders"}
{"type": "searchResultGenerated", "timestamp": "2026-02-17T13:16:13.220Z", "sessionID": "4c93714a-1a39-4d1e-abb9-b2d80092317c", "query": "sanders", "docid": "S8f897dbf-A7a7b9168", "rank": "1", "page": "1", "url": "https://www.debate.org/debates/Barry-Sanders-is-the-best-Running-back-of-all-time/1/"}
{"type": "searchResultGenerated", "timestamp": "2026-02-17T13:16:13.220Z", "sessionID": "4c93714a-1a39-4d1e-abb9-b2d80092317c", "query": "sanders", "docid": "S6e5ecbd-A473c3158", "rank": "2", "page": "1", "url": "https://www.debate.org/debates/Bernie-Sanders-Supporters-Should-Not-Support-Hillary-Clinton-if-He-Loses-the-Democratic-Nomination/2/"}
{"type": "searchResultGenerated", "timestamp": "2026-02-17T13:16:13.221Z", "sessionID": "4c93714a-1a39-4d1e-abb9-b2d80092317c", "query": "sanders", "docid": "S90e3193a-A77bbf5", "rank": "3", "page": "1", "url": "https://www.debate.org/debates/Bernie-Sanders-as-President/1/"}
{"type": "searchResultGenerated", "timestamp": "2026-02-17T13:16:13.221Z", "sessionID": "4c93714a-1a39-4d1e-abb9-b2d80092317c", "query": "sanders", "docid": "S60acb408-A34f43bb7", "rank": "4", "page": "1", "url": "https://www.debate.org/debates/Bernie-Sanders-Yes-or-Hillary-Clinton-No/1/"}
{"type": "searchResultGenerated", "timestamp": "2026-02-17T13:16:13.221Z", "sessionID": "4c93714a-1a39-4d1e-abb9-b2d80092317c", "query": "sanders", "docid": "S62e7f0b4-A35aac881", "rank": "5", "page": "1", "url": "https://www.debate.org/debates/Presidential-Candidate/1/"}
{"type": "searchResultGenerated", "timestamp": "2026-02-17T13:16:13.221Z", "sessionID": "4c93714a-1a39-4d1e-abb9-b2d80092317c", "query": "sanders", "docid": "S43ab0025-A7584d41d", "rank": "6", "page": "1", "url": "https://www.debate.org/debates/are-republicans-a-better-choice-then-democrats-in-the-2016-election/1/"}
{"type": "searchResultGenerated", "timestamp": "2026-02-17T13:16:13.221Z", "sessionID": "4c93714a-1a39-4d1e-abb9-b2d80092317c", "query": "sanders", "docid": "S171eb76-Ad6bd69fa", "rank": "7", "page": "1", "url": "https://www.debate.org/debates/Bernie-Sanders-15-a-hour-proposal-would-do-more-harm-than-good./1/"}
{"type": "searchResultGenerated", "timestamp": "2026-02-17T13:16:13.221Z", "sessionID": "4c93714a-1a39-4d1e-abb9-b2d80092317c", "query": "sanders", "docid": "S718b3571-Aee2be429", "rank": "8", "page": "1", "url": "https://www.debate.org/debates/Bernie-Sanders-would-be-a-horrible-president/1/"}
{"type": "searchResultGenerated", "timestamp": "2026-02-17T13:16:13.221Z", "sessionID": "4c93714a-1a39-4d1e-abb9-b2d80092317c", "query": "sanders", "docid": "S60acb408-Af6d2c99b", "rank": "9", "page": "1", "url": "https://www.debate.org/debates/Bernie-Sanders-Yes-or-Hillary-Clinton-No/1/"}
{"type": "searchResultGenerated", "timestamp": "2026-02-17T13:16:13.222Z", "sessionID": "4c93714a-1a39-4d1e-abb9-b2d80092317c", "query": "sanders", "docid": "S94178560-Ac9d26c", "rank": "10", "page": "1", "url": "https://www.debate.org/debates/Is-Bernie-sander-good-or-bad/1/"}
{"type": "cursorEnteredSnippet", "timestamp": "2026-02-17T13:16:13.667Z", "sessionID": "4c93714a-1a39-4d1e-abb9-b2d80092317c", "query": "sanders", "docid": "S6e5ecbd-A473c3158", "rank": "2", "page": "1"}
{"type": "cursorLeftSnippet", "timestamp": "2026-02-17T13:16:13.717Z", "sessionID": "4c93714a-1a39-4d1e-abb9-b2d80092317c", "query": "sanders", "docid": "S6e5ecbd-A473c3158", "rank": "2", "page": "1"}
{"type": "cursorEnteredSnippet", "timestamp": "2026-02-17T13:16:13.718Z", "sessionID": "4c93714a-1a39-4d1e-abb9-b2d80092317c", "query": "sanders", "docid": "S90e3193a-A77bbf5", "rank": "3", "page": "1"}
{"type": "cursorLeftSnippet", "timestamp": "2026-02-17T13:16:13.767Z", "sessionID": "4c93714a-1a39-4d1e-abb9-b2d80092317c", "query": "sanders", "docid": "S90e3193a-A77bbf5", "rank": "3", "page": "1"}
{"type": "cursorEnteredSnippet", "timestamp": "2026-02-17T13:16:13.767Z", "sessionID": "4c93714a-1a39-4d1e-abb9-b2d80092317c", "query": "sanders", "docid": "S60acb408-A34f43bb7", "rank": "4", "page": "1"}
{"type": "cursorLeftSnippet", "timestamp": "2026-02-17T13:16:14.117Z", "sessionID": "4c93714a-1a39-4d1e-abb9-b2d80092317c", "query": "sanders", "docid": "S60acb408-A34f43bb7", "rank": "4", "page": "1"}
{"type": "cursorEnteredSnippet", "timestamp": "2026-02-17T13:16:14.133Z", "sessionID": "4c93714a-1a39-4d1e-abb9-b2d80092317c", "query": "sanders", "docid": "S62e7f0b4-A35aac881", "rank": "5", "page": "1"}
{"type": "clickedResult", "timestamp": "2026-02-17T13:16:14.434Z", "sessionID": "4c93714a-1a39-4d1e-abb9-b2d80092317c", "query": "sanders", "rank": "5", "page": "1", "url": "https://www.debate.org/debates/Presidential-Candidate/1/"}
{"type": "cursorLeftSnippet", "timestamp": "2026-02-17T13:16:14.610Z", "sessionID": "4c93714a-1a39-4d1e-abb9-b2d80092317c", "query": "sanders", "docid": "S62e7f0b4-A35aac881", "rank": "5", "page": "1"}
{"type": "searchResultGenerated", "timestamp": "2026-02-17T13:16:16.188Z", "sessionID": "4c93714a-1a39-4d1e-abb9-b2d80092317c", "query": "sanders", "docid": "S8f897dbf-A7a7b9168", "rank": "1", "page": "1", "url": "https://www.debate.org/debates/Barry-Sanders-is-the-best-Running-back-of-all-time/1/"}
{"type": "searchResultGenerated", "timestamp": "2026-02-17T13:16:16.189Z", "sessionID": "4c93714a-1a39-4d1e-abb9-b2d80092317c", "query": "sanders", "docid": "S6e5ecbd-A473c3158", "rank": "2", "page": "1", "url": "https://www.debate.org/debates/Bernie-Sanders-Supporters-Should-Not-Support-Hillary-Clinton-if-He-Loses-the-Democratic-Nomination/2/"}
{"type": "searchResultGenerated", "timestamp": "2026-02-17T13:16:16.189Z", "sessionID": "4c93714a-1a39-4d1e-abb9-b2d80092317c", "query": "sanders", "docid": "S90e3193a-A77bbf5", "rank": "3", "page": "1", "url": "https://www.debate.org/debates/Bernie-Sanders-as-President/1/"}
{"type": "searchResultGenerated", "timestamp": "2026-02-17T13:16:16.189Z", "sessionID": "4c93714a-1a39-4d1e-abb9-b2d80092317c", "query": "sanders", "docid": "S60acb408-A34f43bb7", "rank": "4", "page": "1", "url": "https://www.debate.org/debates/Bernie-Sanders-Yes-or-Hillary-Clinton-No/1/"}
{"type": "searchResultGenerated", "timestamp": "2026-02-17T13:16:16.189Z", "sessionID": "4c93714a-1a39-4d1e-abb9-b2d80092317c", "query": "sanders", "docid": "S62e7f0b4-A35aac881", "rank": "5", "page": "1", "url": "https://www.debate.org/debates/Presidential-Candidate/1/"}
{"type": "searchResultGenerated", "timestamp": "2026-02-17T13:16:16.189Z", "sessionID": "4c93714a-1a39-4d1e-abb9-b2d80092317c", "query": "sanders", "docid": "S43ab0025-A7584d41d", "rank": "6", "page": "1", "url": "https://www.debate.org/debates/are-republicans-a-better-choice-then-democrats-in-the-2016-election/1/"}
{"type": "searchResultGenerated", "timestamp": "2026-02-17T13:16:16.189Z", "sessionID": "4c93714a-1a39-4d1e-abb9-b2d80092317c", "query": "sanders", "docid": "S171eb76-Ad6bd69fa", "rank": "7", "page": "1", "url": "https://www.debate.org/debates/Bernie-Sanders-15-a-hour-proposal-would-do-more-harm-than-good./1/"}
{"type": "searchResultGenerated", "timestamp": "2026-02-17T13:16:16.189Z", "sessionID": "4c93714a-1a39-4d1e-abb9-b2d80092317c", "query": "sanders", "docid": "S718b3571-Aee2be429", "rank": "8", "page": "1", "url": "https://www.debate.org/debates/Bernie-Sanders-would-be-a-horrible-president/1/"}
{"type": "searchResultGenerated", "timestamp": "2026-02-17T13:16:16.189Z", "sessionID": "4c93714a-1a39-4d1e-abb9-b2d80092317c", "query": "sanders", "docid": "S60acb408-Af6d2c99b", "rank": "9", "page": "1", "url": "https://www.debate.org/debates/Bernie-Sanders-Yes-or-Hillary-Clinton-No/1/"}
{"type": "searchResultGenerated", "timestamp": "2026-02-17T13:16:16.189Z", "sessionID": "4c93714a-1a39-4d1e-abb9-b2d80092317c", "query": "sanders", "docid": "S94178560-Ac9d26c", "rank": "10", "page": "1", "url": "https://www.debate.org/debates/Is-Bernie-sander-good-or-bad/1/"}
{"type": "cursorEnteredSnippet", "timestamp": "2026-02-17T13:16:17.817Z", "sessionID": "4c93714a-1a39-4d1e-abb9-b2d80092317c", "query": "sanders", "docid": "S60acb408-Af6d2c99b", "rank": "9", "page": "1"}
{"type": "cursorLeftSnippet", "timestamp": "2026-02-17T13:16:17.850Z", "sessionID": "4c93714a-1a39-4d1e-abb9-b2d80092317c", "query": "sanders", "docid": "S60acb408-Af6d2c99b", "rank": "9", "page": "1"}
{"type": "cursorEnteredSnippet", "timestamp": "2026-02-17T13:16:17.867Z", "sessionID": "4c93714a-1a39-4d1e-abb9-b2d80092317c", "query": "sanders", "docid": "S94178560-Ac9d26c", "rank": "10", "page": "1"}
{"type": "cursorLeftSnippet", "timestamp": "2026-02-17T13:16:18.067Z", "sessionID": "4c93714a-1a39-4d1e-abb9-b2d80092317c", "query": "sanders", "docid": "S94178560-Ac9d26c", "rank": "10", "page": "1"}
{"type": "pageNavigationClicked", "timestamp": "2026-02-17T13:16:18.907Z", "sessionID": "4c93714a-1a39-4d1e-abb9-b2d80092317c", "clicked": "4", "fromPage": 1, "toPage": 4}
{"type": "cursorEnteredSnippet", "timestamp": "2026-02-17T13:16:19.517Z", "sessionID": "4c93714a-1a39-4d1e-abb9-b2d80092317c", "query": "sanders", "docid": "S94178560-Ac9d26c", "rank": "10", "page": "1"}
{"type": "cursorLeftSnippet", "timestamp": "2026-02-17T13:16:19.967Z", "sessionID": "4c93714a-1a39-4d1e-abb9-b2d80092317c", "query": "sanders", "docid": "S94178560-Ac9d26c", "rank": "10", "page": "1"}
{"type": "cursorEnteredSnippet", "timestamp": "2026-02-17T13:16:20.000Z", "sessionID": "4c93714a-1a39-4d1e-abb9-b2d80092317c", "query": "sanders", "docid": "S60acb408-Af6d2c99b", "rank": "9", "page": "1"}
{"type": "searchResultGenerated", "timestamp": "2026-02-17T13:16:20.243Z", "sessionID": "4c93714a-1a39-4d1e-abb9-b2d80092317c", "query": "sanders", "docid": "S8b211472-A4d23fee9", "rank": "1", "page": "4", "url": "https://www.debate.org/debates/Bernie-Sanders-has-a-better-chance-of-beating-Donald-Trump-then-Hillary-does./1/"}
{"type": "searchResultGenerated", "timestamp": "2026-02-17T13:16:20.243Z", "sessionID": "4c93714a-1a39-4d1e-abb9-b2d80092317c", "query": "sanders", "docid": "S4f3e3b45-Af1058ead", "rank": "2", "page": "4", "url": "https://www.debate.org/debates/Donald-Trump-would-make-a-good-president/1/"}
{"type": "searchResultGenerated", "timestamp": "2026-02-17T13:16:20.243Z", "sessionID": "4c93714a-1a39-4d1e-abb9-b2d80092317c", "query": "sanders", "docid": "S3e93553d-A8070557d", "rank": "3", "page": "4", "url": "https://www.debate.org/debates/The-FAIL-Debate-Animal-Rights/1/"}
{"type": "searchResultGenerated", "timestamp": "2026-02-17T13:16:20.243Z", "sessionID": "4c93714a-1a39-4d1e-abb9-b2d80092317c", "query": "sanders", "docid": "S85221c3c-A60dde240", "rank": "4", "page": "4", "url": "https://www.debate.org/debates/Bernie-Sanders-policies-will-not-benefit-the-country./2/"}
{"type": "searchResultGenerated", "timestamp": "2026-02-17T13:16:20.243Z", "sessionID": "4c93714a-1a39-4d1e-abb9-b2d80092317c", "query": "sanders", "docid": "Sf95c554-A60f7651d", "rank": "5", "page": "4", "url": "https://www.debate.org/debates/Bernie-Sanders-would-make-a-good-president./1/"}
{"type": "searchResultGenerated", "timestamp": "2026-02-17T13:16:20.244Z", "sessionID": "4c93714a-1a39-4d1e-abb9-b2d80092317c", "query": "sanders", "docid": "Sf6b65564-A1fb213b5", "rank": "6", "page": "4", "url": "https://www.debate.org/debates/Bernie-Sanders-is-not-a-real-socialist/1/"}
{"type": "searchResultGenerated", "timestamp": "2026-02-17T13:16:20.244Z", "sessionID": "4c93714a-1a39-4d1e-abb9-b2d80092317c", "query": "sanders", "docid": "S85221c3c-A7e11d13b", "rank": "7", "page": "4", "url": "https://www.debate.org/debates/Bernie-Sanders-policies-will-not-benefit-the-country./2/"}
{"type": "searchResultGenerated", "timestamp": "2026-02-17T13:16:20.244Z", "sessionID": "4c93714a-1a39-4d1e-abb9-b2d80092317c", "query": "sanders", "docid": "Sf95c554-A3264d2a2", "rank": "8", "page": "4", "url": "https://www.debate.org/debates/Bernie-Sanders-would-make-a-good-president./1/"}
{"type": "searchResultGenerated", "timestamp": "2026-02-17T13:16:20.244Z", "sessionID": "4c93714a-1a39-4d1e-abb9-b2d80092317c", "query": "sanders", "docid": "Sc428dcd3-Abce1076", "rank": "9", "page": "4", "url": "https://www.debate.org/debates/Bernie-Sanders-for-U.S.-President/2/"}
{"type": "searchResultGenerated", "timestamp": "2026-02-17T13:16:20.244Z", "sessionID": "4c93714a-1a39-4d1e-abb9-b2d80092317c", "query": "sanders", "docid": "Sc428dcb4-A7ba09fa2", "rank": "10", "page": "4", "url": "https://www.debate.org/debates/Bernie-Sanders-for-U.S.-President/1/"}
{"type": "cursorLeftSnippet", "timestamp": "2026-02-17T13:16:20.534Z", "sessionID": "4c93714a-1a39-4d1e-abb9-b2d80092317c", "query": "sanders", "docid": "S85221c3c-A60dde240", "rank": "4", "page": "4"}
{"type": "cursorEnteredSnippet", "timestamp": "2026-02-17T13:16:20.578Z", "sessionID": "4c93714a-1a39-4d1e-abb9-b2d80092317c", "query": "sanders", "docid": "S3e93553d-A8070557d", "rank": "3", "page": "4"}
{"type": "cursorLeftSnippet", "timestamp": "2026-02-17T13:16:20.700Z", "sessionID": "4c93714a-1a39-4d1e-abb9-b2d80092317c", "query": "sanders", "docid": "S3e93553d-A8070557d", "rank": "3", "page": "4"}
{"type": "cursorEnteredSnippet", "timestamp": "2026-02-17T13:16:20.717Z", "sessionID": "4c93714a-1a39-4d1e-abb9-b2d80092317c", "query": "sanders", "docid": "S85221c3c-A60dde240", "rank": "4", "page": "4"}
{"type": "clickedResult", "timestamp": "2026-02-17T13:16:21.047Z", "sessionID": "4c93714a-1a39-4d1e-abb9-b2d80092317c", "query": "sanders", "rank": "4", "page": "4", "url": "https://www.debate.org/debates/Bernie-Sanders-policies-will-not-benefit-the-country./2/"}
{"type": "cursorLeftSnippet", "timestamp": "2026-02-17T13:16:21.226Z", "sessionID": "4c93714a-1a39-4d1e-abb9-b2d80092317c", "query": "sanders", "docid": "S85221c3c-A60dde240", "rank": "4", "page": "4"}
{"type": "ClickedEndTask", "timestamp": "2026-02-17T13:16:31.763Z", "sessionID": "4c93714a-1a39-4d1e-abb9-b2d80092317c"}
{"type": "TaskContinued", "timestamp": "2026-02-17T13:16:33.019Z", "sessionID": "4c93714a-1a39-4d1e-abb9-b2d80092317c"}
{"type": "cursorEnteredSnippet", "timestamp": "2026-02-17T13:16:33.033Z", "sessionID": "4c93714a-1a39-4d1e-abb9-b2d80092317c", "query": "sanders", "docid": "S4f3e3b45-Af1058ead", "rank": "2", "page": "4"}
{"type": "cursorLeftSnippet", "timestamp": "2026-02-17T13:16:33.483Z", "sessionID": "4c93714a-1a39-4d1e-abb9-b2d80092317c", "query": "sanders", "docid": "S4f3e3b45-Af1058ead", "rank": "2", "page": "4"}
{"type": "cursorEnteredSnippet", "timestamp": "2026-02-17T13:16:33.499Z", "sessionID": "4c93714a-1a39-4d1e-abb9-b2d80092317c", "query": "sanders", "docid": "S3e93553d-A8070557d", "rank": "3", "page": "4"}
{"type": "cursorLeftSnippet", "timestamp": "2026-02-17T13:16:33.584Z", "sessionID": "4c93714a-1a39-4d1e-abb9-b2d80092317c", "query": "sanders", "docid": "S3e93553d-A8070557d", "rank": "3", "page": "4"}
{"type": "ClickedEndTask", "timestamp": "2026-02-17T13:16:34.264Z", "sessionID": "4c93714a-1a39-4d1e-abb9-b2d80092317c"}
{"type": "TaskEndConfirmed", "timestamp": "2026-02-17T13:16:35.889Z", "sessionID": "4c93714a-1a39-4d1e-abb9-b2d80092317c"}
