{"type": "TaskStarted", "timestamp": "2026-02-20T10:49:08.227Z", "sessionID": "171a64e7-bf91-401f-a7b0-56d4798103da"}
{"type": "idSubmitted", "timestamp": "2026-02-20T10:49:08.228Z", "sessionID": "171a64e7-bf91-401f-a7b0-56d4798103da", "uid": "Participant50"}
{"type": "queryBoxFocused", "timestamp": "2026-02-20T10:49:10.133Z", "sessionID": "171a64e7-bf91-401f-a7b0-56d4798103da"}
{"type": "querySubmitted", "timestamp": "2026-02-20T10:49:16.318Z", "sessionID": "171a64e7-bf91-401f-a7b0-56d4798103da", "query": "horse"}
{"type": "searchResultGenerated", "timestamp": "2026-02-20T10:49:17.421Z", "sessionID": "171a64e7-bf91-401f-a7b0-56d4798103da", "query": "horse", "docid": "5618", "rank": "1", "page": "1", "url": "http://www.gutenberg.org/files/19821/19821-h/19821-h.htm#playing", "windowLocation": "http://localhost:7001/result"}
{"type": "searchResultGenerated", "timestamp": "2026-02-20T10:49:17.421Z", "sessionID": "171a64e7-bf91-401f-a7b0-56d4798103da", "query": "horse", "docid": "7214", "rank": "2", "page": "1", "url": "http://www.gutenberg.org/files/15170/15170-h/15170-h.htm#witness", "windowLocation": "http://localhost:7001/result"}
{"type": "searchResultGenerated", "timestamp": "2026-02-20T10:49:17.421Z", "sessionID": "171a64e7-bf91-401f-a7b0-56d4798103da", "query": "horse", "docid": "7163", "rank": "3", "page": "1", "url": "http://www.gutenberg.org/cache/epub/3152/pg3152.html", "windowLocation": "http://localhost:7001/result"}
{"type": "searchResultGenerated", "timestamp": "2026-02-20T10:49:17.422Z", "sessionID": "171a64e7-bf91-401f-a7b0-56d4798103da", "query": "horse", "docid": "3117", "rank": "4", "page": "1", "url": "https://www.africanstorybook.org/", "windowLocation": "http://localhost:7001/result"}
{"type": "searchResultGenerated", "timestamp": "2026-02-20T10:49:17.422Z", "sessionID": "171a64e7-bf91-401f-a7b0-56d4798103da", "query": "horse", "docid": "5598", "rank": "5", "page": "1", "url": "http://www.gutenberg.org/files/28133/28133-h/28133-h.htm#Page_129", "windowLocation": "http://localhost:7001/result"}
{"type": "searchResultGenerated", "timestamp": "2026-02-20T10:49:17.422Z", "sessionID": "171a64e7-bf91-401f-a7b0-56d4798103da", "query": "horse", "docid": "7006", "rank": "6", "page": "1", "url": "http://www.gutenberg.org/files/25359/25359-h/25359-h.htm#Page_89", "windowLocation": "http://localhost:7001/result"}
{"type": "searchResultGenerated", "timestamp": "2026-02-20T10:49:17.422Z", "sessionID": "171a64e7-bf91-401f-a7b0-56d4798103da", "query": "horse", "docid": "5735", "rank": "7", "page": "1", "url": "http://www.gutenberg.org/files/24938/24938-h/24938-h.htm#Page_3", "windowLocation": "http://localhost:7001/result"}
{"type": "searchResultGenerated", "timestamp": "2026-02-20T10:49:17.422Z", "sessionID": "171a64e7-bf91-401f-a7b0-56d4798103da", "query": "horse", "docid": "6057", "rank": "8", "page": "1", "url": "https://www.commonlit.org/texts/from-the-wild-horses-of-assateague-island", "windowLocation": "http://localhost:7001/result"}
{"type": "searchResultGenerated", "timestamp": "2026-02-20T10:49:17.422Z", "sessionID": "171a64e7-bf91-401f-a7b0-56d4798103da", "query": "horse", "docid": "5811", "rank": "9", "page": "1", "url": "http://www.gutenberg.org/cache/epub/6577/pg6577-images.html", "windowLocation": "http://localhost:7001/result"}
{"type": "searchResultGenerated", "timestamp": "2026-02-20T10:49:17.422Z", "sessionID": "171a64e7-bf91-401f-a7b0-56d4798103da", "query": "horse", "docid": "1281", "rank": "10", "page": "1", "url": "http://www.gutenberg.org/cache/epub/5796/pg5796.html", "windowLocation": "http://localhost:7001/result"}
{"type": "cursorEnteredSnippet", "timestamp": "2026-02-20T10:49:17.965Z", "sessionID": "171a64e7-bf91-401f-a7b0-56d4798103da", "query": "horse", "docid": "5618", "rank": "1", "page": "1"}
{"type": "cursorLeftSnippet", "timestamp": "2026-02-20T10:49:18.031Z", "sessionID": "171a64e7-bf91-401f-a7b0-56d4798103da", "query": "horse", "docid": "5618", "rank": "1", "page": "1"}
{"type": "cursorEnteredSnippet", "timestamp": "2026-02-20T10:49:18.032Z", "sessionID": "171a64e7-bf91-401f-a7b0-56d4798103da", "query": "horse", "docid": "7214", "rank": "2", "page": "1"}
{"type": "cursorLeftSnippet", "timestamp": "2026-02-20T10:49:18.115Z", "sessionID": "171a64e7-bf91-401f-a7b0-56d4798103da", "query": "horse", "docid": "7214", "rank": "2", "page": "1"}
{"type": "cursorEnteredSnippet", "timestamp": "2026-02-20T10:49:18.148Z", "sessionID": "171a64e7-bf91-401f-a7b0-56d4798103da", "query": "horse", "docid": "7163", "rank": "3", "page": "1"}
{"type": "clickedResult", "timestamp": "2026-02-20T10:49:18.689Z", "sessionID": "171a64e7-bf91-401f-a7b0-56d4798103da", "query": "horse", "rank": "3", "page": "1", "url": "http://www.gutenberg.org/cache/epub/3152/pg3152.html"}
{"type": "cursorLeftSnippet", "timestamp": "2026-02-20T10:49:19.083Z", "sessionID": "171a64e7-bf91-401f-a7b0-56d4798103da", "query": "horse", "docid": "7163", "rank": "3", "page": "1"}
{"type": "searchResultGenerated", "timestamp": "2026-02-20T10:49:21.600Z", "sessionID": "171a64e7-bf91-401f-a7b0-56d4798103da", "query": "horse", "docid": "5618", "rank": "1", "page": "1", "url": "http://www.gutenberg.org/files/19821/19821-h/19821-h.htm#playing", "windowLocation": "http://localhost:7001/result"}
{"type": "searchResultGenerated", "timestamp": "2026-02-20T10:49:21.600Z", "sessionID": "171a64e7-bf91-401f-a7b0-56d4798103da", "query": "horse", "docid": "7214", "rank": "2", "page": "1", "url": "http://www.gutenberg.org/files/15170/15170-h/15170-h.htm#witness", "windowLocation": "http://localhost:7001/result"}
{"type": "searchResultGenerated", "timestamp": "2026-02-20T10:49:21.600Z", "sessionID": "171a64e7-bf91-401f-a7b0-56d4798103da", "query": "horse", "docid": "7163", "rank": "3", "page": "1", "url": "http://www.gutenberg.org/cache/epub/3152/pg3152.html", "windowLocation": "http://localhost:7001/result"}
{"type": "searchResultGenerated", "timestamp": "2026-02-20T10:49:21.600Z", "sessionID": "171a64e7-bf91-401f-a7b0-56d4798103da", "query": "horse", "docid": "3117", "rank": "4", "page": "1", "url": "https://www.africanstorybook.org/", "windowLocation": "http://localhost:7001/result"}
{"type": "searchResultGenerated", "timestamp": "2026-02-20T10:49:21.601Z", "sessionID": "171a64e7-bf91-401f-a7b0-56d4798103da", "query": "horse", "docid": "5598", "rank": "5", "page": "1", "url": "http://www.gutenberg.org/files/28133/28133-h/28133-h.htm#Page_129", "windowLocation": "http://localhost:7001/result"}
{"type": "searchResultGenerated", "timestamp": "2026-02-20T10:49:21.601Z", "sessionID": "171a64e7-bf91-401f-a7b0-56d4798103da", "query": "horse", "docid": "7006", "rank": "6", "page": "1", "url": "http://www.gutenberg.org/files/25359/25359-h/25359-h.htm#Page_89", "windowLocation": "http://localhost:7001/result"}
{"type": "searchResultGenerated", "timestamp": "2026-02-20T10:49:21.601Z", "sessionID": "171a64e7-bf91-401f-a7b0-56d4798103da", "query": "horse", "docid": "5735", "rank": "7", "page": "1", "url": "http://www.gutenberg.org/files/24938/24938-h/24938-h.htm#Page_3", "windowLocation": "http://localhost:7001/result"}
{"type": "searchResultGenerated", "timestamp": "2026-02-20T10:49:21.602Z", "sessionID": "171a64e7-bf91-401f-a7b0-56d4798103da", "query": "horse", "docid": "6057", "rank": "8", "page": "1", "url": "https://www.commonlit.org/texts/from-the-wild-horses-of-assateague-island", "windowLocation": "http://localhost:7001/result"}
{"type": "searchResultGenerated", "timestamp": "2026-02-20T10:49:21.602Z", "sessionID": "171a64e7-bf91-401f-a7b0-56d4798103da", "query": "horse", "docid": "5811", "rank": "9", "page": "1", "url": "http://www.gutenberg.org/cache/epub/6577/pg6577-images.html", "windowLocation": "http://localhost:7001/result"}
{"type": "searchResultGenerated", "timestamp": "2026-02-20T10:49:21.602Z", "sessionID": "171a64e7-bf91-401f-a7b0-56d4798103da", "query": "horse", "docid": "1281", "rank": "10", "page": "1", "url": "http://www.gutenberg.org/cache/epub/5796/pg5796.html", "windowLocation": "http://localhost:7001/result"}
{"type": "cursorEnteredSnippet", "timestamp": "2026-02-20T10:49:21.731Z", "sessionID": "171a64e7-bf91-401f-a7b0-56d4798103da", "query": "horse", "docid": "5618", "rank": "1", "page": "1"}
{"type": "cursorLeftSnippet", "timestamp": "2026-02-20T10:49:21.748Z", "sessionID": "171a64e7-bf91-401f-a7b0-56d4798103da", "query": "horse", "docid": "5618", "rank": "1", "page": "1"}
{"type": "cursorEnteredSnippet", "timestamp": "2026-02-20T10:49:21.748Z", "sessionID": "171a64e7-bf91-401f-a7b0-56d4798103da", "query": "horse", "docid": "7214", "rank": "2", "page": "1"}
{"type": "cursorLeftSnippet", "timestamp": "2026-02-20T10:49:21.814Z", "sessionID": "171a64e7-bf91-401f-a7b0-56d4798103da", "query": "horse", "docid": "7214", "rank": "2", "page": "1"}
{"type": "cursorEnteredSnippet", "timestamp": "2026-02-20T10:49:21.814Z", "sessionID": "171a64e7-bf91-401f-a7b0-56d4798103da", "query": "horse", "docid": "7163", "rank": "3", "page": "1"}
{"type": "cursorLeftSnippet", "timestamp": "2026-02-20T10:49:23.697Z", "sessionID": "171a64e7-bf91-401f-a7b0-56d4798103da", "query": "horse", "docid": "7163", "rank": "3", "page": "1"}
{"type": "cursorEnteredSnippet", "timestamp": "2026-02-20T10:49:23.697Z", "sessionID": "171a64e7-bf91-401f-a7b0-56d4798103da", "query": "horse", "docid": "5811", "rank": "9", "page": "1"}
{"type": "clickedResult", "timestamp": "2026-02-20T10:49:24.641Z", "sessionID": "171a64e7-bf91-401f-a7b0-56d4798103da", "query": "horse", "rank": "9", "page": "1", "url": "http://www.gutenberg.org/cache/epub/6577/pg6577-images.html"}
{"type": "cursorLeftSnippet", "timestamp": "2026-02-20T10:49:24.947Z", "sessionID": "171a64e7-bf91-401f-a7b0-56d4798103da", "query": "horse", "docid": "5811", "rank": "9", "page": "1"}
{"type": "searchResultGenerated", "timestamp": "2026-02-20T10:49:28.099Z", "sessionID": "171a64e7-bf91-401f-a7b0-56d4798103da", "query": "horse", "docid": "5618", "rank": "1", "page": "1", "url": "http://www.gutenberg.org/files/19821/19821-h/19821-h.htm#playing", "windowLocation": "http://localhost:7001/result"}
{"type": "searchResultGenerated", "timestamp": "2026-02-20T10:49:28.100Z", "sessionID": "171a64e7-bf91-401f-a7b0-56d4798103da", "query": "horse", "docid": "7214", "rank": "2", "page": "1", "url": "http://www.gutenberg.org/files/15170/15170-h/15170-h.htm#witness", "windowLocation": "http://localhost:7001/result"}
{"type": "searchResultGenerated", "timestamp": "2026-02-20T10:49:28.100Z", "sessionID": "171a64e7-bf91-401f-a7b0-56d4798103da", "query": "horse", "docid": "7163", "rank": "3", "page": "1", "url": "http://www.gutenberg.org/cache/epub/3152/pg3152.html", "windowLocation": "http://localhost:7001/result"}
{"type": "searchResultGenerated", "timestamp": "2026-02-20T10:49:28.100Z", "sessionID": "171a64e7-bf91-401f-a7b0-56d4798103da", "query": "horse", "docid": "3117", "rank": "4", "page": "1", "url": "https://www.africanstorybook.org/", "windowLocation": "http://localhost:7001/result"}
{"type": "searchResultGenerated", "timestamp": "2026-02-20T10:49:28.101Z", "sessionID": "171a64e7-bf91-401f-a7b0-56d4798103da", "query": "horse", "docid": "5598", "rank": "5", "page": "1", "url": "http://www.gutenberg.org/files/28133/28133-h/28133-h.htm#Page_129", "windowLocation": "http://localhost:7001/result"}
{"type": "searchResultGenerated", "timestamp": "2026-02-20T10:49:28.101Z", "sessionID": "171a64e7-bf91-401f-a7b0-56d4798103da", "query": "horse", "docid": "7006", "rank": "6", "page": "1", "url": "http://www.gutenberg.org/files/25359/25359-h/25359-h.htm#Page_89", "windowLocation": "http://localhost:7001/result"}
{"type": "searchResultGenerated", "timestamp": "2026-02-20T10:49:28.101Z", "sessionID": "171a64e7-bf91-401f-a7b0-56d4798103da", "query": "horse", "docid": "5735", "rank": "7", "page": "1", "url": "http://www.gutenberg.org/files/24938/24938-h/24938-h.htm#Page_3", "windowLocation": "http://localhost:7001/result"}
{"type": "searchResultGenerated", "timestamp": "2026-02-20T10:49:28.101Z", "sessionID": "171a64e7-bf91-401f-a7b0-56d4798103da", "query": "horse", "docid": "6057", "rank": "8", "page": "1", "url": "https://www.commonlit.org/texts/from-the-wild-horses-of-assateague-island", "windowLocation": "http://localhost:7001/result"}
{"type": "searchResultGenerated", "timestamp": "2026-02-20T10:49:28.102Z", "sessionID": "171a64e7-bf91-401f-a7b0-56d4798103da", "query": "horse", "docid": "5811", "rank": "9", "page": "1", "url": "http://www.gutenberg.org/cache/epub/6577/pg6577-images.html", "windowLocation": "http://localhost:7001/result"}
{"type": "searchResultGenerated", "timestamp": "2026-02-20T10:49:28.102Z", "sessionID": "171a64e7-bf91-401f-a7b0-56d4798103da", "query": "horse", "docid": "1281", "rank": "10", "page": "1", "url": "http://www.gutenberg.org/cache/epub/5796/pg5796.html", "windowLocation": "http://localhost:7001/result"}
{"type": "cursorEnteredSnippet", "timestamp": "2026-02-20T10:49:28.148Z", "sessionID": "171a64e7-bf91-401f-a7b0-56d4798103da", "query": "horse", "docid": "6057", "rank": "8", "page": "1"}
{"type": "cursorLeftSnippet", "timestamp": "2026-02-20T10:49:28.214Z", "sessionID": "171a64e7-bf91-401f-a7b0-56d4798103da", "query": "horse", "docid": "6057", "rank": "8", "page": "1"}
{"type": "cursorEnteredSnippet", "timestamp": "2026-02-20T10:49:28.214Z", "sessionID": "171a64e7-bf91-401f-a7b0-56d4798103da", "query": "horse", "docid": "5811", "rank": "9", "page": "1"}
{"type": "cursorLeftSnippet", "timestamp": "2026-02-20T10:49:28.264Z", "sessionID": "171a64e7-bf91-401f-a7b0-56d4798103da", "query": "horse", "docid": "5811", "rank": "9", "page": "1"}
{"type": "cursorEnteredSnippet", "timestamp": "2026-02-20T10:49:28.265Z", "sessionID": "171a64e7-bf91-401f-a7b0-56d4798103da", "query": "horse", "docid": "1281", "rank": "10", "page": "1"}
{"type": "cursorLeftSnippet", "timestamp": "2026-02-20T10:49:28.314Z", "sessionID": "171a64e7-bf91-401f-a7b0-56d4798103da", "query": "horse", "docid": "1281", "rank": "10", "page": "1"}
{"type": "pageNavigationClicked", "timestamp": "2026-02-20T10:49:29.663Z", "sessionID": "171a64e7-bf91-401f-a7b0-56d4798103da", "clicked": "5", "fromPage": 1, "toPage": 5}
{"type": "searchResultGenerated", "timestamp": "2026-02-20T10:49:30.080Z", "sessionID": "171a64e7-bf91-401f-a7b0-56d4798103da", "query": "horse", "docid": "6580", "rank": "1", "page": "5", "url": "http://www.gutenberg.org/files/19120/19120-h/19120-h.htm", "windowLocation": "http://localhost:7001/result?query=horse&page=5"}
{"type": "searchResultGenerated", "timestamp": "2026-02-20T10:49:30.080Z", "sessionID": "171a64e7-bf91-401f-a7b0-56d4798103da", "query": "horse", "docid": "5845", "rank": "2", "page": "5", "url": "http://www.online-literature.com/bulfinch/mythology_charlemange/2/", "windowLocation": "http://localhost:7001/result?query=horse&page=5"}
{"type": "searchResultGenerated", "timestamp": "2026-02-20T10:49:30.080Z", "sessionID": "171a64e7-bf91-401f-a7b0-56d4798103da", "query": "horse", "docid": "6597", "rank": "3", "page": "5", "url": "http://www.gutenberg.org/files/20405/20405-h/20405-h.htm", "windowLocation": "http://localhost:7001/result?query=horse&page=5"}
{"type": "searchResultGenerated", "timestamp": "2026-02-20T10:49:30.081Z", "sessionID": "171a64e7-bf91-401f-a7b0-56d4798103da", "query": "horse", "docid": "6458", "rank": "4", "page": "5", "url": "http://www.gutenberg.org/files/3282/3282-h/3282-h.htm#link2H_4_0002", "windowLocation": "http://localhost:7001/result?query=horse&page=5"}
{"type": "searchResultGenerated", "timestamp": "2026-02-20T10:49:30.081Z", "sessionID": "171a64e7-bf91-401f-a7b0-56d4798103da", "query": "horse", "docid": "1122", "rank": "5", "page": "5", "url": "http://www.gutenberg.org/files/16247/16247-h/16247-h.htm#XI", "windowLocation": "http://localhost:7001/result?query=horse&page=5"}
{"type": "searchResultGenerated", "timestamp": "2026-02-20T10:49:30.081Z", "sessionID": "171a64e7-bf91-401f-a7b0-56d4798103da", "query": "horse", "docid": "6350", "rank": "6", "page": "5", "url": "http://www.gutenberg.org/files/31993/31993-h/31993-h.htm", "windowLocation": "http://localhost:7001/result?query=horse&page=5"}
{"type": "searchResultGenerated", "timestamp": "2026-02-20T10:49:30.081Z", "sessionID": "171a64e7-bf91-401f-a7b0-56d4798103da", "query": "horse", "docid": "6934", "rank": "7", "page": "5", "url": "http://www.gutenberg.org/files/15145/15145-h/15145-h.htm#page9", "windowLocation": "http://localhost:7001/result?query=horse&page=5"}
{"type": "searchResultGenerated", "timestamp": "2026-02-20T10:49:30.082Z", "sessionID": "171a64e7-bf91-401f-a7b0-56d4798103da", "query": "horse", "docid": "3687", "rank": "8", "page": "5", "url": "http://www.gutenberg.org/files/501/501-h/501-h.htm", "windowLocation": "http://localhost:7001/result?query=horse&page=5"}
{"type": "searchResultGenerated", "timestamp": "2026-02-20T10:49:30.082Z", "sessionID": "171a64e7-bf91-401f-a7b0-56d4798103da", "query": "horse", "docid": "3802", "rank": "9", "page": "5", "url": "http://www.gutenberg.org/files/2591/2591-h/2591-h.htm", "windowLocation": "http://localhost:7001/result?query=horse&page=5"}
{"type": "searchResultGenerated", "timestamp": "2026-02-20T10:49:30.082Z", "sessionID": "171a64e7-bf91-401f-a7b0-56d4798103da", "query": "horse", "docid": "5812", "rank": "10", "page": "5", "url": "http://www.gutenberg.org/files/128/128-h/128-h.htm", "windowLocation": "http://localhost:7001/result?query=horse&page=5"}
{"type": "cursorLeftSnippet", "timestamp": "2026-02-20T10:49:30.247Z", "sessionID": "171a64e7-bf91-401f-a7b0-56d4798103da", "query": "horse", "docid": "6458", "rank": "4", "page": "5"}
{"type": "cursorEnteredSnippet", "timestamp": "2026-02-20T10:49:30.487Z", "sessionID": "171a64e7-bf91-401f-a7b0-56d4798103da", "query": "horse", "docid": "6458", "rank": "4", "page": "5"}
{"type": "clickedResult", "timestamp": "2026-02-20T10:49:31.337Z", "sessionID": "171a64e7-bf91-401f-a7b0-56d4798103da", "query": "horse", "rank": "4", "page": "5", "url": "http://www.gutenberg.org/files/3282/3282-h/3282-h.htm#link2H_4_0002"}
{"type": "cursorLeftSnippet", "timestamp": "2026-02-20T10:49:31.574Z", "sessionID": "171a64e7-bf91-401f-a7b0-56d4798103da", "query": "horse", "docid": "6458", "rank": "4", "page": "5"}
{"type": "cursorEnteredSnippet", "timestamp": "2026-02-20T10:49:34.414Z", "sessionID": "171a64e7-bf91-401f-a7b0-56d4798103da", "query": "horse", "docid": "6580", "rank": "1", "page": "5"}
{"type": "cursorLeftSnippet", "timestamp": "2026-02-20T10:49:34.430Z", "sessionID": "171a64e7-bf91-401f-a7b0-56d4798103da", "query": "horse", "docid": "6580", "rank": "1", "page": "5"}
{"type": "cursorEnteredSnippet", "timestamp": "2026-02-20T10:49:34.430Z", "sessionID": "171a64e7-bf91-401f-a7b0-56d4798103da", "query": "horse", "docid": "5845", "rank": "2", "page": "5"}
{"type": "cursorLeftSnippet", "timestamp": "2026-02-20T10:49:34.480Z", "sessionID": "171a64e7-bf91-401f-a7b0-56d4798103da", "query": "horse", "docid": "5845", "rank": "2", "page": "5"}
{"type": "cursorEnteredSnippet", "timestamp": "2026-02-20T10:49:34.497Z", "sessionID": "171a64e7-bf91-401f-a7b0-56d4798103da", "query": "horse", "docid": "6597", "rank": "3", "page": "5"}
{"type": "cursorLeftSnippet", "timestamp": "2026-02-20T10:49:35.463Z", "sessionID": "171a64e7-bf91-401f-a7b0-56d4798103da", "query": "horse", "docid": "6597", "rank": "3", "page": "5"}
{"type": "cursorEnteredSnippet", "timestamp": "2026-02-20T10:49:35.464Z", "sessionID": "171a64e7-bf91-401f-a7b0-56d4798103da", "query": "horse", "docid": "6934", "rank": "7", "page": "5"}
{"type": "cursorLeftSnippet", "timestamp": "2026-02-20T10:49:35.547Z", "sessionID": "171a64e7-bf91-401f-a7b0-56d4798103da", "query": "horse", "docid": "6934", "rank": "7", "page": "5"}
{"type": "cursorEnteredSnippet", "timestamp": "2026-02-20T10:49:35.564Z", "sessionID": "171a64e7-bf91-401f-a7b0-56d4798103da", "query": "horse", "docid": "3687", "rank": "8", "page": "5"}
{"type": "clickedResult", "timestamp": "2026-02-20T10:49:36.069Z", "sessionID": "171a64e7-bf91-401f-a7b0-56d4798103da", "query": "horse", "rank": "8", "page": "5", "url": "http://www.gutenberg.org/files/501/501-h/501-h.htm"}
{"type": "cursorLeftSnippet", "timestamp": "2026-02-20T10:49:36.213Z", "sessionID": "171a64e7-bf91-401f-a7b0-56d4798103da", "query": "horse", "docid": "3687", "rank": "8", "page": "5"}
{"type": "cursorEnteredSnippet", "timestamp": "2026-02-20T10:49:36.230Z", "sessionID": "171a64e7-bf91-401f-a7b0-56d4798103da", "query": "horse", "docid": "6934", "rank": "7", "page": "5"}
{"type": "cursorLeftSnippet", "timestamp": "2026-02-20T10:49:36.297Z", "sessionID": "171a64e7-bf91-401f-a7b0-56d4798103da", "query": "horse", "docid": "6934", "rank": "7", "page": "5"}
{"type": "cursorEnteredSnippet", "timestamp": "2026-02-20T10:49:36.297Z", "sessionID": "171a64e7-bf91-401f-a7b0-56d4798103da", "query": "horse", "docid": "6350", "rank": "6", "page": "5"}
{"type": "cursorLeftSnippet", "timestamp": "2026-02-20T10:49:36.313Z", "sessionID": "171a64e7-bf91-401f-a7b0-56d4798103da", "query": "horse", "docid": "6350", "rank": "6", "page": "5"}
{"type": "cursorEnteredSnippet", "timestamp": "2026-02-20T10:49:37.930Z", "sessionID": "171a64e7-bf91-401f-a7b0-56d4798103da", "query": "horse", "docid": "1122", "rank": "5", "page": "5"}
{"type": "cursorLeftSnippet", "timestamp": "2026-02-20T10:49:38.014Z", "sessionID": "171a64e7-bf91-401f-a7b0-56d4798103da", "query": "horse", "docid": "1122", "rank": "5", "page": "5"}
{"type": "cursorEnteredSnippet", "timestamp": "2026-02-20T10:49:38.014Z", "sessionID": "171a64e7-bf91-401f-a7b0-56d4798103da", "query": "horse", "docid": "6350", "rank": "6", "page": "5"}
{"type": "cursorLeftSnippet", "timestamp": "2026-02-20T10:49:38.113Z", "sessionID": "171a64e7-bf91-401f-a7b0-56d4798103da", "query": "horse", "docid": "6350", "rank": "6", "page": "5"}
{"type": "cursorEnteredSnippet", "timestamp": "2026-02-20T10:49:38.130Z", "sessionID": "171a64e7-bf91-401f-a7b0-56d4798103da", "query": "horse", "docid": "6934", "rank": "7", "page": "5"}
{"type": "cursorLeftSnippet", "timestamp": "2026-02-20T10:49:39.494Z", "sessionID": "171a64e7-bf91-401f-a7b0-56d4798103da", "query": "horse", "docid": "6934", "rank": "7", "page": "5"}
{"type": "cursorEnteredSnippet", "timestamp": "2026-02-20T10:49:39.495Z", "sessionID": "171a64e7-bf91-401f-a7b0-56d4798103da", "query": "horse", "docid": "3802", "rank": "9", "page": "5"}
{"type": "cursorLeftSnippet", "timestamp": "2026-02-20T10:49:40.713Z", "sessionID": "171a64e7-bf91-401f-a7b0-56d4798103da", "query": "horse", "docid": "3802", "rank": "9", "page": "5"}
{"type": "cursorEnteredSnippet", "timestamp": "2026-02-20T10:49:40.796Z", "sessionID": "171a64e7-bf91-401f-a7b0-56d4798103da", "query": "horse", "docid": "3802", "rank": "9", "page": "5"}
{"type": "clickedResult", "timestamp": "2026-02-20T10:49:41.174Z", "sessionID": "171a64e7-bf91-401f-a7b0-56d4798103da", "query": "horse", "rank": "9", "page": "5", "url": "http://www.gutenberg.org/files/2591/2591-h/2591-h.htm"}
{"type": "cursorLeftSnippet", "timestamp": "2026-02-20T10:49:41.305Z", "sessionID": "171a64e7-bf91-401f-a7b0-56d4798103da", "query": "horse", "docid": "3802", "rank": "9", "page": "5"}
{"type": "cursorEnteredSnippet", "timestamp": "2026-02-20T10:49:44.313Z", "sessionID": "171a64e7-bf91-401f-a7b0-56d4798103da", "query": "horse", "docid": "6934", "rank": "7", "page": "5"}
{"type": "cursorLeftSnippet", "timestamp": "2026-02-20T10:49:44.463Z", "sessionID": "171a64e7-bf91-401f-a7b0-56d4798103da", "query": "horse", "docid": "6934", "rank": "7", "page": "5"}
{"type": "queryBoxFocused", "timestamp": "2026-02-20T10:49:45.049Z", "sessionID": "171a64e7-bf91-401f-a7b0-56d4798103da"}
{"type": "querySubmitted", "timestamp": "2026-02-20T10:49:47.031Z", "sessionID": "171a64e7-bf91-401f-a7b0-56d4798103da", "query": "duck"}
{"type": "searchResultGenerated", "timestamp": "2026-02-20T10:49:47.518Z", "sessionID": "171a64e7-bf91-401f-a7b0-56d4798103da", "query": "duck", "docid": "2938", "rank": "1", "page": "1", "url": "https://www.africanstorybook.org/#", "windowLocation": "http://localhost:7001/result"}
{"type": "searchResultGenerated", "timestamp": "2026-02-20T10:49:47.518Z", "sessionID": "171a64e7-bf91-401f-a7b0-56d4798103da", "query": "duck", "docid": "5607", "rank": "2", "page": "1", "url": "http://www.gutenberg.org/files/15170/15170-h/15170-h.htm#mirror", "windowLocation": "http://localhost:7001/result"}
{"type": "searchResultGenerated", "timestamp": "2026-02-20T10:49:47.518Z", "sessionID": "171a64e7-bf91-401f-a7b0-56d4798103da", "query": "duck", "docid": "5292", "rank": "3", "page": "1", "url": "http://www.gutenberg.org/files/40756/40756-h/40756-h.htm#Page_135", "windowLocation": "http://localhost:7001/result"}
{"type": "searchResultGenerated", "timestamp": "2026-02-20T10:49:47.519Z", "sessionID": "171a64e7-bf91-401f-a7b0-56d4798103da", "query": "duck", "docid": "5499", "rank": "4", "page": "1", "url": "http://www.gutenberg.org/files/28130/28130-h/28130-h.htm#Page_57", "windowLocation": "http://localhost:7001/result"}
{"type": "searchResultGenerated", "timestamp": "2026-02-20T10:49:47.519Z", "sessionID": "171a64e7-bf91-401f-a7b0-56d4798103da", "query": "duck", "docid": "5642", "rank": "5", "page": "1", "url": "http://www.gutenberg.org/files/16522/16522-h/16522-h.htm#ELSIES_DUCKS", "windowLocation": "http://localhost:7001/result"}
{"type": "searchResultGenerated", "timestamp": "2026-02-20T10:49:47.519Z", "sessionID": "171a64e7-bf91-401f-a7b0-56d4798103da", "query": "duck", "docid": "4817", "rank": "6", "page": "1", "url": "http://www.gutenberg.org/files/902/902-h/902-h.htm", "windowLocation": "http://localhost:7001/result"}
{"type": "searchResultGenerated", "timestamp": "2026-02-20T10:49:47.521Z", "sessionID": "171a64e7-bf91-401f-a7b0-56d4798103da", "query": "duck", "docid": "4970", "rank": "7", "page": "1", "url": "http://www.gutenberg.org/files/8950/8950-h/8950-h.htm", "windowLocation": "http://localhost:7001/result"}
{"type": "searchResultGenerated", "timestamp": "2026-02-20T10:49:47.521Z", "sessionID": "171a64e7-bf91-401f-a7b0-56d4798103da", "query": "duck", "docid": "6202", "rank": "8", "page": "1", "url": "http://www.gutenberg.org/files/16891/16891-h/16891-h.htm", "windowLocation": "http://localhost:7001/result"}
{"type": "searchResultGenerated", "timestamp": "2026-02-20T10:49:47.522Z", "sessionID": "171a64e7-bf91-401f-a7b0-56d4798103da", "query": "duck", "docid": "5714", "rank": "9", "page": "1", "url": "http://www.gutenberg.org/files/24940/24940-h/24940-h.htm#Page_69", "windowLocation": "http://localhost:7001/result"}
{"type": "searchResultGenerated", "timestamp": "2026-02-20T10:49:47.522Z", "sessionID": "171a64e7-bf91-401f-a7b0-56d4798103da", "query": "duck", "docid": "5589", "rank": "10", "page": "1", "url": "http://www.gutenberg.org/files/28133/28133-h/28133-h.htm#Page_139", "windowLocation": "http://localhost:7001/result"}
{"type": "cursorEnteredSnippet", "timestamp": "2026-02-20T10:49:48.096Z", "sessionID": "171a64e7-bf91-401f-a7b0-56d4798103da", "query": "duck", "docid": "2938", "rank": "1", "page": "1"}
{"type": "cursorLeftSnippet", "timestamp": "2026-02-20T10:49:48.129Z", "sessionID": "171a64e7-bf91-401f-a7b0-56d4798103da", "query": "duck", "docid": "2938", "rank": "1", "page": "1"}
{"type": "cursorEnteredSnippet", "timestamp": "2026-02-20T10:49:48.130Z", "sessionID": "171a64e7-bf91-401f-a7b0-56d4798103da", "query": "duck", "docid": "5607", "rank": "2", "page": "1"}
{"type": "cursorLeftSnippet", "timestamp": "2026-02-20T10:49:48.380Z", "sessionID": "171a64e7-bf91-401f-a7b0-56d4798103da", "query": "duck", "docid": "5607", "rank": "2", "page": "1"}
{"type": "cursorEnteredSnippet", "timestamp": "2026-02-20T10:49:48.563Z", "sessionID": "171a64e7-bf91-401f-a7b0-56d4798103da", "query": "duck", "docid": "5292", "rank": "3", "page": "1"}
{"type": "clickedResult", "timestamp": "2026-02-20T10:49:48.822Z", "sessionID": "171a64e7-bf91-401f-a7b0-56d4798103da", "query": "duck", "rank": "3", "page": "1", "url": "http://www.gutenberg.org/files/40756/40756-h/40756-h.htm#Page_135"}
{"type": "cursorLeftSnippet", "timestamp": "2026-02-20T10:49:49.813Z", "sessionID": "171a64e7-bf91-401f-a7b0-56d4798103da", "query": "duck", "docid": "5292", "rank": "3", "page": "1"}
{"type": "cursorEnteredSnippet", "timestamp": "2026-02-20T10:49:49.879Z", "sessionID": "171a64e7-bf91-401f-a7b0-56d4798103da", "query": "duck", "docid": "5607", "rank": "2", "page": "1"}
{"type": "cursorLeftSnippet", "timestamp": "2026-02-20T10:49:49.946Z", "sessionID": "171a64e7-bf91-401f-a7b0-56d4798103da", "query": "duck", "docid": "5607", "rank": "2", "page": "1"}
{"type": "searchResultGenerated", "timestamp": "2026-02-20T10:49:59.665Z", "sessionID": "171a64e7-bf91-401f-a7b0-56d4798103da", "query": "duck", "docid": "2938", "rank": "1", "page": "1", "url": "https://www.africanstorybook.org/#", "windowLocation": "http://localhost:7001/result"}
{"type": "searchResultGenerated", "timestamp": "2026-02-20T10:49:59.666Z", "sessionID": "171a64e7-bf91-401f-a7b0-56d4798103da", "query": "duck", "docid": "5607", "rank": "2", "page": "1", "url": "http://www.gutenberg.org/files/15170/15170-h/15170-h.htm#mirror", "windowLocation": "http://localhost:7001/result"}
{"type": "searchResultGenerated", "timestamp": "2026-02-20T10:49:59.666Z", "sessionID": "171a64e7-bf91-401f-a7b0-56d4798103da", "query": "duck", "docid": "5292", "rank": "3", "page": "1", "url": "http://www.gutenberg.org/files/40756/40756-h/40756-h.htm#Page_135", "windowLocation": "http://localhost:7001/result"}
{"type": "searchResultGenerated", "timestamp": "2026-02-20T10:49:59.667Z", "sessionID": "171a64e7-bf91-401f-a7b0-56d4798103da", "query": "duck", "docid": "5499", "rank": "4", "page": "1", "url": "http://www.gutenberg.org/files/28130/28130-h/28130-h.htm#Page_57", "windowLocation": "http://localhost:7001/result"}
{"type": "searchResultGenerated", "timestamp": "2026-02-20T10:49:59.668Z", "sessionID": "171a64e7-bf91-401f-a7b0-56d4798103da", "query": "duck", "docid": "5642", "rank": "5", "page": "1", "url": "http://www.gutenberg.org/files/16522/16522-h/16522-h.htm#ELSIES_DUCKS", "windowLocation": "http://localhost:7001/result"}
{"type": "searchResultGenerated", "timestamp": "2026-02-20T10:49:59.668Z", "sessionID": "171a64e7-bf91-401f-a7b0-56d4798103da", "query": "duck", "docid": "4817", "rank": "6", "page": "1", "url": "http://www.gutenberg.org/files/902/902-h/902-h.htm", "windowLocation": "http://localhost:7001/result"}
{"type": "searchResultGenerated", "timestamp": "2026-02-20T10:49:59.669Z", "sessionID": "171a64e7-bf91-401f-a7b0-56d4798103da", "query": "duck", "docid": "4970", "rank": "7", "page": "1", "url": "http://www.gutenberg.org/files/8950/8950-h/8950-h.htm", "windowLocation": "http://localhost:7001/result"}
{"type": "searchResultGenerated", "timestamp": "2026-02-20T10:49:59.669Z", "sessionID": "171a64e7-bf91-401f-a7b0-56d4798103da", "query": "duck", "docid": "6202", "rank": "8", "page": "1", "url": "http://www.gutenberg.org/files/16891/16891-h/16891-h.htm", "windowLocation": "http://localhost:7001/result"}
{"type": "searchResultGenerated", "timestamp": "2026-02-20T10:49:59.670Z", "sessionID": "171a64e7-bf91-401f-a7b0-56d4798103da", "query": "duck", "docid": "5714", "rank": "9", "page": "1", "url": "http://www.gutenberg.org/files/24940/24940-h/24940-h.htm#Page_69", "windowLocation": "http://localhost:7001/result"}
{"type": "searchResultGenerated", "timestamp": "2026-02-20T10:49:59.671Z", "sessionID": "171a64e7-bf91-401f-a7b0-56d4798103da", "query": "duck", "docid": "5589", "rank": "10", "page": "1", "url": "http://www.gutenberg.org/files/28133/28133-h/28133-h.htm#Page_139", "windowLocation": "http://localhost:7001/result"}
{"type": "cursorLeftSnippet", "timestamp": "2026-02-20T10:50:00.462Z", "sessionID": "171a64e7-bf91-401f-a7b0-56d4798103da", "query": "duck", "docid": "5292", "rank": "3", "page": "1"}
{"type": "cursorEnteredSnippet", "timestamp": "2026-02-20T10:50:00.462Z", "sessionID": "171a64e7-bf91-401f-a7b0-56d4798103da", "query": "duck", "docid": "4817", "rank": "6", "page": "1"}
{"type": "cursorLeftSnippet", "timestamp": "2026-02-20T10:50:00.679Z", "sessionID": "171a64e7-bf91-401f-a7b0-56d4798103da", "query": "duck", "docid": "4817", "rank": "6", "page": "1"}
{"type": "cursorEnteredSnippet", "timestamp": "2026-02-20T10:50:00.679Z", "sessionID": "171a64e7-bf91-401f-a7b0-56d4798103da", "query": "duck", "docid": "6202", "rank": "8", "page": "1"}
{"type": "cursorLeftSnippet", "timestamp": "2026-02-20T10:50:01.062Z", "sessionID": "171a64e7-bf91-401f-a7b0-56d4798103da", "query": "duck", "docid": "6202", "rank": "8", "page": "1"}
{"type": "cursorEnteredSnippet", "timestamp": "2026-02-20T10:50:01.079Z", "sessionID": "171a64e7-bf91-401f-a7b0-56d4798103da", "query": "duck", "docid": "5714", "rank": "9", "page": "1"}
{"type": "clickedResult", "timestamp": "2026-02-20T10:50:01.372Z", "sessionID": "171a64e7-bf91-401f-a7b0-56d4798103da", "query": "duck", "rank": "9", "page": "1", "url": "http://www.gutenberg.org/files/24940/24940-h/24940-h.htm#Page_69"}
{"type": "cursorLeftSnippet", "timestamp": "2026-02-20T10:50:01.652Z", "sessionID": "171a64e7-bf91-401f-a7b0-56d4798103da", "query": "duck", "docid": "5714", "rank": "9", "page": "1"}
{"type": "searchResultGenerated", "timestamp": "2026-02-20T10:50:03.933Z", "sessionID": "171a64e7-bf91-401f-a7b0-56d4798103da", "query": "duck", "docid": "2938", "rank": "1", "page": "1", "url": "https://www.africanstorybook.org/#", "windowLocation": "http://localhost:7001/result"}
{"type": "searchResultGenerated", "timestamp": "2026-02-20T10:50:03.933Z", "sessionID": "171a64e7-bf91-401f-a7b0-56d4798103da", "query": "duck", "docid": "5607", "rank": "2", "page": "1", "url": "http://www.gutenberg.org/files/15170/15170-h/15170-h.htm#mirror", "windowLocation": "http://localhost:7001/result"}
{"type": "searchResultGenerated", "timestamp": "2026-02-20T10:50:03.934Z", "sessionID": "171a64e7-bf91-401f-a7b0-56d4798103da", "query": "duck", "docid": "5292", "rank": "3", "page": "1", "url": "http://www.gutenberg.org/files/40756/40756-h/40756-h.htm#Page_135", "windowLocation": "http://localhost:7001/result"}
{"type": "searchResultGenerated", "timestamp": "2026-02-20T10:50:03.934Z", "sessionID": "171a64e7-bf91-401f-a7b0-56d4798103da", "query": "duck", "docid": "5499", "rank": "4", "page": "1", "url": "http://www.gutenberg.org/files/28130/28130-h/28130-h.htm#Page_57", "windowLocation": "http://localhost:7001/result"}
{"type": "searchResultGenerated", "timestamp": "2026-02-20T10:50:03.935Z", "sessionID": "171a64e7-bf91-401f-a7b0-56d4798103da", "query": "duck", "docid": "5642", "rank": "5", "page": "1", "url": "http://www.gutenberg.org/files/16522/16522-h/16522-h.htm#ELSIES_DUCKS", "windowLocation": "http://localhost:7001/result"}
{"type": "searchResultGenerated", "timestamp": "2026-02-20T10:50:03.936Z", "sessionID": "171a64e7-bf91-401f-a7b0-56d4798103da", "query": "duck", "docid": "4817", "rank": "6", "page": "1", "url": "http://www.gutenberg.org/files/902/902-h/902-h.htm", "windowLocation": "http://localhost:7001/result"}
{"type": "searchResultGenerated", "timestamp": "2026-02-20T10:50:03.937Z", "sessionID": "171a64e7-bf91-401f-a7b0-56d4798103da", "query": "duck", "docid": "4970", "rank": "7", "page": "1", "url": "http://www.gutenberg.org/files/8950/8950-h/8950-h.htm", "windowLocation": "http://localhost:7001/result"}
{"type": "searchResultGenerated", "timestamp": "2026-02-20T10:50:03.937Z", "sessionID": "171a64e7-bf91-401f-a7b0-56d4798103da", "query": "duck", "docid": "6202", "rank": "8", "page": "1", "url": "http://www.gutenberg.org/files/16891/16891-h/16891-h.htm", "windowLocation": "http://localhost:7001/result"}
{"type": "searchResultGenerated", "timestamp": "2026-02-20T10:50:03.937Z", "sessionID": "171a64e7-bf91-401f-a7b0-56d4798103da", "query": "duck", "docid": "5714", "rank": "9", "page": "1", "url": "http://www.gutenberg.org/files/24940/24940-h/24940-h.htm#Page_69", "windowLocation": "http://localhost:7001/result"}
{"type": "searchResultGenerated", "timestamp": "2026-02-20T10:50:03.938Z", "sessionID": "171a64e7-bf91-401f-a7b0-56d4798103da", "query": "duck", "docid": "5589", "rank": "10", "page": "1", "url": "http://www.gutenberg.org/files/28133/28133-h/28133-h.htm#Page_139", "windowLocation": "http://localhost:7001/result"}
{"type": "cursorEnteredSnippet", "timestamp": "2026-02-20T10:50:03.947Z", "sessionID": "171a64e7-bf91-401f-a7b0-56d4798103da", "query": "duck", "docid": "4817", "rank": "6", "page": "1"}
{"type": "cursorLeftSnippet", "timestamp": "2026-02-20T10:50:03.982Z", "sessionID": "171a64e7-bf91-401f-a7b0-56d4798103da", "query": "duck", "docid": "4817", "rank": "6", "page": "1"}
{"type": "cursorEnteredSnippet", "timestamp": "2026-02-20T10:50:03.983Z", "sessionID": "171a64e7-bf91-401f-a7b0-56d4798103da", "query": "duck", "docid": "4970", "rank": "7", "page": "1"}
{"type": "cursorLeftSnippet", "timestamp": "2026-02-20T10:50:04.427Z", "sessionID": "171a64e7-bf91-401f-a7b0-56d4798103da", "query": "duck", "docid": "4970", "rank": "7", "page": "1"}
{"type": "cursorEnteredSnippet", "timestamp": "2026-02-20T10:50:04.427Z", "sessionID": "171a64e7-bf91-401f-a7b0-56d4798103da", "query": "duck", "docid": "6202", "rank": "8", "page": "1"}
{"type": "cursorLeftSnippet", "timestamp": "2026-02-20T10:50:04.762Z", "sessionID": "171a64e7-bf91-401f-a7b0-56d4798103da", "query": "duck", "docid": "6202", "rank": "8", "page": "1"}
{"type": "cursorEnteredSnippet", "timestamp": "2026-02-20T10:50:04.762Z", "sessionID": "171a64e7-bf91-401f-a7b0-56d4798103da", "query": "duck", "docid": "5714", "rank": "9", "page": "1"}
{"type": "cursorLeftSnippet", "timestamp": "2026-02-20T10:50:05.046Z", "sessionID": "171a64e7-bf91-401f-a7b0-56d4798103da", "query": "duck", "docid": "5714", "rank": "9", "page": "1"}
{"type": "cursorEnteredSnippet", "timestamp": "2026-02-20T10:50:05.046Z", "sessionID": "171a64e7-bf91-401f-a7b0-56d4798103da", "query": "duck", "docid": "5589", "rank": "10", "page": "1"}
{"type": "cursorLeftSnippet", "timestamp": "2026-02-20T10:50:05.095Z", "sessionID": "171a64e7-bf91-401f-a7b0-56d4798103da", "query": "duck", "docid": "5589", "rank": "10", "page": "1"}
{"type": "pageNavigationClicked", "timestamp": "2026-02-20T10:50:05.729Z", "sessionID": "171a64e7-bf91-401f-a7b0-56d4798103da", "clicked": "4", "fromPage": 1, "toPage": 4}
{"type": "searchResultGenerated", "timestamp": "2026-02-20T10:50:06.055Z", "sessionID": "171a64e7-bf91-401f-a7b0-56d4798103da", "query": "duck", "docid": "7041", "rank": "1", "page": "4", "url": "http://www.gutenberg.org/files/25359/25359-h/25359-h.htm#Page_304", "windowLocation": "http://localhost:7001/result?query=duck&page=4"}
{"type": "searchResultGenerated", "timestamp": "2026-02-20T10:50:06.055Z", "sessionID": "171a64e7-bf91-401f-a7b0-56d4798103da", "query": "duck", "docid": "3213", "rank": "2", "page": "4", "url": "https://freekidsbooks.org/wp-content/uploads/2020/06/the-dance-of-the-flamingo-Pratham-FKB.pdf", "windowLocation": "http://localhost:7001/result?query=duck&page=4"}
{"type": "cursorEnteredSnippet", "timestamp": "2026-02-20T10:50:06.662Z", "sessionID": "171a64e7-bf91-401f-a7b0-56d4798103da", "query": "duck", "docid": "3213", "rank": "2", "page": "4"}
{"type": "clickedResult", "timestamp": "2026-02-20T10:50:07.355Z", "sessionID": "171a64e7-bf91-401f-a7b0-56d4798103da", "query": "duck", "rank": "2", "page": "4", "url": "https://freekidsbooks.org/wp-content/uploads/2020/06/the-dance-of-the-flamingo-Pratham-FKB.pdf"}
{"type": "cursorLeftSnippet", "timestamp": "2026-02-20T10:50:08.562Z", "sessionID": "171a64e7-bf91-401f-a7b0-56d4798103da", "query": "duck", "docid": "3213", "rank": "2", "page": "4"}
{"type": "cursorEnteredSnippet", "timestamp": "2026-02-20T10:50:08.562Z", "sessionID": "171a64e7-bf91-401f-a7b0-56d4798103da", "query": "duck", "docid": "7041", "rank": "1", "page": "4"}
{"type": "cursorLeftSnippet", "timestamp": "2026-02-20T10:50:09.378Z", "sessionID": "171a64e7-bf91-401f-a7b0-56d4798103da", "query": "duck", "docid": "7041", "rank": "1", "page": "4"}
{"type": "cursorEnteredSnippet", "timestamp": "2026-02-20T10:50:15.178Z", "sessionID": "171a64e7-bf91-401f-a7b0-56d4798103da", "query": "duck", "docid": "7041", "rank": "1", "page": "4"}
{"type": "cursorLeftSnippet", "timestamp": "2026-02-20T10:50:15.228Z", "sessionID": "171a64e7-bf91-401f-a7b0-56d4798103da", "query": "duck", "docid": "7041", "rank": "1", "page": "4"}
{"type": "cursorEnteredSnippet", "timestamp": "2026-02-20T10:50:15.228Z", "sessionID": "171a64e7-bf91-401f-a7b0-56d4798103da", "query": "duck", "docid": "3213", "rank": "2", "page": "4"}
{"type": "cursorLeftSnippet", "timestamp": "2026-02-20T10:50:16.411Z", "sessionID": "171a64e7-bf91-401f-a7b0-56d4798103da", "query": "duck", "docid": "3213", "rank": "2", "page": "4"}
{"type": "ClickedEndTask", "timestamp": "2026-02-20T10:50:17.051Z", "sessionID": "171a64e7-bf91-401f-a7b0-56d4798103da"}
{"type": "TaskEndConfirmed", "timestamp": "2026-02-20T10:50:18.007Z", "sessionID": "171a64e7-bf91-401f-a7b0-56d4798103da"}
