{"type": "TaskStarted", "timestamp": "2026-02-19T10:35:37.985Z", "sessionID": "c29e6f3b-6f8d-4d4b-8e81-140086d4cdb3"}
{"type": "idSubmitted", "timestamp": "2026-02-19T10:35:37.987Z", "sessionID": "c29e6f3b-6f8d-4d4b-8e81-140086d4cdb3", "uid": "Participant9"}
{"type": "queryBoxFocused", "timestamp": "2026-02-19T10:35:39.387Z", "sessionID": "c29e6f3b-6f8d-4d4b-8e81-140086d4cdb3"}
{"type": "querySubmitted", "timestamp": "2026-02-19T10:35:40.999Z", "sessionID": "c29e6f3b-6f8d-4d4b-8e81-140086d4cdb3", "query": "boats"}
{"type": "searchResultGenerated", "timestamp": "2026-02-19T10:35:42.343Z", "sessionID": "c29e6f3b-6f8d-4d4b-8e81-140086d4cdb3", "query": "boats", "docid": "7248", "rank": "1", "page": "1", "url": "http://www.gutenberg.org/files/8504/8504-h/8504-h.htm#5", "windowLocation": "http://localhost:7001/result"}
{"type": "searchResultGenerated", "timestamp": "2026-02-19T10:35:42.343Z", "sessionID": "c29e6f3b-6f8d-4d4b-8e81-140086d4cdb3", "query": "boats", "docid": "1102", "rank": "2", "page": "1", "url": "http://www.gutenberg.org/files/22168/22168-h/22168-h.htm#h2H_4_0007", "windowLocation": "http://localhost:7001/result"}
{"type": "searchResultGenerated", "timestamp": "2026-02-19T10:35:42.343Z", "sessionID": "c29e6f3b-6f8d-4d4b-8e81-140086d4cdb3", "query": "boats", "docid": "5775", "rank": "3", "page": "1", "url": "http://www.gutenberg.org/files/24477/24477-h/24477-h.htm#Page_110", "windowLocation": "http://localhost:7001/result"}
{"type": "searchResultGenerated", "timestamp": "2026-02-19T10:35:42.344Z", "sessionID": "c29e6f3b-6f8d-4d4b-8e81-140086d4cdb3", "query": "boats", "docid": "5855", "rank": "4", "page": "1", "url": "http://www.online-literature.com/wilkie-collins/rambles-beyond-railways/0/", "windowLocation": "http://localhost:7001/result"}
{"type": "searchResultGenerated", "timestamp": "2026-02-19T10:35:42.344Z", "sessionID": "c29e6f3b-6f8d-4d4b-8e81-140086d4cdb3", "query": "boats", "docid": "3758", "rank": "5", "page": "1", "url": "http://www.gutenberg.org/files/38750/38750-h/38750-h.htm#Page_290", "windowLocation": "http://localhost:7001/result"}
{"type": "searchResultGenerated", "timestamp": "2026-02-19T10:35:42.344Z", "sessionID": "c29e6f3b-6f8d-4d4b-8e81-140086d4cdb3", "query": "boats", "docid": "5524", "rank": "6", "page": "1", "url": "http://www.gutenberg.org/files/28130/28130-h/28130-h.htm#Page_47", "windowLocation": "http://localhost:7001/result"}
{"type": "searchResultGenerated", "timestamp": "2026-02-19T10:35:42.344Z", "sessionID": "c29e6f3b-6f8d-4d4b-8e81-140086d4cdb3", "query": "boats", "docid": "3809", "rank": "7", "page": "1", "url": "http://www.gutenberg.org/files/2591/2591-h/2591-h.htm", "windowLocation": "http://localhost:7001/result"}
{"type": "searchResultGenerated", "timestamp": "2026-02-19T10:35:42.344Z", "sessionID": "c29e6f3b-6f8d-4d4b-8e81-140086d4cdb3", "query": "boats", "docid": "6588", "rank": "8", "page": "1", "url": "http://www.gutenberg.org/files/13577/13577-h/13577-h.htm", "windowLocation": "http://localhost:7001/result"}
{"type": "searchResultGenerated", "timestamp": "2026-02-19T10:35:42.344Z", "sessionID": "c29e6f3b-6f8d-4d4b-8e81-140086d4cdb3", "query": "boats", "docid": "7051", "rank": "9", "page": "1", "url": "http://www.gutenberg.org/files/20117/20117-h/20117-h.htm#A_COAT_OF_PAINT", "windowLocation": "http://localhost:7001/result"}
{"type": "searchResultGenerated", "timestamp": "2026-02-19T10:35:42.345Z", "sessionID": "c29e6f3b-6f8d-4d4b-8e81-140086d4cdb3", "query": "boats", "docid": "1201", "rank": "10", "page": "1", "url": "http://www.gutenberg.org/files/21137/21137-h/21137-h.htm", "windowLocation": "http://localhost:7001/result"}
{"type": "cursorEnteredSnippet", "timestamp": "2026-02-19T10:35:43.143Z", "sessionID": "c29e6f3b-6f8d-4d4b-8e81-140086d4cdb3", "query": "boats", "docid": "7248", "rank": "1", "page": "1"}
{"type": "clickedResult", "timestamp": "2026-02-19T10:35:45.837Z", "sessionID": "c29e6f3b-6f8d-4d4b-8e81-140086d4cdb3", "query": "boats", "rank": "1", "page": "1", "url": "http://www.gutenberg.org/files/8504/8504-h/8504-h.htm#5"}
{"type": "cursorLeftSnippet", "timestamp": "2026-02-19T10:35:46.326Z", "sessionID": "c29e6f3b-6f8d-4d4b-8e81-140086d4cdb3", "query": "boats", "docid": "7248", "rank": "1", "page": "1"}
{"type": "searchResultGenerated", "timestamp": "2026-02-19T10:35:49.054Z", "sessionID": "c29e6f3b-6f8d-4d4b-8e81-140086d4cdb3", "query": "boats", "docid": "7248", "rank": "1", "page": "1", "url": "http://www.gutenberg.org/files/8504/8504-h/8504-h.htm#5", "windowLocation": "http://localhost:7001/result"}
{"type": "searchResultGenerated", "timestamp": "2026-02-19T10:35:49.054Z", "sessionID": "c29e6f3b-6f8d-4d4b-8e81-140086d4cdb3", "query": "boats", "docid": "1102", "rank": "2", "page": "1", "url": "http://www.gutenberg.org/files/22168/22168-h/22168-h.htm#h2H_4_0007", "windowLocation": "http://localhost:7001/result"}
{"type": "searchResultGenerated", "timestamp": "2026-02-19T10:35:49.054Z", "sessionID": "c29e6f3b-6f8d-4d4b-8e81-140086d4cdb3", "query": "boats", "docid": "5775", "rank": "3", "page": "1", "url": "http://www.gutenberg.org/files/24477/24477-h/24477-h.htm#Page_110", "windowLocation": "http://localhost:7001/result"}
{"type": "searchResultGenerated", "timestamp": "2026-02-19T10:35:49.054Z", "sessionID": "c29e6f3b-6f8d-4d4b-8e81-140086d4cdb3", "query": "boats", "docid": "5855", "rank": "4", "page": "1", "url": "http://www.online-literature.com/wilkie-collins/rambles-beyond-railways/0/", "windowLocation": "http://localhost:7001/result"}
{"type": "searchResultGenerated", "timestamp": "2026-02-19T10:35:49.055Z", "sessionID": "c29e6f3b-6f8d-4d4b-8e81-140086d4cdb3", "query": "boats", "docid": "3758", "rank": "5", "page": "1", "url": "http://www.gutenberg.org/files/38750/38750-h/38750-h.htm#Page_290", "windowLocation": "http://localhost:7001/result"}
{"type": "searchResultGenerated", "timestamp": "2026-02-19T10:35:49.055Z", "sessionID": "c29e6f3b-6f8d-4d4b-8e81-140086d4cdb3", "query": "boats", "docid": "5524", "rank": "6", "page": "1", "url": "http://www.gutenberg.org/files/28130/28130-h/28130-h.htm#Page_47", "windowLocation": "http://localhost:7001/result"}
{"type": "searchResultGenerated", "timestamp": "2026-02-19T10:35:49.055Z", "sessionID": "c29e6f3b-6f8d-4d4b-8e81-140086d4cdb3", "query": "boats", "docid": "3809", "rank": "7", "page": "1", "url": "http://www.gutenberg.org/files/2591/2591-h/2591-h.htm", "windowLocation": "http://localhost:7001/result"}
{"type": "searchResultGenerated", "timestamp": "2026-02-19T10:35:49.055Z", "sessionID": "c29e6f3b-6f8d-4d4b-8e81-140086d4cdb3", "query": "boats", "docid": "6588", "rank": "8", "page": "1", "url": "http://www.gutenberg.org/files/13577/13577-h/13577-h.htm", "windowLocation": "http://localhost:7001/result"}
{"type": "searchResultGenerated", "timestamp": "2026-02-19T10:35:49.055Z", "sessionID": "c29e6f3b-6f8d-4d4b-8e81-140086d4cdb3", "query": "boats", "docid": "7051", "rank": "9", "page": "1", "url": "http://www.gutenberg.org/files/20117/20117-h/20117-h.htm#A_COAT_OF_PAINT", "windowLocation": "http://localhost:7001/result"}
{"type": "searchResultGenerated", "timestamp": "2026-02-19T10:35:49.055Z", "sessionID": "c29e6f3b-6f8d-4d4b-8e81-140086d4cdb3", "query": "boats", "docid": "1201", "rank": "10", "page": "1", "url": "http://www.gutenberg.org/files/21137/21137-h/21137-h.htm", "windowLocation": "http://localhost:7001/result"}
{"type": "cursorEnteredSnippet", "timestamp": "2026-02-19T10:35:49.642Z", "sessionID": "c29e6f3b-6f8d-4d4b-8e81-140086d4cdb3", "query": "boats", "docid": "1102", "rank": "2", "page": "1"}
{"type": "cursorLeftSnippet", "timestamp": "2026-02-19T10:35:51.075Z", "sessionID": "c29e6f3b-6f8d-4d4b-8e81-140086d4cdb3", "query": "boats", "docid": "1102", "rank": "2", "page": "1"}
{"type": "cursorEnteredSnippet", "timestamp": "2026-02-19T10:35:51.076Z", "sessionID": "c29e6f3b-6f8d-4d4b-8e81-140086d4cdb3", "query": "boats", "docid": "6588", "rank": "8", "page": "1"}
{"type": "cursorLeftSnippet", "timestamp": "2026-02-19T10:35:51.175Z", "sessionID": "c29e6f3b-6f8d-4d4b-8e81-140086d4cdb3", "query": "boats", "docid": "6588", "rank": "8", "page": "1"}
{"type": "cursorEnteredSnippet", "timestamp": "2026-02-19T10:35:51.192Z", "sessionID": "c29e6f3b-6f8d-4d4b-8e81-140086d4cdb3", "query": "boats", "docid": "7051", "rank": "9", "page": "1"}
{"type": "clickedResult", "timestamp": "2026-02-19T10:35:51.773Z", "sessionID": "c29e6f3b-6f8d-4d4b-8e81-140086d4cdb3", "query": "boats", "rank": "9", "page": "1", "url": "http://www.gutenberg.org/files/20117/20117-h/20117-h.htm#A_COAT_OF_PAINT"}
{"type": "cursorLeftSnippet", "timestamp": "2026-02-19T10:35:52.074Z", "sessionID": "c29e6f3b-6f8d-4d4b-8e81-140086d4cdb3", "query": "boats", "docid": "7051", "rank": "9", "page": "1"}
{"type": "searchResultGenerated", "timestamp": "2026-02-19T10:35:55.832Z", "sessionID": "c29e6f3b-6f8d-4d4b-8e81-140086d4cdb3", "query": "boats", "docid": "7248", "rank": "1", "page": "1", "url": "http://www.gutenberg.org/files/8504/8504-h/8504-h.htm#5", "windowLocation": "http://localhost:7001/result"}
{"type": "searchResultGenerated", "timestamp": "2026-02-19T10:35:55.832Z", "sessionID": "c29e6f3b-6f8d-4d4b-8e81-140086d4cdb3", "query": "boats", "docid": "1102", "rank": "2", "page": "1", "url": "http://www.gutenberg.org/files/22168/22168-h/22168-h.htm#h2H_4_0007", "windowLocation": "http://localhost:7001/result"}
{"type": "searchResultGenerated", "timestamp": "2026-02-19T10:35:55.832Z", "sessionID": "c29e6f3b-6f8d-4d4b-8e81-140086d4cdb3", "query": "boats", "docid": "5775", "rank": "3", "page": "1", "url": "http://www.gutenberg.org/files/24477/24477-h/24477-h.htm#Page_110", "windowLocation": "http://localhost:7001/result"}
{"type": "searchResultGenerated", "timestamp": "2026-02-19T10:35:55.833Z", "sessionID": "c29e6f3b-6f8d-4d4b-8e81-140086d4cdb3", "query": "boats", "docid": "5855", "rank": "4", "page": "1", "url": "http://www.online-literature.com/wilkie-collins/rambles-beyond-railways/0/", "windowLocation": "http://localhost:7001/result"}
{"type": "searchResultGenerated", "timestamp": "2026-02-19T10:35:55.833Z", "sessionID": "c29e6f3b-6f8d-4d4b-8e81-140086d4cdb3", "query": "boats", "docid": "3758", "rank": "5", "page": "1", "url": "http://www.gutenberg.org/files/38750/38750-h/38750-h.htm#Page_290", "windowLocation": "http://localhost:7001/result"}
{"type": "searchResultGenerated", "timestamp": "2026-02-19T10:35:55.833Z", "sessionID": "c29e6f3b-6f8d-4d4b-8e81-140086d4cdb3", "query": "boats", "docid": "5524", "rank": "6", "page": "1", "url": "http://www.gutenberg.org/files/28130/28130-h/28130-h.htm#Page_47", "windowLocation": "http://localhost:7001/result"}
{"type": "searchResultGenerated", "timestamp": "2026-02-19T10:35:55.833Z", "sessionID": "c29e6f3b-6f8d-4d4b-8e81-140086d4cdb3", "query": "boats", "docid": "3809", "rank": "7", "page": "1", "url": "http://www.gutenberg.org/files/2591/2591-h/2591-h.htm", "windowLocation": "http://localhost:7001/result"}
{"type": "searchResultGenerated", "timestamp": "2026-02-19T10:35:55.833Z", "sessionID": "c29e6f3b-6f8d-4d4b-8e81-140086d4cdb3", "query": "boats", "docid": "6588", "rank": "8", "page": "1", "url": "http://www.gutenberg.org/files/13577/13577-h/13577-h.htm", "windowLocation": "http://localhost:7001/result"}
{"type": "searchResultGenerated", "timestamp": "2026-02-19T10:35:55.833Z", "sessionID": "c29e6f3b-6f8d-4d4b-8e81-140086d4cdb3", "query": "boats", "docid": "7051", "rank": "9", "page": "1", "url": "http://www.gutenberg.org/files/20117/20117-h/20117-h.htm#A_COAT_OF_PAINT", "windowLocation": "http://localhost:7001/result"}
{"type": "searchResultGenerated", "timestamp": "2026-02-19T10:35:55.834Z", "sessionID": "c29e6f3b-6f8d-4d4b-8e81-140086d4cdb3", "query": "boats", "docid": "1201", "rank": "10", "page": "1", "url": "http://www.gutenberg.org/files/21137/21137-h/21137-h.htm", "windowLocation": "http://localhost:7001/result"}
{"type": "cursorEnteredSnippet", "timestamp": "2026-02-19T10:35:56.008Z", "sessionID": "c29e6f3b-6f8d-4d4b-8e81-140086d4cdb3", "query": "boats", "docid": "6588", "rank": "8", "page": "1"}
{"type": "cursorLeftSnippet", "timestamp": "2026-02-19T10:35:56.255Z", "sessionID": "c29e6f3b-6f8d-4d4b-8e81-140086d4cdb3", "query": "boats", "docid": "6588", "rank": "8", "page": "1"}
{"type": "cursorEnteredSnippet", "timestamp": "2026-02-19T10:35:56.726Z", "sessionID": "c29e6f3b-6f8d-4d4b-8e81-140086d4cdb3", "query": "boats", "docid": "7051", "rank": "9", "page": "1"}
{"type": "cursorLeftSnippet", "timestamp": "2026-02-19T10:35:56.792Z", "sessionID": "c29e6f3b-6f8d-4d4b-8e81-140086d4cdb3", "query": "boats", "docid": "7051", "rank": "9", "page": "1"}
{"type": "cursorEnteredSnippet", "timestamp": "2026-02-19T10:35:56.793Z", "sessionID": "c29e6f3b-6f8d-4d4b-8e81-140086d4cdb3", "query": "boats", "docid": "1201", "rank": "10", "page": "1"}
{"type": "cursorLeftSnippet", "timestamp": "2026-02-19T10:35:56.827Z", "sessionID": "c29e6f3b-6f8d-4d4b-8e81-140086d4cdb3", "query": "boats", "docid": "1201", "rank": "10", "page": "1"}
{"type": "pageNavigationClicked", "timestamp": "2026-02-19T10:35:58.144Z", "sessionID": "c29e6f3b-6f8d-4d4b-8e81-140086d4cdb3", "clicked": "7", "fromPage": 1, "toPage": 7}
{"type": "searchResultGenerated", "timestamp": "2026-02-19T10:35:58.550Z", "sessionID": "c29e6f3b-6f8d-4d4b-8e81-140086d4cdb3", "query": "boats", "docid": "1525", "rank": "1", "page": "7", "url": "http://www.gutenberg.org/files/24532/24532-h/24532-h.htm#RINGROSE_AND_HIS_BUCCANEERS", "windowLocation": "http://localhost:7001/result?query=boats&page=7"}
{"type": "searchResultGenerated", "timestamp": "2026-02-19T10:35:58.550Z", "sessionID": "c29e6f3b-6f8d-4d4b-8e81-140086d4cdb3", "query": "boats", "docid": "5705", "rank": "2", "page": "7", "url": "http://www.gutenberg.org/files/24941/24941-h/24941-h.htm#Page_116", "windowLocation": "http://localhost:7001/result?query=boats&page=7"}
{"type": "searchResultGenerated", "timestamp": "2026-02-19T10:35:58.550Z", "sessionID": "c29e6f3b-6f8d-4d4b-8e81-140086d4cdb3", "query": "boats", "docid": "4842", "rank": "3", "page": "7", "url": "http://www.gutenberg.org/files/22795/22795-h/22795-h.htm#Page_75", "windowLocation": "http://localhost:7001/result?query=boats&page=7"}
{"type": "searchResultGenerated", "timestamp": "2026-02-19T10:35:58.551Z", "sessionID": "c29e6f3b-6f8d-4d4b-8e81-140086d4cdb3", "query": "boats", "docid": "7385", "rank": "4", "page": "7", "url": "http://www.gutenberg.org/files/18880/18880-h/18880-h.htm#Raid_on_Scarborough_Seen_from_a_Window", "windowLocation": "http://localhost:7001/result?query=boats&page=7"}
{"type": "searchResultGenerated", "timestamp": "2026-02-19T10:35:58.551Z", "sessionID": "c29e6f3b-6f8d-4d4b-8e81-140086d4cdb3", "query": "boats", "docid": "3823", "rank": "5", "page": "7", "url": "http://www.gutenberg.org/cache/epub/6328/pg6328-images.html", "windowLocation": "http://localhost:7001/result?query=boats&page=7"}
{"type": "searchResultGenerated", "timestamp": "2026-02-19T10:35:58.551Z", "sessionID": "c29e6f3b-6f8d-4d4b-8e81-140086d4cdb3", "query": "boats", "docid": "5642", "rank": "6", "page": "7", "url": "http://www.gutenberg.org/files/16522/16522-h/16522-h.htm#ELSIES_DUCKS", "windowLocation": "http://localhost:7001/result?query=boats&page=7"}
{"type": "searchResultGenerated", "timestamp": "2026-02-19T10:35:58.551Z", "sessionID": "c29e6f3b-6f8d-4d4b-8e81-140086d4cdb3", "query": "boats", "docid": "6028", "rank": "7", "page": "7", "url": "http://www.gutenberg.org/files/32/32-h/32-h.htm", "windowLocation": "http://localhost:7001/result?query=boats&page=7"}
{"type": "searchResultGenerated", "timestamp": "2026-02-19T10:35:58.551Z", "sessionID": "c29e6f3b-6f8d-4d4b-8e81-140086d4cdb3", "query": "boats", "docid": "6931", "rank": "8", "page": "7", "url": "http://www.gutenberg.org/files/20748/20748-h/20748-h.htm#sindbad", "windowLocation": "http://localhost:7001/result?query=boats&page=7"}
{"type": "searchResultGenerated", "timestamp": "2026-02-19T10:35:58.551Z", "sessionID": "c29e6f3b-6f8d-4d4b-8e81-140086d4cdb3", "query": "boats", "docid": "4252", "rank": "9", "page": "7", "url": "http://www.online-literature.com/anonymous/diary-nursing-sister/1/", "windowLocation": "http://localhost:7001/result?query=boats&page=7"}
{"type": "searchResultGenerated", "timestamp": "2026-02-19T10:35:58.552Z", "sessionID": "c29e6f3b-6f8d-4d4b-8e81-140086d4cdb3", "query": "boats", "docid": "4440", "rank": "10", "page": "7", "url": "http://www.gutenberg.org/files/204/204-h/204-h.htm", "windowLocation": "http://localhost:7001/result?query=boats&page=7"}
{"type": "cursorLeftSnippet", "timestamp": "2026-02-19T10:35:59.109Z", "sessionID": "c29e6f3b-6f8d-4d4b-8e81-140086d4cdb3", "query": "boats", "docid": "3823", "rank": "5", "page": "7"}
{"type": "cursorEnteredSnippet", "timestamp": "2026-02-19T10:35:59.110Z", "sessionID": "c29e6f3b-6f8d-4d4b-8e81-140086d4cdb3", "query": "boats", "docid": "7385", "rank": "4", "page": "7"}
{"type": "cursorLeftSnippet", "timestamp": "2026-02-19T10:35:59.175Z", "sessionID": "c29e6f3b-6f8d-4d4b-8e81-140086d4cdb3", "query": "boats", "docid": "7385", "rank": "4", "page": "7"}
{"type": "cursorEnteredSnippet", "timestamp": "2026-02-19T10:35:59.176Z", "sessionID": "c29e6f3b-6f8d-4d4b-8e81-140086d4cdb3", "query": "boats", "docid": "4842", "rank": "3", "page": "7"}
{"type": "cursorLeftSnippet", "timestamp": "2026-02-19T10:35:59.275Z", "sessionID": "c29e6f3b-6f8d-4d4b-8e81-140086d4cdb3", "query": "boats", "docid": "4842", "rank": "3", "page": "7"}
{"type": "cursorEnteredSnippet", "timestamp": "2026-02-19T10:35:59.342Z", "sessionID": "c29e6f3b-6f8d-4d4b-8e81-140086d4cdb3", "query": "boats", "docid": "4842", "rank": "3", "page": "7"}
{"type": "clickedResult", "timestamp": "2026-02-19T10:35:59.822Z", "sessionID": "c29e6f3b-6f8d-4d4b-8e81-140086d4cdb3", "query": "boats", "rank": "3", "page": "7", "url": "http://www.gutenberg.org/files/22795/22795-h/22795-h.htm#Page_75"}
{"type": "cursorLeftSnippet", "timestamp": "2026-02-19T10:36:00.091Z", "sessionID": "c29e6f3b-6f8d-4d4b-8e81-140086d4cdb3", "query": "boats", "docid": "4842", "rank": "3", "page": "7"}
{"type": "queryBoxFocused", "timestamp": "2026-02-19T10:36:05.363Z", "sessionID": "c29e6f3b-6f8d-4d4b-8e81-140086d4cdb3"}
{"type": "querySubmitted", "timestamp": "2026-02-19T10:36:07.926Z", "sessionID": "c29e6f3b-6f8d-4d4b-8e81-140086d4cdb3", "query": "paint"}
{"type": "searchResultGenerated", "timestamp": "2026-02-19T10:36:08.429Z", "sessionID": "c29e6f3b-6f8d-4d4b-8e81-140086d4cdb3", "query": "paint", "docid": "2523", "rank": "1", "page": "1", "url": "https://simple.wikipedia.org/wiki/Cave_painting", "windowLocation": "http://localhost:7001/result"}
{"type": "searchResultGenerated", "timestamp": "2026-02-19T10:36:08.430Z", "sessionID": "c29e6f3b-6f8d-4d4b-8e81-140086d4cdb3", "query": "paint", "docid": "7029", "rank": "2", "page": "1", "url": "http://www.gutenberg.org/files/25359/25359-h/25359-h.htm#Page_276", "windowLocation": "http://localhost:7001/result"}
{"type": "searchResultGenerated", "timestamp": "2026-02-19T10:36:08.430Z", "sessionID": "c29e6f3b-6f8d-4d4b-8e81-140086d4cdb3", "query": "paint", "docid": "4457", "rank": "3", "page": "1", "url": "http://www.gutenberg.org/files/1056/1056-h/1056-h.htm", "windowLocation": "http://localhost:7001/result"}
{"type": "searchResultGenerated", "timestamp": "2026-02-19T10:36:08.430Z", "sessionID": "c29e6f3b-6f8d-4d4b-8e81-140086d4cdb3", "query": "paint", "docid": "3721", "rank": "4", "page": "1", "url": "http://www.gutenberg.org/files/8164/8164-h/8164-h.htm", "windowLocation": "http://localhost:7001/result"}
{"type": "searchResultGenerated", "timestamp": "2026-02-19T10:36:08.431Z", "sessionID": "c29e6f3b-6f8d-4d4b-8e81-140086d4cdb3", "query": "paint", "docid": "5000", "rank": "5", "page": "1", "url": "http://www.gutenberg.org/files/8504/8504-h/8504-h.htm#7", "windowLocation": "http://localhost:7001/result"}
{"type": "searchResultGenerated", "timestamp": "2026-02-19T10:36:08.431Z", "sessionID": "c29e6f3b-6f8d-4d4b-8e81-140086d4cdb3", "query": "paint", "docid": "5031", "rank": "6", "page": "1", "url": "http://www.gutenberg.org/files/8742/8742-h/8742-h.htm", "windowLocation": "http://localhost:7001/result"}
{"type": "searchResultGenerated", "timestamp": "2026-02-19T10:36:08.431Z", "sessionID": "c29e6f3b-6f8d-4d4b-8e81-140086d4cdb3", "query": "paint", "docid": "5667", "rank": "7", "page": "1", "url": "http://www.gutenberg.org/files/24475/24475-h/24475-h.htm#Page_57", "windowLocation": "http://localhost:7001/result"}
{"type": "searchResultGenerated", "timestamp": "2026-02-19T10:36:08.432Z", "sessionID": "c29e6f3b-6f8d-4d4b-8e81-140086d4cdb3", "query": "paint", "docid": "2741", "rank": "8", "page": "1", "url": "https://kids.frontiersin.org/article/10.3389/frym.2018.00039", "windowLocation": "http://localhost:7001/result"}
{"type": "searchResultGenerated", "timestamp": "2026-02-19T10:36:08.432Z", "sessionID": "c29e6f3b-6f8d-4d4b-8e81-140086d4cdb3", "query": "paint", "docid": "3221", "rank": "9", "page": "1", "url": "https://www.digitallibrary.io/en/books/details/3809", "windowLocation": "http://localhost:7001/result"}
{"type": "searchResultGenerated", "timestamp": "2026-02-19T10:36:08.432Z", "sessionID": "c29e6f3b-6f8d-4d4b-8e81-140086d4cdb3", "query": "paint", "docid": "2593", "rank": "10", "page": "1", "url": "https://kids.frontiersin.org/article/10.3389/frym.2019.00104", "windowLocation": "http://localhost:7001/result"}
{"type": "cursorEnteredSnippet", "timestamp": "2026-02-19T10:36:09.091Z", "sessionID": "c29e6f3b-6f8d-4d4b-8e81-140086d4cdb3", "query": "paint", "docid": "2523", "rank": "1", "page": "1"}
{"type": "cursorLeftSnippet", "timestamp": "2026-02-19T10:36:09.174Z", "sessionID": "c29e6f3b-6f8d-4d4b-8e81-140086d4cdb3", "query": "paint", "docid": "2523", "rank": "1", "page": "1"}
{"type": "cursorEnteredSnippet", "timestamp": "2026-02-19T10:36:09.175Z", "sessionID": "c29e6f3b-6f8d-4d4b-8e81-140086d4cdb3", "query": "paint", "docid": "7029", "rank": "2", "page": "1"}
{"type": "cursorLeftSnippet", "timestamp": "2026-02-19T10:36:10.374Z", "sessionID": "c29e6f3b-6f8d-4d4b-8e81-140086d4cdb3", "query": "paint", "docid": "7029", "rank": "2", "page": "1"}
{"type": "cursorEnteredSnippet", "timestamp": "2026-02-19T10:36:10.375Z", "sessionID": "c29e6f3b-6f8d-4d4b-8e81-140086d4cdb3", "query": "paint", "docid": "4457", "rank": "3", "page": "1"}
{"type": "cursorLeftSnippet", "timestamp": "2026-02-19T10:36:10.658Z", "sessionID": "c29e6f3b-6f8d-4d4b-8e81-140086d4cdb3", "query": "paint", "docid": "4457", "rank": "3", "page": "1"}
{"type": "cursorEnteredSnippet", "timestamp": "2026-02-19T10:36:10.674Z", "sessionID": "c29e6f3b-6f8d-4d4b-8e81-140086d4cdb3", "query": "paint", "docid": "3721", "rank": "4", "page": "1"}
{"type": "clickedResult", "timestamp": "2026-02-19T10:36:11.264Z", "sessionID": "c29e6f3b-6f8d-4d4b-8e81-140086d4cdb3", "query": "paint", "rank": "4", "page": "1", "url": "http://www.gutenberg.org/files/8164/8164-h/8164-h.htm"}
{"type": "cursorLeftSnippet", "timestamp": "2026-02-19T10:36:11.742Z", "sessionID": "c29e6f3b-6f8d-4d4b-8e81-140086d4cdb3", "query": "paint", "docid": "3721", "rank": "4", "page": "1"}
{"type": "searchResultGenerated", "timestamp": "2026-02-19T10:36:15.045Z", "sessionID": "c29e6f3b-6f8d-4d4b-8e81-140086d4cdb3", "query": "paint", "docid": "2523", "rank": "1", "page": "1", "url": "https://simple.wikipedia.org/wiki/Cave_painting", "windowLocation": "http://localhost:7001/result"}
{"type": "searchResultGenerated", "timestamp": "2026-02-19T10:36:15.046Z", "sessionID": "c29e6f3b-6f8d-4d4b-8e81-140086d4cdb3", "query": "paint", "docid": "7029", "rank": "2", "page": "1", "url": "http://www.gutenberg.org/files/25359/25359-h/25359-h.htm#Page_276", "windowLocation": "http://localhost:7001/result"}
{"type": "searchResultGenerated", "timestamp": "2026-02-19T10:36:15.046Z", "sessionID": "c29e6f3b-6f8d-4d4b-8e81-140086d4cdb3", "query": "paint", "docid": "4457", "rank": "3", "page": "1", "url": "http://www.gutenberg.org/files/1056/1056-h/1056-h.htm", "windowLocation": "http://localhost:7001/result"}
{"type": "searchResultGenerated", "timestamp": "2026-02-19T10:36:15.047Z", "sessionID": "c29e6f3b-6f8d-4d4b-8e81-140086d4cdb3", "query": "paint", "docid": "3721", "rank": "4", "page": "1", "url": "http://www.gutenberg.org/files/8164/8164-h/8164-h.htm", "windowLocation": "http://localhost:7001/result"}
{"type": "searchResultGenerated", "timestamp": "2026-02-19T10:36:15.047Z", "sessionID": "c29e6f3b-6f8d-4d4b-8e81-140086d4cdb3", "query": "paint", "docid": "5000", "rank": "5", "page": "1", "url": "http://www.gutenberg.org/files/8504/8504-h/8504-h.htm#7", "windowLocation": "http://localhost:7001/result"}
{"type": "searchResultGenerated", "timestamp": "2026-02-19T10:36:15.048Z", "sessionID": "c29e6f3b-6f8d-4d4b-8e81-140086d4cdb3", "query": "paint", "docid": "5031", "rank": "6", "page": "1", "url": "http://www.gutenberg.org/files/8742/8742-h/8742-h.htm", "windowLocation": "http://localhost:7001/result"}
{"type": "searchResultGenerated", "timestamp": "2026-02-19T10:36:15.048Z", "sessionID": "c29e6f3b-6f8d-4d4b-8e81-140086d4cdb3", "query": "paint", "docid": "5667", "rank": "7", "page": "1", "url": "http://www.gutenberg.org/files/24475/24475-h/24475-h.htm#Page_57", "windowLocation": "http://localhost:7001/result"}
{"type": "searchResultGenerated", "timestamp": "2026-02-19T10:36:15.048Z", "sessionID": "c29e6f3b-6f8d-4d4b-8e81-140086d4cdb3", "query": "paint", "docid": "2741", "rank": "8", "page": "1", "url": "https://kids.frontiersin.org/article/10.3389/frym.2018.00039", "windowLocation": "http://localhost:7001/result"}
{"type": "searchResultGenerated", "timestamp": "2026-02-19T10:36:15.049Z", "sessionID": "c29e6f3b-6f8d-4d4b-8e81-140086d4cdb3", "query": "paint", "docid": "3221", "rank": "9", "page": "1", "url": "https://www.digitallibrary.io/en/books/details/3809", "windowLocation": "http://localhost:7001/result"}
{"type": "searchResultGenerated", "timestamp": "2026-02-19T10:36:15.049Z", "sessionID": "c29e6f3b-6f8d-4d4b-8e81-140086d4cdb3", "query": "paint", "docid": "2593", "rank": "10", "page": "1", "url": "https://kids.frontiersin.org/article/10.3389/frym.2019.00104", "windowLocation": "http://localhost:7001/result"}
{"type": "cursorEnteredSnippet", "timestamp": "2026-02-19T10:36:15.061Z", "sessionID": "c29e6f3b-6f8d-4d4b-8e81-140086d4cdb3", "query": "paint", "docid": "7029", "rank": "2", "page": "1"}
{"type": "cursorLeftSnippet", "timestamp": "2026-02-19T10:36:15.101Z", "sessionID": "c29e6f3b-6f8d-4d4b-8e81-140086d4cdb3", "query": "paint", "docid": "7029", "rank": "2", "page": "1"}
{"type": "cursorEnteredSnippet", "timestamp": "2026-02-19T10:36:15.102Z", "sessionID": "c29e6f3b-6f8d-4d4b-8e81-140086d4cdb3", "query": "paint", "docid": "4457", "rank": "3", "page": "1"}
{"type": "cursorLeftSnippet", "timestamp": "2026-02-19T10:36:15.608Z", "sessionID": "c29e6f3b-6f8d-4d4b-8e81-140086d4cdb3", "query": "paint", "docid": "4457", "rank": "3", "page": "1"}
{"type": "cursorEnteredSnippet", "timestamp": "2026-02-19T10:36:15.630Z", "sessionID": "c29e6f3b-6f8d-4d4b-8e81-140086d4cdb3", "query": "paint", "docid": "3721", "rank": "4", "page": "1"}
{"type": "cursorLeftSnippet", "timestamp": "2026-02-19T10:36:16.824Z", "sessionID": "c29e6f3b-6f8d-4d4b-8e81-140086d4cdb3", "query": "paint", "docid": "3721", "rank": "4", "page": "1"}
{"type": "cursorEnteredSnippet", "timestamp": "2026-02-19T10:36:16.825Z", "sessionID": "c29e6f3b-6f8d-4d4b-8e81-140086d4cdb3", "query": "paint", "docid": "3221", "rank": "9", "page": "1"}
{"type": "cursorLeftSnippet", "timestamp": "2026-02-19T10:36:16.924Z", "sessionID": "c29e6f3b-6f8d-4d4b-8e81-140086d4cdb3", "query": "paint", "docid": "3221", "rank": "9", "page": "1"}
{"type": "cursorEnteredSnippet", "timestamp": "2026-02-19T10:36:16.940Z", "sessionID": "c29e6f3b-6f8d-4d4b-8e81-140086d4cdb3", "query": "paint", "docid": "2593", "rank": "10", "page": "1"}
{"type": "cursorLeftSnippet", "timestamp": "2026-02-19T10:36:17.057Z", "sessionID": "c29e6f3b-6f8d-4d4b-8e81-140086d4cdb3", "query": "paint", "docid": "2593", "rank": "10", "page": "1"}
{"type": "pageNavigationClicked", "timestamp": "2026-02-19T10:36:17.618Z", "sessionID": "c29e6f3b-6f8d-4d4b-8e81-140086d4cdb3", "clicked": "6", "fromPage": 1, "toPage": 6}
{"type": "searchResultGenerated", "timestamp": "2026-02-19T10:36:17.959Z", "sessionID": "c29e6f3b-6f8d-4d4b-8e81-140086d4cdb3", "query": "paint", "docid": "5368", "rank": "1", "page": "6", "url": "http://www.gutenberg.org/files/8296/8296-h/8296-h.htm", "windowLocation": "http://localhost:7001/result?query=paint&page=6"}
{"type": "searchResultGenerated", "timestamp": "2026-02-19T10:36:17.959Z", "sessionID": "c29e6f3b-6f8d-4d4b-8e81-140086d4cdb3", "query": "paint", "docid": "6874", "rank": "2", "page": "6", "url": "http://www.gutenberg.org/files/557/557-h/557-h.htm#weland", "windowLocation": "http://localhost:7001/result?query=paint&page=6"}
{"type": "searchResultGenerated", "timestamp": "2026-02-19T10:36:17.960Z", "sessionID": "c29e6f3b-6f8d-4d4b-8e81-140086d4cdb3", "query": "paint", "docid": "2983", "rank": "3", "page": "6", "url": "https://www.africanstorybook.org/", "windowLocation": "http://localhost:7001/result?query=paint&page=6"}
{"type": "searchResultGenerated", "timestamp": "2026-02-19T10:36:17.960Z", "sessionID": "c29e6f3b-6f8d-4d4b-8e81-140086d4cdb3", "query": "paint", "docid": "3728", "rank": "4", "page": "6", "url": "http://www.gutenberg.org/files/222/222-h/222-h.htm", "windowLocation": "http://localhost:7001/result?query=paint&page=6"}
{"type": "searchResultGenerated", "timestamp": "2026-02-19T10:36:17.961Z", "sessionID": "c29e6f3b-6f8d-4d4b-8e81-140086d4cdb3", "query": "paint", "docid": "6939", "rank": "5", "page": "6", "url": "http://www.gutenberg.org/files/15145/15145-h/15145-h.htm#page48", "windowLocation": "http://localhost:7001/result?query=paint&page=6"}
{"type": "searchResultGenerated", "timestamp": "2026-02-19T10:36:17.961Z", "sessionID": "c29e6f3b-6f8d-4d4b-8e81-140086d4cdb3", "query": "paint", "docid": "3244", "rank": "6", "page": "6", "url": "https://kids.frontiersin.org/article/10.3389/frym.2015.00007", "windowLocation": "http://localhost:7001/result?query=paint&page=6"}
{"type": "searchResultGenerated", "timestamp": "2026-02-19T10:36:17.962Z", "sessionID": "c29e6f3b-6f8d-4d4b-8e81-140086d4cdb3", "query": "paint", "docid": "4816", "rank": "7", "page": "6", "url": "http://www.gutenberg.org/files/902/902-h/902-h.htm", "windowLocation": "http://localhost:7001/result?query=paint&page=6"}
{"type": "searchResultGenerated", "timestamp": "2026-02-19T10:36:17.962Z", "sessionID": "c29e6f3b-6f8d-4d4b-8e81-140086d4cdb3", "query": "paint", "docid": "5058", "rank": "8", "page": "6", "url": "http://www.gutenberg.org/files/8950/8950-h/8950-h.htm", "windowLocation": "http://localhost:7001/result?query=paint&page=6"}
{"type": "searchResultGenerated", "timestamp": "2026-02-19T10:36:17.963Z", "sessionID": "c29e6f3b-6f8d-4d4b-8e81-140086d4cdb3", "query": "paint", "docid": "5666", "rank": "9", "page": "6", "url": "http://www.gutenberg.org/files/24474/24474-h/24474-h.htm#Page_9", "windowLocation": "http://localhost:7001/result?query=paint&page=6"}
{"type": "searchResultGenerated", "timestamp": "2026-02-19T10:36:17.963Z", "sessionID": "c29e6f3b-6f8d-4d4b-8e81-140086d4cdb3", "query": "paint", "docid": "5211", "rank": "10", "page": "6", "url": "http://www.gutenberg.org/files/8297/8297-h/8297-h.htm#20", "windowLocation": "http://localhost:7001/result?query=paint&page=6"}
{"type": "clickedResult", "timestamp": "2026-02-19T10:36:19.798Z", "sessionID": "c29e6f3b-6f8d-4d4b-8e81-140086d4cdb3", "query": "paint", "rank": "3", "page": "6", "url": "https://www.africanstorybook.org/"}
{"type": "cursorLeftSnippet", "timestamp": "2026-02-19T10:36:21.342Z", "sessionID": "c29e6f3b-6f8d-4d4b-8e81-140086d4cdb3", "query": "paint", "docid": "2983", "rank": "3", "page": "6"}
{"type": "cursorEnteredSnippet", "timestamp": "2026-02-19T10:36:25.640Z", "sessionID": "c29e6f3b-6f8d-4d4b-8e81-140086d4cdb3", "query": "paint", "docid": "5368", "rank": "1", "page": "6"}
{"type": "cursorLeftSnippet", "timestamp": "2026-02-19T10:36:25.723Z", "sessionID": "c29e6f3b-6f8d-4d4b-8e81-140086d4cdb3", "query": "paint", "docid": "5368", "rank": "1", "page": "6"}
{"type": "cursorEnteredSnippet", "timestamp": "2026-02-19T10:36:25.740Z", "sessionID": "c29e6f3b-6f8d-4d4b-8e81-140086d4cdb3", "query": "paint", "docid": "6874", "rank": "2", "page": "6"}
{"type": "cursorLeftSnippet", "timestamp": "2026-02-19T10:36:25.907Z", "sessionID": "c29e6f3b-6f8d-4d4b-8e81-140086d4cdb3", "query": "paint", "docid": "6874", "rank": "2", "page": "6"}
{"type": "cursorEnteredSnippet", "timestamp": "2026-02-19T10:36:28.578Z", "sessionID": "c29e6f3b-6f8d-4d4b-8e81-140086d4cdb3", "query": "paint", "docid": "3244", "rank": "6", "page": "6"}
{"type": "cursorLeftSnippet", "timestamp": "2026-02-19T10:36:29.232Z", "sessionID": "c29e6f3b-6f8d-4d4b-8e81-140086d4cdb3", "query": "paint", "docid": "3244", "rank": "6", "page": "6"}
{"type": "cursorEnteredSnippet", "timestamp": "2026-02-19T10:36:29.232Z", "sessionID": "c29e6f3b-6f8d-4d4b-8e81-140086d4cdb3", "query": "paint", "docid": "4816", "rank": "7", "page": "6"}
{"type": "cursorLeftSnippet", "timestamp": "2026-02-19T10:36:31.923Z", "sessionID": "c29e6f3b-6f8d-4d4b-8e81-140086d4cdb3", "query": "paint", "docid": "4816", "rank": "7", "page": "6"}
{"type": "cursorEnteredSnippet", "timestamp": "2026-02-19T10:36:31.940Z", "sessionID": "c29e6f3b-6f8d-4d4b-8e81-140086d4cdb3", "query": "paint", "docid": "6874", "rank": "2", "page": "6"}
{"type": "cursorLeftSnippet", "timestamp": "2026-02-19T10:36:32.007Z", "sessionID": "c29e6f3b-6f8d-4d4b-8e81-140086d4cdb3", "query": "paint", "docid": "6874", "rank": "2", "page": "6"}
{"type": "searchResultGenerated", "timestamp": "2026-02-19T10:36:33.095Z", "sessionID": "c29e6f3b-6f8d-4d4b-8e81-140086d4cdb3", "query": "paint", "docid": "2523", "rank": "1", "page": "1", "url": "https://simple.wikipedia.org/wiki/Cave_painting", "windowLocation": "http://localhost:7001/result"}
{"type": "searchResultGenerated", "timestamp": "2026-02-19T10:36:33.095Z", "sessionID": "c29e6f3b-6f8d-4d4b-8e81-140086d4cdb3", "query": "paint", "docid": "7029", "rank": "2", "page": "1", "url": "http://www.gutenberg.org/files/25359/25359-h/25359-h.htm#Page_276", "windowLocation": "http://localhost:7001/result"}
{"type": "searchResultGenerated", "timestamp": "2026-02-19T10:36:33.096Z", "sessionID": "c29e6f3b-6f8d-4d4b-8e81-140086d4cdb3", "query": "paint", "docid": "4457", "rank": "3", "page": "1", "url": "http://www.gutenberg.org/files/1056/1056-h/1056-h.htm", "windowLocation": "http://localhost:7001/result"}
{"type": "searchResultGenerated", "timestamp": "2026-02-19T10:36:33.096Z", "sessionID": "c29e6f3b-6f8d-4d4b-8e81-140086d4cdb3", "query": "paint", "docid": "3721", "rank": "4", "page": "1", "url": "http://www.gutenberg.org/files/8164/8164-h/8164-h.htm", "windowLocation": "http://localhost:7001/result"}
{"type": "searchResultGenerated", "timestamp": "2026-02-19T10:36:33.097Z", "sessionID": "c29e6f3b-6f8d-4d4b-8e81-140086d4cdb3", "query": "paint", "docid": "5000", "rank": "5", "page": "1", "url": "http://www.gutenberg.org/files/8504/8504-h/8504-h.htm#7", "windowLocation": "http://localhost:7001/result"}
{"type": "searchResultGenerated", "timestamp": "2026-02-19T10:36:33.098Z", "sessionID": "c29e6f3b-6f8d-4d4b-8e81-140086d4cdb3", "query": "paint", "docid": "5031", "rank": "6", "page": "1", "url": "http://www.gutenberg.org/files/8742/8742-h/8742-h.htm", "windowLocation": "http://localhost:7001/result"}
{"type": "searchResultGenerated", "timestamp": "2026-02-19T10:36:33.098Z", "sessionID": "c29e6f3b-6f8d-4d4b-8e81-140086d4cdb3", "query": "paint", "docid": "5667", "rank": "7", "page": "1", "url": "http://www.gutenberg.org/files/24475/24475-h/24475-h.htm#Page_57", "windowLocation": "http://localhost:7001/result"}
{"type": "searchResultGenerated", "timestamp": "2026-02-19T10:36:33.099Z", "sessionID": "c29e6f3b-6f8d-4d4b-8e81-140086d4cdb3", "query": "paint", "docid": "2741", "rank": "8", "page": "1", "url": "https://kids.frontiersin.org/article/10.3389/frym.2018.00039", "windowLocation": "http://localhost:7001/result"}
{"type": "searchResultGenerated", "timestamp": "2026-02-19T10:36:33.100Z", "sessionID": "c29e6f3b-6f8d-4d4b-8e81-140086d4cdb3", "query": "paint", "docid": "3221", "rank": "9", "page": "1", "url": "https://www.digitallibrary.io/en/books/details/3809", "windowLocation": "http://localhost:7001/result"}
{"type": "searchResultGenerated", "timestamp": "2026-02-19T10:36:33.100Z", "sessionID": "c29e6f3b-6f8d-4d4b-8e81-140086d4cdb3", "query": "paint", "docid": "2593", "rank": "10", "page": "1", "url": "https://kids.frontiersin.org/article/10.3389/frym.2019.00104", "windowLocation": "http://localhost:7001/result"}
{"type": "searchResultGenerated", "timestamp": "2026-02-19T10:36:38.468Z", "sessionID": "c29e6f3b-6f8d-4d4b-8e81-140086d4cdb3", "query": "boats", "docid": "7248", "rank": "1", "page": "1", "url": "http://www.gutenberg.org/files/8504/8504-h/8504-h.htm#5", "windowLocation": "http://localhost:7001/result"}
{"type": "searchResultGenerated", "timestamp": "2026-02-19T10:36:38.469Z", "sessionID": "c29e6f3b-6f8d-4d4b-8e81-140086d4cdb3", "query": "boats", "docid": "1102", "rank": "2", "page": "1", "url": "http://www.gutenberg.org/files/22168/22168-h/22168-h.htm#h2H_4_0007", "windowLocation": "http://localhost:7001/result"}
{"type": "searchResultGenerated", "timestamp": "2026-02-19T10:36:38.469Z", "sessionID": "c29e6f3b-6f8d-4d4b-8e81-140086d4cdb3", "query": "boats", "docid": "5775", "rank": "3", "page": "1", "url": "http://www.gutenberg.org/files/24477/24477-h/24477-h.htm#Page_110", "windowLocation": "http://localhost:7001/result"}
{"type": "searchResultGenerated", "timestamp": "2026-02-19T10:36:38.470Z", "sessionID": "c29e6f3b-6f8d-4d4b-8e81-140086d4cdb3", "query": "boats", "docid": "5855", "rank": "4", "page": "1", "url": "http://www.online-literature.com/wilkie-collins/rambles-beyond-railways/0/", "windowLocation": "http://localhost:7001/result"}
{"type": "searchResultGenerated", "timestamp": "2026-02-19T10:36:38.470Z", "sessionID": "c29e6f3b-6f8d-4d4b-8e81-140086d4cdb3", "query": "boats", "docid": "3758", "rank": "5", "page": "1", "url": "http://www.gutenberg.org/files/38750/38750-h/38750-h.htm#Page_290", "windowLocation": "http://localhost:7001/result"}
{"type": "searchResultGenerated", "timestamp": "2026-02-19T10:36:38.471Z", "sessionID": "c29e6f3b-6f8d-4d4b-8e81-140086d4cdb3", "query": "boats", "docid": "5524", "rank": "6", "page": "1", "url": "http://www.gutenberg.org/files/28130/28130-h/28130-h.htm#Page_47", "windowLocation": "http://localhost:7001/result"}
{"type": "searchResultGenerated", "timestamp": "2026-02-19T10:36:38.471Z", "sessionID": "c29e6f3b-6f8d-4d4b-8e81-140086d4cdb3", "query": "boats", "docid": "3809", "rank": "7", "page": "1", "url": "http://www.gutenberg.org/files/2591/2591-h/2591-h.htm", "windowLocation": "http://localhost:7001/result"}
{"type": "searchResultGenerated", "timestamp": "2026-02-19T10:36:38.472Z", "sessionID": "c29e6f3b-6f8d-4d4b-8e81-140086d4cdb3", "query": "boats", "docid": "6588", "rank": "8", "page": "1", "url": "http://www.gutenberg.org/files/13577/13577-h/13577-h.htm", "windowLocation": "http://localhost:7001/result"}
{"type": "searchResultGenerated", "timestamp": "2026-02-19T10:36:38.472Z", "sessionID": "c29e6f3b-6f8d-4d4b-8e81-140086d4cdb3", "query": "boats", "docid": "7051", "rank": "9", "page": "1", "url": "http://www.gutenberg.org/files/20117/20117-h/20117-h.htm#A_COAT_OF_PAINT", "windowLocation": "http://localhost:7001/result"}
{"type": "searchResultGenerated", "timestamp": "2026-02-19T10:36:38.473Z", "sessionID": "c29e6f3b-6f8d-4d4b-8e81-140086d4cdb3", "query": "boats", "docid": "1201", "rank": "10", "page": "1", "url": "http://www.gutenberg.org/files/21137/21137-h/21137-h.htm", "windowLocation": "http://localhost:7001/result"}
{"type": "cursorEnteredSnippet", "timestamp": "2026-02-19T10:36:39.390Z", "sessionID": "c29e6f3b-6f8d-4d4b-8e81-140086d4cdb3", "query": "boats", "docid": "3809", "rank": "7", "page": "1"}
{"type": "cursorLeftSnippet", "timestamp": "2026-02-19T10:36:39.474Z", "sessionID": "c29e6f3b-6f8d-4d4b-8e81-140086d4cdb3", "query": "boats", "docid": "3809", "rank": "7", "page": "1"}
{"type": "cursorEnteredSnippet", "timestamp": "2026-02-19T10:36:39.490Z", "sessionID": "c29e6f3b-6f8d-4d4b-8e81-140086d4cdb3", "query": "boats", "docid": "6588", "rank": "8", "page": "1"}
{"type": "cursorLeftSnippet", "timestamp": "2026-02-19T10:36:39.573Z", "sessionID": "c29e6f3b-6f8d-4d4b-8e81-140086d4cdb3", "query": "boats", "docid": "6588", "rank": "8", "page": "1"}
{"type": "cursorEnteredSnippet", "timestamp": "2026-02-19T10:36:39.939Z", "sessionID": "c29e6f3b-6f8d-4d4b-8e81-140086d4cdb3", "query": "boats", "docid": "7051", "rank": "9", "page": "1"}
{"type": "cursorLeftSnippet", "timestamp": "2026-02-19T10:36:40.039Z", "sessionID": "c29e6f3b-6f8d-4d4b-8e81-140086d4cdb3", "query": "boats", "docid": "7051", "rank": "9", "page": "1"}
{"type": "cursorEnteredSnippet", "timestamp": "2026-02-19T10:36:40.056Z", "sessionID": "c29e6f3b-6f8d-4d4b-8e81-140086d4cdb3", "query": "boats", "docid": "6588", "rank": "8", "page": "1"}
{"type": "cursorLeftSnippet", "timestamp": "2026-02-19T10:36:41.439Z", "sessionID": "c29e6f3b-6f8d-4d4b-8e81-140086d4cdb3", "query": "boats", "docid": "6588", "rank": "8", "page": "1"}
{"type": "cursorEnteredSnippet", "timestamp": "2026-02-19T10:36:41.439Z", "sessionID": "c29e6f3b-6f8d-4d4b-8e81-140086d4cdb3", "query": "boats", "docid": "5524", "rank": "6", "page": "1"}
{"type": "cursorLeftSnippet", "timestamp": "2026-02-19T10:36:41.706Z", "sessionID": "c29e6f3b-6f8d-4d4b-8e81-140086d4cdb3", "query": "boats", "docid": "5524", "rank": "6", "page": "1"}
{"type": "cursorEnteredSnippet", "timestamp": "2026-02-19T10:36:41.706Z", "sessionID": "c29e6f3b-6f8d-4d4b-8e81-140086d4cdb3", "query": "boats", "docid": "3809", "rank": "7", "page": "1"}
{"type": "clickedResult", "timestamp": "2026-02-19T10:36:42.154Z", "sessionID": "c29e6f3b-6f8d-4d4b-8e81-140086d4cdb3", "query": "boats", "rank": "7", "page": "1", "url": "http://www.gutenberg.org/files/2591/2591-h/2591-h.htm"}
{"type": "cursorLeftSnippet", "timestamp": "2026-02-19T10:36:42.632Z", "sessionID": "c29e6f3b-6f8d-4d4b-8e81-140086d4cdb3", "query": "boats", "docid": "3809", "rank": "7", "page": "1"}
{"type": "searchResultGenerated", "timestamp": "2026-02-19T10:36:47.463Z", "sessionID": "c29e6f3b-6f8d-4d4b-8e81-140086d4cdb3", "query": "boats", "docid": "7248", "rank": "1", "page": "1", "url": "http://www.gutenberg.org/files/8504/8504-h/8504-h.htm#5", "windowLocation": "http://localhost:7001/result"}
{"type": "searchResultGenerated", "timestamp": "2026-02-19T10:36:47.464Z", "sessionID": "c29e6f3b-6f8d-4d4b-8e81-140086d4cdb3", "query": "boats", "docid": "1102", "rank": "2", "page": "1", "url": "http://www.gutenberg.org/files/22168/22168-h/22168-h.htm#h2H_4_0007", "windowLocation": "http://localhost:7001/result"}
{"type": "searchResultGenerated", "timestamp": "2026-02-19T10:36:47.465Z", "sessionID": "c29e6f3b-6f8d-4d4b-8e81-140086d4cdb3", "query": "boats", "docid": "5775", "rank": "3", "page": "1", "url": "http://www.gutenberg.org/files/24477/24477-h/24477-h.htm#Page_110", "windowLocation": "http://localhost:7001/result"}
{"type": "searchResultGenerated", "timestamp": "2026-02-19T10:36:47.465Z", "sessionID": "c29e6f3b-6f8d-4d4b-8e81-140086d4cdb3", "query": "boats", "docid": "5855", "rank": "4", "page": "1", "url": "http://www.online-literature.com/wilkie-collins/rambles-beyond-railways/0/", "windowLocation": "http://localhost:7001/result"}
{"type": "searchResultGenerated", "timestamp": "2026-02-19T10:36:47.466Z", "sessionID": "c29e6f3b-6f8d-4d4b-8e81-140086d4cdb3", "query": "boats", "docid": "3758", "rank": "5", "page": "1", "url": "http://www.gutenberg.org/files/38750/38750-h/38750-h.htm#Page_290", "windowLocation": "http://localhost:7001/result"}
{"type": "searchResultGenerated", "timestamp": "2026-02-19T10:36:47.466Z", "sessionID": "c29e6f3b-6f8d-4d4b-8e81-140086d4cdb3", "query": "boats", "docid": "5524", "rank": "6", "page": "1", "url": "http://www.gutenberg.org/files/28130/28130-h/28130-h.htm#Page_47", "windowLocation": "http://localhost:7001/result"}
{"type": "searchResultGenerated", "timestamp": "2026-02-19T10:36:47.472Z", "sessionID": "c29e6f3b-6f8d-4d4b-8e81-140086d4cdb3", "query": "boats", "docid": "3809", "rank": "7", "page": "1", "url": "http://www.gutenberg.org/files/2591/2591-h/2591-h.htm", "windowLocation": "http://localhost:7001/result"}
{"type": "searchResultGenerated", "timestamp": "2026-02-19T10:36:47.472Z", "sessionID": "c29e6f3b-6f8d-4d4b-8e81-140086d4cdb3", "query": "boats", "docid": "6588", "rank": "8", "page": "1", "url": "http://www.gutenberg.org/files/13577/13577-h/13577-h.htm", "windowLocation": "http://localhost:7001/result"}
{"type": "searchResultGenerated", "timestamp": "2026-02-19T10:36:47.473Z", "sessionID": "c29e6f3b-6f8d-4d4b-8e81-140086d4cdb3", "query": "boats", "docid": "7051", "rank": "9", "page": "1", "url": "http://www.gutenberg.org/files/20117/20117-h/20117-h.htm#A_COAT_OF_PAINT", "windowLocation": "http://localhost:7001/result"}
{"type": "searchResultGenerated", "timestamp": "2026-02-19T10:36:47.473Z", "sessionID": "c29e6f3b-6f8d-4d4b-8e81-140086d4cdb3", "query": "boats", "docid": "1201", "rank": "10", "page": "1", "url": "http://www.gutenberg.org/files/21137/21137-h/21137-h.htm", "windowLocation": "http://localhost:7001/result"}
{"type": "ClickedEndTask", "timestamp": "2026-02-19T10:36:48.764Z", "sessionID": "c29e6f3b-6f8d-4d4b-8e81-140086d4cdb3"}
{"type": "TaskContinued", "timestamp": "2026-02-19T10:36:50.717Z", "sessionID": "c29e6f3b-6f8d-4d4b-8e81-140086d4cdb3"}
{"type": "cursorEnteredSnippet", "timestamp": "2026-02-19T10:36:50.722Z", "sessionID": "c29e6f3b-6f8d-4d4b-8e81-140086d4cdb3", "query": "boats", "docid": "5524", "rank": "6", "page": "1"}
{"type": "cursorLeftSnippet", "timestamp": "2026-02-19T10:36:51.022Z", "sessionID": "c29e6f3b-6f8d-4d4b-8e81-140086d4cdb3", "query": "boats", "docid": "5524", "rank": "6", "page": "1"}
{"type": "ClickedEndTask", "timestamp": "2026-02-19T10:36:51.636Z", "sessionID": "c29e6f3b-6f8d-4d4b-8e81-140086d4cdb3"}
{"type": "TaskContinued", "timestamp": "2026-02-19T10:36:53.400Z", "sessionID": "c29e6f3b-6f8d-4d4b-8e81-140086d4cdb3"}
{"type": "cursorEnteredSnippet", "timestamp": "2026-02-19T10:36:53.406Z", "sessionID": "c29e6f3b-6f8d-4d4b-8e81-140086d4cdb3", "query": "boats", "docid": "5524", "rank": "6", "page": "1"}
{"type": "cursorLeftSnippet", "timestamp": "2026-02-19T10:36:53.622Z", "sessionID": "c29e6f3b-6f8d-4d4b-8e81-140086d4cdb3", "query": "boats", "docid": "5524", "rank": "6", "page": "1"}
{"type": "cursorEnteredSnippet", "timestamp": "2026-02-19T10:36:53.640Z", "sessionID": "c29e6f3b-6f8d-4d4b-8e81-140086d4cdb3", "query": "boats", "docid": "3758", "rank": "5", "page": "1"}
{"type": "cursorLeftSnippet", "timestamp": "2026-02-19T10:36:53.722Z", "sessionID": "c29e6f3b-6f8d-4d4b-8e81-140086d4cdb3", "query": "boats", "docid": "3758", "rank": "5", "page": "1"}
{"type": "cursorEnteredSnippet", "timestamp": "2026-02-19T10:36:53.723Z", "sessionID": "c29e6f3b-6f8d-4d4b-8e81-140086d4cdb3", "query": "boats", "docid": "5855", "rank": "4", "page": "1"}
{"type": "cursorLeftSnippet", "timestamp": "2026-02-19T10:36:54.006Z", "sessionID": "c29e6f3b-6f8d-4d4b-8e81-140086d4cdb3", "query": "boats", "docid": "5855", "rank": "4", "page": "1"}
{"type": "queryBoxFocused", "timestamp": "2026-02-19T10:36:54.372Z", "sessionID": "c29e6f3b-6f8d-4d4b-8e81-140086d4cdb3"}
{"type": "querySubmitted", "timestamp": "2026-02-19T10:36:56.350Z", "sessionID": "c29e6f3b-6f8d-4d4b-8e81-140086d4cdb3", "query": "barbie"}
{"type": "queryBoxFocused", "timestamp": "2026-02-19T10:36:57.615Z", "sessionID": "c29e6f3b-6f8d-4d4b-8e81-140086d4cdb3"}
{"type": "querySubmitted", "timestamp": "2026-02-19T10:37:01.007Z", "sessionID": "c29e6f3b-6f8d-4d4b-8e81-140086d4cdb3", "query": "fairy"}
{"type": "searchResultGenerated", "timestamp": "2026-02-19T10:37:01.350Z", "sessionID": "c29e6f3b-6f8d-4d4b-8e81-140086d4cdb3", "query": "fairy", "docid": "2678", "rank": "1", "page": "1", "url": "https://www.africanstorybook.org/", "windowLocation": "http://localhost:7001/result"}
{"type": "searchResultGenerated", "timestamp": "2026-02-19T10:37:01.350Z", "sessionID": "c29e6f3b-6f8d-4d4b-8e81-140086d4cdb3", "query": "fairy", "docid": "7000", "rank": "2", "page": "1", "url": "http://www.gutenberg.org/files/20366/20366-h/20366-h.htm#Page_31", "windowLocation": "http://localhost:7001/result"}
{"type": "searchResultGenerated", "timestamp": "2026-02-19T10:37:01.351Z", "sessionID": "c29e6f3b-6f8d-4d4b-8e81-140086d4cdb3", "query": "fairy", "docid": "7216", "rank": "3", "page": "1", "url": "http://www.gutenberg.org/files/15659/15659-h/15659-h.htm#TOM_THUMB", "windowLocation": "http://localhost:7001/result"}
{"type": "searchResultGenerated", "timestamp": "2026-02-19T10:37:01.351Z", "sessionID": "c29e6f3b-6f8d-4d4b-8e81-140086d4cdb3", "query": "fairy", "docid": "5445", "rank": "4", "page": "1", "url": "http://www.gutenberg.org/ebooks/19399", "windowLocation": "http://localhost:7001/result"}
{"type": "searchResultGenerated", "timestamp": "2026-02-19T10:37:01.352Z", "sessionID": "c29e6f3b-6f8d-4d4b-8e81-140086d4cdb3", "query": "fairy", "docid": "7198", "rank": "5", "page": "1", "url": "http://www.gutenberg.org/files/15373/15373-h/15373-h.htm#bruno", "windowLocation": "http://localhost:7001/result"}
{"type": "searchResultGenerated", "timestamp": "2026-02-19T10:37:01.353Z", "sessionID": "c29e6f3b-6f8d-4d4b-8e81-140086d4cdb3", "query": "fairy", "docid": "6998", "rank": "6", "page": "1", "url": "http://www.gutenberg.org/files/20366/20366-h/20366-h.htm#Page_7", "windowLocation": "http://localhost:7001/result"}
{"type": "searchResultGenerated", "timestamp": "2026-02-19T10:37:01.353Z", "sessionID": "c29e6f3b-6f8d-4d4b-8e81-140086d4cdb3", "query": "fairy", "docid": "1105", "rank": "7", "page": "1", "url": "http://www.gutenberg.org/files/22168/22168-h/22168-h.htm#h2H_4_0010", "windowLocation": "http://localhost:7001/result"}
{"type": "searchResultGenerated", "timestamp": "2026-02-19T10:37:01.354Z", "sessionID": "c29e6f3b-6f8d-4d4b-8e81-140086d4cdb3", "query": "fairy", "docid": "1102", "rank": "8", "page": "1", "url": "http://www.gutenberg.org/files/22168/22168-h/22168-h.htm#h2H_4_0007", "windowLocation": "http://localhost:7001/result"}
{"type": "searchResultGenerated", "timestamp": "2026-02-19T10:37:01.355Z", "sessionID": "c29e6f3b-6f8d-4d4b-8e81-140086d4cdb3", "query": "fairy", "docid": "1104", "rank": "9", "page": "1", "url": "http://www.gutenberg.org/files/22168/22168-h/22168-h.htm#h2H_4_0009", "windowLocation": "http://localhost:7001/result"}
{"type": "searchResultGenerated", "timestamp": "2026-02-19T10:37:01.355Z", "sessionID": "c29e6f3b-6f8d-4d4b-8e81-140086d4cdb3", "query": "fairy", "docid": "6719", "rank": "10", "page": "1", "url": "http://www.gutenberg.org/files/8675/8675-h/8675-h.htm#link2H_4_0006", "windowLocation": "http://localhost:7001/result"}
{"type": "cursorEnteredSnippet", "timestamp": "2026-02-19T10:37:02.072Z", "sessionID": "c29e6f3b-6f8d-4d4b-8e81-140086d4cdb3", "query": "fairy", "docid": "2678", "rank": "1", "page": "1"}
{"type": "cursorLeftSnippet", "timestamp": "2026-02-19T10:37:02.338Z", "sessionID": "c29e6f3b-6f8d-4d4b-8e81-140086d4cdb3", "query": "fairy", "docid": "2678", "rank": "1", "page": "1"}
{"type": "cursorEnteredSnippet", "timestamp": "2026-02-19T10:37:03.406Z", "sessionID": "c29e6f3b-6f8d-4d4b-8e81-140086d4cdb3", "query": "fairy", "docid": "5445", "rank": "4", "page": "1"}
{"type": "cursorLeftSnippet", "timestamp": "2026-02-19T10:37:03.622Z", "sessionID": "c29e6f3b-6f8d-4d4b-8e81-140086d4cdb3", "query": "fairy", "docid": "5445", "rank": "4", "page": "1"}
{"type": "cursorEnteredSnippet", "timestamp": "2026-02-19T10:37:03.638Z", "sessionID": "c29e6f3b-6f8d-4d4b-8e81-140086d4cdb3", "query": "fairy", "docid": "7198", "rank": "5", "page": "1"}
{"type": "clickedResult", "timestamp": "2026-02-19T10:37:04.532Z", "sessionID": "c29e6f3b-6f8d-4d4b-8e81-140086d4cdb3", "query": "fairy", "rank": "5", "page": "1", "url": "http://www.gutenberg.org/files/15373/15373-h/15373-h.htm#bruno"}
{"type": "cursorLeftSnippet", "timestamp": "2026-02-19T10:37:05.013Z", "sessionID": "c29e6f3b-6f8d-4d4b-8e81-140086d4cdb3", "query": "fairy", "docid": "7198", "rank": "5", "page": "1"}
{"type": "searchResultGenerated", "timestamp": "2026-02-19T10:37:07.740Z", "sessionID": "c29e6f3b-6f8d-4d4b-8e81-140086d4cdb3", "query": "fairy", "docid": "2678", "rank": "1", "page": "1", "url": "https://www.africanstorybook.org/", "windowLocation": "http://localhost:7001/result"}
{"type": "searchResultGenerated", "timestamp": "2026-02-19T10:37:07.741Z", "sessionID": "c29e6f3b-6f8d-4d4b-8e81-140086d4cdb3", "query": "fairy", "docid": "7000", "rank": "2", "page": "1", "url": "http://www.gutenberg.org/files/20366/20366-h/20366-h.htm#Page_31", "windowLocation": "http://localhost:7001/result"}
{"type": "searchResultGenerated", "timestamp": "2026-02-19T10:37:07.741Z", "sessionID": "c29e6f3b-6f8d-4d4b-8e81-140086d4cdb3", "query": "fairy", "docid": "7216", "rank": "3", "page": "1", "url": "http://www.gutenberg.org/files/15659/15659-h/15659-h.htm#TOM_THUMB", "windowLocation": "http://localhost:7001/result"}
{"type": "searchResultGenerated", "timestamp": "2026-02-19T10:37:07.742Z", "sessionID": "c29e6f3b-6f8d-4d4b-8e81-140086d4cdb3", "query": "fairy", "docid": "5445", "rank": "4", "page": "1", "url": "http://www.gutenberg.org/ebooks/19399", "windowLocation": "http://localhost:7001/result"}
{"type": "searchResultGenerated", "timestamp": "2026-02-19T10:37:07.743Z", "sessionID": "c29e6f3b-6f8d-4d4b-8e81-140086d4cdb3", "query": "fairy", "docid": "7198", "rank": "5", "page": "1", "url": "http://www.gutenberg.org/files/15373/15373-h/15373-h.htm#bruno", "windowLocation": "http://localhost:7001/result"}
{"type": "searchResultGenerated", "timestamp": "2026-02-19T10:37:07.744Z", "sessionID": "c29e6f3b-6f8d-4d4b-8e81-140086d4cdb3", "query": "fairy", "docid": "6998", "rank": "6", "page": "1", "url": "http://www.gutenberg.org/files/20366/20366-h/20366-h.htm#Page_7", "windowLocation": "http://localhost:7001/result"}
{"type": "searchResultGenerated", "timestamp": "2026-02-19T10:37:07.744Z", "sessionID": "c29e6f3b-6f8d-4d4b-8e81-140086d4cdb3", "query": "fairy", "docid": "1105", "rank": "7", "page": "1", "url": "http://www.gutenberg.org/files/22168/22168-h/22168-h.htm#h2H_4_0010", "windowLocation": "http://localhost:7001/result"}
{"type": "searchResultGenerated", "timestamp": "2026-02-19T10:37:07.745Z", "sessionID": "c29e6f3b-6f8d-4d4b-8e81-140086d4cdb3", "query": "fairy", "docid": "1102", "rank": "8", "page": "1", "url": "http://www.gutenberg.org/files/22168/22168-h/22168-h.htm#h2H_4_0007", "windowLocation": "http://localhost:7001/result"}
{"type": "searchResultGenerated", "timestamp": "2026-02-19T10:37:07.746Z", "sessionID": "c29e6f3b-6f8d-4d4b-8e81-140086d4cdb3", "query": "fairy", "docid": "1104", "rank": "9", "page": "1", "url": "http://www.gutenberg.org/files/22168/22168-h/22168-h.htm#h2H_4_0009", "windowLocation": "http://localhost:7001/result"}
{"type": "searchResultGenerated", "timestamp": "2026-02-19T10:37:07.746Z", "sessionID": "c29e6f3b-6f8d-4d4b-8e81-140086d4cdb3", "query": "fairy", "docid": "6719", "rank": "10", "page": "1", "url": "http://www.gutenberg.org/files/8675/8675-h/8675-h.htm#link2H_4_0006", "windowLocation": "http://localhost:7001/result"}
{"type": "cursorEnteredSnippet", "timestamp": "2026-02-19T10:37:08.572Z", "sessionID": "c29e6f3b-6f8d-4d4b-8e81-140086d4cdb3", "query": "fairy", "docid": "5445", "rank": "4", "page": "1"}
{"type": "cursorLeftSnippet", "timestamp": "2026-02-19T10:37:08.689Z", "sessionID": "c29e6f3b-6f8d-4d4b-8e81-140086d4cdb3", "query": "fairy", "docid": "5445", "rank": "4", "page": "1"}
{"type": "cursorEnteredSnippet", "timestamp": "2026-02-19T10:37:08.761Z", "sessionID": "c29e6f3b-6f8d-4d4b-8e81-140086d4cdb3", "query": "fairy", "docid": "6998", "rank": "6", "page": "1"}
{"type": "cursorLeftSnippet", "timestamp": "2026-02-19T10:37:09.127Z", "sessionID": "c29e6f3b-6f8d-4d4b-8e81-140086d4cdb3", "query": "fairy", "docid": "6998", "rank": "6", "page": "1"}
{"type": "cursorEnteredSnippet", "timestamp": "2026-02-19T10:37:09.127Z", "sessionID": "c29e6f3b-6f8d-4d4b-8e81-140086d4cdb3", "query": "fairy", "docid": "1102", "rank": "8", "page": "1"}
{"type": "cursorLeftSnippet", "timestamp": "2026-02-19T10:37:09.605Z", "sessionID": "c29e6f3b-6f8d-4d4b-8e81-140086d4cdb3", "query": "fairy", "docid": "1102", "rank": "8", "page": "1"}
{"type": "cursorEnteredSnippet", "timestamp": "2026-02-19T10:37:09.606Z", "sessionID": "c29e6f3b-6f8d-4d4b-8e81-140086d4cdb3", "query": "fairy", "docid": "1104", "rank": "9", "page": "1"}
{"type": "cursorLeftSnippet", "timestamp": "2026-02-19T10:37:09.671Z", "sessionID": "c29e6f3b-6f8d-4d4b-8e81-140086d4cdb3", "query": "fairy", "docid": "1104", "rank": "9", "page": "1"}
{"type": "cursorEnteredSnippet", "timestamp": "2026-02-19T10:37:09.688Z", "sessionID": "c29e6f3b-6f8d-4d4b-8e81-140086d4cdb3", "query": "fairy", "docid": "6719", "rank": "10", "page": "1"}
{"type": "cursorLeftSnippet", "timestamp": "2026-02-19T10:37:09.738Z", "sessionID": "c29e6f3b-6f8d-4d4b-8e81-140086d4cdb3", "query": "fairy", "docid": "6719", "rank": "10", "page": "1"}
{"type": "pageNavigationClicked", "timestamp": "2026-02-19T10:37:10.275Z", "sessionID": "c29e6f3b-6f8d-4d4b-8e81-140086d4cdb3", "clicked": "6", "fromPage": 1, "toPage": 6}
{"type": "searchResultGenerated", "timestamp": "2026-02-19T10:37:10.526Z", "sessionID": "c29e6f3b-6f8d-4d4b-8e81-140086d4cdb3", "query": "fairy", "docid": "5006", "rank": "1", "page": "6", "url": "http://www.gutenberg.org/cache/epub/6577/pg6577-images.html", "windowLocation": "http://localhost:7001/result?query=fairy&page=6"}
{"type": "searchResultGenerated", "timestamp": "2026-02-19T10:37:10.526Z", "sessionID": "c29e6f3b-6f8d-4d4b-8e81-140086d4cdb3", "query": "fairy", "docid": "4898", "rank": "2", "page": "6", "url": "http://www.gutenberg.org/files/8484/8484-h/8484-h.htm#20", "windowLocation": "http://localhost:7001/result?query=fairy&page=6"}
{"type": "searchResultGenerated", "timestamp": "2026-02-19T10:37:10.527Z", "sessionID": "c29e6f3b-6f8d-4d4b-8e81-140086d4cdb3", "query": "fairy", "docid": "6704", "rank": "3", "page": "6", "url": "http://www.gutenberg.org/files/5343/5343-h/5343-h.htm#link2HCH0003", "windowLocation": "http://localhost:7001/result?query=fairy&page=6"}
{"type": "searchResultGenerated", "timestamp": "2026-02-19T10:37:10.528Z", "sessionID": "c29e6f3b-6f8d-4d4b-8e81-140086d4cdb3", "query": "fairy", "docid": "6444", "rank": "4", "page": "6", "url": "http://www.gutenberg.org/files/13753/13753-h/13753-h.htm", "windowLocation": "http://localhost:7001/result?query=fairy&page=6"}
{"type": "cursorLeftSnippet", "timestamp": "2026-02-19T10:37:10.571Z", "sessionID": "c29e6f3b-6f8d-4d4b-8e81-140086d4cdb3", "query": "fairy", "docid": "6444", "rank": "4", "page": "6"}
{"type": "cursorEnteredSnippet", "timestamp": "2026-02-19T10:37:10.590Z", "sessionID": "c29e6f3b-6f8d-4d4b-8e81-140086d4cdb3", "query": "fairy", "docid": "6704", "rank": "3", "page": "6"}
{"type": "clickedResult", "timestamp": "2026-02-19T10:37:11.534Z", "sessionID": "c29e6f3b-6f8d-4d4b-8e81-140086d4cdb3", "query": "fairy", "rank": "3", "page": "6", "url": "http://www.gutenberg.org/files/5343/5343-h/5343-h.htm#link2HCH0003"}
{"type": "cursorLeftSnippet", "timestamp": "2026-02-19T10:37:11.791Z", "sessionID": "c29e6f3b-6f8d-4d4b-8e81-140086d4cdb3", "query": "fairy", "docid": "6704", "rank": "3", "page": "6"}
{"type": "ClickedEndTask", "timestamp": "2026-02-19T10:37:15.694Z", "sessionID": "c29e6f3b-6f8d-4d4b-8e81-140086d4cdb3"}
{"type": "TaskEndConfirmed", "timestamp": "2026-02-19T10:37:16.695Z", "sessionID": "c29e6f3b-6f8d-4d4b-8e81-140086d4cdb3"}
