{"type": "TaskStarted", "timestamp": "2026-02-19T09:24:06.221Z", "sessionID": "2638b886-d4f7-47f5-a97d-b5122447515e"}
{"type": "idSubmitted", "timestamp": "2026-02-19T09:24:06.224Z", "sessionID": "2638b886-d4f7-47f5-a97d-b5122447515e", "uid": "Participant9"}
{"type": "queryBoxFocused", "timestamp": "2026-02-19T09:24:07.525Z", "sessionID": "2638b886-d4f7-47f5-a97d-b5122447515e"}
{"type": "querySubmitted", "timestamp": "2026-02-19T09:24:09.075Z", "sessionID": "2638b886-d4f7-47f5-a97d-b5122447515e", "query": "bts"}
{"type": "searchResultGenerated", "timestamp": "2026-02-19T09:24:10.224Z", "sessionID": "2638b886-d4f7-47f5-a97d-b5122447515e", "query": "bts", "docid": "63175e0a62614f568ba8bb88537dfd97", "rank": "1", "page": "1", "url": "", "windowLocation": "http://localhost:7001/result"}
{"type": "searchResultGenerated", "timestamp": "2026-02-19T09:24:10.224Z", "sessionID": "2638b886-d4f7-47f5-a97d-b5122447515e", "query": "bts", "docid": "3cca2583656a4c528dcc6b8213b5bdd7", "rank": "2", "page": "1", "url": "", "windowLocation": "http://localhost:7001/result"}
{"type": "searchResultGenerated", "timestamp": "2026-02-19T09:24:10.224Z", "sessionID": "2638b886-d4f7-47f5-a97d-b5122447515e", "query": "bts", "docid": "6d9275f065cf4818bf57b38db4817870", "rank": "3", "page": "1", "url": "", "windowLocation": "http://localhost:7001/result"}
{"type": "searchResultGenerated", "timestamp": "2026-02-19T09:24:10.224Z", "sessionID": "2638b886-d4f7-47f5-a97d-b5122447515e", "query": "bts", "docid": "9b0d634a21484b5288f3e70203cb30a3", "rank": "4", "page": "1", "url": "", "windowLocation": "http://localhost:7001/result"}
{"type": "searchResultGenerated", "timestamp": "2026-02-19T09:24:10.224Z", "sessionID": "2638b886-d4f7-47f5-a97d-b5122447515e", "query": "bts", "docid": "f449e7fd662e4a5f8f46fe67a20f2a85", "rank": "5", "page": "1", "url": "", "windowLocation": "http://localhost:7001/result"}
{"type": "searchResultGenerated", "timestamp": "2026-02-19T09:24:10.225Z", "sessionID": "2638b886-d4f7-47f5-a97d-b5122447515e", "query": "bts", "docid": "4a0bc6c29c8d4ac995941d8294e05d21", "rank": "6", "page": "1", "url": "", "windowLocation": "http://localhost:7001/result"}
{"type": "searchResultGenerated", "timestamp": "2026-02-19T09:24:10.225Z", "sessionID": "2638b886-d4f7-47f5-a97d-b5122447515e", "query": "bts", "docid": "ec742a5f53bf4c6db7aafdc361afbf61", "rank": "7", "page": "1", "url": "", "windowLocation": "http://localhost:7001/result"}
{"type": "searchResultGenerated", "timestamp": "2026-02-19T09:24:10.225Z", "sessionID": "2638b886-d4f7-47f5-a97d-b5122447515e", "query": "bts", "docid": "06c8038c50714812ae1fb562865444a1", "rank": "8", "page": "1", "url": "", "windowLocation": "http://localhost:7001/result"}
{"type": "searchResultGenerated", "timestamp": "2026-02-19T09:24:10.225Z", "sessionID": "2638b886-d4f7-47f5-a97d-b5122447515e", "query": "bts", "docid": "c51ba51158df477b8616c7bda055788e", "rank": "9", "page": "1", "url": "", "windowLocation": "http://localhost:7001/result"}
{"type": "searchResultGenerated", "timestamp": "2026-02-19T09:24:10.225Z", "sessionID": "2638b886-d4f7-47f5-a97d-b5122447515e", "query": "bts", "docid": "2b0a91e5760b4dd6964305f5b530be9f", "rank": "10", "page": "1", "url": "", "windowLocation": "http://localhost:7001/result"}
{"type": "cursorEnteredSnippet", "timestamp": "2026-02-19T09:24:11.807Z", "sessionID": "2638b886-d4f7-47f5-a97d-b5122447515e", "query": "bts", "docid": "63175e0a62614f568ba8bb88537dfd97", "rank": "1", "page": "1"}
{"type": "cursorLeftSnippet", "timestamp": "2026-02-19T09:24:11.857Z", "sessionID": "2638b886-d4f7-47f5-a97d-b5122447515e", "query": "bts", "docid": "63175e0a62614f568ba8bb88537dfd97", "rank": "1", "page": "1"}
{"type": "cursorEnteredSnippet", "timestamp": "2026-02-19T09:24:11.873Z", "sessionID": "2638b886-d4f7-47f5-a97d-b5122447515e", "query": "bts", "docid": "3cca2583656a4c528dcc6b8213b5bdd7", "rank": "2", "page": "1"}
{"type": "cursorLeftSnippet", "timestamp": "2026-02-19T09:24:11.890Z", "sessionID": "2638b886-d4f7-47f5-a97d-b5122447515e", "query": "bts", "docid": "3cca2583656a4c528dcc6b8213b5bdd7", "rank": "2", "page": "1"}
{"type": "cursorEnteredSnippet", "timestamp": "2026-02-19T09:24:11.890Z", "sessionID": "2638b886-d4f7-47f5-a97d-b5122447515e", "query": "bts", "docid": "6d9275f065cf4818bf57b38db4817870", "rank": "3", "page": "1"}
{"type": "cursorLeftSnippet", "timestamp": "2026-02-19T09:24:12.108Z", "sessionID": "2638b886-d4f7-47f5-a97d-b5122447515e", "query": "bts", "docid": "6d9275f065cf4818bf57b38db4817870", "rank": "3", "page": "1"}
{"type": "cursorEnteredSnippet", "timestamp": "2026-02-19T09:24:12.125Z", "sessionID": "2638b886-d4f7-47f5-a97d-b5122447515e", "query": "bts", "docid": "9b0d634a21484b5288f3e70203cb30a3", "rank": "4", "page": "1"}
{"type": "cursorLeftSnippet", "timestamp": "2026-02-19T09:24:12.179Z", "sessionID": "2638b886-d4f7-47f5-a97d-b5122447515e", "query": "bts", "docid": "9b0d634a21484b5288f3e70203cb30a3", "rank": "4", "page": "1"}
{"type": "cursorEnteredSnippet", "timestamp": "2026-02-19T09:24:12.197Z", "sessionID": "2638b886-d4f7-47f5-a97d-b5122447515e", "query": "bts", "docid": "4a0bc6c29c8d4ac995941d8294e05d21", "rank": "6", "page": "1"}
{"type": "cursorLeftSnippet", "timestamp": "2026-02-19T09:24:12.214Z", "sessionID": "2638b886-d4f7-47f5-a97d-b5122447515e", "query": "bts", "docid": "4a0bc6c29c8d4ac995941d8294e05d21", "rank": "6", "page": "1"}
{"type": "cursorEnteredSnippet", "timestamp": "2026-02-19T09:24:12.214Z", "sessionID": "2638b886-d4f7-47f5-a97d-b5122447515e", "query": "bts", "docid": "ec742a5f53bf4c6db7aafdc361afbf61", "rank": "7", "page": "1"}
{"type": "cursorLeftSnippet", "timestamp": "2026-02-19T09:24:12.940Z", "sessionID": "2638b886-d4f7-47f5-a97d-b5122447515e", "query": "bts", "docid": "ec742a5f53bf4c6db7aafdc361afbf61", "rank": "7", "page": "1"}
{"type": "cursorEnteredSnippet", "timestamp": "2026-02-19T09:24:12.958Z", "sessionID": "2638b886-d4f7-47f5-a97d-b5122447515e", "query": "bts", "docid": "06c8038c50714812ae1fb562865444a1", "rank": "8", "page": "1"}
{"type": "cursorLeftSnippet", "timestamp": "2026-02-19T09:24:12.996Z", "sessionID": "2638b886-d4f7-47f5-a97d-b5122447515e", "query": "bts", "docid": "06c8038c50714812ae1fb562865444a1", "rank": "8", "page": "1"}
{"type": "cursorEnteredSnippet", "timestamp": "2026-02-19T09:24:13.024Z", "sessionID": "2638b886-d4f7-47f5-a97d-b5122447515e", "query": "bts", "docid": "c51ba51158df477b8616c7bda055788e", "rank": "9", "page": "1"}
{"type": "cursorLeftSnippet", "timestamp": "2026-02-19T09:24:13.057Z", "sessionID": "2638b886-d4f7-47f5-a97d-b5122447515e", "query": "bts", "docid": "c51ba51158df477b8616c7bda055788e", "rank": "9", "page": "1"}
{"type": "cursorEnteredSnippet", "timestamp": "2026-02-19T09:24:13.091Z", "sessionID": "2638b886-d4f7-47f5-a97d-b5122447515e", "query": "bts", "docid": "2b0a91e5760b4dd6964305f5b530be9f", "rank": "10", "page": "1"}
{"type": "cursorLeftSnippet", "timestamp": "2026-02-19T09:24:13.541Z", "sessionID": "2638b886-d4f7-47f5-a97d-b5122447515e", "query": "bts", "docid": "2b0a91e5760b4dd6964305f5b530be9f", "rank": "10", "page": "1"}
{"type": "pageNavigationClicked", "timestamp": "2026-02-19T09:24:14.102Z", "sessionID": "2638b886-d4f7-47f5-a97d-b5122447515e", "clicked": "4", "fromPage": 1, "toPage": 4}
{"type": "searchResultGenerated", "timestamp": "2026-02-19T09:24:14.597Z", "sessionID": "2638b886-d4f7-47f5-a97d-b5122447515e", "query": "bts", "docid": "1034d422a9154fd09d1ef847809c4d88", "rank": "1", "page": "4", "url": "", "windowLocation": "http://localhost:7001/result?query=bts&page=4"}
{"type": "searchResultGenerated", "timestamp": "2026-02-19T09:24:14.597Z", "sessionID": "2638b886-d4f7-47f5-a97d-b5122447515e", "query": "bts", "docid": "7e5b61a8d8fc4a10b910568f6edb6a8a", "rank": "2", "page": "4", "url": "", "windowLocation": "http://localhost:7001/result?query=bts&page=4"}
{"type": "searchResultGenerated", "timestamp": "2026-02-19T09:24:14.597Z", "sessionID": "2638b886-d4f7-47f5-a97d-b5122447515e", "query": "bts", "docid": "c88ee8508c2648bd8ef81dc52935e6cc", "rank": "3", "page": "4", "url": "", "windowLocation": "http://localhost:7001/result?query=bts&page=4"}
{"type": "searchResultGenerated", "timestamp": "2026-02-19T09:24:14.598Z", "sessionID": "2638b886-d4f7-47f5-a97d-b5122447515e", "query": "bts", "docid": "b672beb418f944cb8f2d13799e4dbe70", "rank": "4", "page": "4", "url": "", "windowLocation": "http://localhost:7001/result?query=bts&page=4"}
{"type": "searchResultGenerated", "timestamp": "2026-02-19T09:24:14.598Z", "sessionID": "2638b886-d4f7-47f5-a97d-b5122447515e", "query": "bts", "docid": "5fab9e1658d54ae88edf5fb6cdbedcaf", "rank": "5", "page": "4", "url": "", "windowLocation": "http://localhost:7001/result?query=bts&page=4"}
{"type": "searchResultGenerated", "timestamp": "2026-02-19T09:24:14.598Z", "sessionID": "2638b886-d4f7-47f5-a97d-b5122447515e", "query": "bts", "docid": "574d68afdf82423e8b12bc97573e0343", "rank": "6", "page": "4", "url": "", "windowLocation": "http://localhost:7001/result?query=bts&page=4"}
{"type": "searchResultGenerated", "timestamp": "2026-02-19T09:24:14.599Z", "sessionID": "2638b886-d4f7-47f5-a97d-b5122447515e", "query": "bts", "docid": "3cfb8b4296b54caea408463b2581facf", "rank": "7", "page": "4", "url": "", "windowLocation": "http://localhost:7001/result?query=bts&page=4"}
{"type": "searchResultGenerated", "timestamp": "2026-02-19T09:24:14.599Z", "sessionID": "2638b886-d4f7-47f5-a97d-b5122447515e", "query": "bts", "docid": "4f9917c6ad7d4be09dfd0ecac596d7a1", "rank": "8", "page": "4", "url": "", "windowLocation": "http://localhost:7001/result?query=bts&page=4"}
{"type": "searchResultGenerated", "timestamp": "2026-02-19T09:24:14.600Z", "sessionID": "2638b886-d4f7-47f5-a97d-b5122447515e", "query": "bts", "docid": "3d21474fff4e406c9db2984d5edf647b", "rank": "9", "page": "4", "url": "", "windowLocation": "http://localhost:7001/result?query=bts&page=4"}
{"type": "searchResultGenerated", "timestamp": "2026-02-19T09:24:14.600Z", "sessionID": "2638b886-d4f7-47f5-a97d-b5122447515e", "query": "bts", "docid": "8ad764aa0ca446ecbbc91515b0965c3f", "rank": "10", "page": "4", "url": "", "windowLocation": "http://localhost:7001/result?query=bts&page=4"}
{"type": "cursorLeftSnippet", "timestamp": "2026-02-19T09:24:15.008Z", "sessionID": "2638b886-d4f7-47f5-a97d-b5122447515e", "query": "bts", "docid": "574d68afdf82423e8b12bc97573e0343", "rank": "6", "page": "4"}
{"type": "cursorEnteredSnippet", "timestamp": "2026-02-19T09:24:15.024Z", "sessionID": "2638b886-d4f7-47f5-a97d-b5122447515e", "query": "bts", "docid": "5fab9e1658d54ae88edf5fb6cdbedcaf", "rank": "5", "page": "4"}
{"type": "cursorLeftSnippet", "timestamp": "2026-02-19T09:24:15.057Z", "sessionID": "2638b886-d4f7-47f5-a97d-b5122447515e", "query": "bts", "docid": "5fab9e1658d54ae88edf5fb6cdbedcaf", "rank": "5", "page": "4"}
{"type": "cursorEnteredSnippet", "timestamp": "2026-02-19T09:24:15.074Z", "sessionID": "2638b886-d4f7-47f5-a97d-b5122447515e", "query": "bts", "docid": "b672beb418f944cb8f2d13799e4dbe70", "rank": "4", "page": "4"}
{"type": "cursorLeftSnippet", "timestamp": "2026-02-19T09:24:15.491Z", "sessionID": "2638b886-d4f7-47f5-a97d-b5122447515e", "query": "bts", "docid": "b672beb418f944cb8f2d13799e4dbe70", "rank": "4", "page": "4"}
{"type": "cursorEnteredSnippet", "timestamp": "2026-02-19T09:24:15.491Z", "sessionID": "2638b886-d4f7-47f5-a97d-b5122447515e", "query": "bts", "docid": "4f9917c6ad7d4be09dfd0ecac596d7a1", "rank": "8", "page": "4"}
{"type": "cursorLeftSnippet", "timestamp": "2026-02-19T09:24:16.107Z", "sessionID": "2638b886-d4f7-47f5-a97d-b5122447515e", "query": "bts", "docid": "4f9917c6ad7d4be09dfd0ecac596d7a1", "rank": "8", "page": "4"}
{"type": "cursorEnteredSnippet", "timestamp": "2026-02-19T09:24:16.107Z", "sessionID": "2638b886-d4f7-47f5-a97d-b5122447515e", "query": "bts", "docid": "3d21474fff4e406c9db2984d5edf647b", "rank": "9", "page": "4"}
{"type": "cursorLeftSnippet", "timestamp": "2026-02-19T09:24:16.158Z", "sessionID": "2638b886-d4f7-47f5-a97d-b5122447515e", "query": "bts", "docid": "3d21474fff4e406c9db2984d5edf647b", "rank": "9", "page": "4"}
{"type": "cursorEnteredSnippet", "timestamp": "2026-02-19T09:24:16.175Z", "sessionID": "2638b886-d4f7-47f5-a97d-b5122447515e", "query": "bts", "docid": "4f9917c6ad7d4be09dfd0ecac596d7a1", "rank": "8", "page": "4"}
{"type": "cursorLeftSnippet", "timestamp": "2026-02-19T09:24:16.240Z", "sessionID": "2638b886-d4f7-47f5-a97d-b5122447515e", "query": "bts", "docid": "4f9917c6ad7d4be09dfd0ecac596d7a1", "rank": "8", "page": "4"}
{"type": "cursorEnteredSnippet", "timestamp": "2026-02-19T09:24:16.257Z", "sessionID": "2638b886-d4f7-47f5-a97d-b5122447515e", "query": "bts", "docid": "3cfb8b4296b54caea408463b2581facf", "rank": "7", "page": "4"}
{"type": "cursorLeftSnippet", "timestamp": "2026-02-19T09:24:16.290Z", "sessionID": "2638b886-d4f7-47f5-a97d-b5122447515e", "query": "bts", "docid": "3cfb8b4296b54caea408463b2581facf", "rank": "7", "page": "4"}
{"type": "cursorEnteredSnippet", "timestamp": "2026-02-19T09:24:16.290Z", "sessionID": "2638b886-d4f7-47f5-a97d-b5122447515e", "query": "bts", "docid": "574d68afdf82423e8b12bc97573e0343", "rank": "6", "page": "4"}
{"type": "cursorLeftSnippet", "timestamp": "2026-02-19T09:24:16.357Z", "sessionID": "2638b886-d4f7-47f5-a97d-b5122447515e", "query": "bts", "docid": "574d68afdf82423e8b12bc97573e0343", "rank": "6", "page": "4"}
{"type": "cursorEnteredSnippet", "timestamp": "2026-02-19T09:24:16.373Z", "sessionID": "2638b886-d4f7-47f5-a97d-b5122447515e", "query": "bts", "docid": "5fab9e1658d54ae88edf5fb6cdbedcaf", "rank": "5", "page": "4"}
{"type": "cursorLeftSnippet", "timestamp": "2026-02-19T09:24:16.390Z", "sessionID": "2638b886-d4f7-47f5-a97d-b5122447515e", "query": "bts", "docid": "5fab9e1658d54ae88edf5fb6cdbedcaf", "rank": "5", "page": "4"}
{"type": "cursorEnteredSnippet", "timestamp": "2026-02-19T09:24:16.390Z", "sessionID": "2638b886-d4f7-47f5-a97d-b5122447515e", "query": "bts", "docid": "b672beb418f944cb8f2d13799e4dbe70", "rank": "4", "page": "4"}
{"type": "cursorLeftSnippet", "timestamp": "2026-02-19T09:24:16.423Z", "sessionID": "2638b886-d4f7-47f5-a97d-b5122447515e", "query": "bts", "docid": "b672beb418f944cb8f2d13799e4dbe70", "rank": "4", "page": "4"}
{"type": "cursorEnteredSnippet", "timestamp": "2026-02-19T09:24:17.223Z", "sessionID": "2638b886-d4f7-47f5-a97d-b5122447515e", "query": "bts", "docid": "3cfb8b4296b54caea408463b2581facf", "rank": "7", "page": "4"}
{"type": "cursorLeftSnippet", "timestamp": "2026-02-19T09:24:17.257Z", "sessionID": "2638b886-d4f7-47f5-a97d-b5122447515e", "query": "bts", "docid": "3cfb8b4296b54caea408463b2581facf", "rank": "7", "page": "4"}
{"type": "cursorEnteredSnippet", "timestamp": "2026-02-19T09:24:17.258Z", "sessionID": "2638b886-d4f7-47f5-a97d-b5122447515e", "query": "bts", "docid": "4f9917c6ad7d4be09dfd0ecac596d7a1", "rank": "8", "page": "4"}
{"type": "cursorLeftSnippet", "timestamp": "2026-02-19T09:24:17.307Z", "sessionID": "2638b886-d4f7-47f5-a97d-b5122447515e", "query": "bts", "docid": "4f9917c6ad7d4be09dfd0ecac596d7a1", "rank": "8", "page": "4"}
{"type": "cursorEnteredSnippet", "timestamp": "2026-02-19T09:24:17.307Z", "sessionID": "2638b886-d4f7-47f5-a97d-b5122447515e", "query": "bts", "docid": "3d21474fff4e406c9db2984d5edf647b", "rank": "9", "page": "4"}
{"type": "cursorLeftSnippet", "timestamp": "2026-02-19T09:24:17.623Z", "sessionID": "2638b886-d4f7-47f5-a97d-b5122447515e", "query": "bts", "docid": "3d21474fff4e406c9db2984d5edf647b", "rank": "9", "page": "4"}
{"type": "cursorEnteredSnippet", "timestamp": "2026-02-19T09:24:17.690Z", "sessionID": "2638b886-d4f7-47f5-a97d-b5122447515e", "query": "bts", "docid": "8ad764aa0ca446ecbbc91515b0965c3f", "rank": "10", "page": "4"}
{"type": "clickedResult", "timestamp": "2026-02-19T09:24:18.086Z", "sessionID": "2638b886-d4f7-47f5-a97d-b5122447515e", "query": "bts", "rank": "10", "page": "4", "url": ""}
{"type": "searchResultGenerated", "timestamp": "2026-02-19T09:24:18.481Z", "sessionID": "2638b886-d4f7-47f5-a97d-b5122447515e", "query": "bts", "docid": "1034d422a9154fd09d1ef847809c4d88", "rank": "1", "page": "4", "url": "", "windowLocation": "http://localhost:7001/result?query=bts&page=4"}
{"type": "searchResultGenerated", "timestamp": "2026-02-19T09:24:18.482Z", "sessionID": "2638b886-d4f7-47f5-a97d-b5122447515e", "query": "bts", "docid": "7e5b61a8d8fc4a10b910568f6edb6a8a", "rank": "2", "page": "4", "url": "", "windowLocation": "http://localhost:7001/result?query=bts&page=4"}
{"type": "searchResultGenerated", "timestamp": "2026-02-19T09:24:18.482Z", "sessionID": "2638b886-d4f7-47f5-a97d-b5122447515e", "query": "bts", "docid": "c88ee8508c2648bd8ef81dc52935e6cc", "rank": "3", "page": "4", "url": "", "windowLocation": "http://localhost:7001/result?query=bts&page=4"}
{"type": "searchResultGenerated", "timestamp": "2026-02-19T09:24:18.482Z", "sessionID": "2638b886-d4f7-47f5-a97d-b5122447515e", "query": "bts", "docid": "b672beb418f944cb8f2d13799e4dbe70", "rank": "4", "page": "4", "url": "", "windowLocation": "http://localhost:7001/result?query=bts&page=4"}
{"type": "searchResultGenerated", "timestamp": "2026-02-19T09:24:18.483Z", "sessionID": "2638b886-d4f7-47f5-a97d-b5122447515e", "query": "bts", "docid": "5fab9e1658d54ae88edf5fb6cdbedcaf", "rank": "5", "page": "4", "url": "", "windowLocation": "http://localhost:7001/result?query=bts&page=4"}
{"type": "searchResultGenerated", "timestamp": "2026-02-19T09:24:18.483Z", "sessionID": "2638b886-d4f7-47f5-a97d-b5122447515e", "query": "bts", "docid": "574d68afdf82423e8b12bc97573e0343", "rank": "6", "page": "4", "url": "", "windowLocation": "http://localhost:7001/result?query=bts&page=4"}
{"type": "searchResultGenerated", "timestamp": "2026-02-19T09:24:18.483Z", "sessionID": "2638b886-d4f7-47f5-a97d-b5122447515e", "query": "bts", "docid": "3cfb8b4296b54caea408463b2581facf", "rank": "7", "page": "4", "url": "", "windowLocation": "http://localhost:7001/result?query=bts&page=4"}
{"type": "searchResultGenerated", "timestamp": "2026-02-19T09:24:18.484Z", "sessionID": "2638b886-d4f7-47f5-a97d-b5122447515e", "query": "bts", "docid": "4f9917c6ad7d4be09dfd0ecac596d7a1", "rank": "8", "page": "4", "url": "", "windowLocation": "http://localhost:7001/result?query=bts&page=4"}
{"type": "searchResultGenerated", "timestamp": "2026-02-19T09:24:18.484Z", "sessionID": "2638b886-d4f7-47f5-a97d-b5122447515e", "query": "bts", "docid": "3d21474fff4e406c9db2984d5edf647b", "rank": "9", "page": "4", "url": "", "windowLocation": "http://localhost:7001/result?query=bts&page=4"}
{"type": "searchResultGenerated", "timestamp": "2026-02-19T09:24:18.484Z", "sessionID": "2638b886-d4f7-47f5-a97d-b5122447515e", "query": "bts", "docid": "8ad764aa0ca446ecbbc91515b0965c3f", "rank": "10", "page": "4", "url": "", "windowLocation": "http://localhost:7001/result?query=bts&page=4"}
{"type": "cursorLeftSnippet", "timestamp": "2026-02-19T09:24:19.373Z", "sessionID": "2638b886-d4f7-47f5-a97d-b5122447515e", "query": "bts", "docid": "5fab9e1658d54ae88edf5fb6cdbedcaf", "rank": "5", "page": "4"}
{"type": "cursorEnteredSnippet", "timestamp": "2026-02-19T09:24:19.374Z", "sessionID": "2638b886-d4f7-47f5-a97d-b5122447515e", "query": "bts", "docid": "b672beb418f944cb8f2d13799e4dbe70", "rank": "4", "page": "4"}
{"type": "cursorLeftSnippet", "timestamp": "2026-02-19T09:24:21.324Z", "sessionID": "2638b886-d4f7-47f5-a97d-b5122447515e", "query": "bts", "docid": "b672beb418f944cb8f2d13799e4dbe70", "rank": "4", "page": "4"}
{"type": "cursorEnteredSnippet", "timestamp": "2026-02-19T09:24:21.324Z", "sessionID": "2638b886-d4f7-47f5-a97d-b5122447515e", "query": "bts", "docid": "3d21474fff4e406c9db2984d5edf647b", "rank": "9", "page": "4"}
{"type": "cursorLeftSnippet", "timestamp": "2026-02-19T09:24:21.406Z", "sessionID": "2638b886-d4f7-47f5-a97d-b5122447515e", "query": "bts", "docid": "3d21474fff4e406c9db2984d5edf647b", "rank": "9", "page": "4"}
{"type": "cursorEnteredSnippet", "timestamp": "2026-02-19T09:24:21.423Z", "sessionID": "2638b886-d4f7-47f5-a97d-b5122447515e", "query": "bts", "docid": "8ad764aa0ca446ecbbc91515b0965c3f", "rank": "10", "page": "4"}
{"type": "cursorLeftSnippet", "timestamp": "2026-02-19T09:24:21.773Z", "sessionID": "2638b886-d4f7-47f5-a97d-b5122447515e", "query": "bts", "docid": "8ad764aa0ca446ecbbc91515b0965c3f", "rank": "10", "page": "4"}
{"type": "cursorEnteredSnippet", "timestamp": "2026-02-19T09:24:21.790Z", "sessionID": "2638b886-d4f7-47f5-a97d-b5122447515e", "query": "bts", "docid": "3d21474fff4e406c9db2984d5edf647b", "rank": "9", "page": "4"}
{"type": "clickedResult", "timestamp": "2026-02-19T09:24:22.593Z", "sessionID": "2638b886-d4f7-47f5-a97d-b5122447515e", "query": "bts", "rank": "9", "page": "4", "url": ""}
{"type": "searchResultGenerated", "timestamp": "2026-02-19T09:24:22.956Z", "sessionID": "2638b886-d4f7-47f5-a97d-b5122447515e", "query": "bts", "docid": "1034d422a9154fd09d1ef847809c4d88", "rank": "1", "page": "4", "url": "", "windowLocation": "http://localhost:7001/result?query=bts&page=4"}
{"type": "searchResultGenerated", "timestamp": "2026-02-19T09:24:22.956Z", "sessionID": "2638b886-d4f7-47f5-a97d-b5122447515e", "query": "bts", "docid": "7e5b61a8d8fc4a10b910568f6edb6a8a", "rank": "2", "page": "4", "url": "", "windowLocation": "http://localhost:7001/result?query=bts&page=4"}
{"type": "searchResultGenerated", "timestamp": "2026-02-19T09:24:22.957Z", "sessionID": "2638b886-d4f7-47f5-a97d-b5122447515e", "query": "bts", "docid": "c88ee8508c2648bd8ef81dc52935e6cc", "rank": "3", "page": "4", "url": "", "windowLocation": "http://localhost:7001/result?query=bts&page=4"}
{"type": "searchResultGenerated", "timestamp": "2026-02-19T09:24:22.957Z", "sessionID": "2638b886-d4f7-47f5-a97d-b5122447515e", "query": "bts", "docid": "b672beb418f944cb8f2d13799e4dbe70", "rank": "4", "page": "4", "url": "", "windowLocation": "http://localhost:7001/result?query=bts&page=4"}
{"type": "searchResultGenerated", "timestamp": "2026-02-19T09:24:22.958Z", "sessionID": "2638b886-d4f7-47f5-a97d-b5122447515e", "query": "bts", "docid": "5fab9e1658d54ae88edf5fb6cdbedcaf", "rank": "5", "page": "4", "url": "", "windowLocation": "http://localhost:7001/result?query=bts&page=4"}
{"type": "searchResultGenerated", "timestamp": "2026-02-19T09:24:22.958Z", "sessionID": "2638b886-d4f7-47f5-a97d-b5122447515e", "query": "bts", "docid": "574d68afdf82423e8b12bc97573e0343", "rank": "6", "page": "4", "url": "", "windowLocation": "http://localhost:7001/result?query=bts&page=4"}
{"type": "searchResultGenerated", "timestamp": "2026-02-19T09:24:22.959Z", "sessionID": "2638b886-d4f7-47f5-a97d-b5122447515e", "query": "bts", "docid": "3cfb8b4296b54caea408463b2581facf", "rank": "7", "page": "4", "url": "", "windowLocation": "http://localhost:7001/result?query=bts&page=4"}
{"type": "searchResultGenerated", "timestamp": "2026-02-19T09:24:22.959Z", "sessionID": "2638b886-d4f7-47f5-a97d-b5122447515e", "query": "bts", "docid": "4f9917c6ad7d4be09dfd0ecac596d7a1", "rank": "8", "page": "4", "url": "", "windowLocation": "http://localhost:7001/result?query=bts&page=4"}
{"type": "searchResultGenerated", "timestamp": "2026-02-19T09:24:22.959Z", "sessionID": "2638b886-d4f7-47f5-a97d-b5122447515e", "query": "bts", "docid": "3d21474fff4e406c9db2984d5edf647b", "rank": "9", "page": "4", "url": "", "windowLocation": "http://localhost:7001/result?query=bts&page=4"}
{"type": "searchResultGenerated", "timestamp": "2026-02-19T09:24:22.960Z", "sessionID": "2638b886-d4f7-47f5-a97d-b5122447515e", "query": "bts", "docid": "8ad764aa0ca446ecbbc91515b0965c3f", "rank": "10", "page": "4", "url": "", "windowLocation": "http://localhost:7001/result?query=bts&page=4"}
{"type": "cursorLeftSnippet", "timestamp": "2026-02-19T09:24:26.262Z", "sessionID": "2638b886-d4f7-47f5-a97d-b5122447515e", "query": "bts", "docid": "b672beb418f944cb8f2d13799e4dbe70", "rank": "4", "page": "4"}
{"type": "cursorEnteredSnippet", "timestamp": "2026-02-19T09:24:26.262Z", "sessionID": "2638b886-d4f7-47f5-a97d-b5122447515e", "query": "bts", "docid": "3d21474fff4e406c9db2984d5edf647b", "rank": "9", "page": "4"}
{"type": "cursorLeftSnippet", "timestamp": "2026-02-19T09:24:26.823Z", "sessionID": "2638b886-d4f7-47f5-a97d-b5122447515e", "query": "bts", "docid": "3d21474fff4e406c9db2984d5edf647b", "rank": "9", "page": "4"}
{"type": "cursorEnteredSnippet", "timestamp": "2026-02-19T09:24:26.840Z", "sessionID": "2638b886-d4f7-47f5-a97d-b5122447515e", "query": "bts", "docid": "4f9917c6ad7d4be09dfd0ecac596d7a1", "rank": "8", "page": "4"}
{"type": "cursorLeftSnippet", "timestamp": "2026-02-19T09:24:26.889Z", "sessionID": "2638b886-d4f7-47f5-a97d-b5122447515e", "query": "bts", "docid": "4f9917c6ad7d4be09dfd0ecac596d7a1", "rank": "8", "page": "4"}
{"type": "cursorEnteredSnippet", "timestamp": "2026-02-19T09:24:27.591Z", "sessionID": "2638b886-d4f7-47f5-a97d-b5122447515e", "query": "bts", "docid": "3d21474fff4e406c9db2984d5edf647b", "rank": "9", "page": "4"}
{"type": "cursorLeftSnippet", "timestamp": "2026-02-19T09:24:27.656Z", "sessionID": "2638b886-d4f7-47f5-a97d-b5122447515e", "query": "bts", "docid": "3d21474fff4e406c9db2984d5edf647b", "rank": "9", "page": "4"}
{"type": "cursorEnteredSnippet", "timestamp": "2026-02-19T09:24:27.673Z", "sessionID": "2638b886-d4f7-47f5-a97d-b5122447515e", "query": "bts", "docid": "8ad764aa0ca446ecbbc91515b0965c3f", "rank": "10", "page": "4"}
{"type": "cursorLeftSnippet", "timestamp": "2026-02-19T09:24:27.840Z", "sessionID": "2638b886-d4f7-47f5-a97d-b5122447515e", "query": "bts", "docid": "8ad764aa0ca446ecbbc91515b0965c3f", "rank": "10", "page": "4"}
{"type": "pageNavigationClicked", "timestamp": "2026-02-19T09:24:28.572Z", "sessionID": "2638b886-d4f7-47f5-a97d-b5122447515e", "clicked": "8", "fromPage": 4, "toPage": 8}
{"type": "searchResultGenerated", "timestamp": "2026-02-19T09:24:28.880Z", "sessionID": "2638b886-d4f7-47f5-a97d-b5122447515e", "query": "bts", "docid": "a973f5c9e82f408a9250225082178674", "rank": "1", "page": "8", "url": "", "windowLocation": "http://localhost:7001/result?query=bts&page=8"}
{"type": "searchResultGenerated", "timestamp": "2026-02-19T09:24:28.881Z", "sessionID": "2638b886-d4f7-47f5-a97d-b5122447515e", "query": "bts", "docid": "ff65c3fdfbd6405b84d3a79ae4515b87", "rank": "2", "page": "8", "url": "", "windowLocation": "http://localhost:7001/result?query=bts&page=8"}
{"type": "searchResultGenerated", "timestamp": "2026-02-19T09:24:28.881Z", "sessionID": "2638b886-d4f7-47f5-a97d-b5122447515e", "query": "bts", "docid": "85044d110e9d425c9b2fa4c27314a860", "rank": "3", "page": "8", "url": "", "windowLocation": "http://localhost:7001/result?query=bts&page=8"}
{"type": "searchResultGenerated", "timestamp": "2026-02-19T09:24:28.882Z", "sessionID": "2638b886-d4f7-47f5-a97d-b5122447515e", "query": "bts", "docid": "e966de8366324f449864b5a7f7ff2002", "rank": "4", "page": "8", "url": "", "windowLocation": "http://localhost:7001/result?query=bts&page=8"}
{"type": "searchResultGenerated", "timestamp": "2026-02-19T09:24:28.882Z", "sessionID": "2638b886-d4f7-47f5-a97d-b5122447515e", "query": "bts", "docid": "392f5b41d81f44038a0ea973ed86b253", "rank": "5", "page": "8", "url": "", "windowLocation": "http://localhost:7001/result?query=bts&page=8"}
{"type": "searchResultGenerated", "timestamp": "2026-02-19T09:24:28.883Z", "sessionID": "2638b886-d4f7-47f5-a97d-b5122447515e", "query": "bts", "docid": "efc865ca59cd4282ad3ba983084d7373", "rank": "6", "page": "8", "url": "", "windowLocation": "http://localhost:7001/result?query=bts&page=8"}
{"type": "searchResultGenerated", "timestamp": "2026-02-19T09:24:28.883Z", "sessionID": "2638b886-d4f7-47f5-a97d-b5122447515e", "query": "bts", "docid": "ab99411c25fa45ef844d620ead943ba0", "rank": "7", "page": "8", "url": "", "windowLocation": "http://localhost:7001/result?query=bts&page=8"}
{"type": "searchResultGenerated", "timestamp": "2026-02-19T09:24:28.884Z", "sessionID": "2638b886-d4f7-47f5-a97d-b5122447515e", "query": "bts", "docid": "2361bdaf5a2742a59333516df9ac81b6", "rank": "8", "page": "8", "url": "", "windowLocation": "http://localhost:7001/result?query=bts&page=8"}
{"type": "searchResultGenerated", "timestamp": "2026-02-19T09:24:28.884Z", "sessionID": "2638b886-d4f7-47f5-a97d-b5122447515e", "query": "bts", "docid": "738975e9b0af48aea9ed9f3f0a101117", "rank": "9", "page": "8", "url": "", "windowLocation": "http://localhost:7001/result?query=bts&page=8"}
{"type": "searchResultGenerated", "timestamp": "2026-02-19T09:24:28.885Z", "sessionID": "2638b886-d4f7-47f5-a97d-b5122447515e", "query": "bts", "docid": "0e02428fcd6845daa2cb8023380e4e4a", "rank": "10", "page": "8", "url": "", "windowLocation": "http://localhost:7001/result?query=bts&page=8"}
{"type": "cursorEnteredSnippet", "timestamp": "2026-02-19T09:24:28.931Z", "sessionID": "2638b886-d4f7-47f5-a97d-b5122447515e", "query": "bts", "docid": "efc865ca59cd4282ad3ba983084d7373", "rank": "6", "page": "8"}
{"type": "cursorLeftSnippet", "timestamp": "2026-02-19T09:24:28.973Z", "sessionID": "2638b886-d4f7-47f5-a97d-b5122447515e", "query": "bts", "docid": "efc865ca59cd4282ad3ba983084d7373", "rank": "6", "page": "8"}
{"type": "cursorEnteredSnippet", "timestamp": "2026-02-19T09:24:29.006Z", "sessionID": "2638b886-d4f7-47f5-a97d-b5122447515e", "query": "bts", "docid": "392f5b41d81f44038a0ea973ed86b253", "rank": "5", "page": "8"}
{"type": "cursorLeftSnippet", "timestamp": "2026-02-19T09:24:29.173Z", "sessionID": "2638b886-d4f7-47f5-a97d-b5122447515e", "query": "bts", "docid": "392f5b41d81f44038a0ea973ed86b253", "rank": "5", "page": "8"}
{"type": "cursorEnteredSnippet", "timestamp": "2026-02-19T09:24:29.441Z", "sessionID": "2638b886-d4f7-47f5-a97d-b5122447515e", "query": "bts", "docid": "392f5b41d81f44038a0ea973ed86b253", "rank": "5", "page": "8"}
{"type": "clickedResult", "timestamp": "2026-02-19T09:24:29.941Z", "sessionID": "2638b886-d4f7-47f5-a97d-b5122447515e", "query": "bts", "rank": "5", "page": "8", "url": ""}
{"type": "searchResultGenerated", "timestamp": "2026-02-19T09:24:30.308Z", "sessionID": "2638b886-d4f7-47f5-a97d-b5122447515e", "query": "bts", "docid": "a973f5c9e82f408a9250225082178674", "rank": "1", "page": "8", "url": "", "windowLocation": "http://localhost:7001/result?query=bts&page=8"}
{"type": "searchResultGenerated", "timestamp": "2026-02-19T09:24:30.309Z", "sessionID": "2638b886-d4f7-47f5-a97d-b5122447515e", "query": "bts", "docid": "ff65c3fdfbd6405b84d3a79ae4515b87", "rank": "2", "page": "8", "url": "", "windowLocation": "http://localhost:7001/result?query=bts&page=8"}
{"type": "searchResultGenerated", "timestamp": "2026-02-19T09:24:30.309Z", "sessionID": "2638b886-d4f7-47f5-a97d-b5122447515e", "query": "bts", "docid": "85044d110e9d425c9b2fa4c27314a860", "rank": "3", "page": "8", "url": "", "windowLocation": "http://localhost:7001/result?query=bts&page=8"}
{"type": "searchResultGenerated", "timestamp": "2026-02-19T09:24:30.309Z", "sessionID": "2638b886-d4f7-47f5-a97d-b5122447515e", "query": "bts", "docid": "e966de8366324f449864b5a7f7ff2002", "rank": "4", "page": "8", "url": "", "windowLocation": "http://localhost:7001/result?query=bts&page=8"}
{"type": "searchResultGenerated", "timestamp": "2026-02-19T09:24:30.310Z", "sessionID": "2638b886-d4f7-47f5-a97d-b5122447515e", "query": "bts", "docid": "392f5b41d81f44038a0ea973ed86b253", "rank": "5", "page": "8", "url": "", "windowLocation": "http://localhost:7001/result?query=bts&page=8"}
{"type": "searchResultGenerated", "timestamp": "2026-02-19T09:24:30.310Z", "sessionID": "2638b886-d4f7-47f5-a97d-b5122447515e", "query": "bts", "docid": "efc865ca59cd4282ad3ba983084d7373", "rank": "6", "page": "8", "url": "", "windowLocation": "http://localhost:7001/result?query=bts&page=8"}
{"type": "searchResultGenerated", "timestamp": "2026-02-19T09:24:30.310Z", "sessionID": "2638b886-d4f7-47f5-a97d-b5122447515e", "query": "bts", "docid": "ab99411c25fa45ef844d620ead943ba0", "rank": "7", "page": "8", "url": "", "windowLocation": "http://localhost:7001/result?query=bts&page=8"}
{"type": "searchResultGenerated", "timestamp": "2026-02-19T09:24:30.311Z", "sessionID": "2638b886-d4f7-47f5-a97d-b5122447515e", "query": "bts", "docid": "2361bdaf5a2742a59333516df9ac81b6", "rank": "8", "page": "8", "url": "", "windowLocation": "http://localhost:7001/result?query=bts&page=8"}
{"type": "searchResultGenerated", "timestamp": "2026-02-19T09:24:30.311Z", "sessionID": "2638b886-d4f7-47f5-a97d-b5122447515e", "query": "bts", "docid": "738975e9b0af48aea9ed9f3f0a101117", "rank": "9", "page": "8", "url": "", "windowLocation": "http://localhost:7001/result?query=bts&page=8"}
{"type": "searchResultGenerated", "timestamp": "2026-02-19T09:24:30.311Z", "sessionID": "2638b886-d4f7-47f5-a97d-b5122447515e", "query": "bts", "docid": "0e02428fcd6845daa2cb8023380e4e4a", "rank": "10", "page": "8", "url": "", "windowLocation": "http://localhost:7001/result?query=bts&page=8"}
{"type": "clickedResult", "timestamp": "2026-02-19T09:24:31.784Z", "sessionID": "2638b886-d4f7-47f5-a97d-b5122447515e", "query": "bts", "rank": "5", "page": "8", "url": ""}
{"type": "searchResultGenerated", "timestamp": "2026-02-19T09:24:32.142Z", "sessionID": "2638b886-d4f7-47f5-a97d-b5122447515e", "query": "bts", "docid": "a973f5c9e82f408a9250225082178674", "rank": "1", "page": "8", "url": "", "windowLocation": "http://localhost:7001/result?query=bts&page=8"}
{"type": "searchResultGenerated", "timestamp": "2026-02-19T09:24:32.143Z", "sessionID": "2638b886-d4f7-47f5-a97d-b5122447515e", "query": "bts", "docid": "ff65c3fdfbd6405b84d3a79ae4515b87", "rank": "2", "page": "8", "url": "", "windowLocation": "http://localhost:7001/result?query=bts&page=8"}
{"type": "searchResultGenerated", "timestamp": "2026-02-19T09:24:32.144Z", "sessionID": "2638b886-d4f7-47f5-a97d-b5122447515e", "query": "bts", "docid": "85044d110e9d425c9b2fa4c27314a860", "rank": "3", "page": "8", "url": "", "windowLocation": "http://localhost:7001/result?query=bts&page=8"}
{"type": "searchResultGenerated", "timestamp": "2026-02-19T09:24:32.144Z", "sessionID": "2638b886-d4f7-47f5-a97d-b5122447515e", "query": "bts", "docid": "e966de8366324f449864b5a7f7ff2002", "rank": "4", "page": "8", "url": "", "windowLocation": "http://localhost:7001/result?query=bts&page=8"}
{"type": "searchResultGenerated", "timestamp": "2026-02-19T09:24:32.145Z", "sessionID": "2638b886-d4f7-47f5-a97d-b5122447515e", "query": "bts", "docid": "392f5b41d81f44038a0ea973ed86b253", "rank": "5", "page": "8", "url": "", "windowLocation": "http://localhost:7001/result?query=bts&page=8"}
{"type": "searchResultGenerated", "timestamp": "2026-02-19T09:24:32.145Z", "sessionID": "2638b886-d4f7-47f5-a97d-b5122447515e", "query": "bts", "docid": "efc865ca59cd4282ad3ba983084d7373", "rank": "6", "page": "8", "url": "", "windowLocation": "http://localhost:7001/result?query=bts&page=8"}
{"type": "searchResultGenerated", "timestamp": "2026-02-19T09:24:32.146Z", "sessionID": "2638b886-d4f7-47f5-a97d-b5122447515e", "query": "bts", "docid": "ab99411c25fa45ef844d620ead943ba0", "rank": "7", "page": "8", "url": "", "windowLocation": "http://localhost:7001/result?query=bts&page=8"}
{"type": "searchResultGenerated", "timestamp": "2026-02-19T09:24:32.147Z", "sessionID": "2638b886-d4f7-47f5-a97d-b5122447515e", "query": "bts", "docid": "2361bdaf5a2742a59333516df9ac81b6", "rank": "8", "page": "8", "url": "", "windowLocation": "http://localhost:7001/result?query=bts&page=8"}
{"type": "searchResultGenerated", "timestamp": "2026-02-19T09:24:32.147Z", "sessionID": "2638b886-d4f7-47f5-a97d-b5122447515e", "query": "bts", "docid": "738975e9b0af48aea9ed9f3f0a101117", "rank": "9", "page": "8", "url": "", "windowLocation": "http://localhost:7001/result?query=bts&page=8"}
{"type": "searchResultGenerated", "timestamp": "2026-02-19T09:24:32.148Z", "sessionID": "2638b886-d4f7-47f5-a97d-b5122447515e", "query": "bts", "docid": "0e02428fcd6845daa2cb8023380e4e4a", "rank": "10", "page": "8", "url": "", "windowLocation": "http://localhost:7001/result?query=bts&page=8"}
{"type": "cursorEnteredSnippet", "timestamp": "2026-02-19T09:24:32.156Z", "sessionID": "2638b886-d4f7-47f5-a97d-b5122447515e", "query": "bts", "docid": "392f5b41d81f44038a0ea973ed86b253", "rank": "5", "page": "8"}
{"type": "clickedResult", "timestamp": "2026-02-19T09:24:33.088Z", "sessionID": "2638b886-d4f7-47f5-a97d-b5122447515e", "query": "bts", "rank": "5", "page": "8", "url": ""}
{"type": "searchResultGenerated", "timestamp": "2026-02-19T09:24:33.477Z", "sessionID": "2638b886-d4f7-47f5-a97d-b5122447515e", "query": "bts", "docid": "a973f5c9e82f408a9250225082178674", "rank": "1", "page": "8", "url": "", "windowLocation": "http://localhost:7001/result?query=bts&page=8"}
{"type": "searchResultGenerated", "timestamp": "2026-02-19T09:24:33.478Z", "sessionID": "2638b886-d4f7-47f5-a97d-b5122447515e", "query": "bts", "docid": "ff65c3fdfbd6405b84d3a79ae4515b87", "rank": "2", "page": "8", "url": "", "windowLocation": "http://localhost:7001/result?query=bts&page=8"}
{"type": "searchResultGenerated", "timestamp": "2026-02-19T09:24:33.478Z", "sessionID": "2638b886-d4f7-47f5-a97d-b5122447515e", "query": "bts", "docid": "85044d110e9d425c9b2fa4c27314a860", "rank": "3", "page": "8", "url": "", "windowLocation": "http://localhost:7001/result?query=bts&page=8"}
{"type": "searchResultGenerated", "timestamp": "2026-02-19T09:24:33.478Z", "sessionID": "2638b886-d4f7-47f5-a97d-b5122447515e", "query": "bts", "docid": "e966de8366324f449864b5a7f7ff2002", "rank": "4", "page": "8", "url": "", "windowLocation": "http://localhost:7001/result?query=bts&page=8"}
{"type": "searchResultGenerated", "timestamp": "2026-02-19T09:24:33.478Z", "sessionID": "2638b886-d4f7-47f5-a97d-b5122447515e", "query": "bts", "docid": "392f5b41d81f44038a0ea973ed86b253", "rank": "5", "page": "8", "url": "", "windowLocation": "http://localhost:7001/result?query=bts&page=8"}
{"type": "searchResultGenerated", "timestamp": "2026-02-19T09:24:33.479Z", "sessionID": "2638b886-d4f7-47f5-a97d-b5122447515e", "query": "bts", "docid": "efc865ca59cd4282ad3ba983084d7373", "rank": "6", "page": "8", "url": "", "windowLocation": "http://localhost:7001/result?query=bts&page=8"}
{"type": "searchResultGenerated", "timestamp": "2026-02-19T09:24:33.479Z", "sessionID": "2638b886-d4f7-47f5-a97d-b5122447515e", "query": "bts", "docid": "ab99411c25fa45ef844d620ead943ba0", "rank": "7", "page": "8", "url": "", "windowLocation": "http://localhost:7001/result?query=bts&page=8"}
{"type": "searchResultGenerated", "timestamp": "2026-02-19T09:24:33.479Z", "sessionID": "2638b886-d4f7-47f5-a97d-b5122447515e", "query": "bts", "docid": "2361bdaf5a2742a59333516df9ac81b6", "rank": "8", "page": "8", "url": "", "windowLocation": "http://localhost:7001/result?query=bts&page=8"}
{"type": "searchResultGenerated", "timestamp": "2026-02-19T09:24:33.479Z", "sessionID": "2638b886-d4f7-47f5-a97d-b5122447515e", "query": "bts", "docid": "738975e9b0af48aea9ed9f3f0a101117", "rank": "9", "page": "8", "url": "", "windowLocation": "http://localhost:7001/result?query=bts&page=8"}
{"type": "searchResultGenerated", "timestamp": "2026-02-19T09:24:33.480Z", "sessionID": "2638b886-d4f7-47f5-a97d-b5122447515e", "query": "bts", "docid": "0e02428fcd6845daa2cb8023380e4e4a", "rank": "10", "page": "8", "url": "", "windowLocation": "http://localhost:7001/result?query=bts&page=8"}
{"type": "cursorEnteredSnippet", "timestamp": "2026-02-19T09:24:33.482Z", "sessionID": "2638b886-d4f7-47f5-a97d-b5122447515e", "query": "bts", "docid": "392f5b41d81f44038a0ea973ed86b253", "rank": "5", "page": "8"}
{"type": "cursorLeftSnippet", "timestamp": "2026-02-19T09:24:34.457Z", "sessionID": "2638b886-d4f7-47f5-a97d-b5122447515e", "query": "bts", "docid": "392f5b41d81f44038a0ea973ed86b253", "rank": "5", "page": "8"}
{"type": "cursorEnteredSnippet", "timestamp": "2026-02-19T09:24:36.680Z", "sessionID": "2638b886-d4f7-47f5-a97d-b5122447515e", "query": "bts", "docid": "2361bdaf5a2742a59333516df9ac81b6", "rank": "8", "page": "8"}
{"type": "cursorLeftSnippet", "timestamp": "2026-02-19T09:24:36.756Z", "sessionID": "2638b886-d4f7-47f5-a97d-b5122447515e", "query": "bts", "docid": "2361bdaf5a2742a59333516df9ac81b6", "rank": "8", "page": "8"}
{"type": "cursorEnteredSnippet", "timestamp": "2026-02-19T09:24:36.756Z", "sessionID": "2638b886-d4f7-47f5-a97d-b5122447515e", "query": "bts", "docid": "ab99411c25fa45ef844d620ead943ba0", "rank": "7", "page": "8"}
{"type": "cursorLeftSnippet", "timestamp": "2026-02-19T09:24:36.772Z", "sessionID": "2638b886-d4f7-47f5-a97d-b5122447515e", "query": "bts", "docid": "ab99411c25fa45ef844d620ead943ba0", "rank": "7", "page": "8"}
{"type": "cursorEnteredSnippet", "timestamp": "2026-02-19T09:24:36.789Z", "sessionID": "2638b886-d4f7-47f5-a97d-b5122447515e", "query": "bts", "docid": "efc865ca59cd4282ad3ba983084d7373", "rank": "6", "page": "8"}
{"type": "cursorLeftSnippet", "timestamp": "2026-02-19T09:24:36.806Z", "sessionID": "2638b886-d4f7-47f5-a97d-b5122447515e", "query": "bts", "docid": "efc865ca59cd4282ad3ba983084d7373", "rank": "6", "page": "8"}
{"type": "cursorEnteredSnippet", "timestamp": "2026-02-19T09:24:37.173Z", "sessionID": "2638b886-d4f7-47f5-a97d-b5122447515e", "query": "bts", "docid": "392f5b41d81f44038a0ea973ed86b253", "rank": "5", "page": "8"}
{"type": "cursorLeftSnippet", "timestamp": "2026-02-19T09:24:37.272Z", "sessionID": "2638b886-d4f7-47f5-a97d-b5122447515e", "query": "bts", "docid": "392f5b41d81f44038a0ea973ed86b253", "rank": "5", "page": "8"}
{"type": "queryBoxFocused", "timestamp": "2026-02-19T09:24:37.835Z", "sessionID": "2638b886-d4f7-47f5-a97d-b5122447515e"}
{"type": "querySubmitted", "timestamp": "2026-02-19T09:24:43.569Z", "sessionID": "2638b886-d4f7-47f5-a97d-b5122447515e", "query": "sea"}
{"type": "cursorEnteredSnippet", "timestamp": "2026-02-19T09:25:12.487Z", "sessionID": "2638b886-d4f7-47f5-a97d-b5122447515e", "query": "bts", "docid": "ab99411c25fa45ef844d620ead943ba0", "rank": "7", "page": "8"}
{"type": "cursorLeftSnippet", "timestamp": "2026-02-19T09:25:12.521Z", "sessionID": "2638b886-d4f7-47f5-a97d-b5122447515e", "query": "bts", "docid": "ab99411c25fa45ef844d620ead943ba0", "rank": "7", "page": "8"}
{"type": "cursorEnteredSnippet", "timestamp": "2026-02-19T09:25:12.521Z", "sessionID": "2638b886-d4f7-47f5-a97d-b5122447515e", "query": "bts", "docid": "2361bdaf5a2742a59333516df9ac81b6", "rank": "8", "page": "8"}
{"type": "cursorLeftSnippet", "timestamp": "2026-02-19T09:25:12.754Z", "sessionID": "2638b886-d4f7-47f5-a97d-b5122447515e", "query": "bts", "docid": "2361bdaf5a2742a59333516df9ac81b6", "rank": "8", "page": "8"}
{"type": "cursorEnteredSnippet", "timestamp": "2026-02-19T09:25:12.770Z", "sessionID": "2638b886-d4f7-47f5-a97d-b5122447515e", "query": "bts", "docid": "ab99411c25fa45ef844d620ead943ba0", "rank": "7", "page": "8"}
{"type": "cursorLeftSnippet", "timestamp": "2026-02-19T09:25:12.804Z", "sessionID": "2638b886-d4f7-47f5-a97d-b5122447515e", "query": "bts", "docid": "ab99411c25fa45ef844d620ead943ba0", "rank": "7", "page": "8"}
{"type": "cursorEnteredSnippet", "timestamp": "2026-02-19T09:25:12.804Z", "sessionID": "2638b886-d4f7-47f5-a97d-b5122447515e", "query": "bts", "docid": "efc865ca59cd4282ad3ba983084d7373", "rank": "6", "page": "8"}
{"type": "cursorLeftSnippet", "timestamp": "2026-02-19T09:25:12.837Z", "sessionID": "2638b886-d4f7-47f5-a97d-b5122447515e", "query": "bts", "docid": "efc865ca59cd4282ad3ba983084d7373", "rank": "6", "page": "8"}
{"type": "cursorEnteredSnippet", "timestamp": "2026-02-19T09:25:12.854Z", "sessionID": "2638b886-d4f7-47f5-a97d-b5122447515e", "query": "bts", "docid": "392f5b41d81f44038a0ea973ed86b253", "rank": "5", "page": "8"}
{"type": "cursorLeftSnippet", "timestamp": "2026-02-19T09:25:13.037Z", "sessionID": "2638b886-d4f7-47f5-a97d-b5122447515e", "query": "bts", "docid": "392f5b41d81f44038a0ea973ed86b253", "rank": "5", "page": "8"}
{"type": "queryBoxFocused", "timestamp": "2026-02-19T09:25:13.338Z", "sessionID": "2638b886-d4f7-47f5-a97d-b5122447515e"}
{"type": "querySubmitted", "timestamp": "2026-02-19T09:25:14.505Z", "sessionID": "2638b886-d4f7-47f5-a97d-b5122447515e", "query": "sea"}
{"type": "cursorEnteredSnippet", "timestamp": "2026-02-19T09:25:24.704Z", "sessionID": "2638b886-d4f7-47f5-a97d-b5122447515e", "query": "bts", "docid": "efc865ca59cd4282ad3ba983084d7373", "rank": "6", "page": "8"}
{"type": "cursorLeftSnippet", "timestamp": "2026-02-19T09:25:24.754Z", "sessionID": "2638b886-d4f7-47f5-a97d-b5122447515e", "query": "bts", "docid": "efc865ca59cd4282ad3ba983084d7373", "rank": "6", "page": "8"}
{"type": "cursorEnteredSnippet", "timestamp": "2026-02-19T09:25:24.754Z", "sessionID": "2638b886-d4f7-47f5-a97d-b5122447515e", "query": "bts", "docid": "ab99411c25fa45ef844d620ead943ba0", "rank": "7", "page": "8"}
{"type": "cursorLeftSnippet", "timestamp": "2026-02-19T09:25:24.790Z", "sessionID": "2638b886-d4f7-47f5-a97d-b5122447515e", "query": "bts", "docid": "ab99411c25fa45ef844d620ead943ba0", "rank": "7", "page": "8"}
{"type": "cursorEnteredSnippet", "timestamp": "2026-02-19T09:25:24.791Z", "sessionID": "2638b886-d4f7-47f5-a97d-b5122447515e", "query": "bts", "docid": "2361bdaf5a2742a59333516df9ac81b6", "rank": "8", "page": "8"}
{"type": "cursorLeftSnippet", "timestamp": "2026-02-19T09:25:24.837Z", "sessionID": "2638b886-d4f7-47f5-a97d-b5122447515e", "query": "bts", "docid": "2361bdaf5a2742a59333516df9ac81b6", "rank": "8", "page": "8"}
{"type": "cursorEnteredSnippet", "timestamp": "2026-02-19T09:25:24.838Z", "sessionID": "2638b886-d4f7-47f5-a97d-b5122447515e", "query": "bts", "docid": "738975e9b0af48aea9ed9f3f0a101117", "rank": "9", "page": "8"}
{"type": "cursorLeftSnippet", "timestamp": "2026-02-19T09:25:25.671Z", "sessionID": "2638b886-d4f7-47f5-a97d-b5122447515e", "query": "bts", "docid": "738975e9b0af48aea9ed9f3f0a101117", "rank": "9", "page": "8"}
{"type": "cursorEnteredSnippet", "timestamp": "2026-02-19T09:25:25.686Z", "sessionID": "2638b886-d4f7-47f5-a97d-b5122447515e", "query": "bts", "docid": "2361bdaf5a2742a59333516df9ac81b6", "rank": "8", "page": "8"}
{"type": "cursorLeftSnippet", "timestamp": "2026-02-19T09:25:25.804Z", "sessionID": "2638b886-d4f7-47f5-a97d-b5122447515e", "query": "bts", "docid": "2361bdaf5a2742a59333516df9ac81b6", "rank": "8", "page": "8"}
{"type": "cursorEnteredSnippet", "timestamp": "2026-02-19T09:25:25.820Z", "sessionID": "2638b886-d4f7-47f5-a97d-b5122447515e", "query": "bts", "docid": "ab99411c25fa45ef844d620ead943ba0", "rank": "7", "page": "8"}
{"type": "cursorLeftSnippet", "timestamp": "2026-02-19T09:25:26.037Z", "sessionID": "2638b886-d4f7-47f5-a97d-b5122447515e", "query": "bts", "docid": "ab99411c25fa45ef844d620ead943ba0", "rank": "7", "page": "8"}
{"type": "cursorEnteredSnippet", "timestamp": "2026-02-19T09:25:26.054Z", "sessionID": "2638b886-d4f7-47f5-a97d-b5122447515e", "query": "bts", "docid": "efc865ca59cd4282ad3ba983084d7373", "rank": "6", "page": "8"}
{"type": "cursorLeftSnippet", "timestamp": "2026-02-19T09:25:26.120Z", "sessionID": "2638b886-d4f7-47f5-a97d-b5122447515e", "query": "bts", "docid": "efc865ca59cd4282ad3ba983084d7373", "rank": "6", "page": "8"}
{"type": "cursorEnteredSnippet", "timestamp": "2026-02-19T09:25:26.137Z", "sessionID": "2638b886-d4f7-47f5-a97d-b5122447515e", "query": "bts", "docid": "392f5b41d81f44038a0ea973ed86b253", "rank": "5", "page": "8"}
{"type": "cursorLeftSnippet", "timestamp": "2026-02-19T09:25:26.170Z", "sessionID": "2638b886-d4f7-47f5-a97d-b5122447515e", "query": "bts", "docid": "392f5b41d81f44038a0ea973ed86b253", "rank": "5", "page": "8"}
{"type": "querySubmitted", "timestamp": "2026-02-19T09:25:28.206Z", "sessionID": "2638b886-d4f7-47f5-a97d-b5122447515e", "query": "sea"}
{"type": "cursorEnteredSnippet", "timestamp": "2026-02-19T09:25:34.370Z", "sessionID": "2638b886-d4f7-47f5-a97d-b5122447515e", "query": "bts", "docid": "efc865ca59cd4282ad3ba983084d7373", "rank": "6", "page": "8"}
{"type": "cursorLeftSnippet", "timestamp": "2026-02-19T09:25:34.420Z", "sessionID": "2638b886-d4f7-47f5-a97d-b5122447515e", "query": "bts", "docid": "efc865ca59cd4282ad3ba983084d7373", "rank": "6", "page": "8"}
{"type": "cursorEnteredSnippet", "timestamp": "2026-02-19T09:25:34.436Z", "sessionID": "2638b886-d4f7-47f5-a97d-b5122447515e", "query": "bts", "docid": "ab99411c25fa45ef844d620ead943ba0", "rank": "7", "page": "8"}
{"type": "cursorLeftSnippet", "timestamp": "2026-02-19T09:25:34.553Z", "sessionID": "2638b886-d4f7-47f5-a97d-b5122447515e", "query": "bts", "docid": "ab99411c25fa45ef844d620ead943ba0", "rank": "7", "page": "8"}
{"type": "cursorEnteredSnippet", "timestamp": "2026-02-19T09:25:34.603Z", "sessionID": "2638b886-d4f7-47f5-a97d-b5122447515e", "query": "bts", "docid": "2361bdaf5a2742a59333516df9ac81b6", "rank": "8", "page": "8"}
{"type": "cursorLeftSnippet", "timestamp": "2026-02-19T09:25:35.086Z", "sessionID": "2638b886-d4f7-47f5-a97d-b5122447515e", "query": "bts", "docid": "2361bdaf5a2742a59333516df9ac81b6", "rank": "8", "page": "8"}
{"type": "cursorEnteredSnippet", "timestamp": "2026-02-19T09:25:35.119Z", "sessionID": "2638b886-d4f7-47f5-a97d-b5122447515e", "query": "bts", "docid": "ab99411c25fa45ef844d620ead943ba0", "rank": "7", "page": "8"}
{"type": "cursorLeftSnippet", "timestamp": "2026-02-19T09:25:35.203Z", "sessionID": "2638b886-d4f7-47f5-a97d-b5122447515e", "query": "bts", "docid": "ab99411c25fa45ef844d620ead943ba0", "rank": "7", "page": "8"}
{"type": "cursorEnteredSnippet", "timestamp": "2026-02-19T09:25:35.236Z", "sessionID": "2638b886-d4f7-47f5-a97d-b5122447515e", "query": "bts", "docid": "efc865ca59cd4282ad3ba983084d7373", "rank": "6", "page": "8"}
{"type": "cursorLeftSnippet", "timestamp": "2026-02-19T09:25:35.736Z", "sessionID": "2638b886-d4f7-47f5-a97d-b5122447515e", "query": "bts", "docid": "efc865ca59cd4282ad3ba983084d7373", "rank": "6", "page": "8"}
{"type": "queryBoxFocused", "timestamp": "2026-02-19T09:25:36.487Z", "sessionID": "2638b886-d4f7-47f5-a97d-b5122447515e"}
{"type": "querySubmitted", "timestamp": "2026-02-19T09:25:47.478Z", "sessionID": "2638b886-d4f7-47f5-a97d-b5122447515e", "query": "politics"}
{"type": "searchResultGenerated", "timestamp": "2026-02-19T09:25:48.007Z", "sessionID": "2638b886-d4f7-47f5-a97d-b5122447515e", "query": "politics", "docid": "8b0e21846c924257b13623b7bd0a9076", "rank": "1", "page": "1", "url": "", "windowLocation": "http://localhost:7001/result"}
{"type": "searchResultGenerated", "timestamp": "2026-02-19T09:25:48.008Z", "sessionID": "2638b886-d4f7-47f5-a97d-b5122447515e", "query": "politics", "docid": "7540b0b4afe24f50b558e451a8e5db0c", "rank": "2", "page": "1", "url": "", "windowLocation": "http://localhost:7001/result"}
{"type": "searchResultGenerated", "timestamp": "2026-02-19T09:25:48.008Z", "sessionID": "2638b886-d4f7-47f5-a97d-b5122447515e", "query": "politics", "docid": "ef362479962f4adfa2e9aa11ec7be92d", "rank": "3", "page": "1", "url": "", "windowLocation": "http://localhost:7001/result"}
{"type": "searchResultGenerated", "timestamp": "2026-02-19T09:25:48.008Z", "sessionID": "2638b886-d4f7-47f5-a97d-b5122447515e", "query": "politics", "docid": "2da02c66288c4734831e1999bdf0cc2a", "rank": "4", "page": "1", "url": "", "windowLocation": "http://localhost:7001/result"}
{"type": "searchResultGenerated", "timestamp": "2026-02-19T09:25:48.008Z", "sessionID": "2638b886-d4f7-47f5-a97d-b5122447515e", "query": "politics", "docid": "b90af68b21bf40c2ac63df9b7ac1d5ef", "rank": "5", "page": "1", "url": "", "windowLocation": "http://localhost:7001/result"}
{"type": "searchResultGenerated", "timestamp": "2026-02-19T09:25:48.008Z", "sessionID": "2638b886-d4f7-47f5-a97d-b5122447515e", "query": "politics", "docid": "b367b7124a4848af9407751e3297f336", "rank": "6", "page": "1", "url": "", "windowLocation": "http://localhost:7001/result"}
{"type": "searchResultGenerated", "timestamp": "2026-02-19T09:25:48.008Z", "sessionID": "2638b886-d4f7-47f5-a97d-b5122447515e", "query": "politics", "docid": "771403b487c54c0ea8949137bb4e2a68", "rank": "7", "page": "1", "url": "", "windowLocation": "http://localhost:7001/result"}
{"type": "searchResultGenerated", "timestamp": "2026-02-19T09:25:48.008Z", "sessionID": "2638b886-d4f7-47f5-a97d-b5122447515e", "query": "politics", "docid": "485e6e3d67294e67a2fef27d1139466f", "rank": "8", "page": "1", "url": "", "windowLocation": "http://localhost:7001/result"}
{"type": "searchResultGenerated", "timestamp": "2026-02-19T09:25:48.008Z", "sessionID": "2638b886-d4f7-47f5-a97d-b5122447515e", "query": "politics", "docid": "c20ef77f368845aebabd4c6d6c06610d", "rank": "9", "page": "1", "url": "", "windowLocation": "http://localhost:7001/result"}
{"type": "searchResultGenerated", "timestamp": "2026-02-19T09:25:48.009Z", "sessionID": "2638b886-d4f7-47f5-a97d-b5122447515e", "query": "politics", "docid": "c9e8f13c4bda43d0aea3103898d1e3ed", "rank": "10", "page": "1", "url": "", "windowLocation": "http://localhost:7001/result"}
{"type": "cursorEnteredSnippet", "timestamp": "2026-02-19T09:25:49.619Z", "sessionID": "2638b886-d4f7-47f5-a97d-b5122447515e", "query": "politics", "docid": "8b0e21846c924257b13623b7bd0a9076", "rank": "1", "page": "1"}
{"type": "cursorLeftSnippet", "timestamp": "2026-02-19T09:25:49.669Z", "sessionID": "2638b886-d4f7-47f5-a97d-b5122447515e", "query": "politics", "docid": "8b0e21846c924257b13623b7bd0a9076", "rank": "1", "page": "1"}
{"type": "cursorEnteredSnippet", "timestamp": "2026-02-19T09:25:49.802Z", "sessionID": "2638b886-d4f7-47f5-a97d-b5122447515e", "query": "politics", "docid": "7540b0b4afe24f50b558e451a8e5db0c", "rank": "2", "page": "1"}
{"type": "clickedResult", "timestamp": "2026-02-19T09:25:51.393Z", "sessionID": "2638b886-d4f7-47f5-a97d-b5122447515e", "query": "politics", "rank": "2", "page": "1", "url": ""}
{"type": "searchResultGenerated", "timestamp": "2026-02-19T09:26:10.855Z", "sessionID": "2638b886-d4f7-47f5-a97d-b5122447515e", "query": "bts", "docid": "a973f5c9e82f408a9250225082178674", "rank": "1", "page": "8", "url": "", "windowLocation": "http://localhost:7001/result?query=bts&page=8"}
{"type": "searchResultGenerated", "timestamp": "2026-02-19T09:26:10.856Z", "sessionID": "2638b886-d4f7-47f5-a97d-b5122447515e", "query": "bts", "docid": "ff65c3fdfbd6405b84d3a79ae4515b87", "rank": "2", "page": "8", "url": "", "windowLocation": "http://localhost:7001/result?query=bts&page=8"}
{"type": "searchResultGenerated", "timestamp": "2026-02-19T09:26:10.857Z", "sessionID": "2638b886-d4f7-47f5-a97d-b5122447515e", "query": "bts", "docid": "85044d110e9d425c9b2fa4c27314a860", "rank": "3", "page": "8", "url": "", "windowLocation": "http://localhost:7001/result?query=bts&page=8"}
{"type": "searchResultGenerated", "timestamp": "2026-02-19T09:26:10.857Z", "sessionID": "2638b886-d4f7-47f5-a97d-b5122447515e", "query": "bts", "docid": "e966de8366324f449864b5a7f7ff2002", "rank": "4", "page": "8", "url": "", "windowLocation": "http://localhost:7001/result?query=bts&page=8"}
{"type": "searchResultGenerated", "timestamp": "2026-02-19T09:26:10.858Z", "sessionID": "2638b886-d4f7-47f5-a97d-b5122447515e", "query": "bts", "docid": "392f5b41d81f44038a0ea973ed86b253", "rank": "5", "page": "8", "url": "", "windowLocation": "http://localhost:7001/result?query=bts&page=8"}
{"type": "searchResultGenerated", "timestamp": "2026-02-19T09:26:10.859Z", "sessionID": "2638b886-d4f7-47f5-a97d-b5122447515e", "query": "bts", "docid": "efc865ca59cd4282ad3ba983084d7373", "rank": "6", "page": "8", "url": "", "windowLocation": "http://localhost:7001/result?query=bts&page=8"}
{"type": "searchResultGenerated", "timestamp": "2026-02-19T09:26:10.859Z", "sessionID": "2638b886-d4f7-47f5-a97d-b5122447515e", "query": "bts", "docid": "ab99411c25fa45ef844d620ead943ba0", "rank": "7", "page": "8", "url": "", "windowLocation": "http://localhost:7001/result?query=bts&page=8"}
{"type": "searchResultGenerated", "timestamp": "2026-02-19T09:26:10.860Z", "sessionID": "2638b886-d4f7-47f5-a97d-b5122447515e", "query": "bts", "docid": "2361bdaf5a2742a59333516df9ac81b6", "rank": "8", "page": "8", "url": "", "windowLocation": "http://localhost:7001/result?query=bts&page=8"}
{"type": "searchResultGenerated", "timestamp": "2026-02-19T09:26:10.861Z", "sessionID": "2638b886-d4f7-47f5-a97d-b5122447515e", "query": "bts", "docid": "738975e9b0af48aea9ed9f3f0a101117", "rank": "9", "page": "8", "url": "", "windowLocation": "http://localhost:7001/result?query=bts&page=8"}
{"type": "searchResultGenerated", "timestamp": "2026-02-19T09:26:10.861Z", "sessionID": "2638b886-d4f7-47f5-a97d-b5122447515e", "query": "bts", "docid": "0e02428fcd6845daa2cb8023380e4e4a", "rank": "10", "page": "8", "url": "", "windowLocation": "http://localhost:7001/result?query=bts&page=8"}
{"type": "ClickedEndTask", "timestamp": "2026-02-19T09:26:26.696Z", "sessionID": "2638b886-d4f7-47f5-a97d-b5122447515e"}
{"type": "TaskEndConfirmed", "timestamp": "2026-02-19T09:26:28.407Z", "sessionID": "2638b886-d4f7-47f5-a97d-b5122447515e"}
