{"type": "TaskStarted", "timestamp": "2026-03-10T13:25:26.098Z", "sessionID": "c26eeed2-2287-479f-8bfe-b0035d4edb04"}
{"type": "idSubmitted", "timestamp": "2026-03-10T13:25:26.102Z", "sessionID": "c26eeed2-2287-479f-8bfe-b0035d4edb04", "uid": "Participant30"}
{"type": "queryBoxFocused", "timestamp": "2026-03-10T13:25:27.642Z", "sessionID": "c26eeed2-2287-479f-8bfe-b0035d4edb04"}
{"type": "querySubmitted", "timestamp": "2026-03-10T13:25:33.692Z", "sessionID": "c26eeed2-2287-479f-8bfe-b0035d4edb04", "query": "friend"}
{"type": "searchResultGenerated", "timestamp": "2026-03-10T13:25:34.894Z", "sessionID": "c26eeed2-2287-479f-8bfe-b0035d4edb04", "query": "friend", "docid": "2676", "rank": "1", "page": "1", "url": "https://kids.frontiersin.org/article/10.3389/frym.2019.00099"}
{"type": "searchResultGenerated", "timestamp": "2026-03-10T13:25:34.894Z", "sessionID": "c26eeed2-2287-479f-8bfe-b0035d4edb04", "query": "friend", "docid": "3109", "rank": "2", "page": "1", "url": "https://www.africanstorybook.org/"}
{"type": "searchResultGenerated", "timestamp": "2026-03-10T13:25:34.894Z", "sessionID": "c26eeed2-2287-479f-8bfe-b0035d4edb04", "query": "friend", "docid": "2781", "rank": "3", "page": "1", "url": "https://www.africanstorybook.org/#"}
{"type": "searchResultGenerated", "timestamp": "2026-03-10T13:25:34.895Z", "sessionID": "c26eeed2-2287-479f-8bfe-b0035d4edb04", "query": "friend", "docid": "4122", "rank": "4", "page": "1", "url": "http://www.gutenberg.org/files/13635/13635-h/13635-h.htm"}
{"type": "searchResultGenerated", "timestamp": "2026-03-10T13:25:34.895Z", "sessionID": "c26eeed2-2287-479f-8bfe-b0035d4edb04", "query": "friend", "docid": "2194", "rank": "5", "page": "1", "url": "https://kids.frontiersin.org/article/10.3389/frym.2020.00076"}
{"type": "searchResultGenerated", "timestamp": "2026-03-10T13:25:34.895Z", "sessionID": "c26eeed2-2287-479f-8bfe-b0035d4edb04", "query": "friend", "docid": "5762", "rank": "6", "page": "1", "url": "http://www.gutenberg.org/files/24477/24477-h/24477-h.htm#Page_97"}
{"type": "searchResultGenerated", "timestamp": "2026-03-10T13:25:34.895Z", "sessionID": "c26eeed2-2287-479f-8bfe-b0035d4edb04", "query": "friend", "docid": "3099", "rank": "7", "page": "1", "url": "https://www.africanstorybook.org/#"}
{"type": "searchResultGenerated", "timestamp": "2026-03-10T13:25:34.895Z", "sessionID": "c26eeed2-2287-479f-8bfe-b0035d4edb04", "query": "friend", "docid": "3093", "rank": "8", "page": "1", "url": "https://www.africanstorybook.org/"}
{"type": "searchResultGenerated", "timestamp": "2026-03-10T13:25:34.895Z", "sessionID": "c26eeed2-2287-479f-8bfe-b0035d4edb04", "query": "friend", "docid": "3391", "rank": "9", "page": "1", "url": "https://www.africanstorybook.org/"}
{"type": "searchResultGenerated", "timestamp": "2026-03-10T13:25:34.895Z", "sessionID": "c26eeed2-2287-479f-8bfe-b0035d4edb04", "query": "friend", "docid": "6722", "rank": "10", "page": "1", "url": "http://www.gutenberg.org/files/23644/23644-h/23644-h.htm"}
{"type": "cursorEnteredSnippet", "timestamp": "2026-03-10T13:25:35.307Z", "sessionID": "c26eeed2-2287-479f-8bfe-b0035d4edb04", "query": "friend", "docid": "2676", "rank": "1", "page": "1", "url": "https://kids.frontiersin.org/article/10.3389/frym.2019.00099"}
{"type": "cursorLeftSnippet", "timestamp": "2026-03-10T13:25:35.373Z", "sessionID": "c26eeed2-2287-479f-8bfe-b0035d4edb04", "query": "friend", "docid": "2676", "rank": "1", "page": "1", "url": "https://kids.frontiersin.org/article/10.3389/frym.2019.00099"}
{"type": "cursorEnteredSnippet", "timestamp": "2026-03-10T13:25:35.407Z", "sessionID": "c26eeed2-2287-479f-8bfe-b0035d4edb04", "query": "friend", "docid": "3109", "rank": "2", "page": "1", "url": "https://www.africanstorybook.org/"}
{"type": "cursorLeftSnippet", "timestamp": "2026-03-10T13:25:35.556Z", "sessionID": "c26eeed2-2287-479f-8bfe-b0035d4edb04", "query": "friend", "docid": "3109", "rank": "2", "page": "1", "url": "https://www.africanstorybook.org/"}
{"type": "cursorEnteredSnippet", "timestamp": "2026-03-10T13:25:38.274Z", "sessionID": "c26eeed2-2287-479f-8bfe-b0035d4edb04", "query": "friend", "docid": "3391", "rank": "9", "page": "1", "url": "https://www.africanstorybook.org/"}
{"type": "cursorLeftSnippet", "timestamp": "2026-03-10T13:25:38.340Z", "sessionID": "c26eeed2-2287-479f-8bfe-b0035d4edb04", "query": "friend", "docid": "3391", "rank": "9", "page": "1", "url": "https://www.africanstorybook.org/"}
{"type": "cursorEnteredSnippet", "timestamp": "2026-03-10T13:25:38.340Z", "sessionID": "c26eeed2-2287-479f-8bfe-b0035d4edb04", "query": "friend", "docid": "6722", "rank": "10", "page": "1", "url": "http://www.gutenberg.org/files/23644/23644-h/23644-h.htm"}
{"type": "cursorLeftSnippet", "timestamp": "2026-03-10T13:25:38.659Z", "sessionID": "c26eeed2-2287-479f-8bfe-b0035d4edb04", "query": "friend", "docid": "6722", "rank": "10", "page": "1", "url": "http://www.gutenberg.org/files/23644/23644-h/23644-h.htm"}
{"type": "pageNavigationClicked", "timestamp": "2026-03-10T13:25:39.306Z", "sessionID": "c26eeed2-2287-479f-8bfe-b0035d4edb04", "clicked": "5", "fromPage": 1, "toPage": 5}
{"type": "searchResultGenerated", "timestamp": "2026-03-10T13:25:39.688Z", "sessionID": "c26eeed2-2287-479f-8bfe-b0035d4edb04", "query": "friend", "docid": "4398", "rank": "1", "page": "5", "url": "http://www.gutenberg.org/files/18561/18561-h/18561-h.htm#Crickets"}
{"type": "searchResultGenerated", "timestamp": "2026-03-10T13:25:39.688Z", "sessionID": "c26eeed2-2287-479f-8bfe-b0035d4edb04", "query": "friend", "docid": "1245", "rank": "2", "page": "5", "url": "http://www.gutenberg.org/files/19909/19909-h/19909-h.htm#MON-DAW-MIN_OR_THE_ORIGIN_OF_INDIAN_CORN"}
{"type": "searchResultGenerated", "timestamp": "2026-03-10T13:25:39.689Z", "sessionID": "c26eeed2-2287-479f-8bfe-b0035d4edb04", "query": "friend", "docid": "5239", "rank": "3", "page": "5", "url": "http://www.gutenberg.org/files/42158/42158-h/42158-h.htm#Page_284"}
{"type": "searchResultGenerated", "timestamp": "2026-03-10T13:25:39.689Z", "sessionID": "c26eeed2-2287-479f-8bfe-b0035d4edb04", "query": "friend", "docid": "2947", "rank": "4", "page": "5", "url": "https://www.africanstorybook.org/#"}
{"type": "searchResultGenerated", "timestamp": "2026-03-10T13:25:39.689Z", "sessionID": "c26eeed2-2287-479f-8bfe-b0035d4edb04", "query": "friend", "docid": "5413", "rank": "5", "page": "5", "url": "http://www.online-literature.com/oliver-holmes/john-lothrop-motley/"}
{"type": "searchResultGenerated", "timestamp": "2026-03-10T13:25:39.689Z", "sessionID": "c26eeed2-2287-479f-8bfe-b0035d4edb04", "query": "friend", "docid": "7342", "rank": "6", "page": "5", "url": "https://www.digitallibrary.io/en/books/read/1367"}
{"type": "searchResultGenerated", "timestamp": "2026-03-10T13:25:39.689Z", "sessionID": "c26eeed2-2287-479f-8bfe-b0035d4edb04", "query": "friend", "docid": "455", "rank": "7", "page": "5", "url": "http://www.gutenberg.org/files/22420/22420-h/22420-h.htm#Page_118"}
{"type": "searchResultGenerated", "timestamp": "2026-03-10T13:25:39.690Z", "sessionID": "c26eeed2-2287-479f-8bfe-b0035d4edb04", "query": "friend", "docid": "2475", "rank": "8", "page": "5", "url": "https://www.africanstorybook.org/#"}
{"type": "searchResultGenerated", "timestamp": "2026-03-10T13:25:39.690Z", "sessionID": "c26eeed2-2287-479f-8bfe-b0035d4edb04", "query": "friend", "docid": "7294", "rank": "9", "page": "5", "url": "https://www.digitallibrary.io/en/books/details/1359"}
{"type": "searchResultGenerated", "timestamp": "2026-03-10T13:25:39.690Z", "sessionID": "c26eeed2-2287-479f-8bfe-b0035d4edb04", "query": "friend", "docid": "3089", "rank": "10", "page": "5", "url": "https://www.digitallibrary.io/en/books/details/1180"}
{"type": "cursorEnteredSnippet", "timestamp": "2026-03-10T13:25:39.754Z", "sessionID": "c26eeed2-2287-479f-8bfe-b0035d4edb04", "query": "friend", "docid": "1245", "rank": "2", "page": "5", "url": "http://www.gutenberg.org/files/19909/19909-h/19909-h.htm#MON-DAW-MIN_OR_THE_ORIGIN_OF_INDIAN_CORN"}
{"type": "cursorLeftSnippet", "timestamp": "2026-03-10T13:25:40.106Z", "sessionID": "c26eeed2-2287-479f-8bfe-b0035d4edb04", "query": "friend", "docid": "1245", "rank": "2", "page": "5", "url": "http://www.gutenberg.org/files/19909/19909-h/19909-h.htm#MON-DAW-MIN_OR_THE_ORIGIN_OF_INDIAN_CORN"}
{"type": "cursorEnteredSnippet", "timestamp": "2026-03-10T13:25:40.123Z", "sessionID": "c26eeed2-2287-479f-8bfe-b0035d4edb04", "query": "friend", "docid": "5239", "rank": "3", "page": "5", "url": "http://www.gutenberg.org/files/42158/42158-h/42158-h.htm#Page_284"}
{"type": "clickedResult", "timestamp": "2026-03-10T13:25:40.554Z", "sessionID": "c26eeed2-2287-479f-8bfe-b0035d4edb04", "query": "friend", "rank": "3", "page": "5", "url": "http://www.gutenberg.org/files/42158/42158-h/42158-h.htm#Page_284", "windowLocation": "http://www.gutenberg.org/files/42158/42158-h/42158-h.htm#Page_284"}
{"type": "cursorLeftSnippet", "timestamp": "2026-03-10T13:25:40.739Z", "sessionID": "c26eeed2-2287-479f-8bfe-b0035d4edb04", "query": "friend", "docid": "5239", "rank": "3", "page": "5", "url": "http://www.gutenberg.org/files/42158/42158-h/42158-h.htm#Page_284"}
{"type": "cursorEnteredSnippet", "timestamp": "2026-03-10T13:25:40.773Z", "sessionID": "c26eeed2-2287-479f-8bfe-b0035d4edb04", "query": "friend", "docid": "1245", "rank": "2", "page": "5", "url": "http://www.gutenberg.org/files/19909/19909-h/19909-h.htm#MON-DAW-MIN_OR_THE_ORIGIN_OF_INDIAN_CORN"}
{"type": "cursorLeftSnippet", "timestamp": "2026-03-10T13:25:41.036Z", "sessionID": "c26eeed2-2287-479f-8bfe-b0035d4edb04", "query": "friend", "docid": "1245", "rank": "2", "page": "5", "url": "http://www.gutenberg.org/files/19909/19909-h/19909-h.htm#MON-DAW-MIN_OR_THE_ORIGIN_OF_INDIAN_CORN"}
{"type": "cursorEnteredSnippet", "timestamp": "2026-03-10T13:25:48.005Z", "sessionID": "c26eeed2-2287-479f-8bfe-b0035d4edb04", "query": "friend", "docid": "3089", "rank": "10", "page": "5", "url": "https://www.digitallibrary.io/en/books/details/1180"}
{"type": "cursorLeftSnippet", "timestamp": "2026-03-10T13:25:48.206Z", "sessionID": "c26eeed2-2287-479f-8bfe-b0035d4edb04", "query": "friend", "docid": "3089", "rank": "10", "page": "5", "url": "https://www.digitallibrary.io/en/books/details/1180"}
{"type": "pageNavigationClicked", "timestamp": "2026-03-10T13:25:49.992Z", "sessionID": "c26eeed2-2287-479f-8bfe-b0035d4edb04", "clicked": "1", "fromPage": 5, "toPage": 1}
{"type": "searchResultGenerated", "timestamp": "2026-03-10T13:25:50.281Z", "sessionID": "c26eeed2-2287-479f-8bfe-b0035d4edb04", "query": "friend", "docid": "2676", "rank": "1", "page": "1", "url": "https://kids.frontiersin.org/article/10.3389/frym.2019.00099"}
{"type": "searchResultGenerated", "timestamp": "2026-03-10T13:25:50.281Z", "sessionID": "c26eeed2-2287-479f-8bfe-b0035d4edb04", "query": "friend", "docid": "3109", "rank": "2", "page": "1", "url": "https://www.africanstorybook.org/"}
{"type": "searchResultGenerated", "timestamp": "2026-03-10T13:25:50.282Z", "sessionID": "c26eeed2-2287-479f-8bfe-b0035d4edb04", "query": "friend", "docid": "2781", "rank": "3", "page": "1", "url": "https://www.africanstorybook.org/#"}
{"type": "searchResultGenerated", "timestamp": "2026-03-10T13:25:50.282Z", "sessionID": "c26eeed2-2287-479f-8bfe-b0035d4edb04", "query": "friend", "docid": "4122", "rank": "4", "page": "1", "url": "http://www.gutenberg.org/files/13635/13635-h/13635-h.htm"}
{"type": "searchResultGenerated", "timestamp": "2026-03-10T13:25:50.282Z", "sessionID": "c26eeed2-2287-479f-8bfe-b0035d4edb04", "query": "friend", "docid": "2194", "rank": "5", "page": "1", "url": "https://kids.frontiersin.org/article/10.3389/frym.2020.00076"}
{"type": "searchResultGenerated", "timestamp": "2026-03-10T13:25:50.283Z", "sessionID": "c26eeed2-2287-479f-8bfe-b0035d4edb04", "query": "friend", "docid": "5762", "rank": "6", "page": "1", "url": "http://www.gutenberg.org/files/24477/24477-h/24477-h.htm#Page_97"}
{"type": "searchResultGenerated", "timestamp": "2026-03-10T13:25:50.283Z", "sessionID": "c26eeed2-2287-479f-8bfe-b0035d4edb04", "query": "friend", "docid": "3099", "rank": "7", "page": "1", "url": "https://www.africanstorybook.org/#"}
{"type": "searchResultGenerated", "timestamp": "2026-03-10T13:25:50.283Z", "sessionID": "c26eeed2-2287-479f-8bfe-b0035d4edb04", "query": "friend", "docid": "3093", "rank": "8", "page": "1", "url": "https://www.africanstorybook.org/"}
{"type": "searchResultGenerated", "timestamp": "2026-03-10T13:25:50.283Z", "sessionID": "c26eeed2-2287-479f-8bfe-b0035d4edb04", "query": "friend", "docid": "3391", "rank": "9", "page": "1", "url": "https://www.africanstorybook.org/"}
{"type": "searchResultGenerated", "timestamp": "2026-03-10T13:25:50.284Z", "sessionID": "c26eeed2-2287-479f-8bfe-b0035d4edb04", "query": "friend", "docid": "6722", "rank": "10", "page": "1", "url": "http://www.gutenberg.org/files/23644/23644-h/23644-h.htm"}
{"type": "cursorEnteredSnippet", "timestamp": "2026-03-10T13:25:50.689Z", "sessionID": "c26eeed2-2287-479f-8bfe-b0035d4edb04", "query": "friend", "docid": "2781", "rank": "3", "page": "1", "url": "https://www.africanstorybook.org/#"}
{"type": "clickedResult", "timestamp": "2026-03-10T13:25:51.342Z", "sessionID": "c26eeed2-2287-479f-8bfe-b0035d4edb04", "query": "friend", "rank": "3", "page": "1", "url": "https://www.africanstorybook.org/#", "windowLocation": "https://www.africanstorybook.org/#"}
{"type": "cursorLeftSnippet", "timestamp": "2026-03-10T13:25:52.905Z", "sessionID": "c26eeed2-2287-479f-8bfe-b0035d4edb04", "query": "friend", "docid": "2781", "rank": "3", "page": "1", "url": "https://www.africanstorybook.org/#"}
{"type": "ClickedEndTask", "timestamp": "2026-03-10T13:25:58.244Z", "sessionID": "c26eeed2-2287-479f-8bfe-b0035d4edb04"}
{"type": "TaskEndConfirmed", "timestamp": "2026-03-10T13:25:59.176Z", "sessionID": "c26eeed2-2287-479f-8bfe-b0035d4edb04"}
