{"type": "A SERP has been generated.", "timestamp": "2026-03-03T15:23:54.637Z", "sessionID": "c5a29064-684f-49d0-a12a-f7090032f36a"}
{"type": "TaskStarted", "timestamp": "2026-03-03T15:46:49.028Z", "sessionID": "c5a29064-684f-49d0-a12a-f7090032f36a"}
{"type": "idSubmitted", "timestamp": "2026-03-03T15:46:49.030Z", "sessionID": "c5a29064-684f-49d0-a12a-f7090032f36a", "uid": "Participant16"}
{"type": "queryBoxFocused", "timestamp": "2026-03-03T15:46:50.174Z", "sessionID": "c5a29064-684f-49d0-a12a-f7090032f36a"}
{"type": "querySubmitted", "timestamp": "2026-03-03T15:46:52.411Z", "sessionID": "c5a29064-684f-49d0-a12a-f7090032f36a", "query": "ducks"}
{"type": "searchResultGenerated", "timestamp": "2026-03-03T15:46:53.433Z", "sessionID": "c5a29064-684f-49d0-a12a-f7090032f36a", "query": "ducks", "docid": "2938", "rank": "1", "page": "1", "url": "https://www.africanstorybook.org/#", "windowLocation": "http://localhost:7001/result?query=ducks&page=1"}
{"type": "searchResultGenerated", "timestamp": "2026-03-03T15:46:53.434Z", "sessionID": "c5a29064-684f-49d0-a12a-f7090032f36a", "query": "ducks", "docid": "5607", "rank": "2", "page": "1", "url": "http://www.gutenberg.org/files/15170/15170-h/15170-h.htm#mirror", "windowLocation": "http://localhost:7001/result?query=ducks&page=1"}
{"type": "searchResultGenerated", "timestamp": "2026-03-03T15:46:53.434Z", "sessionID": "c5a29064-684f-49d0-a12a-f7090032f36a", "query": "ducks", "docid": "5292", "rank": "3", "page": "1", "url": "http://www.gutenberg.org/files/40756/40756-h/40756-h.htm#Page_135", "windowLocation": "http://localhost:7001/result?query=ducks&page=1"}
{"type": "searchResultGenerated", "timestamp": "2026-03-03T15:46:53.434Z", "sessionID": "c5a29064-684f-49d0-a12a-f7090032f36a", "query": "ducks", "docid": "5499", "rank": "4", "page": "1", "url": "http://www.gutenberg.org/files/28130/28130-h/28130-h.htm#Page_57", "windowLocation": "http://localhost:7001/result?query=ducks&page=1"}
{"type": "searchResultGenerated", "timestamp": "2026-03-03T15:46:53.435Z", "sessionID": "c5a29064-684f-49d0-a12a-f7090032f36a", "query": "ducks", "docid": "5642", "rank": "5", "page": "1", "url": "http://www.gutenberg.org/files/16522/16522-h/16522-h.htm#ELSIES_DUCKS", "windowLocation": "http://localhost:7001/result?query=ducks&page=1"}
{"type": "searchResultGenerated", "timestamp": "2026-03-03T15:46:53.435Z", "sessionID": "c5a29064-684f-49d0-a12a-f7090032f36a", "query": "ducks", "docid": "4817", "rank": "6", "page": "1", "url": "http://www.gutenberg.org/files/902/902-h/902-h.htm", "windowLocation": "http://localhost:7001/result?query=ducks&page=1"}
{"type": "searchResultGenerated", "timestamp": "2026-03-03T15:46:53.435Z", "sessionID": "c5a29064-684f-49d0-a12a-f7090032f36a", "query": "ducks", "docid": "4970", "rank": "7", "page": "1", "url": "http://www.gutenberg.org/files/8950/8950-h/8950-h.htm", "windowLocation": "http://localhost:7001/result?query=ducks&page=1"}
{"type": "searchResultGenerated", "timestamp": "2026-03-03T15:46:53.435Z", "sessionID": "c5a29064-684f-49d0-a12a-f7090032f36a", "query": "ducks", "docid": "6202", "rank": "8", "page": "1", "url": "http://www.gutenberg.org/files/16891/16891-h/16891-h.htm", "windowLocation": "http://localhost:7001/result?query=ducks&page=1"}
{"type": "searchResultGenerated", "timestamp": "2026-03-03T15:46:53.435Z", "sessionID": "c5a29064-684f-49d0-a12a-f7090032f36a", "query": "ducks", "docid": "5714", "rank": "9", "page": "1", "url": "http://www.gutenberg.org/files/24940/24940-h/24940-h.htm#Page_69", "windowLocation": "http://localhost:7001/result?query=ducks&page=1"}
{"type": "searchResultGenerated", "timestamp": "2026-03-03T15:46:53.435Z", "sessionID": "c5a29064-684f-49d0-a12a-f7090032f36a", "query": "ducks", "docid": "5589", "rank": "10", "page": "1", "url": "http://www.gutenberg.org/files/28133/28133-h/28133-h.htm#Page_139", "windowLocation": "http://localhost:7001/result?query=ducks&page=1"}
{"type": "cursorEnteredSnippet", "timestamp": "2026-03-03T15:46:53.918Z", "sessionID": "c5a29064-684f-49d0-a12a-f7090032f36a", "query": "ducks", "docid": "2938", "rank": "1", "page": "1", "url": "https://www.africanstorybook.org/#", "windowLocation": "http://localhost:7001/result?query=ducks&page=1"}
{"type": "cursorLeftSnippet", "timestamp": "2026-03-03T15:46:53.968Z", "sessionID": "c5a29064-684f-49d0-a12a-f7090032f36a", "query": "ducks", "docid": "2938", "rank": "1", "page": "1", "url": "https://www.africanstorybook.org/#", "windowLocation": "http://localhost:7001/result?query=ducks&page=1"}
{"type": "cursorEnteredSnippet", "timestamp": "2026-03-03T15:46:55.551Z", "sessionID": "c5a29064-684f-49d0-a12a-f7090032f36a", "query": "ducks", "docid": "5589", "rank": "10", "page": "1", "url": "http://www.gutenberg.org/files/28133/28133-h/28133-h.htm#Page_139", "windowLocation": "http://localhost:7001/result?query=ducks&page=1"}
{"type": "cursorLeftSnippet", "timestamp": "2026-03-03T15:46:55.601Z", "sessionID": "c5a29064-684f-49d0-a12a-f7090032f36a", "query": "ducks", "docid": "5589", "rank": "10", "page": "1", "url": "http://www.gutenberg.org/files/28133/28133-h/28133-h.htm#Page_139", "windowLocation": "http://localhost:7001/result?query=ducks&page=1"}
{"type": "cursorEnteredSnippet", "timestamp": "2026-03-03T15:46:55.984Z", "sessionID": "c5a29064-684f-49d0-a12a-f7090032f36a", "query": "ducks", "docid": "5589", "rank": "10", "page": "1", "url": "http://www.gutenberg.org/files/28133/28133-h/28133-h.htm#Page_139", "windowLocation": "http://localhost:7001/result?query=ducks&page=1"}
{"type": "clickedResult", "timestamp": "2026-03-03T15:46:56.815Z", "sessionID": "c5a29064-684f-49d0-a12a-f7090032f36a", "query": "ducks", "rank": "10", "page": "1", "url": "http://www.gutenberg.org/files/28133/28133-h/28133-h.htm#Page_139", "windowLocation": "http://www.gutenberg.org/files/28133/28133-h/28133-h.htm#Page_139"}
{"type": "cursorLeftSnippet", "timestamp": "2026-03-03T15:46:57.013Z", "sessionID": "c5a29064-684f-49d0-a12a-f7090032f36a", "query": "ducks", "docid": "5589", "rank": "10", "page": "1", "url": "http://www.gutenberg.org/files/28133/28133-h/28133-h.htm#Page_139", "windowLocation": "http://localhost:7001/result?query=ducks&page=1"}
{"type": "searchResultGenerated", "timestamp": "2026-03-03T15:46:59.156Z", "sessionID": "c5a29064-684f-49d0-a12a-f7090032f36a", "query": "ducks", "docid": "2938", "rank": "1", "page": "1", "url": "https://www.africanstorybook.org/#", "windowLocation": "http://localhost:7001/result?query=ducks&page=1"}
{"type": "searchResultGenerated", "timestamp": "2026-03-03T15:46:59.156Z", "sessionID": "c5a29064-684f-49d0-a12a-f7090032f36a", "query": "ducks", "docid": "5607", "rank": "2", "page": "1", "url": "http://www.gutenberg.org/files/15170/15170-h/15170-h.htm#mirror", "windowLocation": "http://localhost:7001/result?query=ducks&page=1"}
{"type": "searchResultGenerated", "timestamp": "2026-03-03T15:46:59.156Z", "sessionID": "c5a29064-684f-49d0-a12a-f7090032f36a", "query": "ducks", "docid": "5292", "rank": "3", "page": "1", "url": "http://www.gutenberg.org/files/40756/40756-h/40756-h.htm#Page_135", "windowLocation": "http://localhost:7001/result?query=ducks&page=1"}
{"type": "searchResultGenerated", "timestamp": "2026-03-03T15:46:59.156Z", "sessionID": "c5a29064-684f-49d0-a12a-f7090032f36a", "query": "ducks", "docid": "5499", "rank": "4", "page": "1", "url": "http://www.gutenberg.org/files/28130/28130-h/28130-h.htm#Page_57", "windowLocation": "http://localhost:7001/result?query=ducks&page=1"}
{"type": "searchResultGenerated", "timestamp": "2026-03-03T15:46:59.156Z", "sessionID": "c5a29064-684f-49d0-a12a-f7090032f36a", "query": "ducks", "docid": "5642", "rank": "5", "page": "1", "url": "http://www.gutenberg.org/files/16522/16522-h/16522-h.htm#ELSIES_DUCKS", "windowLocation": "http://localhost:7001/result?query=ducks&page=1"}
{"type": "searchResultGenerated", "timestamp": "2026-03-03T15:46:59.156Z", "sessionID": "c5a29064-684f-49d0-a12a-f7090032f36a", "query": "ducks", "docid": "4817", "rank": "6", "page": "1", "url": "http://www.gutenberg.org/files/902/902-h/902-h.htm", "windowLocation": "http://localhost:7001/result?query=ducks&page=1"}
{"type": "searchResultGenerated", "timestamp": "2026-03-03T15:46:59.157Z", "sessionID": "c5a29064-684f-49d0-a12a-f7090032f36a", "query": "ducks", "docid": "4970", "rank": "7", "page": "1", "url": "http://www.gutenberg.org/files/8950/8950-h/8950-h.htm", "windowLocation": "http://localhost:7001/result?query=ducks&page=1"}
{"type": "searchResultGenerated", "timestamp": "2026-03-03T15:46:59.157Z", "sessionID": "c5a29064-684f-49d0-a12a-f7090032f36a", "query": "ducks", "docid": "6202", "rank": "8", "page": "1", "url": "http://www.gutenberg.org/files/16891/16891-h/16891-h.htm", "windowLocation": "http://localhost:7001/result?query=ducks&page=1"}
{"type": "searchResultGenerated", "timestamp": "2026-03-03T15:46:59.157Z", "sessionID": "c5a29064-684f-49d0-a12a-f7090032f36a", "query": "ducks", "docid": "5714", "rank": "9", "page": "1", "url": "http://www.gutenberg.org/files/24940/24940-h/24940-h.htm#Page_69", "windowLocation": "http://localhost:7001/result?query=ducks&page=1"}
{"type": "searchResultGenerated", "timestamp": "2026-03-03T15:46:59.157Z", "sessionID": "c5a29064-684f-49d0-a12a-f7090032f36a", "query": "ducks", "docid": "5589", "rank": "10", "page": "1", "url": "http://www.gutenberg.org/files/28133/28133-h/28133-h.htm#Page_139", "windowLocation": "http://localhost:7001/result?query=ducks&page=1"}
{"type": "cursorEnteredSnippet", "timestamp": "2026-03-03T15:46:59.568Z", "sessionID": "c5a29064-684f-49d0-a12a-f7090032f36a", "query": "ducks", "docid": "6202", "rank": "8", "page": "1", "url": "http://www.gutenberg.org/files/16891/16891-h/16891-h.htm", "windowLocation": "http://localhost:7001/result?query=ducks&page=1"}
{"type": "cursorLeftSnippet", "timestamp": "2026-03-03T15:46:59.585Z", "sessionID": "c5a29064-684f-49d0-a12a-f7090032f36a", "query": "ducks", "docid": "6202", "rank": "8", "page": "1", "url": "http://www.gutenberg.org/files/16891/16891-h/16891-h.htm", "windowLocation": "http://localhost:7001/result?query=ducks&page=1"}
{"type": "cursorEnteredSnippet", "timestamp": "2026-03-03T15:46:59.585Z", "sessionID": "c5a29064-684f-49d0-a12a-f7090032f36a", "query": "ducks", "docid": "5714", "rank": "9", "page": "1", "url": "http://www.gutenberg.org/files/24940/24940-h/24940-h.htm#Page_69", "windowLocation": "http://localhost:7001/result?query=ducks&page=1"}
{"type": "cursorLeftSnippet", "timestamp": "2026-03-03T15:46:59.651Z", "sessionID": "c5a29064-684f-49d0-a12a-f7090032f36a", "query": "ducks", "docid": "5714", "rank": "9", "page": "1", "url": "http://www.gutenberg.org/files/24940/24940-h/24940-h.htm#Page_69", "windowLocation": "http://localhost:7001/result?query=ducks&page=1"}
{"type": "cursorEnteredSnippet", "timestamp": "2026-03-03T15:46:59.669Z", "sessionID": "c5a29064-684f-49d0-a12a-f7090032f36a", "query": "ducks", "docid": "5589", "rank": "10", "page": "1", "url": "http://www.gutenberg.org/files/28133/28133-h/28133-h.htm#Page_139", "windowLocation": "http://localhost:7001/result?query=ducks&page=1"}
{"type": "cursorLeftSnippet", "timestamp": "2026-03-03T15:46:59.951Z", "sessionID": "c5a29064-684f-49d0-a12a-f7090032f36a", "query": "ducks", "docid": "5589", "rank": "10", "page": "1", "url": "http://www.gutenberg.org/files/28133/28133-h/28133-h.htm#Page_139", "windowLocation": "http://localhost:7001/result?query=ducks&page=1"}
{"type": "pageNavigationClicked", "timestamp": "2026-03-03T15:47:00.349Z", "sessionID": "c5a29064-684f-49d0-a12a-f7090032f36a", "clicked": "3", "fromPage": 1, "toPage": 3}
{"type": "searchResultGenerated", "timestamp": "2026-03-03T15:47:00.668Z", "sessionID": "c5a29064-684f-49d0-a12a-f7090032f36a", "query": "ducks", "docid": "6235", "rank": "1", "page": "3", "url": "http://www.gutenberg.org/files/7252/7252-h/7252-h.htm", "windowLocation": "http://localhost:7001/result?query=ducks&page=3"}
{"type": "searchResultGenerated", "timestamp": "2026-03-03T15:47:00.668Z", "sessionID": "c5a29064-684f-49d0-a12a-f7090032f36a", "query": "ducks", "docid": "2047", "rank": "2", "page": "3", "url": "https://kids.frontiersin.org/article/10.3389/frym.2020.00083", "windowLocation": "http://localhost:7001/result?query=ducks&page=3"}
{"type": "searchResultGenerated", "timestamp": "2026-03-03T15:47:00.668Z", "sessionID": "c5a29064-684f-49d0-a12a-f7090032f36a", "query": "ducks", "docid": "7365", "rank": "3", "page": "3", "url": "https://www.digitallibrary.io/en/books/details/1391", "windowLocation": "http://localhost:7001/result?query=ducks&page=3"}
{"type": "searchResultGenerated", "timestamp": "2026-03-03T15:47:00.668Z", "sessionID": "c5a29064-684f-49d0-a12a-f7090032f36a", "query": "ducks", "docid": "3208", "rank": "4", "page": "3", "url": "https://www.africanstorybook.org/", "windowLocation": "http://localhost:7001/result?query=ducks&page=3"}
{"type": "searchResultGenerated", "timestamp": "2026-03-03T15:47:00.669Z", "sessionID": "c5a29064-684f-49d0-a12a-f7090032f36a", "query": "ducks", "docid": "4340", "rank": "5", "page": "3", "url": "https://www.commonlit.org/texts/the-open-window", "windowLocation": "http://localhost:7001/result?query=ducks&page=3"}
{"type": "searchResultGenerated", "timestamp": "2026-03-03T15:47:00.669Z", "sessionID": "c5a29064-684f-49d0-a12a-f7090032f36a", "query": "ducks", "docid": "5234", "rank": "6", "page": "3", "url": "http://www.gutenberg.org/files/42159/42159-h/42159-h.htm#Page_308", "windowLocation": "http://localhost:7001/result?query=ducks&page=3"}
{"type": "searchResultGenerated", "timestamp": "2026-03-03T15:47:00.669Z", "sessionID": "c5a29064-684f-49d0-a12a-f7090032f36a", "query": "ducks", "docid": "4261", "rank": "7", "page": "3", "url": "http://www.gutenberg.org/files/20521/20521-h/20521-h.htm#French_Amenities", "windowLocation": "http://localhost:7001/result?query=ducks&page=3"}
{"type": "searchResultGenerated", "timestamp": "2026-03-03T15:47:00.669Z", "sessionID": "c5a29064-684f-49d0-a12a-f7090032f36a", "query": "ducks", "docid": "2967", "rank": "8", "page": "3", "url": "https://kids.frontiersin.org/article/10.3389/frym.2017.00007", "windowLocation": "http://localhost:7001/result?query=ducks&page=3"}
{"type": "searchResultGenerated", "timestamp": "2026-03-03T15:47:00.670Z", "sessionID": "c5a29064-684f-49d0-a12a-f7090032f36a", "query": "ducks", "docid": "3071", "rank": "9", "page": "3", "url": "https://www.africanstorybook.org/", "windowLocation": "http://localhost:7001/result?query=ducks&page=3"}
{"type": "searchResultGenerated", "timestamp": "2026-03-03T15:47:00.670Z", "sessionID": "c5a29064-684f-49d0-a12a-f7090032f36a", "query": "ducks", "docid": "7254", "rank": "10", "page": "3", "url": "https://www.digitallibrary.io/en/books/details/3753", "windowLocation": "http://localhost:7001/result?query=ducks&page=3"}
{"type": "cursorEnteredSnippet", "timestamp": "2026-03-03T15:47:01.051Z", "sessionID": "c5a29064-684f-49d0-a12a-f7090032f36a", "query": "ducks", "docid": "7365", "rank": "3", "page": "3", "url": "https://www.digitallibrary.io/en/books/details/1391", "windowLocation": "http://localhost:7001/result?query=ducks&page=3"}
{"type": "cursorLeftSnippet", "timestamp": "2026-03-03T15:47:01.150Z", "sessionID": "c5a29064-684f-49d0-a12a-f7090032f36a", "query": "ducks", "docid": "7365", "rank": "3", "page": "3", "url": "https://www.digitallibrary.io/en/books/details/1391", "windowLocation": "http://localhost:7001/result?query=ducks&page=3"}
{"type": "cursorEnteredSnippet", "timestamp": "2026-03-03T15:47:01.151Z", "sessionID": "c5a29064-684f-49d0-a12a-f7090032f36a", "query": "ducks", "docid": "2047", "rank": "2", "page": "3", "url": "https://kids.frontiersin.org/article/10.3389/frym.2020.00083", "windowLocation": "http://localhost:7001/result?query=ducks&page=3"}
{"type": "clickedResult", "timestamp": "2026-03-03T15:47:01.838Z", "sessionID": "c5a29064-684f-49d0-a12a-f7090032f36a", "query": "ducks", "rank": "2", "page": "3", "url": "https://kids.frontiersin.org/article/10.3389/frym.2020.00083", "windowLocation": "https://kids.frontiersin.org/article/10.3389/frym.2020.00083"}
{"type": "cursorLeftSnippet", "timestamp": "2026-03-03T15:47:02.081Z", "sessionID": "c5a29064-684f-49d0-a12a-f7090032f36a", "query": "ducks", "docid": "2047", "rank": "2", "page": "3", "url": "https://kids.frontiersin.org/article/10.3389/frym.2020.00083", "windowLocation": "http://localhost:7001/result?query=ducks&page=3"}
{"type": "ClickedEndTask", "timestamp": "2026-03-03T15:47:06.042Z", "sessionID": "c5a29064-684f-49d0-a12a-f7090032f36a"}
{"type": "TaskEndConfirmed", "timestamp": "2026-03-03T15:47:06.865Z", "sessionID": "c5a29064-684f-49d0-a12a-f7090032f36a"}
