{"type": "TaskStarted", "timestamp": "2026-02-24T15:10:32.173Z", "sessionID": "9a9e1bfa-b054-441b-b083-ec1ce532123c"}
{"type": "idSubmitted", "timestamp": "2026-02-24T15:10:32.175Z", "sessionID": "9a9e1bfa-b054-441b-b083-ec1ce532123c", "uid": "Participant14"}
{"type": "queryBoxFocused", "timestamp": "2026-02-24T15:10:33.506Z", "sessionID": "9a9e1bfa-b054-441b-b083-ec1ce532123c"}
{"type": "querySubmitted", "timestamp": "2026-02-24T15:10:35.291Z", "sessionID": "9a9e1bfa-b054-441b-b083-ec1ce532123c", "query": "ducks"}
{"type": "searchResultGenerated", "timestamp": "2026-02-24T15:10:36.450Z", "sessionID": "9a9e1bfa-b054-441b-b083-ec1ce532123c", "query": "ducks", "docid": "2938", "rank": "1", "page": "1", "url": "https://www.africanstorybook.org/#", "windowLocation": "http://localhost:7001/result?query=ducks&page=1", "windowHistoryState": null}
{"type": "searchResultGenerated", "timestamp": "2026-02-24T15:10:36.450Z", "sessionID": "9a9e1bfa-b054-441b-b083-ec1ce532123c", "query": "ducks", "docid": "5607", "rank": "2", "page": "1", "url": "http://www.gutenberg.org/files/15170/15170-h/15170-h.htm#mirror", "windowLocation": "http://localhost:7001/result?query=ducks&page=1", "windowHistoryState": null}
{"type": "searchResultGenerated", "timestamp": "2026-02-24T15:10:36.450Z", "sessionID": "9a9e1bfa-b054-441b-b083-ec1ce532123c", "query": "ducks", "docid": "5292", "rank": "3", "page": "1", "url": "http://www.gutenberg.org/files/40756/40756-h/40756-h.htm#Page_135", "windowLocation": "http://localhost:7001/result?query=ducks&page=1", "windowHistoryState": null}
{"type": "searchResultGenerated", "timestamp": "2026-02-24T15:10:36.450Z", "sessionID": "9a9e1bfa-b054-441b-b083-ec1ce532123c", "query": "ducks", "docid": "5499", "rank": "4", "page": "1", "url": "http://www.gutenberg.org/files/28130/28130-h/28130-h.htm#Page_57", "windowLocation": "http://localhost:7001/result?query=ducks&page=1", "windowHistoryState": null}
{"type": "searchResultGenerated", "timestamp": "2026-02-24T15:10:36.450Z", "sessionID": "9a9e1bfa-b054-441b-b083-ec1ce532123c", "query": "ducks", "docid": "5642", "rank": "5", "page": "1", "url": "http://www.gutenberg.org/files/16522/16522-h/16522-h.htm#ELSIES_DUCKS", "windowLocation": "http://localhost:7001/result?query=ducks&page=1", "windowHistoryState": null}
{"type": "searchResultGenerated", "timestamp": "2026-02-24T15:10:36.450Z", "sessionID": "9a9e1bfa-b054-441b-b083-ec1ce532123c", "query": "ducks", "docid": "4817", "rank": "6", "page": "1", "url": "http://www.gutenberg.org/files/902/902-h/902-h.htm", "windowLocation": "http://localhost:7001/result?query=ducks&page=1", "windowHistoryState": null}
{"type": "searchResultGenerated", "timestamp": "2026-02-24T15:10:36.451Z", "sessionID": "9a9e1bfa-b054-441b-b083-ec1ce532123c", "query": "ducks", "docid": "4970", "rank": "7", "page": "1", "url": "http://www.gutenberg.org/files/8950/8950-h/8950-h.htm", "windowLocation": "http://localhost:7001/result?query=ducks&page=1", "windowHistoryState": null}
{"type": "searchResultGenerated", "timestamp": "2026-02-24T15:10:36.451Z", "sessionID": "9a9e1bfa-b054-441b-b083-ec1ce532123c", "query": "ducks", "docid": "6202", "rank": "8", "page": "1", "url": "http://www.gutenberg.org/files/16891/16891-h/16891-h.htm", "windowLocation": "http://localhost:7001/result?query=ducks&page=1", "windowHistoryState": null}
{"type": "searchResultGenerated", "timestamp": "2026-02-24T15:10:36.451Z", "sessionID": "9a9e1bfa-b054-441b-b083-ec1ce532123c", "query": "ducks", "docid": "5714", "rank": "9", "page": "1", "url": "http://www.gutenberg.org/files/24940/24940-h/24940-h.htm#Page_69", "windowLocation": "http://localhost:7001/result?query=ducks&page=1", "windowHistoryState": null}
{"type": "searchResultGenerated", "timestamp": "2026-02-24T15:10:36.451Z", "sessionID": "9a9e1bfa-b054-441b-b083-ec1ce532123c", "query": "ducks", "docid": "5589", "rank": "10", "page": "1", "url": "http://www.gutenberg.org/files/28133/28133-h/28133-h.htm#Page_139", "windowLocation": "http://localhost:7001/result?query=ducks&page=1", "windowHistoryState": null}
{"type": "cursorEnteredSnippet", "timestamp": "2026-02-24T15:10:37.599Z", "sessionID": "9a9e1bfa-b054-441b-b083-ec1ce532123c", "query": "ducks", "docid": "2938", "rank": "1", "page": "1"}
{"type": "cursorLeftSnippet", "timestamp": "2026-02-24T15:10:37.648Z", "sessionID": "9a9e1bfa-b054-441b-b083-ec1ce532123c", "query": "ducks", "docid": "2938", "rank": "1", "page": "1"}
{"type": "cursorEnteredSnippet", "timestamp": "2026-02-24T15:10:37.648Z", "sessionID": "9a9e1bfa-b054-441b-b083-ec1ce532123c", "query": "ducks", "docid": "5607", "rank": "2", "page": "1"}
{"type": "cursorLeftSnippet", "timestamp": "2026-02-24T15:10:37.698Z", "sessionID": "9a9e1bfa-b054-441b-b083-ec1ce532123c", "query": "ducks", "docid": "5607", "rank": "2", "page": "1"}
{"type": "cursorEnteredSnippet", "timestamp": "2026-02-24T15:10:37.699Z", "sessionID": "9a9e1bfa-b054-441b-b083-ec1ce532123c", "query": "ducks", "docid": "5292", "rank": "3", "page": "1"}
{"type": "cursorLeftSnippet", "timestamp": "2026-02-24T15:10:37.748Z", "sessionID": "9a9e1bfa-b054-441b-b083-ec1ce532123c", "query": "ducks", "docid": "5292", "rank": "3", "page": "1"}
{"type": "cursorEnteredSnippet", "timestamp": "2026-02-24T15:10:37.749Z", "sessionID": "9a9e1bfa-b054-441b-b083-ec1ce532123c", "query": "ducks", "docid": "5499", "rank": "4", "page": "1"}
{"type": "cursorLeftSnippet", "timestamp": "2026-02-24T15:10:39.515Z", "sessionID": "9a9e1bfa-b054-441b-b083-ec1ce532123c", "query": "ducks", "docid": "5499", "rank": "4", "page": "1"}
{"type": "cursorEnteredSnippet", "timestamp": "2026-02-24T15:10:39.516Z", "sessionID": "9a9e1bfa-b054-441b-b083-ec1ce532123c", "query": "ducks", "docid": "5589", "rank": "10", "page": "1"}
{"type": "clickedResult", "timestamp": "2026-02-24T15:10:39.908Z", "sessionID": "9a9e1bfa-b054-441b-b083-ec1ce532123c", "query": "ducks", "rank": "10", "page": "1", "url": "http://www.gutenberg.org/files/28133/28133-h/28133-h.htm#Page_139"}
{"type": "cursorLeftSnippet", "timestamp": "2026-02-24T15:10:40.351Z", "sessionID": "9a9e1bfa-b054-441b-b083-ec1ce532123c", "query": "ducks", "docid": "5589", "rank": "10", "page": "1"}
{"type": "searchResultGenerated", "timestamp": "2026-02-24T15:10:43.895Z", "sessionID": "9a9e1bfa-b054-441b-b083-ec1ce532123c", "query": "ducks", "docid": "2938", "rank": "1", "page": "1", "url": "https://www.africanstorybook.org/#", "windowLocation": "http://localhost:7001/result?query=ducks&page=1", "windowHistoryState": null}
{"type": "searchResultGenerated", "timestamp": "2026-02-24T15:10:43.896Z", "sessionID": "9a9e1bfa-b054-441b-b083-ec1ce532123c", "query": "ducks", "docid": "5607", "rank": "2", "page": "1", "url": "http://www.gutenberg.org/files/15170/15170-h/15170-h.htm#mirror", "windowLocation": "http://localhost:7001/result?query=ducks&page=1", "windowHistoryState": null}
{"type": "searchResultGenerated", "timestamp": "2026-02-24T15:10:43.896Z", "sessionID": "9a9e1bfa-b054-441b-b083-ec1ce532123c", "query": "ducks", "docid": "5292", "rank": "3", "page": "1", "url": "http://www.gutenberg.org/files/40756/40756-h/40756-h.htm#Page_135", "windowLocation": "http://localhost:7001/result?query=ducks&page=1", "windowHistoryState": null}
{"type": "searchResultGenerated", "timestamp": "2026-02-24T15:10:43.896Z", "sessionID": "9a9e1bfa-b054-441b-b083-ec1ce532123c", "query": "ducks", "docid": "5499", "rank": "4", "page": "1", "url": "http://www.gutenberg.org/files/28130/28130-h/28130-h.htm#Page_57", "windowLocation": "http://localhost:7001/result?query=ducks&page=1", "windowHistoryState": null}
{"type": "searchResultGenerated", "timestamp": "2026-02-24T15:10:43.896Z", "sessionID": "9a9e1bfa-b054-441b-b083-ec1ce532123c", "query": "ducks", "docid": "5642", "rank": "5", "page": "1", "url": "http://www.gutenberg.org/files/16522/16522-h/16522-h.htm#ELSIES_DUCKS", "windowLocation": "http://localhost:7001/result?query=ducks&page=1", "windowHistoryState": null}
{"type": "searchResultGenerated", "timestamp": "2026-02-24T15:10:43.896Z", "sessionID": "9a9e1bfa-b054-441b-b083-ec1ce532123c", "query": "ducks", "docid": "4817", "rank": "6", "page": "1", "url": "http://www.gutenberg.org/files/902/902-h/902-h.htm", "windowLocation": "http://localhost:7001/result?query=ducks&page=1", "windowHistoryState": null}
{"type": "searchResultGenerated", "timestamp": "2026-02-24T15:10:43.897Z", "sessionID": "9a9e1bfa-b054-441b-b083-ec1ce532123c", "query": "ducks", "docid": "4970", "rank": "7", "page": "1", "url": "http://www.gutenberg.org/files/8950/8950-h/8950-h.htm", "windowLocation": "http://localhost:7001/result?query=ducks&page=1", "windowHistoryState": null}
{"type": "searchResultGenerated", "timestamp": "2026-02-24T15:10:43.897Z", "sessionID": "9a9e1bfa-b054-441b-b083-ec1ce532123c", "query": "ducks", "docid": "6202", "rank": "8", "page": "1", "url": "http://www.gutenberg.org/files/16891/16891-h/16891-h.htm", "windowLocation": "http://localhost:7001/result?query=ducks&page=1", "windowHistoryState": null}
{"type": "searchResultGenerated", "timestamp": "2026-02-24T15:10:43.897Z", "sessionID": "9a9e1bfa-b054-441b-b083-ec1ce532123c", "query": "ducks", "docid": "5714", "rank": "9", "page": "1", "url": "http://www.gutenberg.org/files/24940/24940-h/24940-h.htm#Page_69", "windowLocation": "http://localhost:7001/result?query=ducks&page=1", "windowHistoryState": null}
{"type": "searchResultGenerated", "timestamp": "2026-02-24T15:10:43.897Z", "sessionID": "9a9e1bfa-b054-441b-b083-ec1ce532123c", "query": "ducks", "docid": "5589", "rank": "10", "page": "1", "url": "http://www.gutenberg.org/files/28133/28133-h/28133-h.htm#Page_139", "windowLocation": "http://localhost:7001/result?query=ducks&page=1", "windowHistoryState": null}
{"type": "cursorEnteredSnippet", "timestamp": "2026-02-24T15:10:44.465Z", "sessionID": "9a9e1bfa-b054-441b-b083-ec1ce532123c", "query": "ducks", "docid": "4970", "rank": "7", "page": "1"}
{"type": "cursorLeftSnippet", "timestamp": "2026-02-24T15:10:44.498Z", "sessionID": "9a9e1bfa-b054-441b-b083-ec1ce532123c", "query": "ducks", "docid": "4970", "rank": "7", "page": "1"}
{"type": "cursorEnteredSnippet", "timestamp": "2026-02-24T15:10:44.498Z", "sessionID": "9a9e1bfa-b054-441b-b083-ec1ce532123c", "query": "ducks", "docid": "6202", "rank": "8", "page": "1"}
{"type": "cursorLeftSnippet", "timestamp": "2026-02-24T15:10:44.631Z", "sessionID": "9a9e1bfa-b054-441b-b083-ec1ce532123c", "query": "ducks", "docid": "6202", "rank": "8", "page": "1"}
{"type": "cursorEnteredSnippet", "timestamp": "2026-02-24T15:10:44.648Z", "sessionID": "9a9e1bfa-b054-441b-b083-ec1ce532123c", "query": "ducks", "docid": "5714", "rank": "9", "page": "1"}
{"type": "cursorLeftSnippet", "timestamp": "2026-02-24T15:10:45.848Z", "sessionID": "9a9e1bfa-b054-441b-b083-ec1ce532123c", "query": "ducks", "docid": "5714", "rank": "9", "page": "1"}
{"type": "cursorEnteredSnippet", "timestamp": "2026-02-24T15:10:45.848Z", "sessionID": "9a9e1bfa-b054-441b-b083-ec1ce532123c", "query": "ducks", "docid": "5589", "rank": "10", "page": "1"}
{"type": "cursorLeftSnippet", "timestamp": "2026-02-24T15:10:46.065Z", "sessionID": "9a9e1bfa-b054-441b-b083-ec1ce532123c", "query": "ducks", "docid": "5589", "rank": "10", "page": "1"}
{"type": "pageNavigationClicked", "timestamp": "2026-02-24T15:10:46.656Z", "sessionID": "9a9e1bfa-b054-441b-b083-ec1ce532123c", "clicked": "3", "fromPage": 1, "toPage": 3}
{"type": "searchResultGenerated", "timestamp": "2026-02-24T15:10:46.976Z", "sessionID": "9a9e1bfa-b054-441b-b083-ec1ce532123c", "query": "ducks", "docid": "6235", "rank": "1", "page": "3", "url": "http://www.gutenberg.org/files/7252/7252-h/7252-h.htm", "windowLocation": "http://localhost:7001/result?query=ducks&page=3", "windowHistoryState": null}
{"type": "searchResultGenerated", "timestamp": "2026-02-24T15:10:46.976Z", "sessionID": "9a9e1bfa-b054-441b-b083-ec1ce532123c", "query": "ducks", "docid": "2047", "rank": "2", "page": "3", "url": "https://kids.frontiersin.org/article/10.3389/frym.2020.00083", "windowLocation": "http://localhost:7001/result?query=ducks&page=3", "windowHistoryState": null}
{"type": "searchResultGenerated", "timestamp": "2026-02-24T15:10:46.977Z", "sessionID": "9a9e1bfa-b054-441b-b083-ec1ce532123c", "query": "ducks", "docid": "7365", "rank": "3", "page": "3", "url": "https://www.digitallibrary.io/en/books/details/1391", "windowLocation": "http://localhost:7001/result?query=ducks&page=3", "windowHistoryState": null}
{"type": "searchResultGenerated", "timestamp": "2026-02-24T15:10:46.977Z", "sessionID": "9a9e1bfa-b054-441b-b083-ec1ce532123c", "query": "ducks", "docid": "3208", "rank": "4", "page": "3", "url": "https://www.africanstorybook.org/", "windowLocation": "http://localhost:7001/result?query=ducks&page=3", "windowHistoryState": null}
{"type": "searchResultGenerated", "timestamp": "2026-02-24T15:10:46.977Z", "sessionID": "9a9e1bfa-b054-441b-b083-ec1ce532123c", "query": "ducks", "docid": "4340", "rank": "5", "page": "3", "url": "https://www.commonlit.org/texts/the-open-window", "windowLocation": "http://localhost:7001/result?query=ducks&page=3", "windowHistoryState": null}
{"type": "searchResultGenerated", "timestamp": "2026-02-24T15:10:46.977Z", "sessionID": "9a9e1bfa-b054-441b-b083-ec1ce532123c", "query": "ducks", "docid": "5234", "rank": "6", "page": "3", "url": "http://www.gutenberg.org/files/42159/42159-h/42159-h.htm#Page_308", "windowLocation": "http://localhost:7001/result?query=ducks&page=3", "windowHistoryState": null}
{"type": "searchResultGenerated", "timestamp": "2026-02-24T15:10:46.978Z", "sessionID": "9a9e1bfa-b054-441b-b083-ec1ce532123c", "query": "ducks", "docid": "4261", "rank": "7", "page": "3", "url": "http://www.gutenberg.org/files/20521/20521-h/20521-h.htm#French_Amenities", "windowLocation": "http://localhost:7001/result?query=ducks&page=3", "windowHistoryState": null}
{"type": "searchResultGenerated", "timestamp": "2026-02-24T15:10:46.978Z", "sessionID": "9a9e1bfa-b054-441b-b083-ec1ce532123c", "query": "ducks", "docid": "2967", "rank": "8", "page": "3", "url": "https://kids.frontiersin.org/article/10.3389/frym.2017.00007", "windowLocation": "http://localhost:7001/result?query=ducks&page=3", "windowHistoryState": null}
{"type": "searchResultGenerated", "timestamp": "2026-02-24T15:10:46.978Z", "sessionID": "9a9e1bfa-b054-441b-b083-ec1ce532123c", "query": "ducks", "docid": "3071", "rank": "9", "page": "3", "url": "https://www.africanstorybook.org/", "windowLocation": "http://localhost:7001/result?query=ducks&page=3", "windowHistoryState": null}
{"type": "searchResultGenerated", "timestamp": "2026-02-24T15:10:46.978Z", "sessionID": "9a9e1bfa-b054-441b-b083-ec1ce532123c", "query": "ducks", "docid": "7254", "rank": "10", "page": "3", "url": "https://www.digitallibrary.io/en/books/details/3753", "windowLocation": "http://localhost:7001/result?query=ducks&page=3", "windowHistoryState": null}
{"type": "cursorEnteredSnippet", "timestamp": "2026-02-24T15:10:47.002Z", "sessionID": "9a9e1bfa-b054-441b-b083-ec1ce532123c", "query": "ducks", "docid": "3208", "rank": "4", "page": "3"}
{"type": "cursorLeftSnippet", "timestamp": "2026-02-24T15:10:47.081Z", "sessionID": "9a9e1bfa-b054-441b-b083-ec1ce532123c", "query": "ducks", "docid": "3208", "rank": "4", "page": "3"}
{"type": "cursorEnteredSnippet", "timestamp": "2026-02-24T15:10:47.098Z", "sessionID": "9a9e1bfa-b054-441b-b083-ec1ce532123c", "query": "ducks", "docid": "7365", "rank": "3", "page": "3"}
{"type": "cursorLeftSnippet", "timestamp": "2026-02-24T15:10:49.634Z", "sessionID": "9a9e1bfa-b054-441b-b083-ec1ce532123c", "query": "ducks", "docid": "7365", "rank": "3", "page": "3"}
{"type": "searchResultGenerated", "timestamp": "2026-02-24T15:10:51.602Z", "sessionID": "9a9e1bfa-b054-441b-b083-ec1ce532123c", "query": "ducks", "docid": "2938", "rank": "1", "page": "1", "url": "https://www.africanstorybook.org/#", "windowLocation": "http://localhost:7001/result?query=ducks&page=1", "windowHistoryState": null}
{"type": "searchResultGenerated", "timestamp": "2026-02-24T15:10:51.602Z", "sessionID": "9a9e1bfa-b054-441b-b083-ec1ce532123c", "query": "ducks", "docid": "5607", "rank": "2", "page": "1", "url": "http://www.gutenberg.org/files/15170/15170-h/15170-h.htm#mirror", "windowLocation": "http://localhost:7001/result?query=ducks&page=1", "windowHistoryState": null}
{"type": "searchResultGenerated", "timestamp": "2026-02-24T15:10:51.602Z", "sessionID": "9a9e1bfa-b054-441b-b083-ec1ce532123c", "query": "ducks", "docid": "5292", "rank": "3", "page": "1", "url": "http://www.gutenberg.org/files/40756/40756-h/40756-h.htm#Page_135", "windowLocation": "http://localhost:7001/result?query=ducks&page=1", "windowHistoryState": null}
{"type": "searchResultGenerated", "timestamp": "2026-02-24T15:10:51.603Z", "sessionID": "9a9e1bfa-b054-441b-b083-ec1ce532123c", "query": "ducks", "docid": "5499", "rank": "4", "page": "1", "url": "http://www.gutenberg.org/files/28130/28130-h/28130-h.htm#Page_57", "windowLocation": "http://localhost:7001/result?query=ducks&page=1", "windowHistoryState": null}
{"type": "searchResultGenerated", "timestamp": "2026-02-24T15:10:51.603Z", "sessionID": "9a9e1bfa-b054-441b-b083-ec1ce532123c", "query": "ducks", "docid": "5642", "rank": "5", "page": "1", "url": "http://www.gutenberg.org/files/16522/16522-h/16522-h.htm#ELSIES_DUCKS", "windowLocation": "http://localhost:7001/result?query=ducks&page=1", "windowHistoryState": null}
{"type": "searchResultGenerated", "timestamp": "2026-02-24T15:10:51.603Z", "sessionID": "9a9e1bfa-b054-441b-b083-ec1ce532123c", "query": "ducks", "docid": "4817", "rank": "6", "page": "1", "url": "http://www.gutenberg.org/files/902/902-h/902-h.htm", "windowLocation": "http://localhost:7001/result?query=ducks&page=1", "windowHistoryState": null}
{"type": "searchResultGenerated", "timestamp": "2026-02-24T15:10:51.604Z", "sessionID": "9a9e1bfa-b054-441b-b083-ec1ce532123c", "query": "ducks", "docid": "4970", "rank": "7", "page": "1", "url": "http://www.gutenberg.org/files/8950/8950-h/8950-h.htm", "windowLocation": "http://localhost:7001/result?query=ducks&page=1", "windowHistoryState": null}
{"type": "searchResultGenerated", "timestamp": "2026-02-24T15:10:51.604Z", "sessionID": "9a9e1bfa-b054-441b-b083-ec1ce532123c", "query": "ducks", "docid": "6202", "rank": "8", "page": "1", "url": "http://www.gutenberg.org/files/16891/16891-h/16891-h.htm", "windowLocation": "http://localhost:7001/result?query=ducks&page=1", "windowHistoryState": null}
{"type": "searchResultGenerated", "timestamp": "2026-02-24T15:10:51.604Z", "sessionID": "9a9e1bfa-b054-441b-b083-ec1ce532123c", "query": "ducks", "docid": "5714", "rank": "9", "page": "1", "url": "http://www.gutenberg.org/files/24940/24940-h/24940-h.htm#Page_69", "windowLocation": "http://localhost:7001/result?query=ducks&page=1", "windowHistoryState": null}
{"type": "searchResultGenerated", "timestamp": "2026-02-24T15:10:51.604Z", "sessionID": "9a9e1bfa-b054-441b-b083-ec1ce532123c", "query": "ducks", "docid": "5589", "rank": "10", "page": "1", "url": "http://www.gutenberg.org/files/28133/28133-h/28133-h.htm#Page_139", "windowLocation": "http://localhost:7001/result?query=ducks&page=1", "windowHistoryState": null}
{"type": "cursorEnteredSnippet", "timestamp": "2026-02-24T15:10:54.331Z", "sessionID": "9a9e1bfa-b054-441b-b083-ec1ce532123c", "query": "ducks", "docid": "4970", "rank": "7", "page": "1"}
{"type": "cursorLeftSnippet", "timestamp": "2026-02-24T15:10:54.448Z", "sessionID": "9a9e1bfa-b054-441b-b083-ec1ce532123c", "query": "ducks", "docid": "4970", "rank": "7", "page": "1"}
{"type": "cursorEnteredSnippet", "timestamp": "2026-02-24T15:10:54.481Z", "sessionID": "9a9e1bfa-b054-441b-b083-ec1ce532123c", "query": "ducks", "docid": "4817", "rank": "6", "page": "1"}
{"type": "cursorLeftSnippet", "timestamp": "2026-02-24T15:10:54.697Z", "sessionID": "9a9e1bfa-b054-441b-b083-ec1ce532123c", "query": "ducks", "docid": "4817", "rank": "6", "page": "1"}
{"type": "queryBoxFocused", "timestamp": "2026-02-24T15:10:55.166Z", "sessionID": "9a9e1bfa-b054-441b-b083-ec1ce532123c"}
{"type": "querySubmitted", "timestamp": "2026-02-24T15:10:57.429Z", "sessionID": "9a9e1bfa-b054-441b-b083-ec1ce532123c", "query": "wasp"}
{"type": "searchResultGenerated", "timestamp": "2026-02-24T15:10:57.665Z", "sessionID": "9a9e1bfa-b054-441b-b083-ec1ce532123c", "query": "wasp", "docid": "2374", "rank": "1", "page": "1", "url": "https://kids.frontiersin.org/article/10.3389/frym.2019.00149", "windowLocation": "http://localhost:7001/result?query=wasp&page=1", "windowHistoryState": null}
{"type": "searchResultGenerated", "timestamp": "2026-02-24T15:10:57.666Z", "sessionID": "9a9e1bfa-b054-441b-b083-ec1ce532123c", "query": "wasp", "docid": "5537", "rank": "2", "page": "1", "url": "http://www.gutenberg.org/files/28129/28129-h/28129-h.htm#Page_8", "windowLocation": "http://localhost:7001/result?query=wasp&page=1", "windowHistoryState": null}
{"type": "searchResultGenerated", "timestamp": "2026-02-24T15:10:57.666Z", "sessionID": "9a9e1bfa-b054-441b-b083-ec1ce532123c", "query": "wasp", "docid": "7169", "rank": "3", "page": "1", "url": "http://www.gutenberg.org/cache/epub/3152/pg3152.html", "windowLocation": "http://localhost:7001/result?query=wasp&page=1", "windowHistoryState": null}
{"type": "searchResultGenerated", "timestamp": "2026-02-24T15:10:57.667Z", "sessionID": "9a9e1bfa-b054-441b-b083-ec1ce532123c", "query": "wasp", "docid": "1508", "rank": "4", "page": "1", "url": "http://www.gutenberg.org/files/15373/15373-h/15373-h.htm#magician", "windowLocation": "http://localhost:7001/result?query=wasp&page=1", "windowHistoryState": null}
{"type": "searchResultGenerated", "timestamp": "2026-02-24T15:10:57.667Z", "sessionID": "9a9e1bfa-b054-441b-b083-ec1ce532123c", "query": "wasp", "docid": "451", "rank": "5", "page": "1", "url": "http://www.gutenberg.org/files/22420/22420-h/22420-h.htm#Page_23", "windowLocation": "http://localhost:7001/result?query=wasp&page=1", "windowHistoryState": null}
{"type": "searchResultGenerated", "timestamp": "2026-02-24T15:10:57.667Z", "sessionID": "9a9e1bfa-b054-441b-b083-ec1ce532123c", "query": "wasp", "docid": "1516", "rank": "6", "page": "1", "url": "http://www.gutenberg.org/files/23405/23405-h/23405-h.htm#TREES_AND_ANTS_THAT_HELP_EACH_OTHER", "windowLocation": "http://localhost:7001/result?query=wasp&page=1", "windowHistoryState": null}
{"type": "searchResultGenerated", "timestamp": "2026-02-24T15:10:57.667Z", "sessionID": "9a9e1bfa-b054-441b-b083-ec1ce532123c", "query": "wasp", "docid": "2746", "rank": "7", "page": "1", "url": "https://kids.frontiersin.org/article/10.3389/frym.2018.00068", "windowLocation": "http://localhost:7001/result?query=wasp&page=1", "windowHistoryState": null}
{"type": "cursorEnteredSnippet", "timestamp": "2026-02-24T15:10:58.797Z", "sessionID": "9a9e1bfa-b054-441b-b083-ec1ce532123c", "query": "wasp", "docid": "2374", "rank": "1", "page": "1"}
{"type": "cursorLeftSnippet", "timestamp": "2026-02-24T15:10:59.031Z", "sessionID": "9a9e1bfa-b054-441b-b083-ec1ce532123c", "query": "wasp", "docid": "2374", "rank": "1", "page": "1"}
{"type": "searchResultGenerated", "timestamp": "2026-02-24T15:11:01.019Z", "sessionID": "9a9e1bfa-b054-441b-b083-ec1ce532123c", "query": "ducks", "docid": "2938", "rank": "1", "page": "1", "url": "https://www.africanstorybook.org/#", "windowLocation": "http://localhost:7001/result?query=ducks&page=1", "windowHistoryState": null}
{"type": "searchResultGenerated", "timestamp": "2026-02-24T15:11:01.019Z", "sessionID": "9a9e1bfa-b054-441b-b083-ec1ce532123c", "query": "ducks", "docid": "5607", "rank": "2", "page": "1", "url": "http://www.gutenberg.org/files/15170/15170-h/15170-h.htm#mirror", "windowLocation": "http://localhost:7001/result?query=ducks&page=1", "windowHistoryState": null}
{"type": "searchResultGenerated", "timestamp": "2026-02-24T15:11:01.019Z", "sessionID": "9a9e1bfa-b054-441b-b083-ec1ce532123c", "query": "ducks", "docid": "5292", "rank": "3", "page": "1", "url": "http://www.gutenberg.org/files/40756/40756-h/40756-h.htm#Page_135", "windowLocation": "http://localhost:7001/result?query=ducks&page=1", "windowHistoryState": null}
{"type": "searchResultGenerated", "timestamp": "2026-02-24T15:11:01.020Z", "sessionID": "9a9e1bfa-b054-441b-b083-ec1ce532123c", "query": "ducks", "docid": "5499", "rank": "4", "page": "1", "url": "http://www.gutenberg.org/files/28130/28130-h/28130-h.htm#Page_57", "windowLocation": "http://localhost:7001/result?query=ducks&page=1", "windowHistoryState": null}
{"type": "searchResultGenerated", "timestamp": "2026-02-24T15:11:01.020Z", "sessionID": "9a9e1bfa-b054-441b-b083-ec1ce532123c", "query": "ducks", "docid": "5642", "rank": "5", "page": "1", "url": "http://www.gutenberg.org/files/16522/16522-h/16522-h.htm#ELSIES_DUCKS", "windowLocation": "http://localhost:7001/result?query=ducks&page=1", "windowHistoryState": null}
{"type": "searchResultGenerated", "timestamp": "2026-02-24T15:11:01.020Z", "sessionID": "9a9e1bfa-b054-441b-b083-ec1ce532123c", "query": "ducks", "docid": "4817", "rank": "6", "page": "1", "url": "http://www.gutenberg.org/files/902/902-h/902-h.htm", "windowLocation": "http://localhost:7001/result?query=ducks&page=1", "windowHistoryState": null}
{"type": "searchResultGenerated", "timestamp": "2026-02-24T15:11:01.020Z", "sessionID": "9a9e1bfa-b054-441b-b083-ec1ce532123c", "query": "ducks", "docid": "4970", "rank": "7", "page": "1", "url": "http://www.gutenberg.org/files/8950/8950-h/8950-h.htm", "windowLocation": "http://localhost:7001/result?query=ducks&page=1", "windowHistoryState": null}
{"type": "searchResultGenerated", "timestamp": "2026-02-24T15:11:01.020Z", "sessionID": "9a9e1bfa-b054-441b-b083-ec1ce532123c", "query": "ducks", "docid": "6202", "rank": "8", "page": "1", "url": "http://www.gutenberg.org/files/16891/16891-h/16891-h.htm", "windowLocation": "http://localhost:7001/result?query=ducks&page=1", "windowHistoryState": null}
{"type": "searchResultGenerated", "timestamp": "2026-02-24T15:11:01.020Z", "sessionID": "9a9e1bfa-b054-441b-b083-ec1ce532123c", "query": "ducks", "docid": "5714", "rank": "9", "page": "1", "url": "http://www.gutenberg.org/files/24940/24940-h/24940-h.htm#Page_69", "windowLocation": "http://localhost:7001/result?query=ducks&page=1", "windowHistoryState": null}
{"type": "searchResultGenerated", "timestamp": "2026-02-24T15:11:01.020Z", "sessionID": "9a9e1bfa-b054-441b-b083-ec1ce532123c", "query": "ducks", "docid": "5589", "rank": "10", "page": "1", "url": "http://www.gutenberg.org/files/28133/28133-h/28133-h.htm#Page_139", "windowLocation": "http://localhost:7001/result?query=ducks&page=1", "windowHistoryState": null}
{"type": "cursorEnteredSnippet", "timestamp": "2026-02-24T15:11:03.530Z", "sessionID": "9a9e1bfa-b054-441b-b083-ec1ce532123c", "query": "ducks", "docid": "6202", "rank": "8", "page": "1"}
{"type": "cursorLeftSnippet", "timestamp": "2026-02-24T15:11:03.563Z", "sessionID": "9a9e1bfa-b054-441b-b083-ec1ce532123c", "query": "ducks", "docid": "6202", "rank": "8", "page": "1"}
{"type": "cursorEnteredSnippet", "timestamp": "2026-02-24T15:11:03.597Z", "sessionID": "9a9e1bfa-b054-441b-b083-ec1ce532123c", "query": "ducks", "docid": "5714", "rank": "9", "page": "1"}
{"type": "clickedResult", "timestamp": "2026-02-24T15:11:03.945Z", "sessionID": "9a9e1bfa-b054-441b-b083-ec1ce532123c", "query": "ducks", "rank": "9", "page": "1", "url": "http://www.gutenberg.org/files/24940/24940-h/24940-h.htm#Page_69"}
{"type": "cursorLeftSnippet", "timestamp": "2026-02-24T15:11:04.393Z", "sessionID": "9a9e1bfa-b054-441b-b083-ec1ce532123c", "query": "ducks", "docid": "5714", "rank": "9", "page": "1"}
{"type": "searchResultGenerated", "timestamp": "2026-02-24T15:11:07.075Z", "sessionID": "9a9e1bfa-b054-441b-b083-ec1ce532123c", "query": "ducks", "docid": "2938", "rank": "1", "page": "1", "url": "https://www.africanstorybook.org/#", "windowLocation": "http://localhost:7001/result?query=ducks&page=1", "windowHistoryState": null}
{"type": "searchResultGenerated", "timestamp": "2026-02-24T15:11:07.076Z", "sessionID": "9a9e1bfa-b054-441b-b083-ec1ce532123c", "query": "ducks", "docid": "5607", "rank": "2", "page": "1", "url": "http://www.gutenberg.org/files/15170/15170-h/15170-h.htm#mirror", "windowLocation": "http://localhost:7001/result?query=ducks&page=1", "windowHistoryState": null}
{"type": "searchResultGenerated", "timestamp": "2026-02-24T15:11:07.077Z", "sessionID": "9a9e1bfa-b054-441b-b083-ec1ce532123c", "query": "ducks", "docid": "5292", "rank": "3", "page": "1", "url": "http://www.gutenberg.org/files/40756/40756-h/40756-h.htm#Page_135", "windowLocation": "http://localhost:7001/result?query=ducks&page=1", "windowHistoryState": null}
{"type": "searchResultGenerated", "timestamp": "2026-02-24T15:11:07.078Z", "sessionID": "9a9e1bfa-b054-441b-b083-ec1ce532123c", "query": "ducks", "docid": "5499", "rank": "4", "page": "1", "url": "http://www.gutenberg.org/files/28130/28130-h/28130-h.htm#Page_57", "windowLocation": "http://localhost:7001/result?query=ducks&page=1", "windowHistoryState": null}
{"type": "searchResultGenerated", "timestamp": "2026-02-24T15:11:07.078Z", "sessionID": "9a9e1bfa-b054-441b-b083-ec1ce532123c", "query": "ducks", "docid": "5642", "rank": "5", "page": "1", "url": "http://www.gutenberg.org/files/16522/16522-h/16522-h.htm#ELSIES_DUCKS", "windowLocation": "http://localhost:7001/result?query=ducks&page=1", "windowHistoryState": null}
{"type": "searchResultGenerated", "timestamp": "2026-02-24T15:11:07.079Z", "sessionID": "9a9e1bfa-b054-441b-b083-ec1ce532123c", "query": "ducks", "docid": "4817", "rank": "6", "page": "1", "url": "http://www.gutenberg.org/files/902/902-h/902-h.htm", "windowLocation": "http://localhost:7001/result?query=ducks&page=1", "windowHistoryState": null}
{"type": "searchResultGenerated", "timestamp": "2026-02-24T15:11:07.080Z", "sessionID": "9a9e1bfa-b054-441b-b083-ec1ce532123c", "query": "ducks", "docid": "4970", "rank": "7", "page": "1", "url": "http://www.gutenberg.org/files/8950/8950-h/8950-h.htm", "windowLocation": "http://localhost:7001/result?query=ducks&page=1", "windowHistoryState": null}
{"type": "searchResultGenerated", "timestamp": "2026-02-24T15:11:07.080Z", "sessionID": "9a9e1bfa-b054-441b-b083-ec1ce532123c", "query": "ducks", "docid": "6202", "rank": "8", "page": "1", "url": "http://www.gutenberg.org/files/16891/16891-h/16891-h.htm", "windowLocation": "http://localhost:7001/result?query=ducks&page=1", "windowHistoryState": null}
{"type": "searchResultGenerated", "timestamp": "2026-02-24T15:11:07.081Z", "sessionID": "9a9e1bfa-b054-441b-b083-ec1ce532123c", "query": "ducks", "docid": "5714", "rank": "9", "page": "1", "url": "http://www.gutenberg.org/files/24940/24940-h/24940-h.htm#Page_69", "windowLocation": "http://localhost:7001/result?query=ducks&page=1", "windowHistoryState": null}
{"type": "searchResultGenerated", "timestamp": "2026-02-24T15:11:07.082Z", "sessionID": "9a9e1bfa-b054-441b-b083-ec1ce532123c", "query": "ducks", "docid": "5589", "rank": "10", "page": "1", "url": "http://www.gutenberg.org/files/28133/28133-h/28133-h.htm#Page_139", "windowLocation": "http://localhost:7001/result?query=ducks&page=1", "windowHistoryState": null}
{"type": "ClickedEndTask", "timestamp": "2026-02-24T15:11:08.298Z", "sessionID": "9a9e1bfa-b054-441b-b083-ec1ce532123c"}
{"type": "TaskEndConfirmed", "timestamp": "2026-02-24T15:11:09.361Z", "sessionID": "9a9e1bfa-b054-441b-b083-ec1ce532123c"}
