{"type": "TaskStarted", "timestamp": "2026-02-24T14:12:50.806Z", "sessionID": "f973dddd-deda-4403-9f5b-5a43435954df"}
{"type": "idSubmitted", "timestamp": "2026-02-24T14:12:50.810Z", "sessionID": "f973dddd-deda-4403-9f5b-5a43435954df", "uid": "Participant16"}
{"type": "queryBoxFocused", "timestamp": "2026-02-24T14:12:52.002Z", "sessionID": "f973dddd-deda-4403-9f5b-5a43435954df"}
{"type": "querySubmitted", "timestamp": "2026-02-24T14:12:56.194Z", "sessionID": "f973dddd-deda-4403-9f5b-5a43435954df", "query": "trees"}
{"type": "searchResultGenerated", "timestamp": "2026-02-24T14:12:57.517Z", "sessionID": "f973dddd-deda-4403-9f5b-5a43435954df", "query": "trees", "docid": "4690", "rank": "1", "page": "1", "url": "http://www.gutenberg.org/files/7841/7841-h/7841-h.htm#i", "windowLocation": "http://localhost:7001/result?query=trees&page=1", "windowHistoryState": null}
{"type": "searchResultGenerated", "timestamp": "2026-02-24T14:12:57.517Z", "sessionID": "f973dddd-deda-4403-9f5b-5a43435954df", "query": "trees", "docid": "2414", "rank": "2", "page": "1", "url": "https://www.africanstorybook.org/#", "windowLocation": "http://localhost:7001/result?query=trees&page=1", "windowHistoryState": null}
{"type": "searchResultGenerated", "timestamp": "2026-02-24T14:12:57.517Z", "sessionID": "f973dddd-deda-4403-9f5b-5a43435954df", "query": "trees", "docid": "1166", "rank": "3", "page": "1", "url": "http://www.gutenberg.org/files/16534/16534-h/16534-h.htm", "windowLocation": "http://localhost:7001/result?query=trees&page=1", "windowHistoryState": null}
{"type": "searchResultGenerated", "timestamp": "2026-02-24T14:12:57.517Z", "sessionID": "f973dddd-deda-4403-9f5b-5a43435954df", "query": "trees", "docid": "2879", "rank": "4", "page": "1", "url": "https://www.africanstorybook.org/", "windowLocation": "http://localhost:7001/result?query=trees&page=1", "windowHistoryState": null}
{"type": "searchResultGenerated", "timestamp": "2026-02-24T14:12:57.517Z", "sessionID": "f973dddd-deda-4403-9f5b-5a43435954df", "query": "trees", "docid": "3092", "rank": "5", "page": "1", "url": "https://www.africanstorybook.org/#", "windowLocation": "http://localhost:7001/result?query=trees&page=1", "windowHistoryState": null}
{"type": "searchResultGenerated", "timestamp": "2026-02-24T14:12:57.517Z", "sessionID": "f973dddd-deda-4403-9f5b-5a43435954df", "query": "trees", "docid": "2659", "rank": "6", "page": "1", "url": "https://www.africanstorybook.org/", "windowLocation": "http://localhost:7001/result?query=trees&page=1", "windowHistoryState": null}
{"type": "searchResultGenerated", "timestamp": "2026-02-24T14:12:57.517Z", "sessionID": "f973dddd-deda-4403-9f5b-5a43435954df", "query": "trees", "docid": "7303", "rank": "7", "page": "1", "url": "http://www.gutenberg.org/files/11344/11344-h/11344-h.htm#25", "windowLocation": "http://localhost:7001/result?query=trees&page=1", "windowHistoryState": null}
{"type": "searchResultGenerated", "timestamp": "2026-02-24T14:12:57.517Z", "sessionID": "f973dddd-deda-4403-9f5b-5a43435954df", "query": "trees", "docid": "2795", "rank": "8", "page": "1", "url": "https://kids.frontiersin.org/article/10.3389/frym.2018.00033", "windowLocation": "http://localhost:7001/result?query=trees&page=1", "windowHistoryState": null}
{"type": "searchResultGenerated", "timestamp": "2026-02-24T14:12:57.517Z", "sessionID": "f973dddd-deda-4403-9f5b-5a43435954df", "query": "trees", "docid": "5085", "rank": "9", "page": "1", "url": "http://www.gutenberg.org/files/8559/8559-h/8559-h.htm#23", "windowLocation": "http://localhost:7001/result?query=trees&page=1", "windowHistoryState": null}
{"type": "searchResultGenerated", "timestamp": "2026-02-24T14:12:57.517Z", "sessionID": "f973dddd-deda-4403-9f5b-5a43435954df", "query": "trees", "docid": "6260", "rank": "10", "page": "1", "url": "http://www.gutenberg.org/files/32455/32455-h/32455-h.htm", "windowLocation": "http://localhost:7001/result?query=trees&page=1", "windowHistoryState": null}
{"type": "cursorEnteredSnippet", "timestamp": "2026-02-24T14:12:58.025Z", "sessionID": "f973dddd-deda-4403-9f5b-5a43435954df", "query": "trees", "docid": "4690", "rank": "1", "page": "1"}
{"type": "cursorLeftSnippet", "timestamp": "2026-02-24T14:12:58.075Z", "sessionID": "f973dddd-deda-4403-9f5b-5a43435954df", "query": "trees", "docid": "4690", "rank": "1", "page": "1"}
{"type": "cursorEnteredSnippet", "timestamp": "2026-02-24T14:12:58.075Z", "sessionID": "f973dddd-deda-4403-9f5b-5a43435954df", "query": "trees", "docid": "2414", "rank": "2", "page": "1"}
{"type": "cursorLeftSnippet", "timestamp": "2026-02-24T14:13:00.142Z", "sessionID": "f973dddd-deda-4403-9f5b-5a43435954df", "query": "trees", "docid": "2414", "rank": "2", "page": "1"}
{"type": "cursorEnteredSnippet", "timestamp": "2026-02-24T14:13:00.142Z", "sessionID": "f973dddd-deda-4403-9f5b-5a43435954df", "query": "trees", "docid": "5085", "rank": "9", "page": "1"}
{"type": "cursorLeftSnippet", "timestamp": "2026-02-24T14:13:00.224Z", "sessionID": "f973dddd-deda-4403-9f5b-5a43435954df", "query": "trees", "docid": "5085", "rank": "9", "page": "1"}
{"type": "cursorEnteredSnippet", "timestamp": "2026-02-24T14:13:00.225Z", "sessionID": "f973dddd-deda-4403-9f5b-5a43435954df", "query": "trees", "docid": "2795", "rank": "8", "page": "1"}
{"type": "cursorLeftSnippet", "timestamp": "2026-02-24T14:13:00.258Z", "sessionID": "f973dddd-deda-4403-9f5b-5a43435954df", "query": "trees", "docid": "2795", "rank": "8", "page": "1"}
{"type": "ClickedEndTask", "timestamp": "2026-02-24T14:13:00.895Z", "sessionID": "f973dddd-deda-4403-9f5b-5a43435954df"}
{"type": "TaskEndConfirmed", "timestamp": "2026-02-24T14:13:01.780Z", "sessionID": "f973dddd-deda-4403-9f5b-5a43435954df"}
