{"type": "TaskStarted", "timestamp": "2026-02-20T10:43:14.909Z", "sessionID": "ed84b4e0-a215-4e93-b991-44601b2442b5"}
{"type": "idSubmitted", "timestamp": "2026-02-20T10:43:14.911Z", "sessionID": "ed84b4e0-a215-4e93-b991-44601b2442b5", "uid": "Participant14"}
{"type": "queryBoxFocused", "timestamp": "2026-02-20T10:43:16.191Z", "sessionID": "ed84b4e0-a215-4e93-b991-44601b2442b5"}
{"type": "querySubmitted", "timestamp": "2026-02-20T10:43:18.425Z", "sessionID": "ed84b4e0-a215-4e93-b991-44601b2442b5", "query": "boats"}
{"type": "searchResultGenerated", "timestamp": "2026-02-20T10:43:29.986Z", "sessionID": "ed84b4e0-a215-4e93-b991-44601b2442b5", "query": "boats", "docid": "6009", "rank": "1", "page": "5", "url": "http://www.gutenberg.org/files/148/148-h/148-h.htm", "windowLocation": "http://localhost:7001/result?query=boats&page=5"}
{"type": "searchResultGenerated", "timestamp": "2026-02-20T10:43:29.986Z", "sessionID": "ed84b4e0-a215-4e93-b991-44601b2442b5", "query": "boats", "docid": "6463", "rank": "2", "page": "5", "url": "http://www.gutenberg.org/files/20730/20730-h/20730-h.htm", "windowLocation": "http://localhost:7001/result?query=boats&page=5"}
{"type": "searchResultGenerated", "timestamp": "2026-02-20T10:43:29.987Z", "sessionID": "ed84b4e0-a215-4e93-b991-44601b2442b5", "query": "boats", "docid": "5497", "rank": "3", "page": "5", "url": "http://www.gutenberg.org/files/28138/28138-h/28138-h.htm#Page_113", "windowLocation": "http://localhost:7001/result?query=boats&page=5"}
{"type": "searchResultGenerated", "timestamp": "2026-02-20T10:43:29.987Z", "sessionID": "ed84b4e0-a215-4e93-b991-44601b2442b5", "query": "boats", "docid": "5560", "rank": "4", "page": "5", "url": "http://www.gutenberg.org/files/28136/28136-h/28136-h.htm#Page_33", "windowLocation": "http://localhost:7001/result?query=boats&page=5"}
{"type": "searchResultGenerated", "timestamp": "2026-02-20T10:43:29.987Z", "sessionID": "ed84b4e0-a215-4e93-b991-44601b2442b5", "query": "boats", "docid": "733", "rank": "5", "page": "5", "url": "http://www.gutenberg.org/files/14875/14875-h/14875-h.htm", "windowLocation": "http://localhost:7001/result?query=boats&page=5"}
{"type": "searchResultGenerated", "timestamp": "2026-02-20T10:43:29.987Z", "sessionID": "ed84b4e0-a215-4e93-b991-44601b2442b5", "query": "boats", "docid": "1529", "rank": "6", "page": "5", "url": "http://www.gutenberg.org/cache/epub/6323/pg6323-images.html", "windowLocation": "http://localhost:7001/result?query=boats&page=5"}
{"type": "searchResultGenerated", "timestamp": "2026-02-20T10:43:29.988Z", "sessionID": "ed84b4e0-a215-4e93-b991-44601b2442b5", "query": "boats", "docid": "5435", "rank": "7", "page": "5", "url": "http://www.gutenberg.org/files/28142/28142-h/28142-h.htm#Page_82", "windowLocation": "http://localhost:7001/result?query=boats&page=5"}
{"type": "searchResultGenerated", "timestamp": "2026-02-20T10:43:29.988Z", "sessionID": "ed84b4e0-a215-4e93-b991-44601b2442b5", "query": "boats", "docid": "495", "rank": "8", "page": "5", "url": "http://www.gutenberg.org/files/25489/25489-h/25489-h.htm", "windowLocation": "http://localhost:7001/result?query=boats&page=5"}
{"type": "searchResultGenerated", "timestamp": "2026-02-20T10:43:29.988Z", "sessionID": "ed84b4e0-a215-4e93-b991-44601b2442b5", "query": "boats", "docid": "5648", "rank": "9", "page": "5", "url": "http://www.gutenberg.org/files/16522/16522-h/16522-h.htm#MABEL_AND_HER_FRIEND_CARLO", "windowLocation": "http://localhost:7001/result?query=boats&page=5"}
{"type": "searchResultGenerated", "timestamp": "2026-02-20T10:43:29.988Z", "sessionID": "ed84b4e0-a215-4e93-b991-44601b2442b5", "query": "boats", "docid": "4207", "rank": "10", "page": "5", "url": "http://www.gutenberg.org/files/15480/15480-h/15480-h.htm", "windowLocation": "http://localhost:7001/result?query=boats&page=5"}
{"type": "clickedResult", "timestamp": "2026-02-20T10:43:31.052Z", "sessionID": "ed84b4e0-a215-4e93-b991-44601b2442b5", "query": "boats", "rank": "4", "page": "5", "url": "http://www.gutenberg.org/files/28136/28136-h/28136-h.htm#Page_33"}
{"type": "cursorLeftSnippet", "timestamp": "2026-02-20T10:43:31.326Z", "sessionID": "ed84b4e0-a215-4e93-b991-44601b2442b5", "query": "boats", "docid": "5560", "rank": "4", "page": "5"}
{"type": "cursorEnteredSnippet", "timestamp": "2026-02-20T10:43:34.132Z", "sessionID": "ed84b4e0-a215-4e93-b991-44601b2442b5", "query": "boats", "docid": "6009", "rank": "1", "page": "5"}
{"type": "cursorLeftSnippet", "timestamp": "2026-02-20T10:43:34.265Z", "sessionID": "ed84b4e0-a215-4e93-b991-44601b2442b5", "query": "boats", "docid": "6009", "rank": "1", "page": "5"}
{"type": "queryBoxFocused", "timestamp": "2026-02-20T10:43:34.987Z", "sessionID": "ed84b4e0-a215-4e93-b991-44601b2442b5"}
{"type": "querySubmitted", "timestamp": "2026-02-20T10:43:37.999Z", "sessionID": "ed84b4e0-a215-4e93-b991-44601b2442b5", "query": "beach"}
{"type": "searchResultGenerated", "timestamp": "2026-02-20T10:43:50.815Z", "sessionID": "ed84b4e0-a215-4e93-b991-44601b2442b5", "query": "beach", "docid": "5106", "rank": "1", "page": "4", "url": "http://www.gutenberg.org/files/8687/8687-h/8687-h.htm#32", "windowLocation": "http://localhost:7001/result?query=beach&page=4"}
{"type": "searchResultGenerated", "timestamp": "2026-02-20T10:43:50.815Z", "sessionID": "ed84b4e0-a215-4e93-b991-44601b2442b5", "query": "beach", "docid": "6057", "rank": "2", "page": "4", "url": "https://www.commonlit.org/texts/from-the-wild-horses-of-assateague-island", "windowLocation": "http://localhost:7001/result?query=beach&page=4"}
{"type": "searchResultGenerated", "timestamp": "2026-02-20T10:43:50.816Z", "sessionID": "ed84b4e0-a215-4e93-b991-44601b2442b5", "query": "beach", "docid": "3144", "rank": "3", "page": "4", "url": "https://freekidsbooks.org/wp-content/uploads/2019/12/FKB-kids-stories-dive.pdf", "windowLocation": "http://localhost:7001/result?query=beach&page=4"}
{"type": "clickedResult", "timestamp": "2026-02-20T10:43:51.860Z", "sessionID": "ed84b4e0-a215-4e93-b991-44601b2442b5", "query": "beach", "rank": "3", "page": "4", "url": "https://freekidsbooks.org/wp-content/uploads/2019/12/FKB-kids-stories-dive.pdf"}
{"type": "cursorLeftSnippet", "timestamp": "2026-02-20T10:43:52.173Z", "sessionID": "ed84b4e0-a215-4e93-b991-44601b2442b5", "query": "beach", "docid": "3144", "rank": "3", "page": "4"}
{"type": "cursorEnteredSnippet", "timestamp": "2026-02-20T10:43:59.314Z", "sessionID": "ed84b4e0-a215-4e93-b991-44601b2442b5", "query": "beach", "docid": "6057", "rank": "2", "page": "4"}
{"type": "cursorLeftSnippet", "timestamp": "2026-02-20T10:44:00.064Z", "sessionID": "ed84b4e0-a215-4e93-b991-44601b2442b5", "query": "beach", "docid": "6057", "rank": "2", "page": "4"}
{"type": "cursorEnteredSnippet", "timestamp": "2026-02-20T10:44:00.064Z", "sessionID": "ed84b4e0-a215-4e93-b991-44601b2442b5", "query": "beach", "docid": "3144", "rank": "3", "page": "4"}
{"type": "cursorLeftSnippet", "timestamp": "2026-02-20T10:44:02.047Z", "sessionID": "ed84b4e0-a215-4e93-b991-44601b2442b5", "query": "beach", "docid": "3144", "rank": "3", "page": "4"}
{"type": "pageNavigationClicked", "timestamp": "2026-02-20T10:44:02.588Z", "sessionID": "ed84b4e0-a215-4e93-b991-44601b2442b5", "clicked": "\u00ab Previous", "fromPage": 4, "toPage": 3}
{"type": "searchResultGenerated", "timestamp": "2026-02-20T10:44:02.835Z", "sessionID": "ed84b4e0-a215-4e93-b991-44601b2442b5", "query": "beach", "docid": "5576", "rank": "1", "page": "3", "url": "http://www.gutenberg.org/files/28134/28134-h/28134-h.htm#Page_168", "windowLocation": "http://localhost:7001/result?query=beach&page=3"}
{"type": "searchResultGenerated", "timestamp": "2026-02-20T10:44:02.836Z", "sessionID": "ed84b4e0-a215-4e93-b991-44601b2442b5", "query": "beach", "docid": "5729", "rank": "2", "page": "3", "url": "http://www.gutenberg.org/files/24940/24940-h/24940-h.htm#Page_92", "windowLocation": "http://localhost:7001/result?query=beach&page=3"}
{"type": "searchResultGenerated", "timestamp": "2026-02-20T10:44:02.837Z", "sessionID": "ed84b4e0-a215-4e93-b991-44601b2442b5", "query": "beach", "docid": "1532", "rank": "3", "page": "3", "url": "http://www.gutenberg.org/cache/epub/6323/pg6323-images.html", "windowLocation": "http://localhost:7001/result?query=beach&page=3"}
{"type": "searchResultGenerated", "timestamp": "2026-02-20T10:44:02.837Z", "sessionID": "ed84b4e0-a215-4e93-b991-44601b2442b5", "query": "beach", "docid": "3644", "rank": "4", "page": "3", "url": "http://www.gutenberg.org/files/1429/1429-h/1429-h.htm", "windowLocation": "http://localhost:7001/result?query=beach&page=3"}
{"type": "searchResultGenerated", "timestamp": "2026-02-20T10:44:02.837Z", "sessionID": "ed84b4e0-a215-4e93-b991-44601b2442b5", "query": "beach", "docid": "2726", "rank": "5", "page": "3", "url": "https://www.africanstorybook.org/", "windowLocation": "http://localhost:7001/result?query=beach&page=3"}
{"type": "searchResultGenerated", "timestamp": "2026-02-20T10:44:02.837Z", "sessionID": "ed84b4e0-a215-4e93-b991-44601b2442b5", "query": "beach", "docid": "5631", "rank": "6", "page": "3", "url": "http://www.gutenberg.org/files/16522/16522-h/16522-h.htm#THE_CHILDRENS_VISIT_TO_THE_LIGHTHOUSE", "windowLocation": "http://localhost:7001/result?query=beach&page=3"}
{"type": "searchResultGenerated", "timestamp": "2026-02-20T10:44:02.838Z", "sessionID": "ed84b4e0-a215-4e93-b991-44601b2442b5", "query": "beach", "docid": "2370", "rank": "7", "page": "3", "url": "https://www.africanstorybook.org/", "windowLocation": "http://localhost:7001/result?query=beach&page=3"}
{"type": "searchResultGenerated", "timestamp": "2026-02-20T10:44:02.838Z", "sessionID": "ed84b4e0-a215-4e93-b991-44601b2442b5", "query": "beach", "docid": "705", "rank": "8", "page": "3", "url": "http://www.gutenberg.org/cache/epub/20870/pg20870-images.html", "windowLocation": "http://localhost:7001/result?query=beach&page=3"}
{"type": "searchResultGenerated", "timestamp": "2026-02-20T10:44:02.838Z", "sessionID": "ed84b4e0-a215-4e93-b991-44601b2442b5", "query": "beach", "docid": "4670", "rank": "9", "page": "3", "url": "http://www.gutenberg.org/files/15143/15143-h/15143-h.htm", "windowLocation": "http://localhost:7001/result?query=beach&page=3"}
{"type": "searchResultGenerated", "timestamp": "2026-02-20T10:44:02.838Z", "sessionID": "ed84b4e0-a215-4e93-b991-44601b2442b5", "query": "beach", "docid": "3375", "rank": "10", "page": "3", "url": "https://www.africanstorybook.org/", "windowLocation": "http://localhost:7001/result?query=beach&page=3"}
{"type": "cursorEnteredSnippet", "timestamp": "2026-02-20T10:44:03.327Z", "sessionID": "ed84b4e0-a215-4e93-b991-44601b2442b5", "query": "beach", "docid": "3644", "rank": "4", "page": "3"}
{"type": "cursorLeftSnippet", "timestamp": "2026-02-20T10:44:03.432Z", "sessionID": "ed84b4e0-a215-4e93-b991-44601b2442b5", "query": "beach", "docid": "3644", "rank": "4", "page": "3"}
{"type": "cursorEnteredSnippet", "timestamp": "2026-02-20T10:44:03.447Z", "sessionID": "ed84b4e0-a215-4e93-b991-44601b2442b5", "query": "beach", "docid": "1532", "rank": "3", "page": "3"}
{"type": "clickedResult", "timestamp": "2026-02-20T10:44:04.420Z", "sessionID": "ed84b4e0-a215-4e93-b991-44601b2442b5", "query": "beach", "rank": "3", "page": "3", "url": "http://www.gutenberg.org/cache/epub/6323/pg6323-images.html"}
{"type": "cursorLeftSnippet", "timestamp": "2026-02-20T10:44:22.330Z", "sessionID": "ed84b4e0-a215-4e93-b991-44601b2442b5", "query": "beach", "docid": "1532", "rank": "3", "page": "3"}
{"type": "cursorEnteredSnippet", "timestamp": "2026-02-20T10:44:22.330Z", "sessionID": "ed84b4e0-a215-4e93-b991-44601b2442b5", "query": "beach", "docid": "5729", "rank": "2", "page": "3"}
{"type": "cursorLeftSnippet", "timestamp": "2026-02-20T10:44:22.380Z", "sessionID": "ed84b4e0-a215-4e93-b991-44601b2442b5", "query": "beach", "docid": "5729", "rank": "2", "page": "3"}
{"type": "ClickedEndTask", "timestamp": "2026-02-20T10:44:31.366Z", "sessionID": "ed84b4e0-a215-4e93-b991-44601b2442b5"}
{"type": "TaskEndConfirmed", "timestamp": "2026-02-20T10:44:32.367Z", "sessionID": "ed84b4e0-a215-4e93-b991-44601b2442b5"}
