{"type": "TaskStarted", "timestamp": "2026-02-18T08:55:30.073Z", "sessionID": "7380efa0-b2a1-448a-9c0d-24c239fea3f9"}
{"type": "idSubmitted", "timestamp": "2026-02-18T08:55:30.076Z", "sessionID": "7380efa0-b2a1-448a-9c0d-24c239fea3f9", "uid": "Participant20"}
{"type": "queryBoxFocused", "timestamp": "2026-02-18T08:55:35.363Z", "sessionID": "7380efa0-b2a1-448a-9c0d-24c239fea3f9"}
{"type": "querySubmitted", "timestamp": "2026-02-18T08:55:38.119Z", "sessionID": "7380efa0-b2a1-448a-9c0d-24c239fea3f9", "query": "donald trump"}
{"type": "searchResultGenerated", "timestamp": "2026-02-18T08:55:39.833Z", "sessionID": "7380efa0-b2a1-448a-9c0d-24c239fea3f9", "query": "donald trump", "docid": "Sb91d4292-A293ddb2c", "rank": "1", "page": "1", "url": "https://www.debate.org/debates/Who-would-be-the-best-Republican-candidate-to-be-president./1/"}
{"type": "searchResultGenerated", "timestamp": "2026-02-18T08:55:39.833Z", "sessionID": "7380efa0-b2a1-448a-9c0d-24c239fea3f9", "query": "donald trump", "docid": "S99eb3279-A92b66bb6", "rank": "2", "page": "1", "url": "https://www.debate.org/debates/TRUMP-PRO-vs-KASICH-CON/1/"}
{"type": "searchResultGenerated", "timestamp": "2026-02-18T08:55:39.834Z", "sessionID": "7380efa0-b2a1-448a-9c0d-24c239fea3f9", "query": "donald trump", "docid": "Sf34bcbed-A34767499", "rank": "3", "page": "1", "url": "https://www.debate.org/debates/Who-is-this-man-DONALD-TRUMP/1/"}
{"type": "searchResultGenerated", "timestamp": "2026-02-18T08:55:39.834Z", "sessionID": "7380efa0-b2a1-448a-9c0d-24c239fea3f9", "query": "donald trump", "docid": "S689e8f9a-A1664b9b3", "rank": "4", "page": "1", "url": "https://www.debate.org/debates/Donald-Trump-NOOOOOOOOOOOOOO/1/"}
{"type": "searchResultGenerated", "timestamp": "2026-02-18T08:55:39.834Z", "sessionID": "7380efa0-b2a1-448a-9c0d-24c239fea3f9", "query": "donald trump", "docid": "S2f9c8c00-Abcd1940a", "rank": "5", "page": "1", "url": "https://www.debate.org/debates/Donald-Trump-is-the-worst-candidate/1/"}
{"type": "searchResultGenerated", "timestamp": "2026-02-18T08:55:39.834Z", "sessionID": "7380efa0-b2a1-448a-9c0d-24c239fea3f9", "query": "donald trump", "docid": "S17b0025-Ac5c59af1", "rank": "6", "page": "1", "url": "https://www.debate.org/debates/Donald-Trump-is-better-than-Hillary-Clinton/1/"}
{"type": "searchResultGenerated", "timestamp": "2026-02-18T08:55:39.834Z", "sessionID": "7380efa0-b2a1-448a-9c0d-24c239fea3f9", "query": "donald trump", "docid": "Sf34bcbed-A4e4a1656", "rank": "7", "page": "1", "url": "https://www.debate.org/debates/Who-is-this-man-DONALD-TRUMP/1/"}
{"type": "searchResultGenerated", "timestamp": "2026-02-18T08:55:39.834Z", "sessionID": "7380efa0-b2a1-448a-9c0d-24c239fea3f9", "query": "donald trump", "docid": "S62910eae-A3b35a2f6", "rank": "8", "page": "1", "url": "https://www.debate.org/debates/THB-Donald-Trumps-existence-is-good-for-the-world./1/"}
{"type": "searchResultGenerated", "timestamp": "2026-02-18T08:55:39.834Z", "sessionID": "7380efa0-b2a1-448a-9c0d-24c239fea3f9", "query": "donald trump", "docid": "Seb91b013-Ac81c0883", "rank": "9", "page": "1", "url": "https://www.debate.org/debates/Is-Donald-Trump-fit-for-the-presidency-of-the-United-States-of-America/1/"}
{"type": "searchResultGenerated", "timestamp": "2026-02-18T08:55:39.834Z", "sessionID": "7380efa0-b2a1-448a-9c0d-24c239fea3f9", "query": "donald trump", "docid": "Se3e63c0e-Ab1ec27fb", "rank": "10", "page": "1", "url": "https://www.debate.org/debates/Donald-Trump-is-NOT-a-Racist-Change-my-Mind/1/"}
{"type": "cursorEnteredSnippet", "timestamp": "2026-02-18T08:55:41.115Z", "sessionID": "7380efa0-b2a1-448a-9c0d-24c239fea3f9", "query": "donald trump", "docid": "Sb91d4292-A293ddb2c", "rank": "1", "page": "1"}
{"type": "cursorLeftSnippet", "timestamp": "2026-02-18T08:55:41.649Z", "sessionID": "7380efa0-b2a1-448a-9c0d-24c239fea3f9", "query": "donald trump", "docid": "Sb91d4292-A293ddb2c", "rank": "1", "page": "1"}
{"type": "cursorEnteredSnippet", "timestamp": "2026-02-18T08:55:41.649Z", "sessionID": "7380efa0-b2a1-448a-9c0d-24c239fea3f9", "query": "donald trump", "docid": "Sf34bcbed-A34767499", "rank": "3", "page": "1"}
{"type": "cursorLeftSnippet", "timestamp": "2026-02-18T08:55:42.687Z", "sessionID": "7380efa0-b2a1-448a-9c0d-24c239fea3f9", "query": "donald trump", "docid": "Sf34bcbed-A34767499", "rank": "3", "page": "1"}
{"type": "cursorEnteredSnippet", "timestamp": "2026-02-18T08:55:42.704Z", "sessionID": "7380efa0-b2a1-448a-9c0d-24c239fea3f9", "query": "donald trump", "docid": "S62910eae-A3b35a2f6", "rank": "8", "page": "1"}
{"type": "cursorLeftSnippet", "timestamp": "2026-02-18T08:55:42.964Z", "sessionID": "7380efa0-b2a1-448a-9c0d-24c239fea3f9", "query": "donald trump", "docid": "S62910eae-A3b35a2f6", "rank": "8", "page": "1"}
{"type": "cursorEnteredSnippet", "timestamp": "2026-02-18T08:55:42.998Z", "sessionID": "7380efa0-b2a1-448a-9c0d-24c239fea3f9", "query": "donald trump", "docid": "Seb91b013-Ac81c0883", "rank": "9", "page": "1"}
{"type": "cursorLeftSnippet", "timestamp": "2026-02-18T08:55:43.247Z", "sessionID": "7380efa0-b2a1-448a-9c0d-24c239fea3f9", "query": "donald trump", "docid": "Seb91b013-Ac81c0883", "rank": "9", "page": "1"}
{"type": "cursorEnteredSnippet", "timestamp": "2026-02-18T08:55:43.310Z", "sessionID": "7380efa0-b2a1-448a-9c0d-24c239fea3f9", "query": "donald trump", "docid": "Se3e63c0e-Ab1ec27fb", "rank": "10", "page": "1"}
{"type": "cursorLeftSnippet", "timestamp": "2026-02-18T08:55:43.864Z", "sessionID": "7380efa0-b2a1-448a-9c0d-24c239fea3f9", "query": "donald trump", "docid": "Se3e63c0e-Ab1ec27fb", "rank": "10", "page": "1"}
{"type": "pageNavigationClicked", "timestamp": "2026-02-18T08:55:44.513Z", "sessionID": "7380efa0-b2a1-448a-9c0d-24c239fea3f9", "clicked": "6", "fromPage": 1, "toPage": 6}
{"type": "cursorEnteredSnippet", "timestamp": "2026-02-18T08:55:44.781Z", "sessionID": "7380efa0-b2a1-448a-9c0d-24c239fea3f9", "query": "donald trump", "docid": "Se3e63c0e-Ab1ec27fb", "rank": "10", "page": "1"}
{"type": "searchResultGenerated", "timestamp": "2026-02-18T08:55:45.802Z", "sessionID": "7380efa0-b2a1-448a-9c0d-24c239fea3f9", "query": "donald trump", "docid": "Sbb5718b1-A4031abac", "rank": "1", "page": "6", "url": "https://www.debate.org/debates/Hillary-clinton-is-the-best-option/1/"}
{"type": "searchResultGenerated", "timestamp": "2026-02-18T08:55:45.802Z", "sessionID": "7380efa0-b2a1-448a-9c0d-24c239fea3f9", "query": "donald trump", "docid": "Scf793477-Aaa5a60cd", "rank": "2", "page": "6", "url": "https://www.debate.org/debates/Donald-Trump-is-sensationalised-in-countries-other-than-the-USA/1/"}
{"type": "searchResultGenerated", "timestamp": "2026-02-18T08:55:45.802Z", "sessionID": "7380efa0-b2a1-448a-9c0d-24c239fea3f9", "query": "donald trump", "docid": "S859d7d26-Ad0148e34", "rank": "3", "page": "6", "url": "https://www.debate.org/debates/Donald-Trump-is-making-America-great-again/1/"}
{"type": "searchResultGenerated", "timestamp": "2026-02-18T08:55:45.802Z", "sessionID": "7380efa0-b2a1-448a-9c0d-24c239fea3f9", "query": "donald trump", "docid": "Sa8646f6a-A20a52d1c", "rank": "4", "page": "6", "url": "https://www.debate.org/debates/Donald-Trump-is-qualified-for-President/1/"}
{"type": "searchResultGenerated", "timestamp": "2026-02-18T08:55:45.802Z", "sessionID": "7380efa0-b2a1-448a-9c0d-24c239fea3f9", "query": "donald trump", "docid": "S1aac65e8-A49f9a643", "rank": "5", "page": "6", "url": "https://www.debate.org/debates/Donald-Trumps-true-campaign-is-to-put-Clinton-in-office/1/"}
{"type": "searchResultGenerated", "timestamp": "2026-02-18T08:55:45.802Z", "sessionID": "7380efa0-b2a1-448a-9c0d-24c239fea3f9", "query": "donald trump", "docid": "S3682d256-A1b8cfb5e", "rank": "6", "page": "6", "url": "https://www.debate.org/debates/Should-Donald-Trump-become-President-of-the-United-States-of-America/1/"}
{"type": "searchResultGenerated", "timestamp": "2026-02-18T08:55:45.802Z", "sessionID": "7380efa0-b2a1-448a-9c0d-24c239fea3f9", "query": "donald trump", "docid": "Saecb37f4-Aa7eccd8b", "rank": "7", "page": "6", "url": "https://www.debate.org/debates/Donald-Trump-won-the-presidential-election-because-of-racism./1/"}
{"type": "searchResultGenerated", "timestamp": "2026-02-18T08:55:45.802Z", "sessionID": "7380efa0-b2a1-448a-9c0d-24c239fea3f9", "query": "donald trump", "docid": "Sc5c31f21-A507d72f6", "rank": "8", "page": "6", "url": "https://www.debate.org/debates/Donald-Trump-will-lose-in-2020/1/"}
{"type": "searchResultGenerated", "timestamp": "2026-02-18T08:55:45.802Z", "sessionID": "7380efa0-b2a1-448a-9c0d-24c239fea3f9", "query": "donald trump", "docid": "Sb3622b08-Adc6b1a8e", "rank": "9", "page": "6", "url": "https://www.debate.org/debates/Donald-Trump-thinks-climate-change-is-a-hoax./1/"}
{"type": "searchResultGenerated", "timestamp": "2026-02-18T08:55:45.803Z", "sessionID": "7380efa0-b2a1-448a-9c0d-24c239fea3f9", "query": "donald trump", "docid": "Se85f616c-A7e49e365", "rank": "10", "page": "6", "url": "https://www.debate.org/debates/Scream-at-the-Sky-day-is-useless/1/"}
{"type": "cursorEnteredSnippet", "timestamp": "2026-02-18T08:55:45.810Z", "sessionID": "7380efa0-b2a1-448a-9c0d-24c239fea3f9", "query": "donald trump", "docid": "Sa8646f6a-A20a52d1c", "rank": "4", "page": "6"}
{"type": "cursorLeftSnippet", "timestamp": "2026-02-18T08:55:54.228Z", "sessionID": "7380efa0-b2a1-448a-9c0d-24c239fea3f9", "query": "donald trump", "docid": "Sa8646f6a-A20a52d1c", "rank": "4", "page": "6"}
{"type": "cursorEnteredSnippet", "timestamp": "2026-02-18T08:56:07.135Z", "sessionID": "7380efa0-b2a1-448a-9c0d-24c239fea3f9", "query": "donald trump", "docid": "Sa8646f6a-A20a52d1c", "rank": "4", "page": "6"}
{"type": "cursorLeftSnippet", "timestamp": "2026-02-18T08:56:07.159Z", "sessionID": "7380efa0-b2a1-448a-9c0d-24c239fea3f9", "query": "donald trump", "docid": "Sa8646f6a-A20a52d1c", "rank": "4", "page": "6"}
{"type": "queryBoxFocused", "timestamp": "2026-02-18T08:56:10.690Z", "sessionID": "7380efa0-b2a1-448a-9c0d-24c239fea3f9"}
{"type": "querySubmitted", "timestamp": "2026-02-18T08:56:20.585Z", "sessionID": "7380efa0-b2a1-448a-9c0d-24c239fea3f9", "query": "donald trump prseident"}
{"type": "searchResultGenerated", "timestamp": "2026-02-18T08:56:22.107Z", "sessionID": "7380efa0-b2a1-448a-9c0d-24c239fea3f9", "query": "donald trump prseident", "docid": "Sb91d4292-A293ddb2c", "rank": "1", "page": "1", "url": "https://www.debate.org/debates/Who-would-be-the-best-Republican-candidate-to-be-president./1/"}
{"type": "searchResultGenerated", "timestamp": "2026-02-18T08:56:22.107Z", "sessionID": "7380efa0-b2a1-448a-9c0d-24c239fea3f9", "query": "donald trump prseident", "docid": "S99eb3279-A92b66bb6", "rank": "2", "page": "1", "url": "https://www.debate.org/debates/TRUMP-PRO-vs-KASICH-CON/1/"}
{"type": "searchResultGenerated", "timestamp": "2026-02-18T08:56:22.107Z", "sessionID": "7380efa0-b2a1-448a-9c0d-24c239fea3f9", "query": "donald trump prseident", "docid": "Sf34bcbed-A34767499", "rank": "3", "page": "1", "url": "https://www.debate.org/debates/Who-is-this-man-DONALD-TRUMP/1/"}
{"type": "searchResultGenerated", "timestamp": "2026-02-18T08:56:22.108Z", "sessionID": "7380efa0-b2a1-448a-9c0d-24c239fea3f9", "query": "donald trump prseident", "docid": "S689e8f9a-A1664b9b3", "rank": "4", "page": "1", "url": "https://www.debate.org/debates/Donald-Trump-NOOOOOOOOOOOOOO/1/"}
{"type": "searchResultGenerated", "timestamp": "2026-02-18T08:56:22.108Z", "sessionID": "7380efa0-b2a1-448a-9c0d-24c239fea3f9", "query": "donald trump prseident", "docid": "S2f9c8c00-Abcd1940a", "rank": "5", "page": "1", "url": "https://www.debate.org/debates/Donald-Trump-is-the-worst-candidate/1/"}
{"type": "searchResultGenerated", "timestamp": "2026-02-18T08:56:22.108Z", "sessionID": "7380efa0-b2a1-448a-9c0d-24c239fea3f9", "query": "donald trump prseident", "docid": "S17b0025-Ac5c59af1", "rank": "6", "page": "1", "url": "https://www.debate.org/debates/Donald-Trump-is-better-than-Hillary-Clinton/1/"}
{"type": "searchResultGenerated", "timestamp": "2026-02-18T08:56:22.108Z", "sessionID": "7380efa0-b2a1-448a-9c0d-24c239fea3f9", "query": "donald trump prseident", "docid": "Sf34bcbed-A4e4a1656", "rank": "7", "page": "1", "url": "https://www.debate.org/debates/Who-is-this-man-DONALD-TRUMP/1/"}
{"type": "searchResultGenerated", "timestamp": "2026-02-18T08:56:22.108Z", "sessionID": "7380efa0-b2a1-448a-9c0d-24c239fea3f9", "query": "donald trump prseident", "docid": "S62910eae-A3b35a2f6", "rank": "8", "page": "1", "url": "https://www.debate.org/debates/THB-Donald-Trumps-existence-is-good-for-the-world./1/"}
{"type": "searchResultGenerated", "timestamp": "2026-02-18T08:56:22.108Z", "sessionID": "7380efa0-b2a1-448a-9c0d-24c239fea3f9", "query": "donald trump prseident", "docid": "Seb91b013-Ac81c0883", "rank": "9", "page": "1", "url": "https://www.debate.org/debates/Is-Donald-Trump-fit-for-the-presidency-of-the-United-States-of-America/1/"}
{"type": "searchResultGenerated", "timestamp": "2026-02-18T08:56:22.108Z", "sessionID": "7380efa0-b2a1-448a-9c0d-24c239fea3f9", "query": "donald trump prseident", "docid": "Se3e63c0e-Ab1ec27fb", "rank": "10", "page": "1", "url": "https://www.debate.org/debates/Donald-Trump-is-NOT-a-Racist-Change-my-Mind/1/"}
{"type": "cursorEnteredSnippet", "timestamp": "2026-02-18T08:56:22.813Z", "sessionID": "7380efa0-b2a1-448a-9c0d-24c239fea3f9", "query": "donald trump prseident", "docid": "Sb91d4292-A293ddb2c", "rank": "1", "page": "1"}
{"type": "cursorLeftSnippet", "timestamp": "2026-02-18T08:56:24.197Z", "sessionID": "7380efa0-b2a1-448a-9c0d-24c239fea3f9", "query": "donald trump prseident", "docid": "Sb91d4292-A293ddb2c", "rank": "1", "page": "1"}
{"type": "cursorEnteredSnippet", "timestamp": "2026-02-18T08:56:24.197Z", "sessionID": "7380efa0-b2a1-448a-9c0d-24c239fea3f9", "query": "donald trump prseident", "docid": "Sf34bcbed-A34767499", "rank": "3", "page": "1"}
{"type": "cursorLeftSnippet", "timestamp": "2026-02-18T08:56:25.763Z", "sessionID": "7380efa0-b2a1-448a-9c0d-24c239fea3f9", "query": "donald trump prseident", "docid": "Sf34bcbed-A34767499", "rank": "3", "page": "1"}
{"type": "cursorEnteredSnippet", "timestamp": "2026-02-18T08:56:25.763Z", "sessionID": "7380efa0-b2a1-448a-9c0d-24c239fea3f9", "query": "donald trump prseident", "docid": "S17b0025-Ac5c59af1", "rank": "6", "page": "1"}
{"type": "cursorLeftSnippet", "timestamp": "2026-02-18T08:56:26.329Z", "sessionID": "7380efa0-b2a1-448a-9c0d-24c239fea3f9", "query": "donald trump prseident", "docid": "S17b0025-Ac5c59af1", "rank": "6", "page": "1"}
{"type": "cursorEnteredSnippet", "timestamp": "2026-02-18T08:56:26.330Z", "sessionID": "7380efa0-b2a1-448a-9c0d-24c239fea3f9", "query": "donald trump prseident", "docid": "Sf34bcbed-A4e4a1656", "rank": "7", "page": "1"}
{"type": "cursorLeftSnippet", "timestamp": "2026-02-18T08:56:26.862Z", "sessionID": "7380efa0-b2a1-448a-9c0d-24c239fea3f9", "query": "donald trump prseident", "docid": "Sf34bcbed-A4e4a1656", "rank": "7", "page": "1"}
{"type": "cursorEnteredSnippet", "timestamp": "2026-02-18T08:56:26.863Z", "sessionID": "7380efa0-b2a1-448a-9c0d-24c239fea3f9", "query": "donald trump prseident", "docid": "S17b0025-Ac5c59af1", "rank": "6", "page": "1"}
{"type": "cursorLeftSnippet", "timestamp": "2026-02-18T08:56:26.912Z", "sessionID": "7380efa0-b2a1-448a-9c0d-24c239fea3f9", "query": "donald trump prseident", "docid": "S17b0025-Ac5c59af1", "rank": "6", "page": "1"}
{"type": "cursorEnteredSnippet", "timestamp": "2026-02-18T08:56:28.112Z", "sessionID": "7380efa0-b2a1-448a-9c0d-24c239fea3f9", "query": "donald trump prseident", "docid": "S17b0025-Ac5c59af1", "rank": "6", "page": "1"}
{"type": "cursorLeftSnippet", "timestamp": "2026-02-18T08:56:28.162Z", "sessionID": "7380efa0-b2a1-448a-9c0d-24c239fea3f9", "query": "donald trump prseident", "docid": "S17b0025-Ac5c59af1", "rank": "6", "page": "1"}
{"type": "cursorEnteredSnippet", "timestamp": "2026-02-18T08:56:28.162Z", "sessionID": "7380efa0-b2a1-448a-9c0d-24c239fea3f9", "query": "donald trump prseident", "docid": "Sf34bcbed-A4e4a1656", "rank": "7", "page": "1"}
{"type": "cursorLeftSnippet", "timestamp": "2026-02-18T08:56:28.195Z", "sessionID": "7380efa0-b2a1-448a-9c0d-24c239fea3f9", "query": "donald trump prseident", "docid": "Sf34bcbed-A4e4a1656", "rank": "7", "page": "1"}
{"type": "cursorEnteredSnippet", "timestamp": "2026-02-18T08:56:28.196Z", "sessionID": "7380efa0-b2a1-448a-9c0d-24c239fea3f9", "query": "donald trump prseident", "docid": "S62910eae-A3b35a2f6", "rank": "8", "page": "1"}
{"type": "cursorLeftSnippet", "timestamp": "2026-02-18T08:56:28.699Z", "sessionID": "7380efa0-b2a1-448a-9c0d-24c239fea3f9", "query": "donald trump prseident", "docid": "S62910eae-A3b35a2f6", "rank": "8", "page": "1"}
{"type": "cursorEnteredSnippet", "timestamp": "2026-02-18T08:56:28.712Z", "sessionID": "7380efa0-b2a1-448a-9c0d-24c239fea3f9", "query": "donald trump prseident", "docid": "Seb91b013-Ac81c0883", "rank": "9", "page": "1"}
{"type": "clickedResult", "timestamp": "2026-02-18T08:56:29.247Z", "sessionID": "7380efa0-b2a1-448a-9c0d-24c239fea3f9", "query": "donald trump prseident", "rank": "9", "page": "1", "url": "https://www.debate.org/debates/Is-Donald-Trump-fit-for-the-presidency-of-the-United-States-of-America/1/"}
{"type": "cursorLeftSnippet", "timestamp": "2026-02-18T08:56:29.445Z", "sessionID": "7380efa0-b2a1-448a-9c0d-24c239fea3f9", "query": "donald trump prseident", "docid": "Seb91b013-Ac81c0883", "rank": "9", "page": "1"}
{"type": "cursorEnteredSnippet", "timestamp": "2026-02-18T08:56:29.462Z", "sessionID": "7380efa0-b2a1-448a-9c0d-24c239fea3f9", "query": "donald trump prseident", "docid": "S62910eae-A3b35a2f6", "rank": "8", "page": "1"}
{"type": "cursorLeftSnippet", "timestamp": "2026-02-18T08:56:29.495Z", "sessionID": "7380efa0-b2a1-448a-9c0d-24c239fea3f9", "query": "donald trump prseident", "docid": "S62910eae-A3b35a2f6", "rank": "8", "page": "1"}
{"type": "searchResultGenerated", "timestamp": "2026-02-18T08:56:31.376Z", "sessionID": "7380efa0-b2a1-448a-9c0d-24c239fea3f9", "query": "donald trump prseident", "docid": "Sb91d4292-A293ddb2c", "rank": "1", "page": "1", "url": "https://www.debate.org/debates/Who-would-be-the-best-Republican-candidate-to-be-president./1/"}
{"type": "searchResultGenerated", "timestamp": "2026-02-18T08:56:31.376Z", "sessionID": "7380efa0-b2a1-448a-9c0d-24c239fea3f9", "query": "donald trump prseident", "docid": "S99eb3279-A92b66bb6", "rank": "2", "page": "1", "url": "https://www.debate.org/debates/TRUMP-PRO-vs-KASICH-CON/1/"}
{"type": "searchResultGenerated", "timestamp": "2026-02-18T08:56:31.376Z", "sessionID": "7380efa0-b2a1-448a-9c0d-24c239fea3f9", "query": "donald trump prseident", "docid": "Sf34bcbed-A34767499", "rank": "3", "page": "1", "url": "https://www.debate.org/debates/Who-is-this-man-DONALD-TRUMP/1/"}
{"type": "searchResultGenerated", "timestamp": "2026-02-18T08:56:31.376Z", "sessionID": "7380efa0-b2a1-448a-9c0d-24c239fea3f9", "query": "donald trump prseident", "docid": "S689e8f9a-A1664b9b3", "rank": "4", "page": "1", "url": "https://www.debate.org/debates/Donald-Trump-NOOOOOOOOOOOOOO/1/"}
{"type": "searchResultGenerated", "timestamp": "2026-02-18T08:56:31.376Z", "sessionID": "7380efa0-b2a1-448a-9c0d-24c239fea3f9", "query": "donald trump prseident", "docid": "S2f9c8c00-Abcd1940a", "rank": "5", "page": "1", "url": "https://www.debate.org/debates/Donald-Trump-is-the-worst-candidate/1/"}
{"type": "searchResultGenerated", "timestamp": "2026-02-18T08:56:31.376Z", "sessionID": "7380efa0-b2a1-448a-9c0d-24c239fea3f9", "query": "donald trump prseident", "docid": "S17b0025-Ac5c59af1", "rank": "6", "page": "1", "url": "https://www.debate.org/debates/Donald-Trump-is-better-than-Hillary-Clinton/1/"}
{"type": "searchResultGenerated", "timestamp": "2026-02-18T08:56:31.377Z", "sessionID": "7380efa0-b2a1-448a-9c0d-24c239fea3f9", "query": "donald trump prseident", "docid": "Sf34bcbed-A4e4a1656", "rank": "7", "page": "1", "url": "https://www.debate.org/debates/Who-is-this-man-DONALD-TRUMP/1/"}
{"type": "searchResultGenerated", "timestamp": "2026-02-18T08:56:31.377Z", "sessionID": "7380efa0-b2a1-448a-9c0d-24c239fea3f9", "query": "donald trump prseident", "docid": "S62910eae-A3b35a2f6", "rank": "8", "page": "1", "url": "https://www.debate.org/debates/THB-Donald-Trumps-existence-is-good-for-the-world./1/"}
{"type": "searchResultGenerated", "timestamp": "2026-02-18T08:56:31.377Z", "sessionID": "7380efa0-b2a1-448a-9c0d-24c239fea3f9", "query": "donald trump prseident", "docid": "Seb91b013-Ac81c0883", "rank": "9", "page": "1", "url": "https://www.debate.org/debates/Is-Donald-Trump-fit-for-the-presidency-of-the-United-States-of-America/1/"}
{"type": "searchResultGenerated", "timestamp": "2026-02-18T08:56:31.377Z", "sessionID": "7380efa0-b2a1-448a-9c0d-24c239fea3f9", "query": "donald trump prseident", "docid": "Se3e63c0e-Ab1ec27fb", "rank": "10", "page": "1", "url": "https://www.debate.org/debates/Donald-Trump-is-NOT-a-Racist-Change-my-Mind/1/"}
{"type": "cursorEnteredSnippet", "timestamp": "2026-02-18T08:56:31.495Z", "sessionID": "7380efa0-b2a1-448a-9c0d-24c239fea3f9", "query": "donald trump prseident", "docid": "S62910eae-A3b35a2f6", "rank": "8", "page": "1"}
{"type": "cursorLeftSnippet", "timestamp": "2026-02-18T08:56:33.062Z", "sessionID": "7380efa0-b2a1-448a-9c0d-24c239fea3f9", "query": "donald trump prseident", "docid": "S62910eae-A3b35a2f6", "rank": "8", "page": "1"}
{"type": "cursorEnteredSnippet", "timestamp": "2026-02-18T08:56:33.062Z", "sessionID": "7380efa0-b2a1-448a-9c0d-24c239fea3f9", "query": "donald trump prseident", "docid": "Seb91b013-Ac81c0883", "rank": "9", "page": "1"}
{"type": "cursorLeftSnippet", "timestamp": "2026-02-18T08:56:33.129Z", "sessionID": "7380efa0-b2a1-448a-9c0d-24c239fea3f9", "query": "donald trump prseident", "docid": "Seb91b013-Ac81c0883", "rank": "9", "page": "1"}
{"type": "cursorEnteredSnippet", "timestamp": "2026-02-18T08:56:33.145Z", "sessionID": "7380efa0-b2a1-448a-9c0d-24c239fea3f9", "query": "donald trump prseident", "docid": "Se3e63c0e-Ab1ec27fb", "rank": "10", "page": "1"}
{"type": "cursorLeftSnippet", "timestamp": "2026-02-18T08:56:33.312Z", "sessionID": "7380efa0-b2a1-448a-9c0d-24c239fea3f9", "query": "donald trump prseident", "docid": "Se3e63c0e-Ab1ec27fb", "rank": "10", "page": "1"}
{"type": "cursorEnteredSnippet", "timestamp": "2026-02-18T08:56:33.775Z", "sessionID": "7380efa0-b2a1-448a-9c0d-24c239fea3f9", "query": "donald trump prseident", "docid": "Se3e63c0e-Ab1ec27fb", "rank": "10", "page": "1"}
{"type": "cursorLeftSnippet", "timestamp": "2026-02-18T08:56:40.511Z", "sessionID": "7380efa0-b2a1-448a-9c0d-24c239fea3f9", "query": "donald trump prseident", "docid": "Se3e63c0e-Ab1ec27fb", "rank": "10", "page": "1"}
{"type": "pageNavigationClicked", "timestamp": "2026-02-18T08:56:41.906Z", "sessionID": "7380efa0-b2a1-448a-9c0d-24c239fea3f9", "clicked": "4", "fromPage": 1, "toPage": 4}
{"type": "cursorEnteredSnippet", "timestamp": "2026-02-18T08:56:42.211Z", "sessionID": "7380efa0-b2a1-448a-9c0d-24c239fea3f9", "query": "donald trump prseident", "docid": "Se3e63c0e-Ab1ec27fb", "rank": "10", "page": "1"}
{"type": "searchResultGenerated", "timestamp": "2026-02-18T08:56:43.065Z", "sessionID": "7380efa0-b2a1-448a-9c0d-24c239fea3f9", "query": "donald trump prseident", "docid": "S3cfec598-A4625638e", "rank": "1", "page": "4", "url": "https://www.debate.org/debates/Trump-Is-Not-a-Liar/1/"}
{"type": "searchResultGenerated", "timestamp": "2026-02-18T08:56:43.065Z", "sessionID": "7380efa0-b2a1-448a-9c0d-24c239fea3f9", "query": "donald trump prseident", "docid": "S9338eed2-Ab71c877e", "rank": "2", "page": "4", "url": "https://www.debate.org/debates/Donald-Trump-is-Sexy/1/"}
{"type": "searchResultGenerated", "timestamp": "2026-02-18T08:56:43.065Z", "sessionID": "7380efa0-b2a1-448a-9c0d-24c239fea3f9", "query": "donald trump prseident", "docid": "S4549e60e-A7447663", "rank": "3", "page": "4", "url": "https://www.debate.org/debates/We-should-build-a-wall/1/"}
{"type": "searchResultGenerated", "timestamp": "2026-02-18T08:56:43.066Z", "sessionID": "7380efa0-b2a1-448a-9c0d-24c239fea3f9", "query": "donald trump prseident", "docid": "S2f9c8c00-A771f1b64", "rank": "4", "page": "4", "url": "https://www.debate.org/debates/Donald-Trump-is-the-worst-candidate/1/"}
{"type": "searchResultGenerated", "timestamp": "2026-02-18T08:56:43.066Z", "sessionID": "7380efa0-b2a1-448a-9c0d-24c239fea3f9", "query": "donald trump prseident", "docid": "Sf34bcbed-A6e56b213", "rank": "5", "page": "4", "url": "https://www.debate.org/debates/Who-is-this-man-DONALD-TRUMP/1/"}
{"type": "searchResultGenerated", "timestamp": "2026-02-18T08:56:43.066Z", "sessionID": "7380efa0-b2a1-448a-9c0d-24c239fea3f9", "query": "donald trump prseident", "docid": "S62910eae-A8097aefb", "rank": "6", "page": "4", "url": "https://www.debate.org/debates/THB-Donald-Trumps-existence-is-good-for-the-world./1/"}
{"type": "searchResultGenerated", "timestamp": "2026-02-18T08:56:43.066Z", "sessionID": "7380efa0-b2a1-448a-9c0d-24c239fea3f9", "query": "donald trump prseident", "docid": "S15292875-A84ccf7e9", "rank": "7", "page": "4", "url": "https://www.debate.org/debates/Donald-Trump-is-not-racist/1/"}
{"type": "searchResultGenerated", "timestamp": "2026-02-18T08:56:43.067Z", "sessionID": "7380efa0-b2a1-448a-9c0d-24c239fea3f9", "query": "donald trump prseident", "docid": "Sd8fc868a-A1c45fc81", "rank": "8", "page": "4", "url": "https://www.debate.org/debates/Donald-Trump-in-fact-is-and-has-been-a-great-president./1/"}
{"type": "searchResultGenerated", "timestamp": "2026-02-18T08:56:43.067Z", "sessionID": "7380efa0-b2a1-448a-9c0d-24c239fea3f9", "query": "donald trump prseident", "docid": "Sf6b0fe6-Af6c09699", "rank": "9", "page": "4", "url": "https://www.debate.org/debates/Hillary-Clinton-despite-her-flaws-would-be-a-better-president-than-Donald-Trump/1/"}
{"type": "searchResultGenerated", "timestamp": "2026-02-18T08:56:43.067Z", "sessionID": "7380efa0-b2a1-448a-9c0d-24c239fea3f9", "query": "donald trump prseident", "docid": "S15292875-Ab09b5815", "rank": "10", "page": "4", "url": "https://www.debate.org/debates/Donald-Trump-is-not-racist/1/"}
{"type": "cursorEnteredSnippet", "timestamp": "2026-02-18T08:56:43.081Z", "sessionID": "7380efa0-b2a1-448a-9c0d-24c239fea3f9", "query": "donald trump prseident", "docid": "Sf34bcbed-A6e56b213", "rank": "5", "page": "4"}
{"type": "cursorLeftSnippet", "timestamp": "2026-02-18T08:56:47.094Z", "sessionID": "7380efa0-b2a1-448a-9c0d-24c239fea3f9", "query": "donald trump prseident", "docid": "Sf34bcbed-A6e56b213", "rank": "5", "page": "4"}
{"type": "cursorEnteredSnippet", "timestamp": "2026-02-18T08:56:47.094Z", "sessionID": "7380efa0-b2a1-448a-9c0d-24c239fea3f9", "query": "donald trump prseident", "docid": "S62910eae-A8097aefb", "rank": "6", "page": "4"}
{"type": "cursorLeftSnippet", "timestamp": "2026-02-18T08:56:47.194Z", "sessionID": "7380efa0-b2a1-448a-9c0d-24c239fea3f9", "query": "donald trump prseident", "docid": "S62910eae-A8097aefb", "rank": "6", "page": "4"}
{"type": "cursorEnteredSnippet", "timestamp": "2026-02-18T08:56:47.211Z", "sessionID": "7380efa0-b2a1-448a-9c0d-24c239fea3f9", "query": "donald trump prseident", "docid": "Sf34bcbed-A6e56b213", "rank": "5", "page": "4"}
{"type": "cursorLeftSnippet", "timestamp": "2026-02-18T08:56:47.311Z", "sessionID": "7380efa0-b2a1-448a-9c0d-24c239fea3f9", "query": "donald trump prseident", "docid": "Sf34bcbed-A6e56b213", "rank": "5", "page": "4"}
{"type": "cursorEnteredSnippet", "timestamp": "2026-02-18T08:56:47.328Z", "sessionID": "7380efa0-b2a1-448a-9c0d-24c239fea3f9", "query": "donald trump prseident", "docid": "S2f9c8c00-A771f1b64", "rank": "4", "page": "4"}
{"type": "cursorLeftSnippet", "timestamp": "2026-02-18T08:56:47.428Z", "sessionID": "7380efa0-b2a1-448a-9c0d-24c239fea3f9", "query": "donald trump prseident", "docid": "S2f9c8c00-A771f1b64", "rank": "4", "page": "4"}
{"type": "cursorEnteredSnippet", "timestamp": "2026-02-18T08:56:47.461Z", "sessionID": "7380efa0-b2a1-448a-9c0d-24c239fea3f9", "query": "donald trump prseident", "docid": "S4549e60e-A7447663", "rank": "3", "page": "4"}
{"type": "cursorLeftSnippet", "timestamp": "2026-02-18T08:56:47.778Z", "sessionID": "7380efa0-b2a1-448a-9c0d-24c239fea3f9", "query": "donald trump prseident", "docid": "S4549e60e-A7447663", "rank": "3", "page": "4"}
{"type": "cursorEnteredSnippet", "timestamp": "2026-02-18T08:56:47.778Z", "sessionID": "7380efa0-b2a1-448a-9c0d-24c239fea3f9", "query": "donald trump prseident", "docid": "S9338eed2-Ab71c877e", "rank": "2", "page": "4"}
{"type": "cursorLeftSnippet", "timestamp": "2026-02-18T08:56:47.828Z", "sessionID": "7380efa0-b2a1-448a-9c0d-24c239fea3f9", "query": "donald trump prseident", "docid": "S9338eed2-Ab71c877e", "rank": "2", "page": "4"}
{"type": "queryBoxFocused", "timestamp": "2026-02-18T08:56:48.324Z", "sessionID": "7380efa0-b2a1-448a-9c0d-24c239fea3f9"}
{"type": "querySubmitted", "timestamp": "2026-02-18T08:56:52.209Z", "sessionID": "7380efa0-b2a1-448a-9c0d-24c239fea3f9", "query": "hillary clinton"}
{"type": "searchResultGenerated", "timestamp": "2026-02-18T08:56:53.816Z", "sessionID": "7380efa0-b2a1-448a-9c0d-24c239fea3f9", "query": "hillary clinton", "docid": "Sa34fef23-Aaa602eb2", "rank": "1", "page": "1", "url": "https://www.debate.org/debates/Hillary-Clinton-wreckage/1/"}
{"type": "searchResultGenerated", "timestamp": "2026-02-18T08:56:53.817Z", "sessionID": "7380efa0-b2a1-448a-9c0d-24c239fea3f9", "query": "hillary clinton", "docid": "S714d862-Af4a308e4", "rank": "2", "page": "1", "url": "https://www.debate.org/debates/Hillary-Clinton-secretly-has-gills/1/"}
{"type": "searchResultGenerated", "timestamp": "2026-02-18T08:56:53.817Z", "sessionID": "7380efa0-b2a1-448a-9c0d-24c239fea3f9", "query": "hillary clinton", "docid": "S91796bfb-Aee64c895", "rank": "3", "page": "1", "url": "https://www.debate.org/debates/Hillary-Clinton-would-get-more-support-if-she-wore-skirts-more-often./1/"}
{"type": "searchResultGenerated", "timestamp": "2026-02-18T08:56:53.817Z", "sessionID": "7380efa0-b2a1-448a-9c0d-24c239fea3f9", "query": "hillary clinton", "docid": "S2ce5ee2f-Ab6ed3e14", "rank": "4", "page": "1", "url": "https://www.debate.org/debates/How-did-it-Happen-why-didnt-Hillary-Clinton-win/1/"}
{"type": "searchResultGenerated", "timestamp": "2026-02-18T08:56:53.818Z", "sessionID": "7380efa0-b2a1-448a-9c0d-24c239fea3f9", "query": "hillary clinton", "docid": "S7bb71352-Aca9889e4", "rank": "5", "page": "1", "url": "https://www.debate.org/debates/Hillary-Clinton-would-make-a-better-US-President-then-Elizabeth-Warren/1/"}
{"type": "searchResultGenerated", "timestamp": "2026-02-18T08:56:53.818Z", "sessionID": "7380efa0-b2a1-448a-9c0d-24c239fea3f9", "query": "hillary clinton", "docid": "S9b4e3e45-Ab932613d", "rank": "6", "page": "1", "url": "https://www.debate.org/debates/Hillary-Clinton-should-be-in-prison./1/"}
{"type": "searchResultGenerated", "timestamp": "2026-02-18T08:56:53.818Z", "sessionID": "7380efa0-b2a1-448a-9c0d-24c239fea3f9", "query": "hillary clinton", "docid": "S13ec255a-Afa1bbeef", "rank": "7", "page": "1", "url": "https://www.debate.org/debates/Hillary-Clinton-should-run-for-President-in-2016./1/"}
{"type": "searchResultGenerated", "timestamp": "2026-02-18T08:56:53.819Z", "sessionID": "7380efa0-b2a1-448a-9c0d-24c239fea3f9", "query": "hillary clinton", "docid": "S86d0eed5-A82a8a8d5", "rank": "8", "page": "1", "url": "https://www.debate.org/debates/Bernie-Sanders-has-a-better-chance-of-beating-Donald-Trump-in-a-general-election-than-Clinton-does./1/"}
{"type": "searchResultGenerated", "timestamp": "2026-02-18T08:56:53.819Z", "sessionID": "7380efa0-b2a1-448a-9c0d-24c239fea3f9", "query": "hillary clinton", "docid": "S9b4e3e45-A30750d5c", "rank": "9", "page": "1", "url": "https://www.debate.org/debates/Hillary-Clinton-should-be-in-prison./1/"}
{"type": "searchResultGenerated", "timestamp": "2026-02-18T08:56:53.819Z", "sessionID": "7380efa0-b2a1-448a-9c0d-24c239fea3f9", "query": "hillary clinton", "docid": "S8d581b99-Aca82a24d", "rank": "10", "page": "1", "url": "https://www.debate.org/debates/Hillary-Clinton-is-not-a-liar./1/"}
{"type": "cursorEnteredSnippet", "timestamp": "2026-02-18T08:56:56.877Z", "sessionID": "7380efa0-b2a1-448a-9c0d-24c239fea3f9", "query": "hillary clinton", "docid": "Sa34fef23-Aaa602eb2", "rank": "1", "page": "1"}
{"type": "cursorLeftSnippet", "timestamp": "2026-02-18T08:56:56.977Z", "sessionID": "7380efa0-b2a1-448a-9c0d-24c239fea3f9", "query": "hillary clinton", "docid": "Sa34fef23-Aaa602eb2", "rank": "1", "page": "1"}
{"type": "cursorEnteredSnippet", "timestamp": "2026-02-18T08:56:57.044Z", "sessionID": "7380efa0-b2a1-448a-9c0d-24c239fea3f9", "query": "hillary clinton", "docid": "S714d862-Af4a308e4", "rank": "2", "page": "1"}
{"type": "cursorLeftSnippet", "timestamp": "2026-02-18T08:56:58.922Z", "sessionID": "7380efa0-b2a1-448a-9c0d-24c239fea3f9", "query": "hillary clinton", "docid": "S714d862-Af4a308e4", "rank": "2", "page": "1"}
{"type": "cursorEnteredSnippet", "timestamp": "2026-02-18T08:56:58.922Z", "sessionID": "7380efa0-b2a1-448a-9c0d-24c239fea3f9", "query": "hillary clinton", "docid": "S13ec255a-Afa1bbeef", "rank": "7", "page": "1"}
{"type": "cursorLeftSnippet", "timestamp": "2026-02-18T08:56:59.861Z", "sessionID": "7380efa0-b2a1-448a-9c0d-24c239fea3f9", "query": "hillary clinton", "docid": "S13ec255a-Afa1bbeef", "rank": "7", "page": "1"}
{"type": "cursorEnteredSnippet", "timestamp": "2026-02-18T08:56:59.862Z", "sessionID": "7380efa0-b2a1-448a-9c0d-24c239fea3f9", "query": "hillary clinton", "docid": "S86d0eed5-A82a8a8d5", "rank": "8", "page": "1"}
{"type": "cursorLeftSnippet", "timestamp": "2026-02-18T08:56:59.944Z", "sessionID": "7380efa0-b2a1-448a-9c0d-24c239fea3f9", "query": "hillary clinton", "docid": "S86d0eed5-A82a8a8d5", "rank": "8", "page": "1"}
{"type": "cursorEnteredSnippet", "timestamp": "2026-02-18T08:56:59.944Z", "sessionID": "7380efa0-b2a1-448a-9c0d-24c239fea3f9", "query": "hillary clinton", "docid": "S9b4e3e45-A30750d5c", "rank": "9", "page": "1"}
{"type": "cursorLeftSnippet", "timestamp": "2026-02-18T08:56:59.994Z", "sessionID": "7380efa0-b2a1-448a-9c0d-24c239fea3f9", "query": "hillary clinton", "docid": "S9b4e3e45-A30750d5c", "rank": "9", "page": "1"}
{"type": "cursorEnteredSnippet", "timestamp": "2026-02-18T08:57:00.010Z", "sessionID": "7380efa0-b2a1-448a-9c0d-24c239fea3f9", "query": "hillary clinton", "docid": "S8d581b99-Aca82a24d", "rank": "10", "page": "1"}
{"type": "cursorLeftSnippet", "timestamp": "2026-02-18T08:57:00.310Z", "sessionID": "7380efa0-b2a1-448a-9c0d-24c239fea3f9", "query": "hillary clinton", "docid": "S8d581b99-Aca82a24d", "rank": "10", "page": "1"}
{"type": "pageNavigationClicked", "timestamp": "2026-02-18T08:57:00.754Z", "sessionID": "7380efa0-b2a1-448a-9c0d-24c239fea3f9", "clicked": "5", "fromPage": 1, "toPage": 5}
{"type": "cursorEnteredSnippet", "timestamp": "2026-02-18T08:57:00.944Z", "sessionID": "7380efa0-b2a1-448a-9c0d-24c239fea3f9", "query": "hillary clinton", "docid": "S8d581b99-Aca82a24d", "rank": "10", "page": "1"}
{"type": "cursorLeftSnippet", "timestamp": "2026-02-18T08:57:01.010Z", "sessionID": "7380efa0-b2a1-448a-9c0d-24c239fea3f9", "query": "hillary clinton", "docid": "S8d581b99-Aca82a24d", "rank": "10", "page": "1"}
{"type": "cursorEnteredSnippet", "timestamp": "2026-02-18T08:57:01.010Z", "sessionID": "7380efa0-b2a1-448a-9c0d-24c239fea3f9", "query": "hillary clinton", "docid": "S9b4e3e45-A30750d5c", "rank": "9", "page": "1"}
{"type": "searchResultGenerated", "timestamp": "2026-02-18T08:57:01.951Z", "sessionID": "7380efa0-b2a1-448a-9c0d-24c239fea3f9", "query": "hillary clinton", "docid": "S458f077c-Af2e4378d", "rank": "1", "page": "5", "url": "https://www.debate.org/debates/Barack-Obama-is-the-best-democratic-presidential-candidate-to-beat-a-republican-nominee-in-2008/1/"}
{"type": "searchResultGenerated", "timestamp": "2026-02-18T08:57:01.951Z", "sessionID": "7380efa0-b2a1-448a-9c0d-24c239fea3f9", "query": "hillary clinton", "docid": "Sf9289b92-Ab820661d", "rank": "2", "page": "5", "url": "https://www.debate.org/debates/Hillary-Clinton-is-not-a-bad-canidate/1/"}
{"type": "searchResultGenerated", "timestamp": "2026-02-18T08:57:01.951Z", "sessionID": "7380efa0-b2a1-448a-9c0d-24c239fea3f9", "query": "hillary clinton", "docid": "Sdea477f7-Ab4ae38cc", "rank": "3", "page": "5", "url": "http://www.debatepedia.org/en/index.php/Debate:_Clinton_vs._Obama"}
{"type": "searchResultGenerated", "timestamp": "2026-02-18T08:57:01.951Z", "sessionID": "7380efa0-b2a1-448a-9c0d-24c239fea3f9", "query": "hillary clinton", "docid": "Sc8007098-A66a37a07", "rank": "4", "page": "5", "url": "https://www.debate.org/debates/MANBEARPIG-is-a-greater-threat-than-Hillary-Clinton-just-barely/1/"}
{"type": "searchResultGenerated", "timestamp": "2026-02-18T08:57:01.952Z", "sessionID": "7380efa0-b2a1-448a-9c0d-24c239fea3f9", "query": "hillary clinton", "docid": "Sa34fef23-Ab181f0cb", "rank": "5", "page": "5", "url": "https://www.debate.org/debates/Hillary-Clinton-wreckage/1/"}
{"type": "searchResultGenerated", "timestamp": "2026-02-18T08:57:01.952Z", "sessionID": "7380efa0-b2a1-448a-9c0d-24c239fea3f9", "query": "hillary clinton", "docid": "Sa93ef618-A8feae4b8", "rank": "6", "page": "5", "url": "https://www.debate.org/debates/Should-Hillary-Clinton-be-arrested/1/"}
{"type": "searchResultGenerated", "timestamp": "2026-02-18T08:57:01.952Z", "sessionID": "7380efa0-b2a1-448a-9c0d-24c239fea3f9", "query": "hillary clinton", "docid": "Sd0d77625-A87450fa9", "rank": "7", "page": "5", "url": "https://www.debate.org/debates/Hillary-is-a-liar/1/"}
{"type": "searchResultGenerated", "timestamp": "2026-02-18T08:57:01.952Z", "sessionID": "7380efa0-b2a1-448a-9c0d-24c239fea3f9", "query": "hillary clinton", "docid": "S91796bfb-Aabdac04b", "rank": "8", "page": "5", "url": "https://www.debate.org/debates/Hillary-Clinton-would-get-more-support-if-she-wore-skirts-more-often./1/"}
{"type": "searchResultGenerated", "timestamp": "2026-02-18T08:57:01.952Z", "sessionID": "7380efa0-b2a1-448a-9c0d-24c239fea3f9", "query": "hillary clinton", "docid": "Sa34fef23-A2ce45a67", "rank": "9", "page": "5", "url": "https://www.debate.org/debates/Hillary-Clinton-wreckage/1/"}
{"type": "searchResultGenerated", "timestamp": "2026-02-18T08:57:01.953Z", "sessionID": "7380efa0-b2a1-448a-9c0d-24c239fea3f9", "query": "hillary clinton", "docid": "S4974861f-A5b8cb72d", "rank": "10", "page": "5", "url": "https://www.debate.org/debates/Who-should-be-the-next-POTUS-.....Donald-Trump-Pro-....Hillary-Clinton-Con/1/"}
{"type": "cursorEnteredSnippet", "timestamp": "2026-02-18T08:57:01.960Z", "sessionID": "7380efa0-b2a1-448a-9c0d-24c239fea3f9", "query": "hillary clinton", "docid": "Sf9289b92-Ab820661d", "rank": "2", "page": "5"}
{"type": "cursorLeftSnippet", "timestamp": "2026-02-18T08:57:02.878Z", "sessionID": "7380efa0-b2a1-448a-9c0d-24c239fea3f9", "query": "hillary clinton", "docid": "Sf9289b92-Ab820661d", "rank": "2", "page": "5"}
{"type": "cursorEnteredSnippet", "timestamp": "2026-02-18T08:57:04.228Z", "sessionID": "7380efa0-b2a1-448a-9c0d-24c239fea3f9", "query": "hillary clinton", "docid": "Sd0d77625-A87450fa9", "rank": "7", "page": "5"}
{"type": "clickedResult", "timestamp": "2026-02-18T08:57:04.722Z", "sessionID": "7380efa0-b2a1-448a-9c0d-24c239fea3f9", "query": "hillary clinton", "rank": "7", "page": "5", "url": "https://www.debate.org/debates/Hillary-is-a-liar/1/"}
{"type": "cursorLeftSnippet", "timestamp": "2026-02-18T08:57:04.867Z", "sessionID": "7380efa0-b2a1-448a-9c0d-24c239fea3f9", "query": "hillary clinton", "docid": "Sd0d77625-A87450fa9", "rank": "7", "page": "5"}
{"type": "cursorEnteredSnippet", "timestamp": "2026-02-18T08:57:06.427Z", "sessionID": "7380efa0-b2a1-448a-9c0d-24c239fea3f9", "query": "hillary clinton", "docid": "Sc8007098-A66a37a07", "rank": "4", "page": "5"}
{"type": "cursorLeftSnippet", "timestamp": "2026-02-18T08:57:06.610Z", "sessionID": "7380efa0-b2a1-448a-9c0d-24c239fea3f9", "query": "hillary clinton", "docid": "Sc8007098-A66a37a07", "rank": "4", "page": "5"}
{"type": "queryBoxFocused", "timestamp": "2026-02-18T08:57:07.195Z", "sessionID": "7380efa0-b2a1-448a-9c0d-24c239fea3f9"}
{"type": "querySubmitted", "timestamp": "2026-02-18T08:57:13.000Z", "sessionID": "7380efa0-b2a1-448a-9c0d-24c239fea3f9", "query": "hiolary clinton"}
{"type": "cursorEnteredSnippet", "timestamp": "2026-02-18T08:57:14.143Z", "sessionID": "7380efa0-b2a1-448a-9c0d-24c239fea3f9", "query": "hillary clinton", "docid": "Sc8007098-A66a37a07", "rank": "4", "page": "5"}
{"type": "cursorLeftSnippet", "timestamp": "2026-02-18T08:57:14.309Z", "sessionID": "7380efa0-b2a1-448a-9c0d-24c239fea3f9", "query": "hillary clinton", "docid": "Sc8007098-A66a37a07", "rank": "4", "page": "5"}
{"type": "searchResultGenerated", "timestamp": "2026-02-18T08:57:14.448Z", "sessionID": "7380efa0-b2a1-448a-9c0d-24c239fea3f9", "query": "hiolary clinton", "docid": "S1d282c3d-A932dc0a3", "rank": "1", "page": "1", "url": "https://www.debate.org/debates/Hillary-Clinton-is-the-Sara-Palin-of-the-Democratic-Party-./1/"}
{"type": "searchResultGenerated", "timestamp": "2026-02-18T08:57:14.448Z", "sessionID": "7380efa0-b2a1-448a-9c0d-24c239fea3f9", "query": "hiolary clinton", "docid": "Sf97757f3-Ae0f08494", "rank": "2", "page": "1", "url": "https://www.debate.org/debates/Clintons-House-of-cards-about-to-come-crashing-down/1/"}
{"type": "searchResultGenerated", "timestamp": "2026-02-18T08:57:14.448Z", "sessionID": "7380efa0-b2a1-448a-9c0d-24c239fea3f9", "query": "hiolary clinton", "docid": "S6a18e3d9-A157f794e", "rank": "3", "page": "1", "url": "https://www.debate.org/debates/hillery-clinton/1/"}
{"type": "searchResultGenerated", "timestamp": "2026-02-18T08:57:14.448Z", "sessionID": "7380efa0-b2a1-448a-9c0d-24c239fea3f9", "query": "hiolary clinton", "docid": "S83a08de1-A41eaceff", "rank": "4", "page": "1", "url": "https://www.debate.org/debates/Obama-is-a-Believer-in-atheist-Dogma-Not-a-Muslim/4/"}
{"type": "searchResultGenerated", "timestamp": "2026-02-18T08:57:14.448Z", "sessionID": "7380efa0-b2a1-448a-9c0d-24c239fea3f9", "query": "hiolary clinton", "docid": "Sf97757f3-A7da82ddb", "rank": "5", "page": "1", "url": "https://www.debate.org/debates/Clintons-House-of-cards-about-to-come-crashing-down/1/"}
{"type": "searchResultGenerated", "timestamp": "2026-02-18T08:57:14.449Z", "sessionID": "7380efa0-b2a1-448a-9c0d-24c239fea3f9", "query": "hiolary clinton", "docid": "S1aac65e8-A49f9a643", "rank": "6", "page": "1", "url": "https://www.debate.org/debates/Donald-Trumps-true-campaign-is-to-put-Clinton-in-office/1/"}
{"type": "searchResultGenerated", "timestamp": "2026-02-18T08:57:14.449Z", "sessionID": "7380efa0-b2a1-448a-9c0d-24c239fea3f9", "query": "hiolary clinton", "docid": "S1aac65e8-Acea1ca63", "rank": "7", "page": "1", "url": "https://www.debate.org/debates/Donald-Trumps-true-campaign-is-to-put-Clinton-in-office/1/"}
{"type": "searchResultGenerated", "timestamp": "2026-02-18T08:57:14.449Z", "sessionID": "7380efa0-b2a1-448a-9c0d-24c239fea3f9", "query": "hiolary clinton", "docid": "Se223ed4b-A7f9562a4", "rank": "8", "page": "1", "url": "https://www.debate.org/debates/Clinton-Shouldnt-Be-Allowed-To-Run-Until-The-FBI-Finish-Their-Investigation/1/"}
{"type": "searchResultGenerated", "timestamp": "2026-02-18T08:57:14.450Z", "sessionID": "7380efa0-b2a1-448a-9c0d-24c239fea3f9", "query": "hiolary clinton", "docid": "Sa34fef23-Aaa602eb2", "rank": "9", "page": "1", "url": "https://www.debate.org/debates/Hillary-Clinton-wreckage/1/"}
{"type": "searchResultGenerated", "timestamp": "2026-02-18T08:57:14.450Z", "sessionID": "7380efa0-b2a1-448a-9c0d-24c239fea3f9", "query": "hiolary clinton", "docid": "Se4117131-Aeb9d32b3", "rank": "10", "page": "1", "url": "https://www.debate.org/debates/Bill-Clinton-should-have-resigned-post-impeachment./1/"}
{"type": "cursorEnteredSnippet", "timestamp": "2026-02-18T08:57:16.186Z", "sessionID": "7380efa0-b2a1-448a-9c0d-24c239fea3f9", "query": "hiolary clinton", "docid": "Sf97757f3-Ae0f08494", "rank": "2", "page": "1"}
{"type": "cursorLeftSnippet", "timestamp": "2026-02-18T08:57:17.915Z", "sessionID": "7380efa0-b2a1-448a-9c0d-24c239fea3f9", "query": "hiolary clinton", "docid": "Sf97757f3-Ae0f08494", "rank": "2", "page": "1"}
{"type": "cursorEnteredSnippet", "timestamp": "2026-02-18T08:57:17.915Z", "sessionID": "7380efa0-b2a1-448a-9c0d-24c239fea3f9", "query": "hiolary clinton", "docid": "S83a08de1-A41eaceff", "rank": "4", "page": "1"}
{"type": "cursorLeftSnippet", "timestamp": "2026-02-18T08:57:19.509Z", "sessionID": "7380efa0-b2a1-448a-9c0d-24c239fea3f9", "query": "hiolary clinton", "docid": "S83a08de1-A41eaceff", "rank": "4", "page": "1"}
{"type": "cursorEnteredSnippet", "timestamp": "2026-02-18T08:57:19.510Z", "sessionID": "7380efa0-b2a1-448a-9c0d-24c239fea3f9", "query": "hiolary clinton", "docid": "S1aac65e8-A49f9a643", "rank": "6", "page": "1"}
{"type": "cursorLeftSnippet", "timestamp": "2026-02-18T08:57:19.943Z", "sessionID": "7380efa0-b2a1-448a-9c0d-24c239fea3f9", "query": "hiolary clinton", "docid": "S1aac65e8-A49f9a643", "rank": "6", "page": "1"}
{"type": "cursorEnteredSnippet", "timestamp": "2026-02-18T08:57:19.943Z", "sessionID": "7380efa0-b2a1-448a-9c0d-24c239fea3f9", "query": "hiolary clinton", "docid": "Se223ed4b-A7f9562a4", "rank": "8", "page": "1"}
{"type": "cursorLeftSnippet", "timestamp": "2026-02-18T08:57:20.109Z", "sessionID": "7380efa0-b2a1-448a-9c0d-24c239fea3f9", "query": "hiolary clinton", "docid": "Se223ed4b-A7f9562a4", "rank": "8", "page": "1"}
{"type": "cursorEnteredSnippet", "timestamp": "2026-02-18T08:57:20.360Z", "sessionID": "7380efa0-b2a1-448a-9c0d-24c239fea3f9", "query": "hiolary clinton", "docid": "Sa34fef23-Aaa602eb2", "rank": "9", "page": "1"}
{"type": "clickedResult", "timestamp": "2026-02-18T08:57:21.124Z", "sessionID": "7380efa0-b2a1-448a-9c0d-24c239fea3f9", "query": "hiolary clinton", "rank": "9", "page": "1", "url": "https://www.debate.org/debates/Hillary-Clinton-wreckage/1/"}
{"type": "cursorLeftSnippet", "timestamp": "2026-02-18T08:57:21.314Z", "sessionID": "7380efa0-b2a1-448a-9c0d-24c239fea3f9", "query": "hiolary clinton", "docid": "Sa34fef23-Aaa602eb2", "rank": "9", "page": "1"}
{"type": "searchResultGenerated", "timestamp": "2026-02-18T08:57:22.688Z", "sessionID": "7380efa0-b2a1-448a-9c0d-24c239fea3f9", "query": "hiolary clinton", "docid": "S1d282c3d-A932dc0a3", "rank": "1", "page": "1", "url": "https://www.debate.org/debates/Hillary-Clinton-is-the-Sara-Palin-of-the-Democratic-Party-./1/"}
{"type": "searchResultGenerated", "timestamp": "2026-02-18T08:57:22.689Z", "sessionID": "7380efa0-b2a1-448a-9c0d-24c239fea3f9", "query": "hiolary clinton", "docid": "Sf97757f3-Ae0f08494", "rank": "2", "page": "1", "url": "https://www.debate.org/debates/Clintons-House-of-cards-about-to-come-crashing-down/1/"}
{"type": "searchResultGenerated", "timestamp": "2026-02-18T08:57:22.689Z", "sessionID": "7380efa0-b2a1-448a-9c0d-24c239fea3f9", "query": "hiolary clinton", "docid": "S6a18e3d9-A157f794e", "rank": "3", "page": "1", "url": "https://www.debate.org/debates/hillery-clinton/1/"}
{"type": "searchResultGenerated", "timestamp": "2026-02-18T08:57:22.689Z", "sessionID": "7380efa0-b2a1-448a-9c0d-24c239fea3f9", "query": "hiolary clinton", "docid": "S83a08de1-A41eaceff", "rank": "4", "page": "1", "url": "https://www.debate.org/debates/Obama-is-a-Believer-in-atheist-Dogma-Not-a-Muslim/4/"}
{"type": "searchResultGenerated", "timestamp": "2026-02-18T08:57:22.689Z", "sessionID": "7380efa0-b2a1-448a-9c0d-24c239fea3f9", "query": "hiolary clinton", "docid": "Sf97757f3-A7da82ddb", "rank": "5", "page": "1", "url": "https://www.debate.org/debates/Clintons-House-of-cards-about-to-come-crashing-down/1/"}
{"type": "searchResultGenerated", "timestamp": "2026-02-18T08:57:22.689Z", "sessionID": "7380efa0-b2a1-448a-9c0d-24c239fea3f9", "query": "hiolary clinton", "docid": "S1aac65e8-A49f9a643", "rank": "6", "page": "1", "url": "https://www.debate.org/debates/Donald-Trumps-true-campaign-is-to-put-Clinton-in-office/1/"}
{"type": "searchResultGenerated", "timestamp": "2026-02-18T08:57:22.690Z", "sessionID": "7380efa0-b2a1-448a-9c0d-24c239fea3f9", "query": "hiolary clinton", "docid": "S1aac65e8-Acea1ca63", "rank": "7", "page": "1", "url": "https://www.debate.org/debates/Donald-Trumps-true-campaign-is-to-put-Clinton-in-office/1/"}
{"type": "searchResultGenerated", "timestamp": "2026-02-18T08:57:22.690Z", "sessionID": "7380efa0-b2a1-448a-9c0d-24c239fea3f9", "query": "hiolary clinton", "docid": "Se223ed4b-A7f9562a4", "rank": "8", "page": "1", "url": "https://www.debate.org/debates/Clinton-Shouldnt-Be-Allowed-To-Run-Until-The-FBI-Finish-Their-Investigation/1/"}
{"type": "searchResultGenerated", "timestamp": "2026-02-18T08:57:22.690Z", "sessionID": "7380efa0-b2a1-448a-9c0d-24c239fea3f9", "query": "hiolary clinton", "docid": "Sa34fef23-Aaa602eb2", "rank": "9", "page": "1", "url": "https://www.debate.org/debates/Hillary-Clinton-wreckage/1/"}
{"type": "searchResultGenerated", "timestamp": "2026-02-18T08:57:22.690Z", "sessionID": "7380efa0-b2a1-448a-9c0d-24c239fea3f9", "query": "hiolary clinton", "docid": "Se4117131-Aeb9d32b3", "rank": "10", "page": "1", "url": "https://www.debate.org/debates/Bill-Clinton-should-have-resigned-post-impeachment./1/"}
{"type": "cursorEnteredSnippet", "timestamp": "2026-02-18T08:57:22.792Z", "sessionID": "7380efa0-b2a1-448a-9c0d-24c239fea3f9", "query": "hiolary clinton", "docid": "Se223ed4b-A7f9562a4", "rank": "8", "page": "1"}
{"type": "cursorLeftSnippet", "timestamp": "2026-02-18T08:57:22.826Z", "sessionID": "7380efa0-b2a1-448a-9c0d-24c239fea3f9", "query": "hiolary clinton", "docid": "Se223ed4b-A7f9562a4", "rank": "8", "page": "1"}
{"type": "cursorEnteredSnippet", "timestamp": "2026-02-18T08:57:22.826Z", "sessionID": "7380efa0-b2a1-448a-9c0d-24c239fea3f9", "query": "hiolary clinton", "docid": "Sa34fef23-Aaa602eb2", "rank": "9", "page": "1"}
{"type": "cursorLeftSnippet", "timestamp": "2026-02-18T08:57:22.909Z", "sessionID": "7380efa0-b2a1-448a-9c0d-24c239fea3f9", "query": "hiolary clinton", "docid": "Sa34fef23-Aaa602eb2", "rank": "9", "page": "1"}
{"type": "cursorEnteredSnippet", "timestamp": "2026-02-18T08:57:22.909Z", "sessionID": "7380efa0-b2a1-448a-9c0d-24c239fea3f9", "query": "hiolary clinton", "docid": "Se4117131-Aeb9d32b3", "rank": "10", "page": "1"}
{"type": "cursorLeftSnippet", "timestamp": "2026-02-18T08:57:23.093Z", "sessionID": "7380efa0-b2a1-448a-9c0d-24c239fea3f9", "query": "hiolary clinton", "docid": "Se4117131-Aeb9d32b3", "rank": "10", "page": "1"}
{"type": "pageNavigationClicked", "timestamp": "2026-02-18T08:57:23.774Z", "sessionID": "7380efa0-b2a1-448a-9c0d-24c239fea3f9", "clicked": "5", "fromPage": 1, "toPage": 5}
{"type": "cursorEnteredSnippet", "timestamp": "2026-02-18T08:57:24.043Z", "sessionID": "7380efa0-b2a1-448a-9c0d-24c239fea3f9", "query": "hiolary clinton", "docid": "Se4117131-Aeb9d32b3", "rank": "10", "page": "1"}
{"type": "cursorLeftSnippet", "timestamp": "2026-02-18T08:57:24.159Z", "sessionID": "7380efa0-b2a1-448a-9c0d-24c239fea3f9", "query": "hiolary clinton", "docid": "Se4117131-Aeb9d32b3", "rank": "10", "page": "1"}
{"type": "cursorEnteredSnippet", "timestamp": "2026-02-18T08:57:24.176Z", "sessionID": "7380efa0-b2a1-448a-9c0d-24c239fea3f9", "query": "hiolary clinton", "docid": "Sa34fef23-Aaa602eb2", "rank": "9", "page": "1"}
{"type": "searchResultGenerated", "timestamp": "2026-02-18T08:57:25.015Z", "sessionID": "7380efa0-b2a1-448a-9c0d-24c239fea3f9", "query": "hiolary clinton", "docid": "Sdea477f7-Ab4ae38cc", "rank": "1", "page": "5", "url": "http://www.debatepedia.org/en/index.php/Debate:_Clinton_vs._Obama"}
{"type": "searchResultGenerated", "timestamp": "2026-02-18T08:57:25.016Z", "sessionID": "7380efa0-b2a1-448a-9c0d-24c239fea3f9", "query": "hiolary clinton", "docid": "Se4117131-Aa0f88e90", "rank": "2", "page": "5", "url": "https://www.debate.org/debates/Bill-Clinton-should-have-resigned-post-impeachment./1/"}
{"type": "searchResultGenerated", "timestamp": "2026-02-18T08:57:25.017Z", "sessionID": "7380efa0-b2a1-448a-9c0d-24c239fea3f9", "query": "hiolary clinton", "docid": "Sf97757f3-Ac52225b9", "rank": "3", "page": "5", "url": "https://www.debate.org/debates/Clintons-House-of-cards-about-to-come-crashing-down/1/"}
{"type": "searchResultGenerated", "timestamp": "2026-02-18T08:57:25.017Z", "sessionID": "7380efa0-b2a1-448a-9c0d-24c239fea3f9", "query": "hiolary clinton", "docid": "S13ec255a-Afa1bbeef", "rank": "4", "page": "5", "url": "https://www.debate.org/debates/Hillary-Clinton-should-run-for-President-in-2016./1/"}
{"type": "searchResultGenerated", "timestamp": "2026-02-18T08:57:25.017Z", "sessionID": "7380efa0-b2a1-448a-9c0d-24c239fea3f9", "query": "hiolary clinton", "docid": "Sa34fef23-Ab181f0cb", "rank": "5", "page": "5", "url": "https://www.debate.org/debates/Hillary-Clinton-wreckage/1/"}
{"type": "searchResultGenerated", "timestamp": "2026-02-18T08:57:25.018Z", "sessionID": "7380efa0-b2a1-448a-9c0d-24c239fea3f9", "query": "hiolary clinton", "docid": "Sa13fa6-A6ed27a91", "rank": "6", "page": "5", "url": "https://www.debate.org/debates/LEAST-ideal-candidate-for-President/1/"}
{"type": "searchResultGenerated", "timestamp": "2026-02-18T08:57:25.018Z", "sessionID": "7380efa0-b2a1-448a-9c0d-24c239fea3f9", "query": "hiolary clinton", "docid": "Sbdb0d440-Ada2ca1bf", "rank": "7", "page": "5", "url": "https://www.debate.org/debates/If-you-voted-for-Donald-Trump-you-are-racist./1/"}
{"type": "searchResultGenerated", "timestamp": "2026-02-18T08:57:25.018Z", "sessionID": "7380efa0-b2a1-448a-9c0d-24c239fea3f9", "query": "hiolary clinton", "docid": "Sfc731a4-Aeab0356c", "rank": "8", "page": "5", "url": "https://www.debate.org/debates/Bill-Clinton-was-a-bad-president/1/"}
{"type": "searchResultGenerated", "timestamp": "2026-02-18T08:57:25.019Z", "sessionID": "7380efa0-b2a1-448a-9c0d-24c239fea3f9", "query": "hiolary clinton", "docid": "S9b4e3e45-A30750d5c", "rank": "9", "page": "5", "url": "https://www.debate.org/debates/Hillary-Clinton-should-be-in-prison./1/"}
{"type": "searchResultGenerated", "timestamp": "2026-02-18T08:57:25.019Z", "sessionID": "7380efa0-b2a1-448a-9c0d-24c239fea3f9", "query": "hiolary clinton", "docid": "S876f4fd6-A4208764f", "rank": "10", "page": "5", "url": "https://www.debate.org/debates/Reaganomics-worked/1/"}
{"type": "cursorLeftSnippet", "timestamp": "2026-02-18T08:57:27.381Z", "sessionID": "7380efa0-b2a1-448a-9c0d-24c239fea3f9", "query": "hiolary clinton", "docid": "Sf97757f3-Ac52225b9", "rank": "3", "page": "5"}
{"type": "cursorEnteredSnippet", "timestamp": "2026-02-18T08:57:27.381Z", "sessionID": "7380efa0-b2a1-448a-9c0d-24c239fea3f9", "query": "hiolary clinton", "docid": "Sfc731a4-Aeab0356c", "rank": "8", "page": "5"}
{"type": "cursorLeftSnippet", "timestamp": "2026-02-18T08:57:28.027Z", "sessionID": "7380efa0-b2a1-448a-9c0d-24c239fea3f9", "query": "hiolary clinton", "docid": "Sfc731a4-Aeab0356c", "rank": "8", "page": "5"}
{"type": "cursorEnteredSnippet", "timestamp": "2026-02-18T08:57:28.027Z", "sessionID": "7380efa0-b2a1-448a-9c0d-24c239fea3f9", "query": "hiolary clinton", "docid": "S9b4e3e45-A30750d5c", "rank": "9", "page": "5"}
{"type": "cursorLeftSnippet", "timestamp": "2026-02-18T08:57:28.526Z", "sessionID": "7380efa0-b2a1-448a-9c0d-24c239fea3f9", "query": "hiolary clinton", "docid": "S9b4e3e45-A30750d5c", "rank": "9", "page": "5"}
{"type": "cursorEnteredSnippet", "timestamp": "2026-02-18T08:57:28.542Z", "sessionID": "7380efa0-b2a1-448a-9c0d-24c239fea3f9", "query": "hiolary clinton", "docid": "S876f4fd6-A4208764f", "rank": "10", "page": "5"}
{"type": "clickedResult", "timestamp": "2026-02-18T08:57:28.906Z", "sessionID": "7380efa0-b2a1-448a-9c0d-24c239fea3f9", "query": "hiolary clinton", "rank": "10", "page": "5", "url": "https://www.debate.org/debates/Reaganomics-worked/1/"}
{"type": "cursorLeftSnippet", "timestamp": "2026-02-18T08:57:29.109Z", "sessionID": "7380efa0-b2a1-448a-9c0d-24c239fea3f9", "query": "hiolary clinton", "docid": "S876f4fd6-A4208764f", "rank": "10", "page": "5"}
{"type": "cursorEnteredSnippet", "timestamp": "2026-02-18T08:57:29.140Z", "sessionID": "7380efa0-b2a1-448a-9c0d-24c239fea3f9", "query": "hiolary clinton", "docid": "S9b4e3e45-A30750d5c", "rank": "9", "page": "5"}
{"type": "cursorLeftSnippet", "timestamp": "2026-02-18T08:57:29.141Z", "sessionID": "7380efa0-b2a1-448a-9c0d-24c239fea3f9", "query": "hiolary clinton", "docid": "S9b4e3e45-A30750d5c", "rank": "9", "page": "5"}
{"type": "cursorEnteredSnippet", "timestamp": "2026-02-18T08:57:30.959Z", "sessionID": "7380efa0-b2a1-448a-9c0d-24c239fea3f9", "query": "hiolary clinton", "docid": "Sbdb0d440-Ada2ca1bf", "rank": "7", "page": "5"}
{"type": "cursorLeftSnippet", "timestamp": "2026-02-18T08:57:31.659Z", "sessionID": "7380efa0-b2a1-448a-9c0d-24c239fea3f9", "query": "hiolary clinton", "docid": "Sbdb0d440-Ada2ca1bf", "rank": "7", "page": "5"}
{"type": "cursorEnteredSnippet", "timestamp": "2026-02-18T08:57:31.659Z", "sessionID": "7380efa0-b2a1-448a-9c0d-24c239fea3f9", "query": "hiolary clinton", "docid": "Sa13fa6-A6ed27a91", "rank": "6", "page": "5"}
{"type": "cursorLeftSnippet", "timestamp": "2026-02-18T08:57:32.859Z", "sessionID": "7380efa0-b2a1-448a-9c0d-24c239fea3f9", "query": "hiolary clinton", "docid": "Sa13fa6-A6ed27a91", "rank": "6", "page": "5"}
{"type": "cursorEnteredSnippet", "timestamp": "2026-02-18T08:57:32.859Z", "sessionID": "7380efa0-b2a1-448a-9c0d-24c239fea3f9", "query": "hiolary clinton", "docid": "Se4117131-Aa0f88e90", "rank": "2", "page": "5"}
{"type": "cursorLeftSnippet", "timestamp": "2026-02-18T08:57:33.425Z", "sessionID": "7380efa0-b2a1-448a-9c0d-24c239fea3f9", "query": "hiolary clinton", "docid": "Se4117131-Aa0f88e90", "rank": "2", "page": "5"}
{"type": "cursorEnteredSnippet", "timestamp": "2026-02-18T08:57:33.425Z", "sessionID": "7380efa0-b2a1-448a-9c0d-24c239fea3f9", "query": "hiolary clinton", "docid": "Sdea477f7-Ab4ae38cc", "rank": "1", "page": "5"}
{"type": "cursorLeftSnippet", "timestamp": "2026-02-18T08:57:33.442Z", "sessionID": "7380efa0-b2a1-448a-9c0d-24c239fea3f9", "query": "hiolary clinton", "docid": "Sdea477f7-Ab4ae38cc", "rank": "1", "page": "5"}
{"type": "wentBackHome", "timestamp": "2026-02-18T08:57:34.289Z", "sessionID": "7380efa0-b2a1-448a-9c0d-24c239fea3f9"}
{"type": "ClickedEndTask", "timestamp": "2026-02-18T08:57:42.880Z", "sessionID": "7380efa0-b2a1-448a-9c0d-24c239fea3f9"}
{"type": "TaskContinued", "timestamp": "2026-02-18T08:57:44.222Z", "sessionID": "7380efa0-b2a1-448a-9c0d-24c239fea3f9"}
{"type": "ClickedEndTask", "timestamp": "2026-02-18T08:57:45.345Z", "sessionID": "7380efa0-b2a1-448a-9c0d-24c239fea3f9"}
{"type": "TaskEndConfirmed", "timestamp": "2026-02-18T08:57:47.094Z", "sessionID": "7380efa0-b2a1-448a-9c0d-24c239fea3f9"}
