{"type": "TaskStarted", "timestamp": "2026-02-24T13:24:54.945Z", "sessionID": "f8a86c05-fa9a-445b-8f91-d21053073a42"}
{"type": "idSubmitted", "timestamp": "2026-02-24T13:24:54.949Z", "sessionID": "f8a86c05-fa9a-445b-8f91-d21053073a42", "uid": "Participant16"}
{"type": "queryBoxFocused", "timestamp": "2026-02-24T13:24:56.542Z", "sessionID": "f8a86c05-fa9a-445b-8f91-d21053073a42"}
{"type": "querySubmitted", "timestamp": "2026-02-24T13:24:59.180Z", "sessionID": "f8a86c05-fa9a-445b-8f91-d21053073a42", "query": "ducks"}
{"type": "searchResultGenerated", "timestamp": "2026-02-24T13:25:00.583Z", "sessionID": "f8a86c05-fa9a-445b-8f91-d21053073a42", "query": "ducks", "docid": "2938", "rank": "1", "page": "1", "url": "https://www.africanstorybook.org/#", "windowLocation": "http://localhost:7001/result?query=ducks&page=1"}
{"type": "searchResultGenerated", "timestamp": "2026-02-24T13:25:00.583Z", "sessionID": "f8a86c05-fa9a-445b-8f91-d21053073a42", "query": "ducks", "docid": "5607", "rank": "2", "page": "1", "url": "http://www.gutenberg.org/files/15170/15170-h/15170-h.htm#mirror", "windowLocation": "http://localhost:7001/result?query=ducks&page=1"}
{"type": "searchResultGenerated", "timestamp": "2026-02-24T13:25:00.583Z", "sessionID": "f8a86c05-fa9a-445b-8f91-d21053073a42", "query": "ducks", "docid": "5292", "rank": "3", "page": "1", "url": "http://www.gutenberg.org/files/40756/40756-h/40756-h.htm#Page_135", "windowLocation": "http://localhost:7001/result?query=ducks&page=1"}
{"type": "searchResultGenerated", "timestamp": "2026-02-24T13:25:00.584Z", "sessionID": "f8a86c05-fa9a-445b-8f91-d21053073a42", "query": "ducks", "docid": "5499", "rank": "4", "page": "1", "url": "http://www.gutenberg.org/files/28130/28130-h/28130-h.htm#Page_57", "windowLocation": "http://localhost:7001/result?query=ducks&page=1"}
{"type": "searchResultGenerated", "timestamp": "2026-02-24T13:25:00.584Z", "sessionID": "f8a86c05-fa9a-445b-8f91-d21053073a42", "query": "ducks", "docid": "5642", "rank": "5", "page": "1", "url": "http://www.gutenberg.org/files/16522/16522-h/16522-h.htm#ELSIES_DUCKS", "windowLocation": "http://localhost:7001/result?query=ducks&page=1"}
{"type": "searchResultGenerated", "timestamp": "2026-02-24T13:25:00.584Z", "sessionID": "f8a86c05-fa9a-445b-8f91-d21053073a42", "query": "ducks", "docid": "4817", "rank": "6", "page": "1", "url": "http://www.gutenberg.org/files/902/902-h/902-h.htm", "windowLocation": "http://localhost:7001/result?query=ducks&page=1"}
{"type": "searchResultGenerated", "timestamp": "2026-02-24T13:25:00.584Z", "sessionID": "f8a86c05-fa9a-445b-8f91-d21053073a42", "query": "ducks", "docid": "4970", "rank": "7", "page": "1", "url": "http://www.gutenberg.org/files/8950/8950-h/8950-h.htm", "windowLocation": "http://localhost:7001/result?query=ducks&page=1"}
{"type": "searchResultGenerated", "timestamp": "2026-02-24T13:25:00.585Z", "sessionID": "f8a86c05-fa9a-445b-8f91-d21053073a42", "query": "ducks", "docid": "6202", "rank": "8", "page": "1", "url": "http://www.gutenberg.org/files/16891/16891-h/16891-h.htm", "windowLocation": "http://localhost:7001/result?query=ducks&page=1"}
{"type": "searchResultGenerated", "timestamp": "2026-02-24T13:25:00.585Z", "sessionID": "f8a86c05-fa9a-445b-8f91-d21053073a42", "query": "ducks", "docid": "5714", "rank": "9", "page": "1", "url": "http://www.gutenberg.org/files/24940/24940-h/24940-h.htm#Page_69", "windowLocation": "http://localhost:7001/result?query=ducks&page=1"}
{"type": "searchResultGenerated", "timestamp": "2026-02-24T13:25:00.585Z", "sessionID": "f8a86c05-fa9a-445b-8f91-d21053073a42", "query": "ducks", "docid": "5589", "rank": "10", "page": "1", "url": "http://www.gutenberg.org/files/28133/28133-h/28133-h.htm#Page_139", "windowLocation": "http://localhost:7001/result?query=ducks&page=1"}
{"type": "cursorEnteredSnippet", "timestamp": "2026-02-24T13:25:00.938Z", "sessionID": "f8a86c05-fa9a-445b-8f91-d21053073a42", "query": "ducks", "docid": "5607", "rank": "2", "page": "1"}
{"type": "cursorLeftSnippet", "timestamp": "2026-02-24T13:25:01.272Z", "sessionID": "f8a86c05-fa9a-445b-8f91-d21053073a42", "query": "ducks", "docid": "5607", "rank": "2", "page": "1"}
{"type": "cursorEnteredSnippet", "timestamp": "2026-02-24T13:25:01.288Z", "sessionID": "f8a86c05-fa9a-445b-8f91-d21053073a42", "query": "ducks", "docid": "5292", "rank": "3", "page": "1"}
{"type": "clickedResult", "timestamp": "2026-02-24T13:25:01.952Z", "sessionID": "f8a86c05-fa9a-445b-8f91-d21053073a42", "query": "ducks", "rank": "3", "page": "1", "url": "http://www.gutenberg.org/files/40756/40756-h/40756-h.htm#Page_135"}
{"type": "cursorLeftSnippet", "timestamp": "2026-02-24T13:25:02.058Z", "sessionID": "f8a86c05-fa9a-445b-8f91-d21053073a42", "query": "ducks", "docid": "5292", "rank": "3", "page": "1"}
{"type": "searchResultGenerated", "timestamp": "2026-02-24T13:25:04.060Z", "sessionID": "f8a86c05-fa9a-445b-8f91-d21053073a42", "query": "ducks", "docid": "2938", "rank": "1", "page": "1", "url": "https://www.africanstorybook.org/#", "windowLocation": "http://localhost:7001/result?query=ducks&page=1"}
{"type": "searchResultGenerated", "timestamp": "2026-02-24T13:25:04.060Z", "sessionID": "f8a86c05-fa9a-445b-8f91-d21053073a42", "query": "ducks", "docid": "5607", "rank": "2", "page": "1", "url": "http://www.gutenberg.org/files/15170/15170-h/15170-h.htm#mirror", "windowLocation": "http://localhost:7001/result?query=ducks&page=1"}
{"type": "searchResultGenerated", "timestamp": "2026-02-24T13:25:04.060Z", "sessionID": "f8a86c05-fa9a-445b-8f91-d21053073a42", "query": "ducks", "docid": "5292", "rank": "3", "page": "1", "url": "http://www.gutenberg.org/files/40756/40756-h/40756-h.htm#Page_135", "windowLocation": "http://localhost:7001/result?query=ducks&page=1"}
{"type": "searchResultGenerated", "timestamp": "2026-02-24T13:25:04.061Z", "sessionID": "f8a86c05-fa9a-445b-8f91-d21053073a42", "query": "ducks", "docid": "5499", "rank": "4", "page": "1", "url": "http://www.gutenberg.org/files/28130/28130-h/28130-h.htm#Page_57", "windowLocation": "http://localhost:7001/result?query=ducks&page=1"}
{"type": "searchResultGenerated", "timestamp": "2026-02-24T13:25:04.061Z", "sessionID": "f8a86c05-fa9a-445b-8f91-d21053073a42", "query": "ducks", "docid": "5642", "rank": "5", "page": "1", "url": "http://www.gutenberg.org/files/16522/16522-h/16522-h.htm#ELSIES_DUCKS", "windowLocation": "http://localhost:7001/result?query=ducks&page=1"}
{"type": "searchResultGenerated", "timestamp": "2026-02-24T13:25:04.061Z", "sessionID": "f8a86c05-fa9a-445b-8f91-d21053073a42", "query": "ducks", "docid": "4817", "rank": "6", "page": "1", "url": "http://www.gutenberg.org/files/902/902-h/902-h.htm", "windowLocation": "http://localhost:7001/result?query=ducks&page=1"}
{"type": "searchResultGenerated", "timestamp": "2026-02-24T13:25:04.061Z", "sessionID": "f8a86c05-fa9a-445b-8f91-d21053073a42", "query": "ducks", "docid": "4970", "rank": "7", "page": "1", "url": "http://www.gutenberg.org/files/8950/8950-h/8950-h.htm", "windowLocation": "http://localhost:7001/result?query=ducks&page=1"}
{"type": "searchResultGenerated", "timestamp": "2026-02-24T13:25:04.061Z", "sessionID": "f8a86c05-fa9a-445b-8f91-d21053073a42", "query": "ducks", "docid": "6202", "rank": "8", "page": "1", "url": "http://www.gutenberg.org/files/16891/16891-h/16891-h.htm", "windowLocation": "http://localhost:7001/result?query=ducks&page=1"}
{"type": "searchResultGenerated", "timestamp": "2026-02-24T13:25:04.061Z", "sessionID": "f8a86c05-fa9a-445b-8f91-d21053073a42", "query": "ducks", "docid": "5714", "rank": "9", "page": "1", "url": "http://www.gutenberg.org/files/24940/24940-h/24940-h.htm#Page_69", "windowLocation": "http://localhost:7001/result?query=ducks&page=1"}
{"type": "searchResultGenerated", "timestamp": "2026-02-24T13:25:04.061Z", "sessionID": "f8a86c05-fa9a-445b-8f91-d21053073a42", "query": "ducks", "docid": "5589", "rank": "10", "page": "1", "url": "http://www.gutenberg.org/files/28133/28133-h/28133-h.htm#Page_139", "windowLocation": "http://localhost:7001/result?query=ducks&page=1"}
{"type": "cursorEnteredSnippet", "timestamp": "2026-02-24T13:25:04.238Z", "sessionID": "f8a86c05-fa9a-445b-8f91-d21053073a42", "query": "ducks", "docid": "2938", "rank": "1", "page": "1"}
{"type": "cursorLeftSnippet", "timestamp": "2026-02-24T13:25:04.305Z", "sessionID": "f8a86c05-fa9a-445b-8f91-d21053073a42", "query": "ducks", "docid": "2938", "rank": "1", "page": "1"}
{"type": "cursorEnteredSnippet", "timestamp": "2026-02-24T13:25:04.321Z", "sessionID": "f8a86c05-fa9a-445b-8f91-d21053073a42", "query": "ducks", "docid": "5607", "rank": "2", "page": "1"}
{"type": "cursorLeftSnippet", "timestamp": "2026-02-24T13:25:05.578Z", "sessionID": "f8a86c05-fa9a-445b-8f91-d21053073a42", "query": "ducks", "docid": "5607", "rank": "2", "page": "1"}
{"type": "cursorEnteredSnippet", "timestamp": "2026-02-24T13:25:05.578Z", "sessionID": "f8a86c05-fa9a-445b-8f91-d21053073a42", "query": "ducks", "docid": "4970", "rank": "7", "page": "1"}
{"type": "cursorLeftSnippet", "timestamp": "2026-02-24T13:25:06.022Z", "sessionID": "f8a86c05-fa9a-445b-8f91-d21053073a42", "query": "ducks", "docid": "4970", "rank": "7", "page": "1"}
{"type": "cursorEnteredSnippet", "timestamp": "2026-02-24T13:25:06.022Z", "sessionID": "f8a86c05-fa9a-445b-8f91-d21053073a42", "query": "ducks", "docid": "6202", "rank": "8", "page": "1"}
{"type": "cursorLeftSnippet", "timestamp": "2026-02-24T13:25:06.105Z", "sessionID": "f8a86c05-fa9a-445b-8f91-d21053073a42", "query": "ducks", "docid": "6202", "rank": "8", "page": "1"}
{"type": "cursorEnteredSnippet", "timestamp": "2026-02-24T13:25:06.105Z", "sessionID": "f8a86c05-fa9a-445b-8f91-d21053073a42", "query": "ducks", "docid": "5714", "rank": "9", "page": "1"}
{"type": "cursorLeftSnippet", "timestamp": "2026-02-24T13:25:06.138Z", "sessionID": "f8a86c05-fa9a-445b-8f91-d21053073a42", "query": "ducks", "docid": "5714", "rank": "9", "page": "1"}
{"type": "cursorEnteredSnippet", "timestamp": "2026-02-24T13:25:06.138Z", "sessionID": "f8a86c05-fa9a-445b-8f91-d21053073a42", "query": "ducks", "docid": "5589", "rank": "10", "page": "1"}
{"type": "cursorLeftSnippet", "timestamp": "2026-02-24T13:25:06.188Z", "sessionID": "f8a86c05-fa9a-445b-8f91-d21053073a42", "query": "ducks", "docid": "5589", "rank": "10", "page": "1"}
{"type": "cursorEnteredSnippet", "timestamp": "2026-02-24T13:25:06.488Z", "sessionID": "f8a86c05-fa9a-445b-8f91-d21053073a42", "query": "ducks", "docid": "5589", "rank": "10", "page": "1"}
{"type": "cursorLeftSnippet", "timestamp": "2026-02-24T13:25:06.505Z", "sessionID": "f8a86c05-fa9a-445b-8f91-d21053073a42", "query": "ducks", "docid": "5589", "rank": "10", "page": "1"}
{"type": "cursorEnteredSnippet", "timestamp": "2026-02-24T13:25:06.521Z", "sessionID": "f8a86c05-fa9a-445b-8f91-d21053073a42", "query": "ducks", "docid": "5714", "rank": "9", "page": "1"}
{"type": "cursorLeftSnippet", "timestamp": "2026-02-24T13:25:06.538Z", "sessionID": "f8a86c05-fa9a-445b-8f91-d21053073a42", "query": "ducks", "docid": "5714", "rank": "9", "page": "1"}
{"type": "cursorEnteredSnippet", "timestamp": "2026-02-24T13:25:06.539Z", "sessionID": "f8a86c05-fa9a-445b-8f91-d21053073a42", "query": "ducks", "docid": "6202", "rank": "8", "page": "1"}
{"type": "cursorLeftSnippet", "timestamp": "2026-02-24T13:25:06.555Z", "sessionID": "f8a86c05-fa9a-445b-8f91-d21053073a42", "query": "ducks", "docid": "6202", "rank": "8", "page": "1"}
{"type": "cursorEnteredSnippet", "timestamp": "2026-02-24T13:25:06.555Z", "sessionID": "f8a86c05-fa9a-445b-8f91-d21053073a42", "query": "ducks", "docid": "4970", "rank": "7", "page": "1"}
{"type": "cursorLeftSnippet", "timestamp": "2026-02-24T13:25:06.638Z", "sessionID": "f8a86c05-fa9a-445b-8f91-d21053073a42", "query": "ducks", "docid": "4970", "rank": "7", "page": "1"}
{"type": "cursorEnteredSnippet", "timestamp": "2026-02-24T13:25:06.638Z", "sessionID": "f8a86c05-fa9a-445b-8f91-d21053073a42", "query": "ducks", "docid": "4817", "rank": "6", "page": "1"}
{"type": "cursorLeftSnippet", "timestamp": "2026-02-24T13:25:06.688Z", "sessionID": "f8a86c05-fa9a-445b-8f91-d21053073a42", "query": "ducks", "docid": "4817", "rank": "6", "page": "1"}
{"type": "queryBoxFocused", "timestamp": "2026-02-24T13:25:07.132Z", "sessionID": "f8a86c05-fa9a-445b-8f91-d21053073a42"}
{"type": "querySubmitted", "timestamp": "2026-02-24T13:25:08.357Z", "sessionID": "f8a86c05-fa9a-445b-8f91-d21053073a42", "query": "cows"}
{"type": "searchResultGenerated", "timestamp": "2026-02-24T13:25:08.688Z", "sessionID": "f8a86c05-fa9a-445b-8f91-d21053073a42", "query": "cows", "docid": "5712", "rank": "1", "page": "1", "url": "http://www.gutenberg.org/files/24478/24478-h/24478-h.htm#Page_129", "windowLocation": "http://localhost:7001/result?query=cows&page=1"}
{"type": "searchResultGenerated", "timestamp": "2026-02-24T13:25:08.689Z", "sessionID": "f8a86c05-fa9a-445b-8f91-d21053073a42", "query": "cows", "docid": "3434", "rank": "2", "page": "1", "url": "https://www.africanstorybook.org/", "windowLocation": "http://localhost:7001/result?query=cows&page=1"}
{"type": "searchResultGenerated", "timestamp": "2026-02-24T13:25:08.689Z", "sessionID": "f8a86c05-fa9a-445b-8f91-d21053073a42", "query": "cows", "docid": "5660", "rank": "3", "page": "1", "url": "http://www.gutenberg.org/files/16522/16522-h/16522-h.htm#GOING_AFTER_COWS", "windowLocation": "http://localhost:7001/result?query=cows&page=1"}
{"type": "searchResultGenerated", "timestamp": "2026-02-24T13:25:08.689Z", "sessionID": "f8a86c05-fa9a-445b-8f91-d21053073a42", "query": "cows", "docid": "7020", "rank": "4", "page": "1", "url": "http://www.gutenberg.org/files/25359/25359-h/25359-h.htm#Page_204", "windowLocation": "http://localhost:7001/result?query=cows&page=1"}
{"type": "searchResultGenerated", "timestamp": "2026-02-24T13:25:08.689Z", "sessionID": "f8a86c05-fa9a-445b-8f91-d21053073a42", "query": "cows", "docid": "5776", "rank": "5", "page": "1", "url": "http://www.gutenberg.org/files/24478/24478-h/24478-h.htm#Page_142", "windowLocation": "http://localhost:7001/result?query=cows&page=1"}
{"type": "searchResultGenerated", "timestamp": "2026-02-24T13:25:08.690Z", "sessionID": "f8a86c05-fa9a-445b-8f91-d21053073a42", "query": "cows", "docid": "3095", "rank": "6", "page": "1", "url": "https://www.africanstorybook.org/", "windowLocation": "http://localhost:7001/result?query=cows&page=1"}
{"type": "searchResultGenerated", "timestamp": "2026-02-24T13:25:08.690Z", "sessionID": "f8a86c05-fa9a-445b-8f91-d21053073a42", "query": "cows", "docid": "2774", "rank": "7", "page": "1", "url": "https://www.africanstorybook.org/#", "windowLocation": "http://localhost:7001/result?query=cows&page=1"}
{"type": "searchResultGenerated", "timestamp": "2026-02-24T13:25:08.690Z", "sessionID": "f8a86c05-fa9a-445b-8f91-d21053073a42", "query": "cows", "docid": "3346", "rank": "8", "page": "1", "url": "https://www.africanstorybook.org/", "windowLocation": "http://localhost:7001/result?query=cows&page=1"}
{"type": "searchResultGenerated", "timestamp": "2026-02-24T13:25:08.690Z", "sessionID": "f8a86c05-fa9a-445b-8f91-d21053073a42", "query": "cows", "docid": "3261", "rank": "9", "page": "1", "url": "https://kids.frontiersin.org/article/10.3389/frym.2015.00017", "windowLocation": "http://localhost:7001/result?query=cows&page=1"}
{"type": "searchResultGenerated", "timestamp": "2026-02-24T13:25:08.691Z", "sessionID": "f8a86c05-fa9a-445b-8f91-d21053073a42", "query": "cows", "docid": "6498", "rank": "10", "page": "1", "url": "http://www.gutenberg.org/files/24545/24545-h/24545-h.htm", "windowLocation": "http://localhost:7001/result?query=cows&page=1"}
{"type": "cursorEnteredSnippet", "timestamp": "2026-02-24T13:25:09.354Z", "sessionID": "f8a86c05-fa9a-445b-8f91-d21053073a42", "query": "cows", "docid": "5712", "rank": "1", "page": "1"}
{"type": "cursorLeftSnippet", "timestamp": "2026-02-24T13:25:09.388Z", "sessionID": "f8a86c05-fa9a-445b-8f91-d21053073a42", "query": "cows", "docid": "5712", "rank": "1", "page": "1"}
{"type": "cursorEnteredSnippet", "timestamp": "2026-02-24T13:25:09.388Z", "sessionID": "f8a86c05-fa9a-445b-8f91-d21053073a42", "query": "cows", "docid": "3434", "rank": "2", "page": "1"}
{"type": "cursorLeftSnippet", "timestamp": "2026-02-24T13:25:09.454Z", "sessionID": "f8a86c05-fa9a-445b-8f91-d21053073a42", "query": "cows", "docid": "3434", "rank": "2", "page": "1"}
{"type": "cursorEnteredSnippet", "timestamp": "2026-02-24T13:25:09.454Z", "sessionID": "f8a86c05-fa9a-445b-8f91-d21053073a42", "query": "cows", "docid": "5660", "rank": "3", "page": "1"}
{"type": "cursorLeftSnippet", "timestamp": "2026-02-24T13:25:09.721Z", "sessionID": "f8a86c05-fa9a-445b-8f91-d21053073a42", "query": "cows", "docid": "5660", "rank": "3", "page": "1"}
{"type": "cursorEnteredSnippet", "timestamp": "2026-02-24T13:25:09.788Z", "sessionID": "f8a86c05-fa9a-445b-8f91-d21053073a42", "query": "cows", "docid": "5660", "rank": "3", "page": "1"}
{"type": "clickedResult", "timestamp": "2026-02-24T13:25:10.397Z", "sessionID": "f8a86c05-fa9a-445b-8f91-d21053073a42", "query": "cows", "rank": "3", "page": "1", "url": "http://www.gutenberg.org/files/16522/16522-h/16522-h.htm#GOING_AFTER_COWS"}
{"type": "cursorLeftSnippet", "timestamp": "2026-02-24T13:25:10.670Z", "sessionID": "f8a86c05-fa9a-445b-8f91-d21053073a42", "query": "cows", "docid": "5660", "rank": "3", "page": "1"}
{"type": "searchResultGenerated", "timestamp": "2026-02-24T13:25:12.689Z", "sessionID": "f8a86c05-fa9a-445b-8f91-d21053073a42", "query": "cows", "docid": "5712", "rank": "1", "page": "1", "url": "http://www.gutenberg.org/files/24478/24478-h/24478-h.htm#Page_129", "windowLocation": "http://localhost:7001/result?query=cows&page=1"}
{"type": "searchResultGenerated", "timestamp": "2026-02-24T13:25:12.690Z", "sessionID": "f8a86c05-fa9a-445b-8f91-d21053073a42", "query": "cows", "docid": "3434", "rank": "2", "page": "1", "url": "https://www.africanstorybook.org/", "windowLocation": "http://localhost:7001/result?query=cows&page=1"}
{"type": "searchResultGenerated", "timestamp": "2026-02-24T13:25:12.690Z", "sessionID": "f8a86c05-fa9a-445b-8f91-d21053073a42", "query": "cows", "docid": "5660", "rank": "3", "page": "1", "url": "http://www.gutenberg.org/files/16522/16522-h/16522-h.htm#GOING_AFTER_COWS", "windowLocation": "http://localhost:7001/result?query=cows&page=1"}
{"type": "searchResultGenerated", "timestamp": "2026-02-24T13:25:12.690Z", "sessionID": "f8a86c05-fa9a-445b-8f91-d21053073a42", "query": "cows", "docid": "7020", "rank": "4", "page": "1", "url": "http://www.gutenberg.org/files/25359/25359-h/25359-h.htm#Page_204", "windowLocation": "http://localhost:7001/result?query=cows&page=1"}
{"type": "searchResultGenerated", "timestamp": "2026-02-24T13:25:12.691Z", "sessionID": "f8a86c05-fa9a-445b-8f91-d21053073a42", "query": "cows", "docid": "5776", "rank": "5", "page": "1", "url": "http://www.gutenberg.org/files/24478/24478-h/24478-h.htm#Page_142", "windowLocation": "http://localhost:7001/result?query=cows&page=1"}
{"type": "searchResultGenerated", "timestamp": "2026-02-24T13:25:12.691Z", "sessionID": "f8a86c05-fa9a-445b-8f91-d21053073a42", "query": "cows", "docid": "3095", "rank": "6", "page": "1", "url": "https://www.africanstorybook.org/", "windowLocation": "http://localhost:7001/result?query=cows&page=1"}
{"type": "searchResultGenerated", "timestamp": "2026-02-24T13:25:12.692Z", "sessionID": "f8a86c05-fa9a-445b-8f91-d21053073a42", "query": "cows", "docid": "2774", "rank": "7", "page": "1", "url": "https://www.africanstorybook.org/#", "windowLocation": "http://localhost:7001/result?query=cows&page=1"}
{"type": "searchResultGenerated", "timestamp": "2026-02-24T13:25:12.692Z", "sessionID": "f8a86c05-fa9a-445b-8f91-d21053073a42", "query": "cows", "docid": "3346", "rank": "8", "page": "1", "url": "https://www.africanstorybook.org/", "windowLocation": "http://localhost:7001/result?query=cows&page=1"}
{"type": "searchResultGenerated", "timestamp": "2026-02-24T13:25:12.692Z", "sessionID": "f8a86c05-fa9a-445b-8f91-d21053073a42", "query": "cows", "docid": "3261", "rank": "9", "page": "1", "url": "https://kids.frontiersin.org/article/10.3389/frym.2015.00017", "windowLocation": "http://localhost:7001/result?query=cows&page=1"}
{"type": "searchResultGenerated", "timestamp": "2026-02-24T13:25:12.693Z", "sessionID": "f8a86c05-fa9a-445b-8f91-d21053073a42", "query": "cows", "docid": "6498", "rank": "10", "page": "1", "url": "http://www.gutenberg.org/files/24545/24545-h/24545-h.htm", "windowLocation": "http://localhost:7001/result?query=cows&page=1"}
{"type": "searchResultGenerated", "timestamp": "2026-02-24T13:25:14.072Z", "sessionID": "f8a86c05-fa9a-445b-8f91-d21053073a42", "query": "ducks", "docid": "2938", "rank": "1", "page": "1", "url": "https://www.africanstorybook.org/#", "windowLocation": "http://localhost:7001/result?query=ducks&page=1"}
{"type": "searchResultGenerated", "timestamp": "2026-02-24T13:25:14.073Z", "sessionID": "f8a86c05-fa9a-445b-8f91-d21053073a42", "query": "ducks", "docid": "5607", "rank": "2", "page": "1", "url": "http://www.gutenberg.org/files/15170/15170-h/15170-h.htm#mirror", "windowLocation": "http://localhost:7001/result?query=ducks&page=1"}
{"type": "searchResultGenerated", "timestamp": "2026-02-24T13:25:14.073Z", "sessionID": "f8a86c05-fa9a-445b-8f91-d21053073a42", "query": "ducks", "docid": "5292", "rank": "3", "page": "1", "url": "http://www.gutenberg.org/files/40756/40756-h/40756-h.htm#Page_135", "windowLocation": "http://localhost:7001/result?query=ducks&page=1"}
{"type": "searchResultGenerated", "timestamp": "2026-02-24T13:25:14.073Z", "sessionID": "f8a86c05-fa9a-445b-8f91-d21053073a42", "query": "ducks", "docid": "5499", "rank": "4", "page": "1", "url": "http://www.gutenberg.org/files/28130/28130-h/28130-h.htm#Page_57", "windowLocation": "http://localhost:7001/result?query=ducks&page=1"}
{"type": "searchResultGenerated", "timestamp": "2026-02-24T13:25:14.073Z", "sessionID": "f8a86c05-fa9a-445b-8f91-d21053073a42", "query": "ducks", "docid": "5642", "rank": "5", "page": "1", "url": "http://www.gutenberg.org/files/16522/16522-h/16522-h.htm#ELSIES_DUCKS", "windowLocation": "http://localhost:7001/result?query=ducks&page=1"}
{"type": "searchResultGenerated", "timestamp": "2026-02-24T13:25:14.074Z", "sessionID": "f8a86c05-fa9a-445b-8f91-d21053073a42", "query": "ducks", "docid": "4817", "rank": "6", "page": "1", "url": "http://www.gutenberg.org/files/902/902-h/902-h.htm", "windowLocation": "http://localhost:7001/result?query=ducks&page=1"}
{"type": "searchResultGenerated", "timestamp": "2026-02-24T13:25:14.074Z", "sessionID": "f8a86c05-fa9a-445b-8f91-d21053073a42", "query": "ducks", "docid": "4970", "rank": "7", "page": "1", "url": "http://www.gutenberg.org/files/8950/8950-h/8950-h.htm", "windowLocation": "http://localhost:7001/result?query=ducks&page=1"}
{"type": "searchResultGenerated", "timestamp": "2026-02-24T13:25:14.074Z", "sessionID": "f8a86c05-fa9a-445b-8f91-d21053073a42", "query": "ducks", "docid": "6202", "rank": "8", "page": "1", "url": "http://www.gutenberg.org/files/16891/16891-h/16891-h.htm", "windowLocation": "http://localhost:7001/result?query=ducks&page=1"}
{"type": "searchResultGenerated", "timestamp": "2026-02-24T13:25:14.075Z", "sessionID": "f8a86c05-fa9a-445b-8f91-d21053073a42", "query": "ducks", "docid": "5714", "rank": "9", "page": "1", "url": "http://www.gutenberg.org/files/24940/24940-h/24940-h.htm#Page_69", "windowLocation": "http://localhost:7001/result?query=ducks&page=1"}
{"type": "searchResultGenerated", "timestamp": "2026-02-24T13:25:14.075Z", "sessionID": "f8a86c05-fa9a-445b-8f91-d21053073a42", "query": "ducks", "docid": "5589", "rank": "10", "page": "1", "url": "http://www.gutenberg.org/files/28133/28133-h/28133-h.htm#Page_139", "windowLocation": "http://localhost:7001/result?query=ducks&page=1"}
{"type": "ClickedEndTask", "timestamp": "2026-02-24T13:25:15.997Z", "sessionID": "f8a86c05-fa9a-445b-8f91-d21053073a42"}
{"type": "TaskEndConfirmed", "timestamp": "2026-02-24T13:25:16.896Z", "sessionID": "f8a86c05-fa9a-445b-8f91-d21053073a42"}
