{"type": "TaskStarted", "timestamp": "2026-02-25T10:41:54.266Z", "sessionID": "46374f60-dd9c-4ad9-9a0a-55915fcc7b54"}
{"type": "idSubmitted", "timestamp": "2026-02-25T10:41:54.269Z", "sessionID": "46374f60-dd9c-4ad9-9a0a-55915fcc7b54", "uid": "Participant20"}
{"type": "queryBoxFocused", "timestamp": "2026-02-25T10:41:56.188Z", "sessionID": "46374f60-dd9c-4ad9-9a0a-55915fcc7b54"}
{"type": "querySubmitted", "timestamp": "2026-02-25T10:41:57.602Z", "sessionID": "46374f60-dd9c-4ad9-9a0a-55915fcc7b54", "query": "ducks"}
{"type": "searchResultGenerated", "timestamp": "2026-02-25T10:41:58.582Z", "sessionID": "46374f60-dd9c-4ad9-9a0a-55915fcc7b54", "query": "ducks", "docid": "2938", "rank": "1", "page": "1", "url": "https://www.africanstorybook.org/#", "windowLocation": "http://localhost:7001/result?query=ducks&page=1"}
{"type": "searchResultGenerated", "timestamp": "2026-02-25T10:41:58.582Z", "sessionID": "46374f60-dd9c-4ad9-9a0a-55915fcc7b54", "query": "ducks", "docid": "5607", "rank": "2", "page": "1", "url": "http://www.gutenberg.org/files/15170/15170-h/15170-h.htm#mirror", "windowLocation": "http://localhost:7001/result?query=ducks&page=1"}
{"type": "searchResultGenerated", "timestamp": "2026-02-25T10:41:58.583Z", "sessionID": "46374f60-dd9c-4ad9-9a0a-55915fcc7b54", "query": "ducks", "docid": "5292", "rank": "3", "page": "1", "url": "http://www.gutenberg.org/files/40756/40756-h/40756-h.htm#Page_135", "windowLocation": "http://localhost:7001/result?query=ducks&page=1"}
{"type": "searchResultGenerated", "timestamp": "2026-02-25T10:41:58.583Z", "sessionID": "46374f60-dd9c-4ad9-9a0a-55915fcc7b54", "query": "ducks", "docid": "5499", "rank": "4", "page": "1", "url": "http://www.gutenberg.org/files/28130/28130-h/28130-h.htm#Page_57", "windowLocation": "http://localhost:7001/result?query=ducks&page=1"}
{"type": "searchResultGenerated", "timestamp": "2026-02-25T10:41:58.583Z", "sessionID": "46374f60-dd9c-4ad9-9a0a-55915fcc7b54", "query": "ducks", "docid": "5642", "rank": "5", "page": "1", "url": "http://www.gutenberg.org/files/16522/16522-h/16522-h.htm#ELSIES_DUCKS", "windowLocation": "http://localhost:7001/result?query=ducks&page=1"}
{"type": "searchResultGenerated", "timestamp": "2026-02-25T10:41:58.583Z", "sessionID": "46374f60-dd9c-4ad9-9a0a-55915fcc7b54", "query": "ducks", "docid": "4817", "rank": "6", "page": "1", "url": "http://www.gutenberg.org/files/902/902-h/902-h.htm", "windowLocation": "http://localhost:7001/result?query=ducks&page=1"}
{"type": "searchResultGenerated", "timestamp": "2026-02-25T10:41:58.583Z", "sessionID": "46374f60-dd9c-4ad9-9a0a-55915fcc7b54", "query": "ducks", "docid": "4970", "rank": "7", "page": "1", "url": "http://www.gutenberg.org/files/8950/8950-h/8950-h.htm", "windowLocation": "http://localhost:7001/result?query=ducks&page=1"}
{"type": "searchResultGenerated", "timestamp": "2026-02-25T10:41:58.584Z", "sessionID": "46374f60-dd9c-4ad9-9a0a-55915fcc7b54", "query": "ducks", "docid": "6202", "rank": "8", "page": "1", "url": "http://www.gutenberg.org/files/16891/16891-h/16891-h.htm", "windowLocation": "http://localhost:7001/result?query=ducks&page=1"}
{"type": "searchResultGenerated", "timestamp": "2026-02-25T10:41:58.584Z", "sessionID": "46374f60-dd9c-4ad9-9a0a-55915fcc7b54", "query": "ducks", "docid": "5714", "rank": "9", "page": "1", "url": "http://www.gutenberg.org/files/24940/24940-h/24940-h.htm#Page_69", "windowLocation": "http://localhost:7001/result?query=ducks&page=1"}
{"type": "searchResultGenerated", "timestamp": "2026-02-25T10:41:58.585Z", "sessionID": "46374f60-dd9c-4ad9-9a0a-55915fcc7b54", "query": "ducks", "docid": "5589", "rank": "10", "page": "1", "url": "http://www.gutenberg.org/files/28133/28133-h/28133-h.htm#Page_139", "windowLocation": "http://localhost:7001/result?query=ducks&page=1"}
{"type": "cursorEnteredSnippet", "timestamp": "2026-02-25T10:41:58.866Z", "sessionID": "46374f60-dd9c-4ad9-9a0a-55915fcc7b54", "query": "ducks", "docid": "2938", "rank": "1", "page": "1"}
{"type": "cursorLeftSnippet", "timestamp": "2026-02-25T10:41:58.911Z", "sessionID": "46374f60-dd9c-4ad9-9a0a-55915fcc7b54", "query": "ducks", "docid": "2938", "rank": "1", "page": "1"}
{"type": "cursorEnteredSnippet", "timestamp": "2026-02-25T10:41:58.912Z", "sessionID": "46374f60-dd9c-4ad9-9a0a-55915fcc7b54", "query": "ducks", "docid": "5607", "rank": "2", "page": "1"}
{"type": "cursorLeftSnippet", "timestamp": "2026-02-25T10:41:58.949Z", "sessionID": "46374f60-dd9c-4ad9-9a0a-55915fcc7b54", "query": "ducks", "docid": "5607", "rank": "2", "page": "1"}
{"type": "cursorEnteredSnippet", "timestamp": "2026-02-25T10:41:58.950Z", "sessionID": "46374f60-dd9c-4ad9-9a0a-55915fcc7b54", "query": "ducks", "docid": "5292", "rank": "3", "page": "1"}
{"type": "clickedResult", "timestamp": "2026-02-25T10:42:00.274Z", "sessionID": "46374f60-dd9c-4ad9-9a0a-55915fcc7b54", "query": "ducks", "rank": "3", "page": "1", "url": "http://www.gutenberg.org/files/40756/40756-h/40756-h.htm#Page_135", "searchAppLocation": "http://www.gutenberg.org/files/40756/40756-h/40756-h.htm#Page_135"}
{"type": "cursorLeftSnippet", "timestamp": "2026-02-25T10:42:00.473Z", "sessionID": "46374f60-dd9c-4ad9-9a0a-55915fcc7b54", "query": "ducks", "docid": "5292", "rank": "3", "page": "1"}
{"type": "searchResultGenerated", "timestamp": "2026-02-25T10:42:02.386Z", "sessionID": "46374f60-dd9c-4ad9-9a0a-55915fcc7b54", "query": "ducks", "docid": "2938", "rank": "1", "page": "1", "url": "https://www.africanstorybook.org/#", "windowLocation": "http://localhost:7001/result?query=ducks&page=1"}
{"type": "searchResultGenerated", "timestamp": "2026-02-25T10:42:02.386Z", "sessionID": "46374f60-dd9c-4ad9-9a0a-55915fcc7b54", "query": "ducks", "docid": "5607", "rank": "2", "page": "1", "url": "http://www.gutenberg.org/files/15170/15170-h/15170-h.htm#mirror", "windowLocation": "http://localhost:7001/result?query=ducks&page=1"}
{"type": "searchResultGenerated", "timestamp": "2026-02-25T10:42:02.386Z", "sessionID": "46374f60-dd9c-4ad9-9a0a-55915fcc7b54", "query": "ducks", "docid": "5292", "rank": "3", "page": "1", "url": "http://www.gutenberg.org/files/40756/40756-h/40756-h.htm#Page_135", "windowLocation": "http://localhost:7001/result?query=ducks&page=1"}
{"type": "searchResultGenerated", "timestamp": "2026-02-25T10:42:02.387Z", "sessionID": "46374f60-dd9c-4ad9-9a0a-55915fcc7b54", "query": "ducks", "docid": "5499", "rank": "4", "page": "1", "url": "http://www.gutenberg.org/files/28130/28130-h/28130-h.htm#Page_57", "windowLocation": "http://localhost:7001/result?query=ducks&page=1"}
{"type": "searchResultGenerated", "timestamp": "2026-02-25T10:42:02.387Z", "sessionID": "46374f60-dd9c-4ad9-9a0a-55915fcc7b54", "query": "ducks", "docid": "5642", "rank": "5", "page": "1", "url": "http://www.gutenberg.org/files/16522/16522-h/16522-h.htm#ELSIES_DUCKS", "windowLocation": "http://localhost:7001/result?query=ducks&page=1"}
{"type": "searchResultGenerated", "timestamp": "2026-02-25T10:42:02.387Z", "sessionID": "46374f60-dd9c-4ad9-9a0a-55915fcc7b54", "query": "ducks", "docid": "4817", "rank": "6", "page": "1", "url": "http://www.gutenberg.org/files/902/902-h/902-h.htm", "windowLocation": "http://localhost:7001/result?query=ducks&page=1"}
{"type": "searchResultGenerated", "timestamp": "2026-02-25T10:42:02.388Z", "sessionID": "46374f60-dd9c-4ad9-9a0a-55915fcc7b54", "query": "ducks", "docid": "4970", "rank": "7", "page": "1", "url": "http://www.gutenberg.org/files/8950/8950-h/8950-h.htm", "windowLocation": "http://localhost:7001/result?query=ducks&page=1"}
{"type": "searchResultGenerated", "timestamp": "2026-02-25T10:42:02.388Z", "sessionID": "46374f60-dd9c-4ad9-9a0a-55915fcc7b54", "query": "ducks", "docid": "6202", "rank": "8", "page": "1", "url": "http://www.gutenberg.org/files/16891/16891-h/16891-h.htm", "windowLocation": "http://localhost:7001/result?query=ducks&page=1"}
{"type": "searchResultGenerated", "timestamp": "2026-02-25T10:42:02.388Z", "sessionID": "46374f60-dd9c-4ad9-9a0a-55915fcc7b54", "query": "ducks", "docid": "5714", "rank": "9", "page": "1", "url": "http://www.gutenberg.org/files/24940/24940-h/24940-h.htm#Page_69", "windowLocation": "http://localhost:7001/result?query=ducks&page=1"}
{"type": "searchResultGenerated", "timestamp": "2026-02-25T10:42:02.389Z", "sessionID": "46374f60-dd9c-4ad9-9a0a-55915fcc7b54", "query": "ducks", "docid": "5589", "rank": "10", "page": "1", "url": "http://www.gutenberg.org/files/28133/28133-h/28133-h.htm#Page_139", "windowLocation": "http://localhost:7001/result?query=ducks&page=1"}
{"type": "cursorEnteredSnippet", "timestamp": "2026-02-25T10:42:02.465Z", "sessionID": "46374f60-dd9c-4ad9-9a0a-55915fcc7b54", "query": "ducks", "docid": "2938", "rank": "1", "page": "1"}
{"type": "cursorLeftSnippet", "timestamp": "2026-02-25T10:42:02.532Z", "sessionID": "46374f60-dd9c-4ad9-9a0a-55915fcc7b54", "query": "ducks", "docid": "2938", "rank": "1", "page": "1"}
{"type": "cursorEnteredSnippet", "timestamp": "2026-02-25T10:42:02.555Z", "sessionID": "46374f60-dd9c-4ad9-9a0a-55915fcc7b54", "query": "ducks", "docid": "5607", "rank": "2", "page": "1"}
{"type": "cursorLeftSnippet", "timestamp": "2026-02-25T10:42:03.016Z", "sessionID": "46374f60-dd9c-4ad9-9a0a-55915fcc7b54", "query": "ducks", "docid": "5607", "rank": "2", "page": "1"}
{"type": "cursorEnteredSnippet", "timestamp": "2026-02-25T10:42:03.032Z", "sessionID": "46374f60-dd9c-4ad9-9a0a-55915fcc7b54", "query": "ducks", "docid": "2938", "rank": "1", "page": "1"}
{"type": "cursorLeftSnippet", "timestamp": "2026-02-25T10:42:03.116Z", "sessionID": "46374f60-dd9c-4ad9-9a0a-55915fcc7b54", "query": "ducks", "docid": "2938", "rank": "1", "page": "1"}
{"type": "queryBoxFocused", "timestamp": "2026-02-25T10:42:04.029Z", "sessionID": "46374f60-dd9c-4ad9-9a0a-55915fcc7b54"}
{"type": "querySubmitted", "timestamp": "2026-02-25T10:42:05.506Z", "sessionID": "46374f60-dd9c-4ad9-9a0a-55915fcc7b54", "query": "boats"}
{"type": "searchResultGenerated", "timestamp": "2026-02-25T10:42:05.888Z", "sessionID": "46374f60-dd9c-4ad9-9a0a-55915fcc7b54", "query": "boats", "docid": "7248", "rank": "1", "page": "1", "url": "http://www.gutenberg.org/files/8504/8504-h/8504-h.htm#5", "windowLocation": "http://localhost:7001/result?query=boats&page=1"}
{"type": "searchResultGenerated", "timestamp": "2026-02-25T10:42:05.889Z", "sessionID": "46374f60-dd9c-4ad9-9a0a-55915fcc7b54", "query": "boats", "docid": "1102", "rank": "2", "page": "1", "url": "http://www.gutenberg.org/files/22168/22168-h/22168-h.htm#h2H_4_0007", "windowLocation": "http://localhost:7001/result?query=boats&page=1"}
{"type": "searchResultGenerated", "timestamp": "2026-02-25T10:42:05.889Z", "sessionID": "46374f60-dd9c-4ad9-9a0a-55915fcc7b54", "query": "boats", "docid": "5775", "rank": "3", "page": "1", "url": "http://www.gutenberg.org/files/24477/24477-h/24477-h.htm#Page_110", "windowLocation": "http://localhost:7001/result?query=boats&page=1"}
{"type": "searchResultGenerated", "timestamp": "2026-02-25T10:42:05.889Z", "sessionID": "46374f60-dd9c-4ad9-9a0a-55915fcc7b54", "query": "boats", "docid": "5855", "rank": "4", "page": "1", "url": "http://www.online-literature.com/wilkie-collins/rambles-beyond-railways/0/", "windowLocation": "http://localhost:7001/result?query=boats&page=1"}
{"type": "searchResultGenerated", "timestamp": "2026-02-25T10:42:05.889Z", "sessionID": "46374f60-dd9c-4ad9-9a0a-55915fcc7b54", "query": "boats", "docid": "3758", "rank": "5", "page": "1", "url": "http://www.gutenberg.org/files/38750/38750-h/38750-h.htm#Page_290", "windowLocation": "http://localhost:7001/result?query=boats&page=1"}
{"type": "searchResultGenerated", "timestamp": "2026-02-25T10:42:05.890Z", "sessionID": "46374f60-dd9c-4ad9-9a0a-55915fcc7b54", "query": "boats", "docid": "5524", "rank": "6", "page": "1", "url": "http://www.gutenberg.org/files/28130/28130-h/28130-h.htm#Page_47", "windowLocation": "http://localhost:7001/result?query=boats&page=1"}
{"type": "searchResultGenerated", "timestamp": "2026-02-25T10:42:05.890Z", "sessionID": "46374f60-dd9c-4ad9-9a0a-55915fcc7b54", "query": "boats", "docid": "3809", "rank": "7", "page": "1", "url": "http://www.gutenberg.org/files/2591/2591-h/2591-h.htm", "windowLocation": "http://localhost:7001/result?query=boats&page=1"}
{"type": "searchResultGenerated", "timestamp": "2026-02-25T10:42:05.891Z", "sessionID": "46374f60-dd9c-4ad9-9a0a-55915fcc7b54", "query": "boats", "docid": "6588", "rank": "8", "page": "1", "url": "http://www.gutenberg.org/files/13577/13577-h/13577-h.htm", "windowLocation": "http://localhost:7001/result?query=boats&page=1"}
{"type": "searchResultGenerated", "timestamp": "2026-02-25T10:42:05.891Z", "sessionID": "46374f60-dd9c-4ad9-9a0a-55915fcc7b54", "query": "boats", "docid": "7051", "rank": "9", "page": "1", "url": "http://www.gutenberg.org/files/20117/20117-h/20117-h.htm#A_COAT_OF_PAINT", "windowLocation": "http://localhost:7001/result?query=boats&page=1"}
{"type": "searchResultGenerated", "timestamp": "2026-02-25T10:42:05.891Z", "sessionID": "46374f60-dd9c-4ad9-9a0a-55915fcc7b54", "query": "boats", "docid": "1201", "rank": "10", "page": "1", "url": "http://www.gutenberg.org/files/21137/21137-h/21137-h.htm", "windowLocation": "http://localhost:7001/result?query=boats&page=1"}
{"type": "cursorEnteredSnippet", "timestamp": "2026-02-25T10:42:07.932Z", "sessionID": "46374f60-dd9c-4ad9-9a0a-55915fcc7b54", "query": "boats", "docid": "7248", "rank": "1", "page": "1"}
{"type": "cursorLeftSnippet", "timestamp": "2026-02-25T10:42:08.032Z", "sessionID": "46374f60-dd9c-4ad9-9a0a-55915fcc7b54", "query": "boats", "docid": "7248", "rank": "1", "page": "1"}
{"type": "cursorEnteredSnippet", "timestamp": "2026-02-25T10:42:08.048Z", "sessionID": "46374f60-dd9c-4ad9-9a0a-55915fcc7b54", "query": "boats", "docid": "1102", "rank": "2", "page": "1"}
{"type": "cursorLeftSnippet", "timestamp": "2026-02-25T10:42:08.431Z", "sessionID": "46374f60-dd9c-4ad9-9a0a-55915fcc7b54", "query": "boats", "docid": "1102", "rank": "2", "page": "1"}
{"type": "cursorEnteredSnippet", "timestamp": "2026-02-25T10:42:08.449Z", "sessionID": "46374f60-dd9c-4ad9-9a0a-55915fcc7b54", "query": "boats", "docid": "7248", "rank": "1", "page": "1"}
{"type": "cursorLeftSnippet", "timestamp": "2026-02-25T10:42:08.482Z", "sessionID": "46374f60-dd9c-4ad9-9a0a-55915fcc7b54", "query": "boats", "docid": "7248", "rank": "1", "page": "1"}
{"type": "searchResultGenerated", "timestamp": "2026-02-25T10:42:09.663Z", "sessionID": "46374f60-dd9c-4ad9-9a0a-55915fcc7b54", "query": "ducks", "docid": "2938", "rank": "1", "page": "1", "url": "https://www.africanstorybook.org/#", "windowLocation": "http://localhost:7001/result?query=ducks&page=1"}
{"type": "searchResultGenerated", "timestamp": "2026-02-25T10:42:09.664Z", "sessionID": "46374f60-dd9c-4ad9-9a0a-55915fcc7b54", "query": "ducks", "docid": "5607", "rank": "2", "page": "1", "url": "http://www.gutenberg.org/files/15170/15170-h/15170-h.htm#mirror", "windowLocation": "http://localhost:7001/result?query=ducks&page=1"}
{"type": "searchResultGenerated", "timestamp": "2026-02-25T10:42:09.664Z", "sessionID": "46374f60-dd9c-4ad9-9a0a-55915fcc7b54", "query": "ducks", "docid": "5292", "rank": "3", "page": "1", "url": "http://www.gutenberg.org/files/40756/40756-h/40756-h.htm#Page_135", "windowLocation": "http://localhost:7001/result?query=ducks&page=1"}
{"type": "searchResultGenerated", "timestamp": "2026-02-25T10:42:09.665Z", "sessionID": "46374f60-dd9c-4ad9-9a0a-55915fcc7b54", "query": "ducks", "docid": "5499", "rank": "4", "page": "1", "url": "http://www.gutenberg.org/files/28130/28130-h/28130-h.htm#Page_57", "windowLocation": "http://localhost:7001/result?query=ducks&page=1"}
{"type": "searchResultGenerated", "timestamp": "2026-02-25T10:42:09.666Z", "sessionID": "46374f60-dd9c-4ad9-9a0a-55915fcc7b54", "query": "ducks", "docid": "5642", "rank": "5", "page": "1", "url": "http://www.gutenberg.org/files/16522/16522-h/16522-h.htm#ELSIES_DUCKS", "windowLocation": "http://localhost:7001/result?query=ducks&page=1"}
{"type": "searchResultGenerated", "timestamp": "2026-02-25T10:42:09.667Z", "sessionID": "46374f60-dd9c-4ad9-9a0a-55915fcc7b54", "query": "ducks", "docid": "4817", "rank": "6", "page": "1", "url": "http://www.gutenberg.org/files/902/902-h/902-h.htm", "windowLocation": "http://localhost:7001/result?query=ducks&page=1"}
{"type": "searchResultGenerated", "timestamp": "2026-02-25T10:42:09.667Z", "sessionID": "46374f60-dd9c-4ad9-9a0a-55915fcc7b54", "query": "ducks", "docid": "4970", "rank": "7", "page": "1", "url": "http://www.gutenberg.org/files/8950/8950-h/8950-h.htm", "windowLocation": "http://localhost:7001/result?query=ducks&page=1"}
{"type": "searchResultGenerated", "timestamp": "2026-02-25T10:42:09.668Z", "sessionID": "46374f60-dd9c-4ad9-9a0a-55915fcc7b54", "query": "ducks", "docid": "6202", "rank": "8", "page": "1", "url": "http://www.gutenberg.org/files/16891/16891-h/16891-h.htm", "windowLocation": "http://localhost:7001/result?query=ducks&page=1"}
{"type": "searchResultGenerated", "timestamp": "2026-02-25T10:42:09.668Z", "sessionID": "46374f60-dd9c-4ad9-9a0a-55915fcc7b54", "query": "ducks", "docid": "5714", "rank": "9", "page": "1", "url": "http://www.gutenberg.org/files/24940/24940-h/24940-h.htm#Page_69", "windowLocation": "http://localhost:7001/result?query=ducks&page=1"}
{"type": "searchResultGenerated", "timestamp": "2026-02-25T10:42:09.669Z", "sessionID": "46374f60-dd9c-4ad9-9a0a-55915fcc7b54", "query": "ducks", "docid": "5589", "rank": "10", "page": "1", "url": "http://www.gutenberg.org/files/28133/28133-h/28133-h.htm#Page_139", "windowLocation": "http://localhost:7001/result?query=ducks&page=1"}
{"type": "cursorEnteredSnippet", "timestamp": "2026-02-25T10:42:11.315Z", "sessionID": "46374f60-dd9c-4ad9-9a0a-55915fcc7b54", "query": "ducks", "docid": "2938", "rank": "1", "page": "1"}
{"type": "cursorLeftSnippet", "timestamp": "2026-02-25T10:42:11.332Z", "sessionID": "46374f60-dd9c-4ad9-9a0a-55915fcc7b54", "query": "ducks", "docid": "2938", "rank": "1", "page": "1"}
{"type": "cursorEnteredSnippet", "timestamp": "2026-02-25T10:42:11.333Z", "sessionID": "46374f60-dd9c-4ad9-9a0a-55915fcc7b54", "query": "ducks", "docid": "5607", "rank": "2", "page": "1"}
{"type": "cursorLeftSnippet", "timestamp": "2026-02-25T10:42:11.399Z", "sessionID": "46374f60-dd9c-4ad9-9a0a-55915fcc7b54", "query": "ducks", "docid": "5607", "rank": "2", "page": "1"}
{"type": "cursorEnteredSnippet", "timestamp": "2026-02-25T10:42:11.399Z", "sessionID": "46374f60-dd9c-4ad9-9a0a-55915fcc7b54", "query": "ducks", "docid": "5292", "rank": "3", "page": "1"}
{"type": "cursorLeftSnippet", "timestamp": "2026-02-25T10:42:11.932Z", "sessionID": "46374f60-dd9c-4ad9-9a0a-55915fcc7b54", "query": "ducks", "docid": "5292", "rank": "3", "page": "1"}
{"type": "cursorEnteredSnippet", "timestamp": "2026-02-25T10:42:11.933Z", "sessionID": "46374f60-dd9c-4ad9-9a0a-55915fcc7b54", "query": "ducks", "docid": "5642", "rank": "5", "page": "1"}
{"type": "cursorLeftSnippet", "timestamp": "2026-02-25T10:42:12.555Z", "sessionID": "46374f60-dd9c-4ad9-9a0a-55915fcc7b54", "query": "ducks", "docid": "5642", "rank": "5", "page": "1"}
{"type": "cursorEnteredSnippet", "timestamp": "2026-02-25T10:42:12.556Z", "sessionID": "46374f60-dd9c-4ad9-9a0a-55915fcc7b54", "query": "ducks", "docid": "6202", "rank": "8", "page": "1"}
{"type": "cursorLeftSnippet", "timestamp": "2026-02-25T10:42:12.807Z", "sessionID": "46374f60-dd9c-4ad9-9a0a-55915fcc7b54", "query": "ducks", "docid": "6202", "rank": "8", "page": "1"}
{"type": "cursorEnteredSnippet", "timestamp": "2026-02-25T10:42:12.848Z", "sessionID": "46374f60-dd9c-4ad9-9a0a-55915fcc7b54", "query": "ducks", "docid": "5714", "rank": "9", "page": "1"}
{"type": "cursorLeftSnippet", "timestamp": "2026-02-25T10:42:12.915Z", "sessionID": "46374f60-dd9c-4ad9-9a0a-55915fcc7b54", "query": "ducks", "docid": "5714", "rank": "9", "page": "1"}
{"type": "cursorEnteredSnippet", "timestamp": "2026-02-25T10:42:12.916Z", "sessionID": "46374f60-dd9c-4ad9-9a0a-55915fcc7b54", "query": "ducks", "docid": "5589", "rank": "10", "page": "1"}
{"type": "cursorLeftSnippet", "timestamp": "2026-02-25T10:42:12.965Z", "sessionID": "46374f60-dd9c-4ad9-9a0a-55915fcc7b54", "query": "ducks", "docid": "5589", "rank": "10", "page": "1"}
{"type": "pageNavigationClicked", "timestamp": "2026-02-25T10:42:13.524Z", "sessionID": "46374f60-dd9c-4ad9-9a0a-55915fcc7b54", "clicked": "Next \u00bb", "fromPage": 1, "toPage": 2}
{"type": "searchResultGenerated", "timestamp": "2026-02-25T10:42:13.963Z", "sessionID": "46374f60-dd9c-4ad9-9a0a-55915fcc7b54", "query": "ducks", "docid": "5656", "rank": "1", "page": "2", "url": "http://www.gutenberg.org/files/19821/19821-h/19821-h.htm#keeper", "windowLocation": "http://localhost:7001/result?query=ducks&page=2"}
{"type": "searchResultGenerated", "timestamp": "2026-02-25T10:42:13.964Z", "sessionID": "46374f60-dd9c-4ad9-9a0a-55915fcc7b54", "query": "ducks", "docid": "5565", "rank": "2", "page": "2", "url": "http://www.gutenberg.org/files/28131/28131-h/28131-h.htm#Page_94", "windowLocation": "http://localhost:7001/result?query=ducks&page=2"}
{"type": "searchResultGenerated", "timestamp": "2026-02-25T10:42:13.964Z", "sessionID": "46374f60-dd9c-4ad9-9a0a-55915fcc7b54", "query": "ducks", "docid": "7020", "rank": "3", "page": "2", "url": "http://www.gutenberg.org/files/25359/25359-h/25359-h.htm#Page_204", "windowLocation": "http://localhost:7001/result?query=ducks&page=2"}
{"type": "searchResultGenerated", "timestamp": "2026-02-25T10:42:13.965Z", "sessionID": "46374f60-dd9c-4ad9-9a0a-55915fcc7b54", "query": "ducks", "docid": "5298", "rank": "4", "page": "2", "url": "http://www.gutenberg.org/files/42156/42156-h/42156-h.htm#Page_197", "windowLocation": "http://localhost:7001/result?query=ducks&page=2"}
{"type": "searchResultGenerated", "timestamp": "2026-02-25T10:42:13.965Z", "sessionID": "46374f60-dd9c-4ad9-9a0a-55915fcc7b54", "query": "ducks", "docid": "3810", "rank": "5", "page": "2", "url": "http://www.gutenberg.org/files/2591/2591-h/2591-h.htm", "windowLocation": "http://localhost:7001/result?query=ducks&page=2"}
{"type": "searchResultGenerated", "timestamp": "2026-02-25T10:42:13.966Z", "sessionID": "46374f60-dd9c-4ad9-9a0a-55915fcc7b54", "query": "ducks", "docid": "5511", "rank": "6", "page": "2", "url": "http://www.gutenberg.org/files/28138/28138-h/28138-h.htm#Page_100", "windowLocation": "http://localhost:7001/result?query=ducks&page=2"}
{"type": "searchResultGenerated", "timestamp": "2026-02-25T10:42:13.966Z", "sessionID": "46374f60-dd9c-4ad9-9a0a-55915fcc7b54", "query": "ducks", "docid": "6117", "rank": "7", "page": "2", "url": "https://www.commonlit.org/texts/excerpt-from-the-adventures-of-huckleberry-finn", "windowLocation": "http://localhost:7001/result?query=ducks&page=2"}
{"type": "searchResultGenerated", "timestamp": "2026-02-25T10:42:13.966Z", "sessionID": "46374f60-dd9c-4ad9-9a0a-55915fcc7b54", "query": "ducks", "docid": "6549", "rank": "8", "page": "2", "url": "http://www.gutenberg.org/cache/epub/18606/pg18606-images.html", "windowLocation": "http://localhost:7001/result?query=ducks&page=2"}
{"type": "searchResultGenerated", "timestamp": "2026-02-25T10:42:13.967Z", "sessionID": "46374f60-dd9c-4ad9-9a0a-55915fcc7b54", "query": "ducks", "docid": "5405", "rank": "9", "page": "2", "url": "http://www.gutenberg.org/files/14493/14493-h/14493-h.htm#A_DAY_ON_GRANDPAS_FARM", "windowLocation": "http://localhost:7001/result?query=ducks&page=2"}
{"type": "searchResultGenerated", "timestamp": "2026-02-25T10:42:13.967Z", "sessionID": "46374f60-dd9c-4ad9-9a0a-55915fcc7b54", "query": "ducks", "docid": "5638", "rank": "10", "page": "2", "url": "http://www.gutenberg.org/files/16524/16524-h/16524-h.htm#CAPTAIN_BOB", "windowLocation": "http://localhost:7001/result?query=ducks&page=2"}
{"type": "cursorEnteredSnippet", "timestamp": "2026-02-25T10:42:14.482Z", "sessionID": "46374f60-dd9c-4ad9-9a0a-55915fcc7b54", "query": "ducks", "docid": "3810", "rank": "5", "page": "2"}
{"type": "cursorLeftSnippet", "timestamp": "2026-02-25T10:42:14.498Z", "sessionID": "46374f60-dd9c-4ad9-9a0a-55915fcc7b54", "query": "ducks", "docid": "3810", "rank": "5", "page": "2"}
{"type": "cursorEnteredSnippet", "timestamp": "2026-02-25T10:42:14.531Z", "sessionID": "46374f60-dd9c-4ad9-9a0a-55915fcc7b54", "query": "ducks", "docid": "5298", "rank": "4", "page": "2"}
{"type": "cursorLeftSnippet", "timestamp": "2026-02-25T10:42:14.699Z", "sessionID": "46374f60-dd9c-4ad9-9a0a-55915fcc7b54", "query": "ducks", "docid": "5298", "rank": "4", "page": "2"}
{"type": "cursorEnteredSnippet", "timestamp": "2026-02-25T10:42:14.715Z", "sessionID": "46374f60-dd9c-4ad9-9a0a-55915fcc7b54", "query": "ducks", "docid": "7020", "rank": "3", "page": "2"}
{"type": "cursorLeftSnippet", "timestamp": "2026-02-25T10:42:14.866Z", "sessionID": "46374f60-dd9c-4ad9-9a0a-55915fcc7b54", "query": "ducks", "docid": "7020", "rank": "3", "page": "2"}
{"type": "cursorEnteredSnippet", "timestamp": "2026-02-25T10:42:14.885Z", "sessionID": "46374f60-dd9c-4ad9-9a0a-55915fcc7b54", "query": "ducks", "docid": "5565", "rank": "2", "page": "2"}
{"type": "cursorLeftSnippet", "timestamp": "2026-02-25T10:42:14.898Z", "sessionID": "46374f60-dd9c-4ad9-9a0a-55915fcc7b54", "query": "ducks", "docid": "5565", "rank": "2", "page": "2"}
{"type": "searchResultGenerated", "timestamp": "2026-02-25T10:42:16.556Z", "sessionID": "46374f60-dd9c-4ad9-9a0a-55915fcc7b54", "query": "ducks", "docid": "2938", "rank": "1", "page": "1", "url": "https://www.africanstorybook.org/#", "windowLocation": "http://localhost:7001/result?query=ducks&page=1"}
{"type": "searchResultGenerated", "timestamp": "2026-02-25T10:42:16.557Z", "sessionID": "46374f60-dd9c-4ad9-9a0a-55915fcc7b54", "query": "ducks", "docid": "5607", "rank": "2", "page": "1", "url": "http://www.gutenberg.org/files/15170/15170-h/15170-h.htm#mirror", "windowLocation": "http://localhost:7001/result?query=ducks&page=1"}
{"type": "searchResultGenerated", "timestamp": "2026-02-25T10:42:16.558Z", "sessionID": "46374f60-dd9c-4ad9-9a0a-55915fcc7b54", "query": "ducks", "docid": "5292", "rank": "3", "page": "1", "url": "http://www.gutenberg.org/files/40756/40756-h/40756-h.htm#Page_135", "windowLocation": "http://localhost:7001/result?query=ducks&page=1"}
{"type": "searchResultGenerated", "timestamp": "2026-02-25T10:42:16.558Z", "sessionID": "46374f60-dd9c-4ad9-9a0a-55915fcc7b54", "query": "ducks", "docid": "5499", "rank": "4", "page": "1", "url": "http://www.gutenberg.org/files/28130/28130-h/28130-h.htm#Page_57", "windowLocation": "http://localhost:7001/result?query=ducks&page=1"}
{"type": "searchResultGenerated", "timestamp": "2026-02-25T10:42:16.559Z", "sessionID": "46374f60-dd9c-4ad9-9a0a-55915fcc7b54", "query": "ducks", "docid": "5642", "rank": "5", "page": "1", "url": "http://www.gutenberg.org/files/16522/16522-h/16522-h.htm#ELSIES_DUCKS", "windowLocation": "http://localhost:7001/result?query=ducks&page=1"}
{"type": "searchResultGenerated", "timestamp": "2026-02-25T10:42:16.560Z", "sessionID": "46374f60-dd9c-4ad9-9a0a-55915fcc7b54", "query": "ducks", "docid": "4817", "rank": "6", "page": "1", "url": "http://www.gutenberg.org/files/902/902-h/902-h.htm", "windowLocation": "http://localhost:7001/result?query=ducks&page=1"}
{"type": "searchResultGenerated", "timestamp": "2026-02-25T10:42:16.561Z", "sessionID": "46374f60-dd9c-4ad9-9a0a-55915fcc7b54", "query": "ducks", "docid": "4970", "rank": "7", "page": "1", "url": "http://www.gutenberg.org/files/8950/8950-h/8950-h.htm", "windowLocation": "http://localhost:7001/result?query=ducks&page=1"}
{"type": "searchResultGenerated", "timestamp": "2026-02-25T10:42:16.561Z", "sessionID": "46374f60-dd9c-4ad9-9a0a-55915fcc7b54", "query": "ducks", "docid": "6202", "rank": "8", "page": "1", "url": "http://www.gutenberg.org/files/16891/16891-h/16891-h.htm", "windowLocation": "http://localhost:7001/result?query=ducks&page=1"}
{"type": "searchResultGenerated", "timestamp": "2026-02-25T10:42:16.563Z", "sessionID": "46374f60-dd9c-4ad9-9a0a-55915fcc7b54", "query": "ducks", "docid": "5714", "rank": "9", "page": "1", "url": "http://www.gutenberg.org/files/24940/24940-h/24940-h.htm#Page_69", "windowLocation": "http://localhost:7001/result?query=ducks&page=1"}
{"type": "searchResultGenerated", "timestamp": "2026-02-25T10:42:16.563Z", "sessionID": "46374f60-dd9c-4ad9-9a0a-55915fcc7b54", "query": "ducks", "docid": "5589", "rank": "10", "page": "1", "url": "http://www.gutenberg.org/files/28133/28133-h/28133-h.htm#Page_139", "windowLocation": "http://localhost:7001/result?query=ducks&page=1"}
{"type": "cursorEnteredSnippet", "timestamp": "2026-02-25T10:42:17.332Z", "sessionID": "46374f60-dd9c-4ad9-9a0a-55915fcc7b54", "query": "ducks", "docid": "4970", "rank": "7", "page": "1"}
{"type": "cursorLeftSnippet", "timestamp": "2026-02-25T10:42:17.365Z", "sessionID": "46374f60-dd9c-4ad9-9a0a-55915fcc7b54", "query": "ducks", "docid": "4970", "rank": "7", "page": "1"}
{"type": "cursorEnteredSnippet", "timestamp": "2026-02-25T10:42:17.365Z", "sessionID": "46374f60-dd9c-4ad9-9a0a-55915fcc7b54", "query": "ducks", "docid": "6202", "rank": "8", "page": "1"}
{"type": "cursorLeftSnippet", "timestamp": "2026-02-25T10:42:17.415Z", "sessionID": "46374f60-dd9c-4ad9-9a0a-55915fcc7b54", "query": "ducks", "docid": "6202", "rank": "8", "page": "1"}
{"type": "cursorEnteredSnippet", "timestamp": "2026-02-25T10:42:17.415Z", "sessionID": "46374f60-dd9c-4ad9-9a0a-55915fcc7b54", "query": "ducks", "docid": "5714", "rank": "9", "page": "1"}
{"type": "cursorLeftSnippet", "timestamp": "2026-02-25T10:42:17.483Z", "sessionID": "46374f60-dd9c-4ad9-9a0a-55915fcc7b54", "query": "ducks", "docid": "5714", "rank": "9", "page": "1"}
{"type": "cursorEnteredSnippet", "timestamp": "2026-02-25T10:42:17.498Z", "sessionID": "46374f60-dd9c-4ad9-9a0a-55915fcc7b54", "query": "ducks", "docid": "5589", "rank": "10", "page": "1"}
{"type": "cursorLeftSnippet", "timestamp": "2026-02-25T10:42:18.098Z", "sessionID": "46374f60-dd9c-4ad9-9a0a-55915fcc7b54", "query": "ducks", "docid": "5589", "rank": "10", "page": "1"}
{"type": "cursorEnteredSnippet", "timestamp": "2026-02-25T10:42:18.131Z", "sessionID": "46374f60-dd9c-4ad9-9a0a-55915fcc7b54", "query": "ducks", "docid": "5714", "rank": "9", "page": "1"}
{"type": "cursorLeftSnippet", "timestamp": "2026-02-25T10:42:18.214Z", "sessionID": "46374f60-dd9c-4ad9-9a0a-55915fcc7b54", "query": "ducks", "docid": "5714", "rank": "9", "page": "1"}
{"type": "cursorEnteredSnippet", "timestamp": "2026-02-25T10:42:18.215Z", "sessionID": "46374f60-dd9c-4ad9-9a0a-55915fcc7b54", "query": "ducks", "docid": "6202", "rank": "8", "page": "1"}
{"type": "cursorLeftSnippet", "timestamp": "2026-02-25T10:42:18.281Z", "sessionID": "46374f60-dd9c-4ad9-9a0a-55915fcc7b54", "query": "ducks", "docid": "6202", "rank": "8", "page": "1"}
{"type": "ClickedEndTask", "timestamp": "2026-02-25T10:42:18.931Z", "sessionID": "46374f60-dd9c-4ad9-9a0a-55915fcc7b54"}
{"type": "TaskEndConfirmed", "timestamp": "2026-02-25T10:42:19.886Z", "sessionID": "46374f60-dd9c-4ad9-9a0a-55915fcc7b54"}
