{"type": "TaskStarted", "timestamp": "2026-03-03T15:52:33.150Z", "sessionID": "ce2cdcc9-c701-4043-8430-e088d4ec7bfc"}
{"type": "idSubmitted", "timestamp": "2026-03-03T15:52:33.154Z", "sessionID": "ce2cdcc9-c701-4043-8430-e088d4ec7bfc", "uid": "Participant17"}
{"type": "queryBoxFocused", "timestamp": "2026-03-03T15:52:34.608Z", "sessionID": "ce2cdcc9-c701-4043-8430-e088d4ec7bfc"}
{"type": "querySubmitted", "timestamp": "2026-03-03T15:52:36.619Z", "sessionID": "ce2cdcc9-c701-4043-8430-e088d4ec7bfc", "query": "ducks"}
{"type": "searchResultGenerated", "timestamp": "2026-03-03T15:52:38.084Z", "sessionID": "ce2cdcc9-c701-4043-8430-e088d4ec7bfc", "query": "ducks", "docid": "2938", "rank": "1", "page": "1", "url": "https://www.africanstorybook.org/#", "windowLocation": "http://localhost:7001/result?query=ducks&page=1"}
{"type": "cursorEnteredSnippet", "timestamp": "2026-03-03T15:52:38.084Z", "sessionID": "ce2cdcc9-c701-4043-8430-e088d4ec7bfc", "query": "ducks", "docid": "2938", "rank": "1", "page": "1", "url": "https://www.africanstorybook.org/#", "windowLocation": "http://localhost:7001/result?query=ducks&page=1"}
{"type": "searchResultGenerated", "timestamp": "2026-03-03T15:52:38.250Z", "sessionID": "ce2cdcc9-c701-4043-8430-e088d4ec7bfc", "query": "ducks", "docid": "2938", "rank": "1", "page": "1", "url": "https://www.africanstorybook.org/#", "windowLocation": "http://localhost:7001/result?query=ducks&page=1"}
{"type": "cursorLeftSnippet", "timestamp": "2026-03-03T15:52:38.250Z", "sessionID": "ce2cdcc9-c701-4043-8430-e088d4ec7bfc", "query": "ducks", "docid": "2938", "rank": "1", "page": "1", "url": "https://www.africanstorybook.org/#", "windowLocation": "http://localhost:7001/result?query=ducks&page=1"}
{"type": "searchResultGenerated", "timestamp": "2026-03-03T15:52:38.350Z", "sessionID": "ce2cdcc9-c701-4043-8430-e088d4ec7bfc", "query": "ducks", "docid": "5607", "rank": "2", "page": "1", "url": "http://www.gutenberg.org/files/15170/15170-h/15170-h.htm#mirror", "windowLocation": "http://localhost:7001/result?query=ducks&page=1"}
{"type": "cursorEnteredSnippet", "timestamp": "2026-03-03T15:52:38.351Z", "sessionID": "ce2cdcc9-c701-4043-8430-e088d4ec7bfc", "query": "ducks", "docid": "5607", "rank": "2", "page": "1", "url": "http://www.gutenberg.org/files/15170/15170-h/15170-h.htm#mirror", "windowLocation": "http://localhost:7001/result?query=ducks&page=1"}
{"type": "clickedResult", "timestamp": "2026-03-03T15:52:38.658Z", "sessionID": "ce2cdcc9-c701-4043-8430-e088d4ec7bfc", "query": "ducks", "rank": "2", "page": "1", "url": "http://www.gutenberg.org/files/15170/15170-h/15170-h.htm#mirror", "windowLocation": "http://www.gutenberg.org/files/15170/15170-h/15170-h.htm#mirror"}
{"type": "searchResultGenerated", "timestamp": "2026-03-03T15:52:38.830Z", "sessionID": "ce2cdcc9-c701-4043-8430-e088d4ec7bfc", "query": "ducks", "docid": "5607", "rank": "2", "page": "1", "url": "http://www.gutenberg.org/files/15170/15170-h/15170-h.htm#mirror", "windowLocation": "http://localhost:7001/result?query=ducks&page=1"}
{"type": "cursorLeftSnippet", "timestamp": "2026-03-03T15:52:38.831Z", "sessionID": "ce2cdcc9-c701-4043-8430-e088d4ec7bfc", "query": "ducks", "docid": "5607", "rank": "2", "page": "1", "url": "http://www.gutenberg.org/files/15170/15170-h/15170-h.htm#mirror", "windowLocation": "http://localhost:7001/result?query=ducks&page=1"}
{"type": "pageNavigationClicked", "timestamp": "2026-03-03T15:52:46.377Z", "sessionID": "ce2cdcc9-c701-4043-8430-e088d4ec7bfc", "clicked": "3", "fromPage": 1, "toPage": 3}
{"type": "searchResultGenerated", "timestamp": "2026-03-03T15:52:47.680Z", "sessionID": "ce2cdcc9-c701-4043-8430-e088d4ec7bfc", "query": "ducks", "docid": "7365", "rank": "3", "page": "3", "url": "https://www.digitallibrary.io/en/books/details/1391", "windowLocation": "http://localhost:7001/result?query=ducks&page=3"}
{"type": "cursorEnteredSnippet", "timestamp": "2026-03-03T15:52:47.680Z", "sessionID": "ce2cdcc9-c701-4043-8430-e088d4ec7bfc", "query": "ducks", "docid": "7365", "rank": "3", "page": "3", "url": "https://www.digitallibrary.io/en/books/details/1391", "windowLocation": "http://localhost:7001/result?query=ducks&page=3"}
{"type": "clickedResult", "timestamp": "2026-03-03T15:52:48.856Z", "sessionID": "ce2cdcc9-c701-4043-8430-e088d4ec7bfc", "query": "ducks", "rank": "3", "page": "3", "url": "https://www.digitallibrary.io/en/books/details/1391", "windowLocation": "https://www.digitallibrary.io/en/books/details/1391"}
{"type": "searchResultGenerated", "timestamp": "2026-03-03T15:52:49.488Z", "sessionID": "ce2cdcc9-c701-4043-8430-e088d4ec7bfc", "query": "ducks", "docid": "7365", "rank": "3", "page": "3", "url": "https://www.digitallibrary.io/en/books/details/1391", "windowLocation": "http://localhost:7001/result?query=ducks&page=3"}
{"type": "cursorLeftSnippet", "timestamp": "2026-03-03T15:52:49.488Z", "sessionID": "ce2cdcc9-c701-4043-8430-e088d4ec7bfc", "query": "ducks", "docid": "7365", "rank": "3", "page": "3", "url": "https://www.digitallibrary.io/en/books/details/1391", "windowLocation": "http://localhost:7001/result?query=ducks&page=3"}
{"type": "searchResultGenerated", "timestamp": "2026-03-03T15:52:52.899Z", "sessionID": "ce2cdcc9-c701-4043-8430-e088d4ec7bfc", "query": "ducks", "docid": "2047", "rank": "2", "page": "3", "url": "https://kids.frontiersin.org/article/10.3389/frym.2020.00083", "windowLocation": "http://localhost:7001/result?query=ducks&page=3"}
{"type": "cursorEnteredSnippet", "timestamp": "2026-03-03T15:52:52.900Z", "sessionID": "ce2cdcc9-c701-4043-8430-e088d4ec7bfc", "query": "ducks", "docid": "2047", "rank": "2", "page": "3", "url": "https://kids.frontiersin.org/article/10.3389/frym.2020.00083", "windowLocation": "http://localhost:7001/result?query=ducks&page=3"}
{"type": "searchResultGenerated", "timestamp": "2026-03-03T15:52:53.966Z", "sessionID": "ce2cdcc9-c701-4043-8430-e088d4ec7bfc", "query": "ducks", "docid": "2047", "rank": "2", "page": "3", "url": "https://kids.frontiersin.org/article/10.3389/frym.2020.00083", "windowLocation": "http://localhost:7001/result?query=ducks&page=3"}
{"type": "cursorLeftSnippet", "timestamp": "2026-03-03T15:52:53.966Z", "sessionID": "ce2cdcc9-c701-4043-8430-e088d4ec7bfc", "query": "ducks", "docid": "2047", "rank": "2", "page": "3", "url": "https://kids.frontiersin.org/article/10.3389/frym.2020.00083", "windowLocation": "http://localhost:7001/result?query=ducks&page=3"}
{"type": "ClickedEndTask", "timestamp": "2026-03-03T15:52:55.156Z", "sessionID": "ce2cdcc9-c701-4043-8430-e088d4ec7bfc"}
{"type": "TaskEndConfirmed", "timestamp": "2026-03-03T15:52:56.188Z", "sessionID": "ce2cdcc9-c701-4043-8430-e088d4ec7bfc"}
