{"type": "TaskStarted", "timestamp": "2026-02-24T15:16:09.028Z", "sessionID": "fadb6c2f-587c-4dca-bf21-e35dff9c3e9c"}
{"type": "idSubmitted", "timestamp": "2026-02-24T15:16:09.030Z", "sessionID": "fadb6c2f-587c-4dca-bf21-e35dff9c3e9c", "uid": "Participant60"}
{"type": "queryBoxFocused", "timestamp": "2026-02-24T15:16:11.156Z", "sessionID": "fadb6c2f-587c-4dca-bf21-e35dff9c3e9c"}
{"type": "querySubmitted", "timestamp": "2026-02-24T15:16:12.506Z", "sessionID": "fadb6c2f-587c-4dca-bf21-e35dff9c3e9c", "query": "ducks"}
{"type": "searchResultGenerated", "timestamp": "2026-02-24T15:16:13.587Z", "sessionID": "fadb6c2f-587c-4dca-bf21-e35dff9c3e9c", "query": "ducks", "docid": "2938", "rank": "1", "page": "1", "url": "https://www.africanstorybook.org/#", "windowLocation": "http://localhost:7001/result?query=ducks&page=1", "windowHistoryState": null}
{"type": "searchResultGenerated", "timestamp": "2026-02-24T15:16:13.588Z", "sessionID": "fadb6c2f-587c-4dca-bf21-e35dff9c3e9c", "query": "ducks", "docid": "5607", "rank": "2", "page": "1", "url": "http://www.gutenberg.org/files/15170/15170-h/15170-h.htm#mirror", "windowLocation": "http://localhost:7001/result?query=ducks&page=1", "windowHistoryState": null}
{"type": "searchResultGenerated", "timestamp": "2026-02-24T15:16:13.588Z", "sessionID": "fadb6c2f-587c-4dca-bf21-e35dff9c3e9c", "query": "ducks", "docid": "5292", "rank": "3", "page": "1", "url": "http://www.gutenberg.org/files/40756/40756-h/40756-h.htm#Page_135", "windowLocation": "http://localhost:7001/result?query=ducks&page=1", "windowHistoryState": null}
{"type": "searchResultGenerated", "timestamp": "2026-02-24T15:16:13.588Z", "sessionID": "fadb6c2f-587c-4dca-bf21-e35dff9c3e9c", "query": "ducks", "docid": "5499", "rank": "4", "page": "1", "url": "http://www.gutenberg.org/files/28130/28130-h/28130-h.htm#Page_57", "windowLocation": "http://localhost:7001/result?query=ducks&page=1", "windowHistoryState": null}
{"type": "searchResultGenerated", "timestamp": "2026-02-24T15:16:13.588Z", "sessionID": "fadb6c2f-587c-4dca-bf21-e35dff9c3e9c", "query": "ducks", "docid": "5642", "rank": "5", "page": "1", "url": "http://www.gutenberg.org/files/16522/16522-h/16522-h.htm#ELSIES_DUCKS", "windowLocation": "http://localhost:7001/result?query=ducks&page=1", "windowHistoryState": null}
{"type": "searchResultGenerated", "timestamp": "2026-02-24T15:16:13.588Z", "sessionID": "fadb6c2f-587c-4dca-bf21-e35dff9c3e9c", "query": "ducks", "docid": "4817", "rank": "6", "page": "1", "url": "http://www.gutenberg.org/files/902/902-h/902-h.htm", "windowLocation": "http://localhost:7001/result?query=ducks&page=1", "windowHistoryState": null}
{"type": "searchResultGenerated", "timestamp": "2026-02-24T15:16:13.588Z", "sessionID": "fadb6c2f-587c-4dca-bf21-e35dff9c3e9c", "query": "ducks", "docid": "4970", "rank": "7", "page": "1", "url": "http://www.gutenberg.org/files/8950/8950-h/8950-h.htm", "windowLocation": "http://localhost:7001/result?query=ducks&page=1", "windowHistoryState": null}
{"type": "searchResultGenerated", "timestamp": "2026-02-24T15:16:13.588Z", "sessionID": "fadb6c2f-587c-4dca-bf21-e35dff9c3e9c", "query": "ducks", "docid": "6202", "rank": "8", "page": "1", "url": "http://www.gutenberg.org/files/16891/16891-h/16891-h.htm", "windowLocation": "http://localhost:7001/result?query=ducks&page=1", "windowHistoryState": null}
{"type": "searchResultGenerated", "timestamp": "2026-02-24T15:16:13.588Z", "sessionID": "fadb6c2f-587c-4dca-bf21-e35dff9c3e9c", "query": "ducks", "docid": "5714", "rank": "9", "page": "1", "url": "http://www.gutenberg.org/files/24940/24940-h/24940-h.htm#Page_69", "windowLocation": "http://localhost:7001/result?query=ducks&page=1", "windowHistoryState": null}
{"type": "searchResultGenerated", "timestamp": "2026-02-24T15:16:13.589Z", "sessionID": "fadb6c2f-587c-4dca-bf21-e35dff9c3e9c", "query": "ducks", "docid": "5589", "rank": "10", "page": "1", "url": "http://www.gutenberg.org/files/28133/28133-h/28133-h.htm#Page_139", "windowLocation": "http://localhost:7001/result?query=ducks&page=1", "windowHistoryState": null}
{"type": "cursorEnteredSnippet", "timestamp": "2026-02-24T15:16:14.731Z", "sessionID": "fadb6c2f-587c-4dca-bf21-e35dff9c3e9c", "query": "ducks", "docid": "5607", "rank": "2", "page": "1"}
{"type": "cursorLeftSnippet", "timestamp": "2026-02-24T15:16:15.481Z", "sessionID": "fadb6c2f-587c-4dca-bf21-e35dff9c3e9c", "query": "ducks", "docid": "5607", "rank": "2", "page": "1"}
{"type": "cursorEnteredSnippet", "timestamp": "2026-02-24T15:16:15.482Z", "sessionID": "fadb6c2f-587c-4dca-bf21-e35dff9c3e9c", "query": "ducks", "docid": "4817", "rank": "6", "page": "1"}
{"type": "cursorLeftSnippet", "timestamp": "2026-02-24T15:16:15.537Z", "sessionID": "fadb6c2f-587c-4dca-bf21-e35dff9c3e9c", "query": "ducks", "docid": "4817", "rank": "6", "page": "1"}
{"type": "cursorEnteredSnippet", "timestamp": "2026-02-24T15:16:15.538Z", "sessionID": "fadb6c2f-587c-4dca-bf21-e35dff9c3e9c", "query": "ducks", "docid": "4970", "rank": "7", "page": "1"}
{"type": "cursorLeftSnippet", "timestamp": "2026-02-24T15:16:15.783Z", "sessionID": "fadb6c2f-587c-4dca-bf21-e35dff9c3e9c", "query": "ducks", "docid": "4970", "rank": "7", "page": "1"}
{"type": "cursorEnteredSnippet", "timestamp": "2026-02-24T15:16:15.799Z", "sessionID": "fadb6c2f-587c-4dca-bf21-e35dff9c3e9c", "query": "ducks", "docid": "6202", "rank": "8", "page": "1"}
{"type": "cursorLeftSnippet", "timestamp": "2026-02-24T15:16:15.922Z", "sessionID": "fadb6c2f-587c-4dca-bf21-e35dff9c3e9c", "query": "ducks", "docid": "6202", "rank": "8", "page": "1"}
{"type": "cursorEnteredSnippet", "timestamp": "2026-02-24T15:16:15.922Z", "sessionID": "fadb6c2f-587c-4dca-bf21-e35dff9c3e9c", "query": "ducks", "docid": "5714", "rank": "9", "page": "1"}
{"type": "cursorLeftSnippet", "timestamp": "2026-02-24T15:16:16.098Z", "sessionID": "fadb6c2f-587c-4dca-bf21-e35dff9c3e9c", "query": "ducks", "docid": "5714", "rank": "9", "page": "1"}
{"type": "cursorEnteredSnippet", "timestamp": "2026-02-24T15:16:16.214Z", "sessionID": "fadb6c2f-587c-4dca-bf21-e35dff9c3e9c", "query": "ducks", "docid": "5589", "rank": "10", "page": "1"}
{"type": "clickedResult", "timestamp": "2026-02-24T15:16:16.569Z", "sessionID": "fadb6c2f-587c-4dca-bf21-e35dff9c3e9c", "query": "ducks", "rank": "10", "page": "1", "url": "http://www.gutenberg.org/files/28133/28133-h/28133-h.htm#Page_139"}
{"type": "cursorLeftSnippet", "timestamp": "2026-02-24T15:16:16.698Z", "sessionID": "fadb6c2f-587c-4dca-bf21-e35dff9c3e9c", "query": "ducks", "docid": "5589", "rank": "10", "page": "1"}
{"type": "cursorEnteredSnippet", "timestamp": "2026-02-24T15:16:16.714Z", "sessionID": "fadb6c2f-587c-4dca-bf21-e35dff9c3e9c", "query": "ducks", "docid": "5714", "rank": "9", "page": "1"}
{"type": "cursorLeftSnippet", "timestamp": "2026-02-24T15:16:16.733Z", "sessionID": "fadb6c2f-587c-4dca-bf21-e35dff9c3e9c", "query": "ducks", "docid": "5714", "rank": "9", "page": "1"}
{"type": "searchResultGenerated", "timestamp": "2026-02-24T15:16:18.828Z", "sessionID": "fadb6c2f-587c-4dca-bf21-e35dff9c3e9c", "query": "ducks", "docid": "2938", "rank": "1", "page": "1", "url": "https://www.africanstorybook.org/#", "windowLocation": "http://localhost:7001/result?query=ducks&page=1", "windowHistoryState": null}
{"type": "searchResultGenerated", "timestamp": "2026-02-24T15:16:18.828Z", "sessionID": "fadb6c2f-587c-4dca-bf21-e35dff9c3e9c", "query": "ducks", "docid": "5607", "rank": "2", "page": "1", "url": "http://www.gutenberg.org/files/15170/15170-h/15170-h.htm#mirror", "windowLocation": "http://localhost:7001/result?query=ducks&page=1", "windowHistoryState": null}
{"type": "searchResultGenerated", "timestamp": "2026-02-24T15:16:18.829Z", "sessionID": "fadb6c2f-587c-4dca-bf21-e35dff9c3e9c", "query": "ducks", "docid": "5292", "rank": "3", "page": "1", "url": "http://www.gutenberg.org/files/40756/40756-h/40756-h.htm#Page_135", "windowLocation": "http://localhost:7001/result?query=ducks&page=1", "windowHistoryState": null}
{"type": "searchResultGenerated", "timestamp": "2026-02-24T15:16:18.829Z", "sessionID": "fadb6c2f-587c-4dca-bf21-e35dff9c3e9c", "query": "ducks", "docid": "5499", "rank": "4", "page": "1", "url": "http://www.gutenberg.org/files/28130/28130-h/28130-h.htm#Page_57", "windowLocation": "http://localhost:7001/result?query=ducks&page=1", "windowHistoryState": null}
{"type": "searchResultGenerated", "timestamp": "2026-02-24T15:16:18.829Z", "sessionID": "fadb6c2f-587c-4dca-bf21-e35dff9c3e9c", "query": "ducks", "docid": "5642", "rank": "5", "page": "1", "url": "http://www.gutenberg.org/files/16522/16522-h/16522-h.htm#ELSIES_DUCKS", "windowLocation": "http://localhost:7001/result?query=ducks&page=1", "windowHistoryState": null}
{"type": "searchResultGenerated", "timestamp": "2026-02-24T15:16:18.829Z", "sessionID": "fadb6c2f-587c-4dca-bf21-e35dff9c3e9c", "query": "ducks", "docid": "4817", "rank": "6", "page": "1", "url": "http://www.gutenberg.org/files/902/902-h/902-h.htm", "windowLocation": "http://localhost:7001/result?query=ducks&page=1", "windowHistoryState": null}
{"type": "searchResultGenerated", "timestamp": "2026-02-24T15:16:18.829Z", "sessionID": "fadb6c2f-587c-4dca-bf21-e35dff9c3e9c", "query": "ducks", "docid": "4970", "rank": "7", "page": "1", "url": "http://www.gutenberg.org/files/8950/8950-h/8950-h.htm", "windowLocation": "http://localhost:7001/result?query=ducks&page=1", "windowHistoryState": null}
{"type": "searchResultGenerated", "timestamp": "2026-02-24T15:16:18.829Z", "sessionID": "fadb6c2f-587c-4dca-bf21-e35dff9c3e9c", "query": "ducks", "docid": "6202", "rank": "8", "page": "1", "url": "http://www.gutenberg.org/files/16891/16891-h/16891-h.htm", "windowLocation": "http://localhost:7001/result?query=ducks&page=1", "windowHistoryState": null}
{"type": "searchResultGenerated", "timestamp": "2026-02-24T15:16:18.830Z", "sessionID": "fadb6c2f-587c-4dca-bf21-e35dff9c3e9c", "query": "ducks", "docid": "5714", "rank": "9", "page": "1", "url": "http://www.gutenberg.org/files/24940/24940-h/24940-h.htm#Page_69", "windowLocation": "http://localhost:7001/result?query=ducks&page=1", "windowHistoryState": null}
{"type": "searchResultGenerated", "timestamp": "2026-02-24T15:16:18.830Z", "sessionID": "fadb6c2f-587c-4dca-bf21-e35dff9c3e9c", "query": "ducks", "docid": "5589", "rank": "10", "page": "1", "url": "http://www.gutenberg.org/files/28133/28133-h/28133-h.htm#Page_139", "windowLocation": "http://localhost:7001/result?query=ducks&page=1", "windowHistoryState": null}
{"type": "queryBoxFocused", "timestamp": "2026-02-24T15:16:20.059Z", "sessionID": "fadb6c2f-587c-4dca-bf21-e35dff9c3e9c"}
{"type": "querySubmitted", "timestamp": "2026-02-24T15:16:21.566Z", "sessionID": "fadb6c2f-587c-4dca-bf21-e35dff9c3e9c", "query": "boats"}
{"type": "searchResultGenerated", "timestamp": "2026-02-24T15:16:22.109Z", "sessionID": "fadb6c2f-587c-4dca-bf21-e35dff9c3e9c", "query": "boats", "docid": "7248", "rank": "1", "page": "1", "url": "http://www.gutenberg.org/files/8504/8504-h/8504-h.htm#5", "windowLocation": "http://localhost:7001/result?query=boats&page=1", "windowHistoryState": null}
{"type": "searchResultGenerated", "timestamp": "2026-02-24T15:16:22.109Z", "sessionID": "fadb6c2f-587c-4dca-bf21-e35dff9c3e9c", "query": "boats", "docid": "1102", "rank": "2", "page": "1", "url": "http://www.gutenberg.org/files/22168/22168-h/22168-h.htm#h2H_4_0007", "windowLocation": "http://localhost:7001/result?query=boats&page=1", "windowHistoryState": null}
{"type": "searchResultGenerated", "timestamp": "2026-02-24T15:16:22.110Z", "sessionID": "fadb6c2f-587c-4dca-bf21-e35dff9c3e9c", "query": "boats", "docid": "5775", "rank": "3", "page": "1", "url": "http://www.gutenberg.org/files/24477/24477-h/24477-h.htm#Page_110", "windowLocation": "http://localhost:7001/result?query=boats&page=1", "windowHistoryState": null}
{"type": "searchResultGenerated", "timestamp": "2026-02-24T15:16:22.110Z", "sessionID": "fadb6c2f-587c-4dca-bf21-e35dff9c3e9c", "query": "boats", "docid": "5855", "rank": "4", "page": "1", "url": "http://www.online-literature.com/wilkie-collins/rambles-beyond-railways/0/", "windowLocation": "http://localhost:7001/result?query=boats&page=1", "windowHistoryState": null}
{"type": "searchResultGenerated", "timestamp": "2026-02-24T15:16:22.110Z", "sessionID": "fadb6c2f-587c-4dca-bf21-e35dff9c3e9c", "query": "boats", "docid": "3758", "rank": "5", "page": "1", "url": "http://www.gutenberg.org/files/38750/38750-h/38750-h.htm#Page_290", "windowLocation": "http://localhost:7001/result?query=boats&page=1", "windowHistoryState": null}
{"type": "searchResultGenerated", "timestamp": "2026-02-24T15:16:22.111Z", "sessionID": "fadb6c2f-587c-4dca-bf21-e35dff9c3e9c", "query": "boats", "docid": "5524", "rank": "6", "page": "1", "url": "http://www.gutenberg.org/files/28130/28130-h/28130-h.htm#Page_47", "windowLocation": "http://localhost:7001/result?query=boats&page=1", "windowHistoryState": null}
{"type": "searchResultGenerated", "timestamp": "2026-02-24T15:16:22.111Z", "sessionID": "fadb6c2f-587c-4dca-bf21-e35dff9c3e9c", "query": "boats", "docid": "3809", "rank": "7", "page": "1", "url": "http://www.gutenberg.org/files/2591/2591-h/2591-h.htm", "windowLocation": "http://localhost:7001/result?query=boats&page=1", "windowHistoryState": null}
{"type": "searchResultGenerated", "timestamp": "2026-02-24T15:16:22.112Z", "sessionID": "fadb6c2f-587c-4dca-bf21-e35dff9c3e9c", "query": "boats", "docid": "6588", "rank": "8", "page": "1", "url": "http://www.gutenberg.org/files/13577/13577-h/13577-h.htm", "windowLocation": "http://localhost:7001/result?query=boats&page=1", "windowHistoryState": null}
{"type": "searchResultGenerated", "timestamp": "2026-02-24T15:16:22.112Z", "sessionID": "fadb6c2f-587c-4dca-bf21-e35dff9c3e9c", "query": "boats", "docid": "7051", "rank": "9", "page": "1", "url": "http://www.gutenberg.org/files/20117/20117-h/20117-h.htm#A_COAT_OF_PAINT", "windowLocation": "http://localhost:7001/result?query=boats&page=1", "windowHistoryState": null}
{"type": "searchResultGenerated", "timestamp": "2026-02-24T15:16:22.112Z", "sessionID": "fadb6c2f-587c-4dca-bf21-e35dff9c3e9c", "query": "boats", "docid": "1201", "rank": "10", "page": "1", "url": "http://www.gutenberg.org/files/21137/21137-h/21137-h.htm", "windowLocation": "http://localhost:7001/result?query=boats&page=1", "windowHistoryState": null}
{"type": "cursorEnteredSnippet", "timestamp": "2026-02-24T15:16:22.581Z", "sessionID": "fadb6c2f-587c-4dca-bf21-e35dff9c3e9c", "query": "boats", "docid": "7248", "rank": "1", "page": "1"}
{"type": "cursorLeftSnippet", "timestamp": "2026-02-24T15:16:22.647Z", "sessionID": "fadb6c2f-587c-4dca-bf21-e35dff9c3e9c", "query": "boats", "docid": "7248", "rank": "1", "page": "1"}
{"type": "searchResultGenerated", "timestamp": "2026-02-24T15:16:24.851Z", "sessionID": "fadb6c2f-587c-4dca-bf21-e35dff9c3e9c", "query": "ducks", "docid": "2938", "rank": "1", "page": "1", "url": "https://www.africanstorybook.org/#", "windowLocation": "http://localhost:7001/result?query=ducks&page=1", "windowHistoryState": null}
{"type": "searchResultGenerated", "timestamp": "2026-02-24T15:16:24.851Z", "sessionID": "fadb6c2f-587c-4dca-bf21-e35dff9c3e9c", "query": "ducks", "docid": "5607", "rank": "2", "page": "1", "url": "http://www.gutenberg.org/files/15170/15170-h/15170-h.htm#mirror", "windowLocation": "http://localhost:7001/result?query=ducks&page=1", "windowHistoryState": null}
{"type": "searchResultGenerated", "timestamp": "2026-02-24T15:16:24.851Z", "sessionID": "fadb6c2f-587c-4dca-bf21-e35dff9c3e9c", "query": "ducks", "docid": "5292", "rank": "3", "page": "1", "url": "http://www.gutenberg.org/files/40756/40756-h/40756-h.htm#Page_135", "windowLocation": "http://localhost:7001/result?query=ducks&page=1", "windowHistoryState": null}
{"type": "searchResultGenerated", "timestamp": "2026-02-24T15:16:24.851Z", "sessionID": "fadb6c2f-587c-4dca-bf21-e35dff9c3e9c", "query": "ducks", "docid": "5499", "rank": "4", "page": "1", "url": "http://www.gutenberg.org/files/28130/28130-h/28130-h.htm#Page_57", "windowLocation": "http://localhost:7001/result?query=ducks&page=1", "windowHistoryState": null}
{"type": "searchResultGenerated", "timestamp": "2026-02-24T15:16:24.852Z", "sessionID": "fadb6c2f-587c-4dca-bf21-e35dff9c3e9c", "query": "ducks", "docid": "5642", "rank": "5", "page": "1", "url": "http://www.gutenberg.org/files/16522/16522-h/16522-h.htm#ELSIES_DUCKS", "windowLocation": "http://localhost:7001/result?query=ducks&page=1", "windowHistoryState": null}
{"type": "searchResultGenerated", "timestamp": "2026-02-24T15:16:24.852Z", "sessionID": "fadb6c2f-587c-4dca-bf21-e35dff9c3e9c", "query": "ducks", "docid": "4817", "rank": "6", "page": "1", "url": "http://www.gutenberg.org/files/902/902-h/902-h.htm", "windowLocation": "http://localhost:7001/result?query=ducks&page=1", "windowHistoryState": null}
{"type": "searchResultGenerated", "timestamp": "2026-02-24T15:16:24.852Z", "sessionID": "fadb6c2f-587c-4dca-bf21-e35dff9c3e9c", "query": "ducks", "docid": "4970", "rank": "7", "page": "1", "url": "http://www.gutenberg.org/files/8950/8950-h/8950-h.htm", "windowLocation": "http://localhost:7001/result?query=ducks&page=1", "windowHistoryState": null}
{"type": "searchResultGenerated", "timestamp": "2026-02-24T15:16:24.852Z", "sessionID": "fadb6c2f-587c-4dca-bf21-e35dff9c3e9c", "query": "ducks", "docid": "6202", "rank": "8", "page": "1", "url": "http://www.gutenberg.org/files/16891/16891-h/16891-h.htm", "windowLocation": "http://localhost:7001/result?query=ducks&page=1", "windowHistoryState": null}
{"type": "searchResultGenerated", "timestamp": "2026-02-24T15:16:24.853Z", "sessionID": "fadb6c2f-587c-4dca-bf21-e35dff9c3e9c", "query": "ducks", "docid": "5714", "rank": "9", "page": "1", "url": "http://www.gutenberg.org/files/24940/24940-h/24940-h.htm#Page_69", "windowLocation": "http://localhost:7001/result?query=ducks&page=1", "windowHistoryState": null}
{"type": "searchResultGenerated", "timestamp": "2026-02-24T15:16:24.853Z", "sessionID": "fadb6c2f-587c-4dca-bf21-e35dff9c3e9c", "query": "ducks", "docid": "5589", "rank": "10", "page": "1", "url": "http://www.gutenberg.org/files/28133/28133-h/28133-h.htm#Page_139", "windowLocation": "http://localhost:7001/result?query=ducks&page=1", "windowHistoryState": null}
{"type": "ClickedEndTask", "timestamp": "2026-02-24T15:16:27.053Z", "sessionID": "fadb6c2f-587c-4dca-bf21-e35dff9c3e9c"}
{"type": "TaskEndConfirmed", "timestamp": "2026-02-24T15:16:27.876Z", "sessionID": "fadb6c2f-587c-4dca-bf21-e35dff9c3e9c"}
