{"type": "TaskStarted", "timestamp": "2026-02-24T12:52:58.289Z", "sessionID": "4a1a57a4-609f-4945-9d87-2e33fb6b8a85"}
{"type": "idSubmitted", "timestamp": "2026-02-24T12:52:58.291Z", "sessionID": "4a1a57a4-609f-4945-9d87-2e33fb6b8a85", "uid": "Participant14"}
{"type": "TaskStarted", "timestamp": "2026-02-24T12:53:15.160Z", "sessionID": "4a1a57a4-609f-4945-9d87-2e33fb6b8a85"}
{"type": "idSubmitted", "timestamp": "2026-02-24T12:53:15.161Z", "sessionID": "4a1a57a4-609f-4945-9d87-2e33fb6b8a85", "uid": "Participant14"}
{"type": "queryBoxFocused", "timestamp": "2026-02-24T12:53:16.717Z", "sessionID": "4a1a57a4-609f-4945-9d87-2e33fb6b8a85"}
{"type": "querySubmitted", "timestamp": "2026-02-24T12:53:26.708Z", "sessionID": "4a1a57a4-609f-4945-9d87-2e33fb6b8a85", "query": "ducks"}
{"type": "searchResultGenerated", "timestamp": "2026-02-24T12:53:27.956Z", "sessionID": "4a1a57a4-609f-4945-9d87-2e33fb6b8a85", "query": "ducks", "docid": "2938", "rank": "1", "page": "1", "url": "https://www.africanstorybook.org/#", "windowLocation": "http://localhost:7001/result?query=ducks&page=1"}
{"type": "searchResultGenerated", "timestamp": "2026-02-24T12:53:27.957Z", "sessionID": "4a1a57a4-609f-4945-9d87-2e33fb6b8a85", "query": "ducks", "docid": "5607", "rank": "2", "page": "1", "url": "http://www.gutenberg.org/files/15170/15170-h/15170-h.htm#mirror", "windowLocation": "http://localhost:7001/result?query=ducks&page=1"}
{"type": "searchResultGenerated", "timestamp": "2026-02-24T12:53:27.957Z", "sessionID": "4a1a57a4-609f-4945-9d87-2e33fb6b8a85", "query": "ducks", "docid": "5292", "rank": "3", "page": "1", "url": "http://www.gutenberg.org/files/40756/40756-h/40756-h.htm#Page_135", "windowLocation": "http://localhost:7001/result?query=ducks&page=1"}
{"type": "searchResultGenerated", "timestamp": "2026-02-24T12:53:27.957Z", "sessionID": "4a1a57a4-609f-4945-9d87-2e33fb6b8a85", "query": "ducks", "docid": "5499", "rank": "4", "page": "1", "url": "http://www.gutenberg.org/files/28130/28130-h/28130-h.htm#Page_57", "windowLocation": "http://localhost:7001/result?query=ducks&page=1"}
{"type": "searchResultGenerated", "timestamp": "2026-02-24T12:53:27.957Z", "sessionID": "4a1a57a4-609f-4945-9d87-2e33fb6b8a85", "query": "ducks", "docid": "5642", "rank": "5", "page": "1", "url": "http://www.gutenberg.org/files/16522/16522-h/16522-h.htm#ELSIES_DUCKS", "windowLocation": "http://localhost:7001/result?query=ducks&page=1"}
{"type": "searchResultGenerated", "timestamp": "2026-02-24T12:53:27.957Z", "sessionID": "4a1a57a4-609f-4945-9d87-2e33fb6b8a85", "query": "ducks", "docid": "4817", "rank": "6", "page": "1", "url": "http://www.gutenberg.org/files/902/902-h/902-h.htm", "windowLocation": "http://localhost:7001/result?query=ducks&page=1"}
{"type": "searchResultGenerated", "timestamp": "2026-02-24T12:53:27.957Z", "sessionID": "4a1a57a4-609f-4945-9d87-2e33fb6b8a85", "query": "ducks", "docid": "4970", "rank": "7", "page": "1", "url": "http://www.gutenberg.org/files/8950/8950-h/8950-h.htm", "windowLocation": "http://localhost:7001/result?query=ducks&page=1"}
{"type": "searchResultGenerated", "timestamp": "2026-02-24T12:53:27.958Z", "sessionID": "4a1a57a4-609f-4945-9d87-2e33fb6b8a85", "query": "ducks", "docid": "6202", "rank": "8", "page": "1", "url": "http://www.gutenberg.org/files/16891/16891-h/16891-h.htm", "windowLocation": "http://localhost:7001/result?query=ducks&page=1"}
{"type": "searchResultGenerated", "timestamp": "2026-02-24T12:53:27.958Z", "sessionID": "4a1a57a4-609f-4945-9d87-2e33fb6b8a85", "query": "ducks", "docid": "5714", "rank": "9", "page": "1", "url": "http://www.gutenberg.org/files/24940/24940-h/24940-h.htm#Page_69", "windowLocation": "http://localhost:7001/result?query=ducks&page=1"}
{"type": "searchResultGenerated", "timestamp": "2026-02-24T12:53:27.958Z", "sessionID": "4a1a57a4-609f-4945-9d87-2e33fb6b8a85", "query": "ducks", "docid": "5589", "rank": "10", "page": "1", "url": "http://www.gutenberg.org/files/28133/28133-h/28133-h.htm#Page_139", "windowLocation": "http://localhost:7001/result?query=ducks&page=1"}
{"type": "cursorEnteredSnippet", "timestamp": "2026-02-24T12:53:28.451Z", "sessionID": "4a1a57a4-609f-4945-9d87-2e33fb6b8a85", "query": "ducks", "docid": "2938", "rank": "1", "page": "1"}
{"type": "cursorLeftSnippet", "timestamp": "2026-02-24T12:53:28.601Z", "sessionID": "4a1a57a4-609f-4945-9d87-2e33fb6b8a85", "query": "ducks", "docid": "2938", "rank": "1", "page": "1"}
{"type": "cursorEnteredSnippet", "timestamp": "2026-02-24T12:53:28.618Z", "sessionID": "4a1a57a4-609f-4945-9d87-2e33fb6b8a85", "query": "ducks", "docid": "5607", "rank": "2", "page": "1"}
{"type": "cursorLeftSnippet", "timestamp": "2026-02-24T12:53:29.991Z", "sessionID": "4a1a57a4-609f-4945-9d87-2e33fb6b8a85", "query": "ducks", "docid": "5607", "rank": "2", "page": "1"}
{"type": "cursorEnteredSnippet", "timestamp": "2026-02-24T12:53:29.992Z", "sessionID": "4a1a57a4-609f-4945-9d87-2e33fb6b8a85", "query": "ducks", "docid": "5499", "rank": "4", "page": "1"}
{"type": "cursorLeftSnippet", "timestamp": "2026-02-24T12:53:30.151Z", "sessionID": "4a1a57a4-609f-4945-9d87-2e33fb6b8a85", "query": "ducks", "docid": "5499", "rank": "4", "page": "1"}
{"type": "cursorEnteredSnippet", "timestamp": "2026-02-24T12:53:30.167Z", "sessionID": "4a1a57a4-609f-4945-9d87-2e33fb6b8a85", "query": "ducks", "docid": "5642", "rank": "5", "page": "1"}
{"type": "cursorLeftSnippet", "timestamp": "2026-02-24T12:53:30.585Z", "sessionID": "4a1a57a4-609f-4945-9d87-2e33fb6b8a85", "query": "ducks", "docid": "5642", "rank": "5", "page": "1"}
{"type": "cursorEnteredSnippet", "timestamp": "2026-02-24T12:53:30.818Z", "sessionID": "4a1a57a4-609f-4945-9d87-2e33fb6b8a85", "query": "ducks", "docid": "4817", "rank": "6", "page": "1"}
{"type": "clickedResult", "timestamp": "2026-02-24T12:53:31.303Z", "sessionID": "4a1a57a4-609f-4945-9d87-2e33fb6b8a85", "query": "ducks", "rank": "6", "page": "1", "url": "http://www.gutenberg.org/files/902/902-h/902-h.htm"}
{"type": "cursorLeftSnippet", "timestamp": "2026-02-24T12:53:31.782Z", "sessionID": "4a1a57a4-609f-4945-9d87-2e33fb6b8a85", "query": "ducks", "docid": "4817", "rank": "6", "page": "1"}
{"type": "searchResultGenerated", "timestamp": "2026-02-24T12:53:34.252Z", "sessionID": "4a1a57a4-609f-4945-9d87-2e33fb6b8a85", "query": "ducks", "docid": "2938", "rank": "1", "page": "1", "url": "https://www.africanstorybook.org/#", "windowLocation": "http://localhost:7001/result?query=ducks&page=1"}
{"type": "searchResultGenerated", "timestamp": "2026-02-24T12:53:34.253Z", "sessionID": "4a1a57a4-609f-4945-9d87-2e33fb6b8a85", "query": "ducks", "docid": "5607", "rank": "2", "page": "1", "url": "http://www.gutenberg.org/files/15170/15170-h/15170-h.htm#mirror", "windowLocation": "http://localhost:7001/result?query=ducks&page=1"}
{"type": "searchResultGenerated", "timestamp": "2026-02-24T12:53:34.253Z", "sessionID": "4a1a57a4-609f-4945-9d87-2e33fb6b8a85", "query": "ducks", "docid": "5292", "rank": "3", "page": "1", "url": "http://www.gutenberg.org/files/40756/40756-h/40756-h.htm#Page_135", "windowLocation": "http://localhost:7001/result?query=ducks&page=1"}
{"type": "searchResultGenerated", "timestamp": "2026-02-24T12:53:34.254Z", "sessionID": "4a1a57a4-609f-4945-9d87-2e33fb6b8a85", "query": "ducks", "docid": "5499", "rank": "4", "page": "1", "url": "http://www.gutenberg.org/files/28130/28130-h/28130-h.htm#Page_57", "windowLocation": "http://localhost:7001/result?query=ducks&page=1"}
{"type": "searchResultGenerated", "timestamp": "2026-02-24T12:53:34.254Z", "sessionID": "4a1a57a4-609f-4945-9d87-2e33fb6b8a85", "query": "ducks", "docid": "5642", "rank": "5", "page": "1", "url": "http://www.gutenberg.org/files/16522/16522-h/16522-h.htm#ELSIES_DUCKS", "windowLocation": "http://localhost:7001/result?query=ducks&page=1"}
{"type": "searchResultGenerated", "timestamp": "2026-02-24T12:53:34.254Z", "sessionID": "4a1a57a4-609f-4945-9d87-2e33fb6b8a85", "query": "ducks", "docid": "4817", "rank": "6", "page": "1", "url": "http://www.gutenberg.org/files/902/902-h/902-h.htm", "windowLocation": "http://localhost:7001/result?query=ducks&page=1"}
{"type": "searchResultGenerated", "timestamp": "2026-02-24T12:53:34.255Z", "sessionID": "4a1a57a4-609f-4945-9d87-2e33fb6b8a85", "query": "ducks", "docid": "4970", "rank": "7", "page": "1", "url": "http://www.gutenberg.org/files/8950/8950-h/8950-h.htm", "windowLocation": "http://localhost:7001/result?query=ducks&page=1"}
{"type": "searchResultGenerated", "timestamp": "2026-02-24T12:53:34.255Z", "sessionID": "4a1a57a4-609f-4945-9d87-2e33fb6b8a85", "query": "ducks", "docid": "6202", "rank": "8", "page": "1", "url": "http://www.gutenberg.org/files/16891/16891-h/16891-h.htm", "windowLocation": "http://localhost:7001/result?query=ducks&page=1"}
{"type": "searchResultGenerated", "timestamp": "2026-02-24T12:53:34.255Z", "sessionID": "4a1a57a4-609f-4945-9d87-2e33fb6b8a85", "query": "ducks", "docid": "5714", "rank": "9", "page": "1", "url": "http://www.gutenberg.org/files/24940/24940-h/24940-h.htm#Page_69", "windowLocation": "http://localhost:7001/result?query=ducks&page=1"}
{"type": "searchResultGenerated", "timestamp": "2026-02-24T12:53:34.255Z", "sessionID": "4a1a57a4-609f-4945-9d87-2e33fb6b8a85", "query": "ducks", "docid": "5589", "rank": "10", "page": "1", "url": "http://www.gutenberg.org/files/28133/28133-h/28133-h.htm#Page_139", "windowLocation": "http://localhost:7001/result?query=ducks&page=1"}
{"type": "cursorEnteredSnippet", "timestamp": "2026-02-24T12:53:35.251Z", "sessionID": "4a1a57a4-609f-4945-9d87-2e33fb6b8a85", "query": "ducks", "docid": "5607", "rank": "2", "page": "1"}
{"type": "cursorLeftSnippet", "timestamp": "2026-02-24T12:53:35.317Z", "sessionID": "4a1a57a4-609f-4945-9d87-2e33fb6b8a85", "query": "ducks", "docid": "5607", "rank": "2", "page": "1"}
{"type": "cursorEnteredSnippet", "timestamp": "2026-02-24T12:53:36.134Z", "sessionID": "4a1a57a4-609f-4945-9d87-2e33fb6b8a85", "query": "ducks", "docid": "5292", "rank": "3", "page": "1"}
{"type": "cursorLeftSnippet", "timestamp": "2026-02-24T12:53:36.151Z", "sessionID": "4a1a57a4-609f-4945-9d87-2e33fb6b8a85", "query": "ducks", "docid": "5292", "rank": "3", "page": "1"}
{"type": "cursorEnteredSnippet", "timestamp": "2026-02-24T12:53:36.151Z", "sessionID": "4a1a57a4-609f-4945-9d87-2e33fb6b8a85", "query": "ducks", "docid": "5499", "rank": "4", "page": "1"}
{"type": "cursorLeftSnippet", "timestamp": "2026-02-24T12:53:36.184Z", "sessionID": "4a1a57a4-609f-4945-9d87-2e33fb6b8a85", "query": "ducks", "docid": "5499", "rank": "4", "page": "1"}
{"type": "cursorEnteredSnippet", "timestamp": "2026-02-24T12:53:36.184Z", "sessionID": "4a1a57a4-609f-4945-9d87-2e33fb6b8a85", "query": "ducks", "docid": "5642", "rank": "5", "page": "1"}
{"type": "cursorLeftSnippet", "timestamp": "2026-02-24T12:53:36.651Z", "sessionID": "4a1a57a4-609f-4945-9d87-2e33fb6b8a85", "query": "ducks", "docid": "5642", "rank": "5", "page": "1"}
{"type": "cursorEnteredSnippet", "timestamp": "2026-02-24T12:53:36.651Z", "sessionID": "4a1a57a4-609f-4945-9d87-2e33fb6b8a85", "query": "ducks", "docid": "4970", "rank": "7", "page": "1"}
{"type": "cursorLeftSnippet", "timestamp": "2026-02-24T12:53:36.708Z", "sessionID": "4a1a57a4-609f-4945-9d87-2e33fb6b8a85", "query": "ducks", "docid": "4970", "rank": "7", "page": "1"}
{"type": "cursorEnteredSnippet", "timestamp": "2026-02-24T12:53:36.708Z", "sessionID": "4a1a57a4-609f-4945-9d87-2e33fb6b8a85", "query": "ducks", "docid": "6202", "rank": "8", "page": "1"}
{"type": "cursorLeftSnippet", "timestamp": "2026-02-24T12:53:36.962Z", "sessionID": "4a1a57a4-609f-4945-9d87-2e33fb6b8a85", "query": "ducks", "docid": "6202", "rank": "8", "page": "1"}
{"type": "cursorEnteredSnippet", "timestamp": "2026-02-24T12:53:36.962Z", "sessionID": "4a1a57a4-609f-4945-9d87-2e33fb6b8a85", "query": "ducks", "docid": "5714", "rank": "9", "page": "1"}
{"type": "cursorLeftSnippet", "timestamp": "2026-02-24T12:53:37.250Z", "sessionID": "4a1a57a4-609f-4945-9d87-2e33fb6b8a85", "query": "ducks", "docid": "5714", "rank": "9", "page": "1"}
{"type": "cursorEnteredSnippet", "timestamp": "2026-02-24T12:53:37.267Z", "sessionID": "4a1a57a4-609f-4945-9d87-2e33fb6b8a85", "query": "ducks", "docid": "5589", "rank": "10", "page": "1"}
{"type": "cursorLeftSnippet", "timestamp": "2026-02-24T12:53:37.310Z", "sessionID": "4a1a57a4-609f-4945-9d87-2e33fb6b8a85", "query": "ducks", "docid": "5589", "rank": "10", "page": "1"}
{"type": "cursorEnteredSnippet", "timestamp": "2026-02-24T12:53:37.736Z", "sessionID": "4a1a57a4-609f-4945-9d87-2e33fb6b8a85", "query": "ducks", "docid": "5589", "rank": "10", "page": "1"}
{"type": "cursorLeftSnippet", "timestamp": "2026-02-24T12:53:37.984Z", "sessionID": "4a1a57a4-609f-4945-9d87-2e33fb6b8a85", "query": "ducks", "docid": "5589", "rank": "10", "page": "1"}
{"type": "pageNavigationClicked", "timestamp": "2026-02-24T12:53:38.556Z", "sessionID": "4a1a57a4-609f-4945-9d87-2e33fb6b8a85", "clicked": "3", "fromPage": 1, "toPage": 3}
{"type": "searchResultGenerated", "timestamp": "2026-02-24T12:53:38.924Z", "sessionID": "4a1a57a4-609f-4945-9d87-2e33fb6b8a85", "query": "ducks", "docid": "6235", "rank": "1", "page": "3", "url": "http://www.gutenberg.org/files/7252/7252-h/7252-h.htm", "windowLocation": "http://localhost:7001/result?query=ducks&page=3"}
{"type": "searchResultGenerated", "timestamp": "2026-02-24T12:53:38.925Z", "sessionID": "4a1a57a4-609f-4945-9d87-2e33fb6b8a85", "query": "ducks", "docid": "2047", "rank": "2", "page": "3", "url": "https://kids.frontiersin.org/article/10.3389/frym.2020.00083", "windowLocation": "http://localhost:7001/result?query=ducks&page=3"}
{"type": "searchResultGenerated", "timestamp": "2026-02-24T12:53:38.925Z", "sessionID": "4a1a57a4-609f-4945-9d87-2e33fb6b8a85", "query": "ducks", "docid": "7365", "rank": "3", "page": "3", "url": "https://www.digitallibrary.io/en/books/details/1391", "windowLocation": "http://localhost:7001/result?query=ducks&page=3"}
{"type": "searchResultGenerated", "timestamp": "2026-02-24T12:53:38.925Z", "sessionID": "4a1a57a4-609f-4945-9d87-2e33fb6b8a85", "query": "ducks", "docid": "3208", "rank": "4", "page": "3", "url": "https://www.africanstorybook.org/", "windowLocation": "http://localhost:7001/result?query=ducks&page=3"}
{"type": "searchResultGenerated", "timestamp": "2026-02-24T12:53:38.925Z", "sessionID": "4a1a57a4-609f-4945-9d87-2e33fb6b8a85", "query": "ducks", "docid": "4340", "rank": "5", "page": "3", "url": "https://www.commonlit.org/texts/the-open-window", "windowLocation": "http://localhost:7001/result?query=ducks&page=3"}
{"type": "searchResultGenerated", "timestamp": "2026-02-24T12:53:38.926Z", "sessionID": "4a1a57a4-609f-4945-9d87-2e33fb6b8a85", "query": "ducks", "docid": "5234", "rank": "6", "page": "3", "url": "http://www.gutenberg.org/files/42159/42159-h/42159-h.htm#Page_308", "windowLocation": "http://localhost:7001/result?query=ducks&page=3"}
{"type": "searchResultGenerated", "timestamp": "2026-02-24T12:53:38.926Z", "sessionID": "4a1a57a4-609f-4945-9d87-2e33fb6b8a85", "query": "ducks", "docid": "4261", "rank": "7", "page": "3", "url": "http://www.gutenberg.org/files/20521/20521-h/20521-h.htm#French_Amenities", "windowLocation": "http://localhost:7001/result?query=ducks&page=3"}
{"type": "searchResultGenerated", "timestamp": "2026-02-24T12:53:38.926Z", "sessionID": "4a1a57a4-609f-4945-9d87-2e33fb6b8a85", "query": "ducks", "docid": "2967", "rank": "8", "page": "3", "url": "https://kids.frontiersin.org/article/10.3389/frym.2017.00007", "windowLocation": "http://localhost:7001/result?query=ducks&page=3"}
{"type": "searchResultGenerated", "timestamp": "2026-02-24T12:53:38.927Z", "sessionID": "4a1a57a4-609f-4945-9d87-2e33fb6b8a85", "query": "ducks", "docid": "3071", "rank": "9", "page": "3", "url": "https://www.africanstorybook.org/", "windowLocation": "http://localhost:7001/result?query=ducks&page=3"}
{"type": "searchResultGenerated", "timestamp": "2026-02-24T12:53:38.927Z", "sessionID": "4a1a57a4-609f-4945-9d87-2e33fb6b8a85", "query": "ducks", "docid": "7254", "rank": "10", "page": "3", "url": "https://www.digitallibrary.io/en/books/details/3753", "windowLocation": "http://localhost:7001/result?query=ducks&page=3"}
{"type": "cursorEnteredSnippet", "timestamp": "2026-02-24T12:53:39.501Z", "sessionID": "4a1a57a4-609f-4945-9d87-2e33fb6b8a85", "query": "ducks", "docid": "3208", "rank": "4", "page": "3"}
{"type": "cursorLeftSnippet", "timestamp": "2026-02-24T12:53:39.551Z", "sessionID": "4a1a57a4-609f-4945-9d87-2e33fb6b8a85", "query": "ducks", "docid": "3208", "rank": "4", "page": "3"}
{"type": "cursorEnteredSnippet", "timestamp": "2026-02-24T12:53:39.551Z", "sessionID": "4a1a57a4-609f-4945-9d87-2e33fb6b8a85", "query": "ducks", "docid": "7365", "rank": "3", "page": "3"}
{"type": "cursorLeftSnippet", "timestamp": "2026-02-24T12:53:39.584Z", "sessionID": "4a1a57a4-609f-4945-9d87-2e33fb6b8a85", "query": "ducks", "docid": "7365", "rank": "3", "page": "3"}
{"type": "cursorEnteredSnippet", "timestamp": "2026-02-24T12:53:39.600Z", "sessionID": "4a1a57a4-609f-4945-9d87-2e33fb6b8a85", "query": "ducks", "docid": "2047", "rank": "2", "page": "3"}
{"type": "cursorLeftSnippet", "timestamp": "2026-02-24T12:53:39.634Z", "sessionID": "4a1a57a4-609f-4945-9d87-2e33fb6b8a85", "query": "ducks", "docid": "2047", "rank": "2", "page": "3"}
{"type": "cursorEnteredSnippet", "timestamp": "2026-02-24T12:53:39.634Z", "sessionID": "4a1a57a4-609f-4945-9d87-2e33fb6b8a85", "query": "ducks", "docid": "6235", "rank": "1", "page": "3"}
{"type": "cursorLeftSnippet", "timestamp": "2026-02-24T12:53:39.717Z", "sessionID": "4a1a57a4-609f-4945-9d87-2e33fb6b8a85", "query": "ducks", "docid": "6235", "rank": "1", "page": "3"}
{"type": "searchResultGenerated", "timestamp": "2026-02-24T12:53:40.942Z", "sessionID": "4a1a57a4-609f-4945-9d87-2e33fb6b8a85", "query": "ducks", "docid": "2938", "rank": "1", "page": "1", "url": "https://www.africanstorybook.org/#", "windowLocation": "http://localhost:7001/result?query=ducks&page=1"}
{"type": "searchResultGenerated", "timestamp": "2026-02-24T12:53:40.943Z", "sessionID": "4a1a57a4-609f-4945-9d87-2e33fb6b8a85", "query": "ducks", "docid": "5607", "rank": "2", "page": "1", "url": "http://www.gutenberg.org/files/15170/15170-h/15170-h.htm#mirror", "windowLocation": "http://localhost:7001/result?query=ducks&page=1"}
{"type": "searchResultGenerated", "timestamp": "2026-02-24T12:53:40.944Z", "sessionID": "4a1a57a4-609f-4945-9d87-2e33fb6b8a85", "query": "ducks", "docid": "5292", "rank": "3", "page": "1", "url": "http://www.gutenberg.org/files/40756/40756-h/40756-h.htm#Page_135", "windowLocation": "http://localhost:7001/result?query=ducks&page=1"}
{"type": "searchResultGenerated", "timestamp": "2026-02-24T12:53:40.944Z", "sessionID": "4a1a57a4-609f-4945-9d87-2e33fb6b8a85", "query": "ducks", "docid": "5499", "rank": "4", "page": "1", "url": "http://www.gutenberg.org/files/28130/28130-h/28130-h.htm#Page_57", "windowLocation": "http://localhost:7001/result?query=ducks&page=1"}
{"type": "searchResultGenerated", "timestamp": "2026-02-24T12:53:40.945Z", "sessionID": "4a1a57a4-609f-4945-9d87-2e33fb6b8a85", "query": "ducks", "docid": "5642", "rank": "5", "page": "1", "url": "http://www.gutenberg.org/files/16522/16522-h/16522-h.htm#ELSIES_DUCKS", "windowLocation": "http://localhost:7001/result?query=ducks&page=1"}
{"type": "searchResultGenerated", "timestamp": "2026-02-24T12:53:40.945Z", "sessionID": "4a1a57a4-609f-4945-9d87-2e33fb6b8a85", "query": "ducks", "docid": "4817", "rank": "6", "page": "1", "url": "http://www.gutenberg.org/files/902/902-h/902-h.htm", "windowLocation": "http://localhost:7001/result?query=ducks&page=1"}
{"type": "searchResultGenerated", "timestamp": "2026-02-24T12:53:40.946Z", "sessionID": "4a1a57a4-609f-4945-9d87-2e33fb6b8a85", "query": "ducks", "docid": "4970", "rank": "7", "page": "1", "url": "http://www.gutenberg.org/files/8950/8950-h/8950-h.htm", "windowLocation": "http://localhost:7001/result?query=ducks&page=1"}
{"type": "searchResultGenerated", "timestamp": "2026-02-24T12:53:40.946Z", "sessionID": "4a1a57a4-609f-4945-9d87-2e33fb6b8a85", "query": "ducks", "docid": "6202", "rank": "8", "page": "1", "url": "http://www.gutenberg.org/files/16891/16891-h/16891-h.htm", "windowLocation": "http://localhost:7001/result?query=ducks&page=1"}
{"type": "searchResultGenerated", "timestamp": "2026-02-24T12:53:40.947Z", "sessionID": "4a1a57a4-609f-4945-9d87-2e33fb6b8a85", "query": "ducks", "docid": "5714", "rank": "9", "page": "1", "url": "http://www.gutenberg.org/files/24940/24940-h/24940-h.htm#Page_69", "windowLocation": "http://localhost:7001/result?query=ducks&page=1"}
{"type": "searchResultGenerated", "timestamp": "2026-02-24T12:53:40.947Z", "sessionID": "4a1a57a4-609f-4945-9d87-2e33fb6b8a85", "query": "ducks", "docid": "5589", "rank": "10", "page": "1", "url": "http://www.gutenberg.org/files/28133/28133-h/28133-h.htm#Page_139", "windowLocation": "http://localhost:7001/result?query=ducks&page=1"}
{"type": "cursorEnteredSnippet", "timestamp": "2026-02-24T12:53:47.317Z", "sessionID": "4a1a57a4-609f-4945-9d87-2e33fb6b8a85", "query": "ducks", "docid": "4817", "rank": "6", "page": "1"}
{"type": "cursorLeftSnippet", "timestamp": "2026-02-24T12:53:47.333Z", "sessionID": "4a1a57a4-609f-4945-9d87-2e33fb6b8a85", "query": "ducks", "docid": "4817", "rank": "6", "page": "1"}
{"type": "cursorEnteredSnippet", "timestamp": "2026-02-24T12:53:47.333Z", "sessionID": "4a1a57a4-609f-4945-9d87-2e33fb6b8a85", "query": "ducks", "docid": "4970", "rank": "7", "page": "1"}
{"type": "cursorLeftSnippet", "timestamp": "2026-02-24T12:53:47.367Z", "sessionID": "4a1a57a4-609f-4945-9d87-2e33fb6b8a85", "query": "ducks", "docid": "4970", "rank": "7", "page": "1"}
{"type": "cursorEnteredSnippet", "timestamp": "2026-02-24T12:53:48.884Z", "sessionID": "4a1a57a4-609f-4945-9d87-2e33fb6b8a85", "query": "ducks", "docid": "4970", "rank": "7", "page": "1"}
{"type": "cursorLeftSnippet", "timestamp": "2026-02-24T12:53:48.917Z", "sessionID": "4a1a57a4-609f-4945-9d87-2e33fb6b8a85", "query": "ducks", "docid": "4970", "rank": "7", "page": "1"}
{"type": "cursorEnteredSnippet", "timestamp": "2026-02-24T12:54:15.115Z", "sessionID": "4a1a57a4-609f-4945-9d87-2e33fb6b8a85", "query": "ducks", "docid": "4970", "rank": "7", "page": "1"}
{"type": "cursorLeftSnippet", "timestamp": "2026-02-24T12:54:15.649Z", "sessionID": "4a1a57a4-609f-4945-9d87-2e33fb6b8a85", "query": "ducks", "docid": "4970", "rank": "7", "page": "1"}
{"type": "cursorEnteredSnippet", "timestamp": "2026-02-24T12:54:15.666Z", "sessionID": "4a1a57a4-609f-4945-9d87-2e33fb6b8a85", "query": "ducks", "docid": "6202", "rank": "8", "page": "1"}
{"type": "cursorLeftSnippet", "timestamp": "2026-02-24T12:54:15.782Z", "sessionID": "4a1a57a4-609f-4945-9d87-2e33fb6b8a85", "query": "ducks", "docid": "6202", "rank": "8", "page": "1"}
{"type": "cursorEnteredSnippet", "timestamp": "2026-02-24T12:54:23.865Z", "sessionID": "4a1a57a4-609f-4945-9d87-2e33fb6b8a85", "query": "ducks", "docid": "2938", "rank": "1", "page": "1"}
{"type": "cursorLeftSnippet", "timestamp": "2026-02-24T12:54:23.998Z", "sessionID": "4a1a57a4-609f-4945-9d87-2e33fb6b8a85", "query": "ducks", "docid": "2938", "rank": "1", "page": "1"}
{"type": "cursorEnteredSnippet", "timestamp": "2026-02-24T12:54:28.248Z", "sessionID": "4a1a57a4-609f-4945-9d87-2e33fb6b8a85", "query": "ducks", "docid": "5607", "rank": "2", "page": "1"}
{"type": "cursorLeftSnippet", "timestamp": "2026-02-24T12:54:28.298Z", "sessionID": "4a1a57a4-609f-4945-9d87-2e33fb6b8a85", "query": "ducks", "docid": "5607", "rank": "2", "page": "1"}
{"type": "cursorEnteredSnippet", "timestamp": "2026-02-24T12:54:28.299Z", "sessionID": "4a1a57a4-609f-4945-9d87-2e33fb6b8a85", "query": "ducks", "docid": "2938", "rank": "1", "page": "1"}
{"type": "cursorLeftSnippet", "timestamp": "2026-02-24T12:54:28.314Z", "sessionID": "4a1a57a4-609f-4945-9d87-2e33fb6b8a85", "query": "ducks", "docid": "2938", "rank": "1", "page": "1"}
{"type": "cursorEnteredSnippet", "timestamp": "2026-02-24T12:54:28.800Z", "sessionID": "4a1a57a4-609f-4945-9d87-2e33fb6b8a85", "query": "ducks", "docid": "2938", "rank": "1", "page": "1"}
{"type": "cursorLeftSnippet", "timestamp": "2026-02-24T12:54:29.081Z", "sessionID": "4a1a57a4-609f-4945-9d87-2e33fb6b8a85", "query": "ducks", "docid": "2938", "rank": "1", "page": "1"}
{"type": "cursorEnteredSnippet", "timestamp": "2026-02-24T12:54:29.498Z", "sessionID": "4a1a57a4-609f-4945-9d87-2e33fb6b8a85", "query": "ducks", "docid": "2938", "rank": "1", "page": "1"}
{"type": "cursorLeftSnippet", "timestamp": "2026-02-24T12:54:29.616Z", "sessionID": "4a1a57a4-609f-4945-9d87-2e33fb6b8a85", "query": "ducks", "docid": "2938", "rank": "1", "page": "1"}
{"type": "cursorEnteredSnippet", "timestamp": "2026-02-24T12:54:30.748Z", "sessionID": "4a1a57a4-609f-4945-9d87-2e33fb6b8a85", "query": "ducks", "docid": "5607", "rank": "2", "page": "1"}
{"type": "cursorLeftSnippet", "timestamp": "2026-02-24T12:54:30.814Z", "sessionID": "4a1a57a4-609f-4945-9d87-2e33fb6b8a85", "query": "ducks", "docid": "5607", "rank": "2", "page": "1"}
{"type": "cursorEnteredSnippet", "timestamp": "2026-02-24T12:54:30.831Z", "sessionID": "4a1a57a4-609f-4945-9d87-2e33fb6b8a85", "query": "ducks", "docid": "2938", "rank": "1", "page": "1"}
{"type": "cursorLeftSnippet", "timestamp": "2026-02-24T12:54:31.216Z", "sessionID": "4a1a57a4-609f-4945-9d87-2e33fb6b8a85", "query": "ducks", "docid": "2938", "rank": "1", "page": "1"}
{"type": "cursorEnteredSnippet", "timestamp": "2026-02-24T12:54:44.197Z", "sessionID": "4a1a57a4-609f-4945-9d87-2e33fb6b8a85", "query": "ducks", "docid": "2938", "rank": "1", "page": "1"}
{"type": "cursorLeftSnippet", "timestamp": "2026-02-24T12:54:44.247Z", "sessionID": "4a1a57a4-609f-4945-9d87-2e33fb6b8a85", "query": "ducks", "docid": "2938", "rank": "1", "page": "1"}
{"type": "cursorEnteredSnippet", "timestamp": "2026-02-24T12:54:44.264Z", "sessionID": "4a1a57a4-609f-4945-9d87-2e33fb6b8a85", "query": "ducks", "docid": "5607", "rank": "2", "page": "1"}
{"type": "cursorLeftSnippet", "timestamp": "2026-02-24T12:54:44.647Z", "sessionID": "4a1a57a4-609f-4945-9d87-2e33fb6b8a85", "query": "ducks", "docid": "5607", "rank": "2", "page": "1"}
{"type": "cursorEnteredSnippet", "timestamp": "2026-02-24T12:54:49.881Z", "sessionID": "4a1a57a4-609f-4945-9d87-2e33fb6b8a85", "query": "ducks", "docid": "2938", "rank": "1", "page": "1"}
{"type": "cursorLeftSnippet", "timestamp": "2026-02-24T12:54:49.914Z", "sessionID": "4a1a57a4-609f-4945-9d87-2e33fb6b8a85", "query": "ducks", "docid": "2938", "rank": "1", "page": "1"}
{"type": "queryBoxFocused", "timestamp": "2026-02-24T13:16:27.441Z", "sessionID": "4a1a57a4-609f-4945-9d87-2e33fb6b8a85"}
{"type": "querySubmitted", "timestamp": "2026-02-24T13:16:34.197Z", "sessionID": "4a1a57a4-609f-4945-9d87-2e33fb6b8a85", "query": "ducks"}
{"type": "searchResultGenerated", "timestamp": "2026-02-24T13:16:35.281Z", "sessionID": "4a1a57a4-609f-4945-9d87-2e33fb6b8a85", "query": "ducks", "docid": "2938", "rank": "1", "page": "1", "url": "https://www.africanstorybook.org/#", "windowLocation": "http://localhost:7001/result?query=ducks&page=1"}
{"type": "searchResultGenerated", "timestamp": "2026-02-24T13:16:35.281Z", "sessionID": "4a1a57a4-609f-4945-9d87-2e33fb6b8a85", "query": "ducks", "docid": "5607", "rank": "2", "page": "1", "url": "http://www.gutenberg.org/files/15170/15170-h/15170-h.htm#mirror", "windowLocation": "http://localhost:7001/result?query=ducks&page=1"}
{"type": "searchResultGenerated", "timestamp": "2026-02-24T13:16:35.282Z", "sessionID": "4a1a57a4-609f-4945-9d87-2e33fb6b8a85", "query": "ducks", "docid": "5292", "rank": "3", "page": "1", "url": "http://www.gutenberg.org/files/40756/40756-h/40756-h.htm#Page_135", "windowLocation": "http://localhost:7001/result?query=ducks&page=1"}
{"type": "searchResultGenerated", "timestamp": "2026-02-24T13:16:35.282Z", "sessionID": "4a1a57a4-609f-4945-9d87-2e33fb6b8a85", "query": "ducks", "docid": "5499", "rank": "4", "page": "1", "url": "http://www.gutenberg.org/files/28130/28130-h/28130-h.htm#Page_57", "windowLocation": "http://localhost:7001/result?query=ducks&page=1"}
{"type": "searchResultGenerated", "timestamp": "2026-02-24T13:16:35.282Z", "sessionID": "4a1a57a4-609f-4945-9d87-2e33fb6b8a85", "query": "ducks", "docid": "5642", "rank": "5", "page": "1", "url": "http://www.gutenberg.org/files/16522/16522-h/16522-h.htm#ELSIES_DUCKS", "windowLocation": "http://localhost:7001/result?query=ducks&page=1"}
{"type": "searchResultGenerated", "timestamp": "2026-02-24T13:16:35.283Z", "sessionID": "4a1a57a4-609f-4945-9d87-2e33fb6b8a85", "query": "ducks", "docid": "4817", "rank": "6", "page": "1", "url": "http://www.gutenberg.org/files/902/902-h/902-h.htm", "windowLocation": "http://localhost:7001/result?query=ducks&page=1"}
{"type": "searchResultGenerated", "timestamp": "2026-02-24T13:16:35.283Z", "sessionID": "4a1a57a4-609f-4945-9d87-2e33fb6b8a85", "query": "ducks", "docid": "4970", "rank": "7", "page": "1", "url": "http://www.gutenberg.org/files/8950/8950-h/8950-h.htm", "windowLocation": "http://localhost:7001/result?query=ducks&page=1"}
{"type": "searchResultGenerated", "timestamp": "2026-02-24T13:16:35.283Z", "sessionID": "4a1a57a4-609f-4945-9d87-2e33fb6b8a85", "query": "ducks", "docid": "6202", "rank": "8", "page": "1", "url": "http://www.gutenberg.org/files/16891/16891-h/16891-h.htm", "windowLocation": "http://localhost:7001/result?query=ducks&page=1"}
{"type": "searchResultGenerated", "timestamp": "2026-02-24T13:16:35.284Z", "sessionID": "4a1a57a4-609f-4945-9d87-2e33fb6b8a85", "query": "ducks", "docid": "5714", "rank": "9", "page": "1", "url": "http://www.gutenberg.org/files/24940/24940-h/24940-h.htm#Page_69", "windowLocation": "http://localhost:7001/result?query=ducks&page=1"}
{"type": "searchResultGenerated", "timestamp": "2026-02-24T13:16:35.284Z", "sessionID": "4a1a57a4-609f-4945-9d87-2e33fb6b8a85", "query": "ducks", "docid": "5589", "rank": "10", "page": "1", "url": "http://www.gutenberg.org/files/28133/28133-h/28133-h.htm#Page_139", "windowLocation": "http://localhost:7001/result?query=ducks&page=1"}
{"type": "cursorEnteredSnippet", "timestamp": "2026-02-24T13:16:35.764Z", "sessionID": "4a1a57a4-609f-4945-9d87-2e33fb6b8a85", "query": "ducks", "docid": "2938", "rank": "1", "page": "1"}
{"type": "cursorLeftSnippet", "timestamp": "2026-02-24T13:16:36.830Z", "sessionID": "4a1a57a4-609f-4945-9d87-2e33fb6b8a85", "query": "ducks", "docid": "2938", "rank": "1", "page": "1"}
{"type": "cursorEnteredSnippet", "timestamp": "2026-02-24T13:16:36.847Z", "sessionID": "4a1a57a4-609f-4945-9d87-2e33fb6b8a85", "query": "ducks", "docid": "5607", "rank": "2", "page": "1"}
{"type": "clickedResult", "timestamp": "2026-02-24T13:16:48.795Z", "sessionID": "4a1a57a4-609f-4945-9d87-2e33fb6b8a85", "query": "ducks", "rank": "2", "page": "1", "url": "http://www.gutenberg.org/files/15170/15170-h/15170-h.htm#mirror"}
{"type": "cursorLeftSnippet", "timestamp": "2026-02-24T13:16:49.237Z", "sessionID": "4a1a57a4-609f-4945-9d87-2e33fb6b8a85", "query": "ducks", "docid": "5607", "rank": "2", "page": "1"}
{"type": "searchResultGenerated", "timestamp": "2026-02-24T13:16:53.181Z", "sessionID": "4a1a57a4-609f-4945-9d87-2e33fb6b8a85", "query": "ducks", "docid": "2938", "rank": "1", "page": "1", "url": "https://www.africanstorybook.org/#", "windowLocation": "http://localhost:7001/result?query=ducks&page=1"}
{"type": "searchResultGenerated", "timestamp": "2026-02-24T13:16:53.182Z", "sessionID": "4a1a57a4-609f-4945-9d87-2e33fb6b8a85", "query": "ducks", "docid": "5607", "rank": "2", "page": "1", "url": "http://www.gutenberg.org/files/15170/15170-h/15170-h.htm#mirror", "windowLocation": "http://localhost:7001/result?query=ducks&page=1"}
{"type": "searchResultGenerated", "timestamp": "2026-02-24T13:16:53.182Z", "sessionID": "4a1a57a4-609f-4945-9d87-2e33fb6b8a85", "query": "ducks", "docid": "5292", "rank": "3", "page": "1", "url": "http://www.gutenberg.org/files/40756/40756-h/40756-h.htm#Page_135", "windowLocation": "http://localhost:7001/result?query=ducks&page=1"}
{"type": "searchResultGenerated", "timestamp": "2026-02-24T13:16:53.182Z", "sessionID": "4a1a57a4-609f-4945-9d87-2e33fb6b8a85", "query": "ducks", "docid": "5499", "rank": "4", "page": "1", "url": "http://www.gutenberg.org/files/28130/28130-h/28130-h.htm#Page_57", "windowLocation": "http://localhost:7001/result?query=ducks&page=1"}
{"type": "searchResultGenerated", "timestamp": "2026-02-24T13:16:53.183Z", "sessionID": "4a1a57a4-609f-4945-9d87-2e33fb6b8a85", "query": "ducks", "docid": "5642", "rank": "5", "page": "1", "url": "http://www.gutenberg.org/files/16522/16522-h/16522-h.htm#ELSIES_DUCKS", "windowLocation": "http://localhost:7001/result?query=ducks&page=1"}
{"type": "searchResultGenerated", "timestamp": "2026-02-24T13:16:53.183Z", "sessionID": "4a1a57a4-609f-4945-9d87-2e33fb6b8a85", "query": "ducks", "docid": "4817", "rank": "6", "page": "1", "url": "http://www.gutenberg.org/files/902/902-h/902-h.htm", "windowLocation": "http://localhost:7001/result?query=ducks&page=1"}
{"type": "searchResultGenerated", "timestamp": "2026-02-24T13:16:53.183Z", "sessionID": "4a1a57a4-609f-4945-9d87-2e33fb6b8a85", "query": "ducks", "docid": "4970", "rank": "7", "page": "1", "url": "http://www.gutenberg.org/files/8950/8950-h/8950-h.htm", "windowLocation": "http://localhost:7001/result?query=ducks&page=1"}
{"type": "searchResultGenerated", "timestamp": "2026-02-24T13:16:53.183Z", "sessionID": "4a1a57a4-609f-4945-9d87-2e33fb6b8a85", "query": "ducks", "docid": "6202", "rank": "8", "page": "1", "url": "http://www.gutenberg.org/files/16891/16891-h/16891-h.htm", "windowLocation": "http://localhost:7001/result?query=ducks&page=1"}
{"type": "searchResultGenerated", "timestamp": "2026-02-24T13:16:53.183Z", "sessionID": "4a1a57a4-609f-4945-9d87-2e33fb6b8a85", "query": "ducks", "docid": "5714", "rank": "9", "page": "1", "url": "http://www.gutenberg.org/files/24940/24940-h/24940-h.htm#Page_69", "windowLocation": "http://localhost:7001/result?query=ducks&page=1"}
{"type": "searchResultGenerated", "timestamp": "2026-02-24T13:16:53.184Z", "sessionID": "4a1a57a4-609f-4945-9d87-2e33fb6b8a85", "query": "ducks", "docid": "5589", "rank": "10", "page": "1", "url": "http://www.gutenberg.org/files/28133/28133-h/28133-h.htm#Page_139", "windowLocation": "http://localhost:7001/result?query=ducks&page=1"}
{"type": "cursorEnteredSnippet", "timestamp": "2026-02-24T13:16:53.546Z", "sessionID": "4a1a57a4-609f-4945-9d87-2e33fb6b8a85", "query": "ducks", "docid": "2938", "rank": "1", "page": "1"}
{"type": "cursorLeftSnippet", "timestamp": "2026-02-24T13:16:54.046Z", "sessionID": "4a1a57a4-609f-4945-9d87-2e33fb6b8a85", "query": "ducks", "docid": "2938", "rank": "1", "page": "1"}
{"type": "cursorEnteredSnippet", "timestamp": "2026-02-24T13:16:54.062Z", "sessionID": "4a1a57a4-609f-4945-9d87-2e33fb6b8a85", "query": "ducks", "docid": "5607", "rank": "2", "page": "1"}
{"type": "cursorLeftSnippet", "timestamp": "2026-02-24T13:16:56.444Z", "sessionID": "4a1a57a4-609f-4945-9d87-2e33fb6b8a85", "query": "ducks", "docid": "5607", "rank": "2", "page": "1"}
{"type": "cursorEnteredSnippet", "timestamp": "2026-02-24T13:16:56.445Z", "sessionID": "4a1a57a4-609f-4945-9d87-2e33fb6b8a85", "query": "ducks", "docid": "4970", "rank": "7", "page": "1"}
{"type": "cursorLeftSnippet", "timestamp": "2026-02-24T13:16:57.318Z", "sessionID": "4a1a57a4-609f-4945-9d87-2e33fb6b8a85", "query": "ducks", "docid": "4970", "rank": "7", "page": "1"}
{"type": "cursorEnteredSnippet", "timestamp": "2026-02-24T13:16:57.319Z", "sessionID": "4a1a57a4-609f-4945-9d87-2e33fb6b8a85", "query": "ducks", "docid": "6202", "rank": "8", "page": "1"}
{"type": "cursorLeftSnippet", "timestamp": "2026-02-24T13:16:57.630Z", "sessionID": "4a1a57a4-609f-4945-9d87-2e33fb6b8a85", "query": "ducks", "docid": "6202", "rank": "8", "page": "1"}
{"type": "cursorEnteredSnippet", "timestamp": "2026-02-24T13:16:57.631Z", "sessionID": "4a1a57a4-609f-4945-9d87-2e33fb6b8a85", "query": "ducks", "docid": "4970", "rank": "7", "page": "1"}
{"type": "cursorLeftSnippet", "timestamp": "2026-02-24T13:16:57.712Z", "sessionID": "4a1a57a4-609f-4945-9d87-2e33fb6b8a85", "query": "ducks", "docid": "4970", "rank": "7", "page": "1"}
{"type": "cursorEnteredSnippet", "timestamp": "2026-02-24T13:16:58.130Z", "sessionID": "4a1a57a4-609f-4945-9d87-2e33fb6b8a85", "query": "ducks", "docid": "6202", "rank": "8", "page": "1"}
{"type": "cursorLeftSnippet", "timestamp": "2026-02-24T13:16:58.147Z", "sessionID": "4a1a57a4-609f-4945-9d87-2e33fb6b8a85", "query": "ducks", "docid": "6202", "rank": "8", "page": "1"}
{"type": "cursorEnteredSnippet", "timestamp": "2026-02-24T13:16:58.147Z", "sessionID": "4a1a57a4-609f-4945-9d87-2e33fb6b8a85", "query": "ducks", "docid": "5714", "rank": "9", "page": "1"}
{"type": "cursorLeftSnippet", "timestamp": "2026-02-24T13:16:58.196Z", "sessionID": "4a1a57a4-609f-4945-9d87-2e33fb6b8a85", "query": "ducks", "docid": "5714", "rank": "9", "page": "1"}
{"type": "cursorEnteredSnippet", "timestamp": "2026-02-24T13:16:58.196Z", "sessionID": "4a1a57a4-609f-4945-9d87-2e33fb6b8a85", "query": "ducks", "docid": "5589", "rank": "10", "page": "1"}
{"type": "cursorLeftSnippet", "timestamp": "2026-02-24T13:16:58.529Z", "sessionID": "4a1a57a4-609f-4945-9d87-2e33fb6b8a85", "query": "ducks", "docid": "5589", "rank": "10", "page": "1"}
{"type": "pageNavigationClicked", "timestamp": "2026-02-24T13:16:58.935Z", "sessionID": "4a1a57a4-609f-4945-9d87-2e33fb6b8a85", "clicked": "3", "fromPage": 1, "toPage": 3}
{"type": "searchResultGenerated", "timestamp": "2026-02-24T13:16:59.338Z", "sessionID": "4a1a57a4-609f-4945-9d87-2e33fb6b8a85", "query": "ducks", "docid": "6235", "rank": "1", "page": "3", "url": "http://www.gutenberg.org/files/7252/7252-h/7252-h.htm", "windowLocation": "http://localhost:7001/result?query=ducks&page=3"}
{"type": "searchResultGenerated", "timestamp": "2026-02-24T13:16:59.339Z", "sessionID": "4a1a57a4-609f-4945-9d87-2e33fb6b8a85", "query": "ducks", "docid": "2047", "rank": "2", "page": "3", "url": "https://kids.frontiersin.org/article/10.3389/frym.2020.00083", "windowLocation": "http://localhost:7001/result?query=ducks&page=3"}
{"type": "searchResultGenerated", "timestamp": "2026-02-24T13:16:59.339Z", "sessionID": "4a1a57a4-609f-4945-9d87-2e33fb6b8a85", "query": "ducks", "docid": "7365", "rank": "3", "page": "3", "url": "https://www.digitallibrary.io/en/books/details/1391", "windowLocation": "http://localhost:7001/result?query=ducks&page=3"}
{"type": "searchResultGenerated", "timestamp": "2026-02-24T13:16:59.340Z", "sessionID": "4a1a57a4-609f-4945-9d87-2e33fb6b8a85", "query": "ducks", "docid": "3208", "rank": "4", "page": "3", "url": "https://www.africanstorybook.org/", "windowLocation": "http://localhost:7001/result?query=ducks&page=3"}
{"type": "searchResultGenerated", "timestamp": "2026-02-24T13:16:59.340Z", "sessionID": "4a1a57a4-609f-4945-9d87-2e33fb6b8a85", "query": "ducks", "docid": "4340", "rank": "5", "page": "3", "url": "https://www.commonlit.org/texts/the-open-window", "windowLocation": "http://localhost:7001/result?query=ducks&page=3"}
{"type": "searchResultGenerated", "timestamp": "2026-02-24T13:16:59.342Z", "sessionID": "4a1a57a4-609f-4945-9d87-2e33fb6b8a85", "query": "ducks", "docid": "5234", "rank": "6", "page": "3", "url": "http://www.gutenberg.org/files/42159/42159-h/42159-h.htm#Page_308", "windowLocation": "http://localhost:7001/result?query=ducks&page=3"}
{"type": "searchResultGenerated", "timestamp": "2026-02-24T13:16:59.343Z", "sessionID": "4a1a57a4-609f-4945-9d87-2e33fb6b8a85", "query": "ducks", "docid": "4261", "rank": "7", "page": "3", "url": "http://www.gutenberg.org/files/20521/20521-h/20521-h.htm#French_Amenities", "windowLocation": "http://localhost:7001/result?query=ducks&page=3"}
{"type": "searchResultGenerated", "timestamp": "2026-02-24T13:16:59.343Z", "sessionID": "4a1a57a4-609f-4945-9d87-2e33fb6b8a85", "query": "ducks", "docid": "2967", "rank": "8", "page": "3", "url": "https://kids.frontiersin.org/article/10.3389/frym.2017.00007", "windowLocation": "http://localhost:7001/result?query=ducks&page=3"}
{"type": "searchResultGenerated", "timestamp": "2026-02-24T13:16:59.344Z", "sessionID": "4a1a57a4-609f-4945-9d87-2e33fb6b8a85", "query": "ducks", "docid": "3071", "rank": "9", "page": "3", "url": "https://www.africanstorybook.org/", "windowLocation": "http://localhost:7001/result?query=ducks&page=3"}
{"type": "searchResultGenerated", "timestamp": "2026-02-24T13:16:59.345Z", "sessionID": "4a1a57a4-609f-4945-9d87-2e33fb6b8a85", "query": "ducks", "docid": "7254", "rank": "10", "page": "3", "url": "https://www.digitallibrary.io/en/books/details/3753", "windowLocation": "http://localhost:7001/result?query=ducks&page=3"}
{"type": "cursorLeftSnippet", "timestamp": "2026-02-24T13:17:00.263Z", "sessionID": "4a1a57a4-609f-4945-9d87-2e33fb6b8a85", "query": "ducks", "docid": "7365", "rank": "3", "page": "3"}
{"type": "cursorEnteredSnippet", "timestamp": "2026-02-24T13:17:00.379Z", "sessionID": "4a1a57a4-609f-4945-9d87-2e33fb6b8a85", "query": "ducks", "docid": "2047", "rank": "2", "page": "3"}
{"type": "cursorLeftSnippet", "timestamp": "2026-02-24T13:17:00.462Z", "sessionID": "4a1a57a4-609f-4945-9d87-2e33fb6b8a85", "query": "ducks", "docid": "2047", "rank": "2", "page": "3"}
{"type": "searchResultGenerated", "timestamp": "2026-02-24T13:17:01.981Z", "sessionID": "4a1a57a4-609f-4945-9d87-2e33fb6b8a85", "query": "ducks", "docid": "2938", "rank": "1", "page": "1", "url": "https://www.africanstorybook.org/#", "windowLocation": "http://localhost:7001/result?query=ducks&page=1"}
{"type": "searchResultGenerated", "timestamp": "2026-02-24T13:17:01.981Z", "sessionID": "4a1a57a4-609f-4945-9d87-2e33fb6b8a85", "query": "ducks", "docid": "5607", "rank": "2", "page": "1", "url": "http://www.gutenberg.org/files/15170/15170-h/15170-h.htm#mirror", "windowLocation": "http://localhost:7001/result?query=ducks&page=1"}
{"type": "searchResultGenerated", "timestamp": "2026-02-24T13:17:01.982Z", "sessionID": "4a1a57a4-609f-4945-9d87-2e33fb6b8a85", "query": "ducks", "docid": "5292", "rank": "3", "page": "1", "url": "http://www.gutenberg.org/files/40756/40756-h/40756-h.htm#Page_135", "windowLocation": "http://localhost:7001/result?query=ducks&page=1"}
{"type": "searchResultGenerated", "timestamp": "2026-02-24T13:17:01.982Z", "sessionID": "4a1a57a4-609f-4945-9d87-2e33fb6b8a85", "query": "ducks", "docid": "5499", "rank": "4", "page": "1", "url": "http://www.gutenberg.org/files/28130/28130-h/28130-h.htm#Page_57", "windowLocation": "http://localhost:7001/result?query=ducks&page=1"}
{"type": "searchResultGenerated", "timestamp": "2026-02-24T13:17:01.983Z", "sessionID": "4a1a57a4-609f-4945-9d87-2e33fb6b8a85", "query": "ducks", "docid": "5642", "rank": "5", "page": "1", "url": "http://www.gutenberg.org/files/16522/16522-h/16522-h.htm#ELSIES_DUCKS", "windowLocation": "http://localhost:7001/result?query=ducks&page=1"}
{"type": "searchResultGenerated", "timestamp": "2026-02-24T13:17:01.984Z", "sessionID": "4a1a57a4-609f-4945-9d87-2e33fb6b8a85", "query": "ducks", "docid": "4817", "rank": "6", "page": "1", "url": "http://www.gutenberg.org/files/902/902-h/902-h.htm", "windowLocation": "http://localhost:7001/result?query=ducks&page=1"}
{"type": "searchResultGenerated", "timestamp": "2026-02-24T13:17:01.984Z", "sessionID": "4a1a57a4-609f-4945-9d87-2e33fb6b8a85", "query": "ducks", "docid": "4970", "rank": "7", "page": "1", "url": "http://www.gutenberg.org/files/8950/8950-h/8950-h.htm", "windowLocation": "http://localhost:7001/result?query=ducks&page=1"}
{"type": "searchResultGenerated", "timestamp": "2026-02-24T13:17:01.985Z", "sessionID": "4a1a57a4-609f-4945-9d87-2e33fb6b8a85", "query": "ducks", "docid": "6202", "rank": "8", "page": "1", "url": "http://www.gutenberg.org/files/16891/16891-h/16891-h.htm", "windowLocation": "http://localhost:7001/result?query=ducks&page=1"}
{"type": "searchResultGenerated", "timestamp": "2026-02-24T13:17:01.986Z", "sessionID": "4a1a57a4-609f-4945-9d87-2e33fb6b8a85", "query": "ducks", "docid": "5714", "rank": "9", "page": "1", "url": "http://www.gutenberg.org/files/24940/24940-h/24940-h.htm#Page_69", "windowLocation": "http://localhost:7001/result?query=ducks&page=1"}
{"type": "searchResultGenerated", "timestamp": "2026-02-24T13:17:01.987Z", "sessionID": "4a1a57a4-609f-4945-9d87-2e33fb6b8a85", "query": "ducks", "docid": "5589", "rank": "10", "page": "1", "url": "http://www.gutenberg.org/files/28133/28133-h/28133-h.htm#Page_139", "windowLocation": "http://localhost:7001/result?query=ducks&page=1"}
{"type": "cursorEnteredSnippet", "timestamp": "2026-02-24T13:17:03.929Z", "sessionID": "4a1a57a4-609f-4945-9d87-2e33fb6b8a85", "query": "ducks", "docid": "4970", "rank": "7", "page": "1"}
{"type": "cursorLeftSnippet", "timestamp": "2026-02-24T13:17:04.279Z", "sessionID": "4a1a57a4-609f-4945-9d87-2e33fb6b8a85", "query": "ducks", "docid": "4970", "rank": "7", "page": "1"}
{"type": "cursorEnteredSnippet", "timestamp": "2026-02-24T13:17:04.296Z", "sessionID": "4a1a57a4-609f-4945-9d87-2e33fb6b8a85", "query": "ducks", "docid": "4817", "rank": "6", "page": "1"}
{"type": "cursorLeftSnippet", "timestamp": "2026-02-24T13:17:04.612Z", "sessionID": "4a1a57a4-609f-4945-9d87-2e33fb6b8a85", "query": "ducks", "docid": "4817", "rank": "6", "page": "1"}
{"type": "queryBoxFocused", "timestamp": "2026-02-24T13:17:04.874Z", "sessionID": "4a1a57a4-609f-4945-9d87-2e33fb6b8a85"}
{"type": "querySubmitted", "timestamp": "2026-02-24T13:17:07.679Z", "sessionID": "4a1a57a4-609f-4945-9d87-2e33fb6b8a85", "query": "cows"}
{"type": "searchResultGenerated", "timestamp": "2026-02-24T13:17:07.989Z", "sessionID": "4a1a57a4-609f-4945-9d87-2e33fb6b8a85", "query": "cows", "docid": "5712", "rank": "1", "page": "1", "url": "http://www.gutenberg.org/files/24478/24478-h/24478-h.htm#Page_129", "windowLocation": "http://localhost:7001/result?query=cows&page=1"}
{"type": "searchResultGenerated", "timestamp": "2026-02-24T13:17:07.990Z", "sessionID": "4a1a57a4-609f-4945-9d87-2e33fb6b8a85", "query": "cows", "docid": "3434", "rank": "2", "page": "1", "url": "https://www.africanstorybook.org/", "windowLocation": "http://localhost:7001/result?query=cows&page=1"}
{"type": "searchResultGenerated", "timestamp": "2026-02-24T13:17:07.991Z", "sessionID": "4a1a57a4-609f-4945-9d87-2e33fb6b8a85", "query": "cows", "docid": "5660", "rank": "3", "page": "1", "url": "http://www.gutenberg.org/files/16522/16522-h/16522-h.htm#GOING_AFTER_COWS", "windowLocation": "http://localhost:7001/result?query=cows&page=1"}
{"type": "searchResultGenerated", "timestamp": "2026-02-24T13:17:07.992Z", "sessionID": "4a1a57a4-609f-4945-9d87-2e33fb6b8a85", "query": "cows", "docid": "7020", "rank": "4", "page": "1", "url": "http://www.gutenberg.org/files/25359/25359-h/25359-h.htm#Page_204", "windowLocation": "http://localhost:7001/result?query=cows&page=1"}
{"type": "searchResultGenerated", "timestamp": "2026-02-24T13:17:07.993Z", "sessionID": "4a1a57a4-609f-4945-9d87-2e33fb6b8a85", "query": "cows", "docid": "5776", "rank": "5", "page": "1", "url": "http://www.gutenberg.org/files/24478/24478-h/24478-h.htm#Page_142", "windowLocation": "http://localhost:7001/result?query=cows&page=1"}
{"type": "searchResultGenerated", "timestamp": "2026-02-24T13:17:07.993Z", "sessionID": "4a1a57a4-609f-4945-9d87-2e33fb6b8a85", "query": "cows", "docid": "3095", "rank": "6", "page": "1", "url": "https://www.africanstorybook.org/", "windowLocation": "http://localhost:7001/result?query=cows&page=1"}
{"type": "searchResultGenerated", "timestamp": "2026-02-24T13:17:07.994Z", "sessionID": "4a1a57a4-609f-4945-9d87-2e33fb6b8a85", "query": "cows", "docid": "2774", "rank": "7", "page": "1", "url": "https://www.africanstorybook.org/#", "windowLocation": "http://localhost:7001/result?query=cows&page=1"}
{"type": "searchResultGenerated", "timestamp": "2026-02-24T13:17:07.995Z", "sessionID": "4a1a57a4-609f-4945-9d87-2e33fb6b8a85", "query": "cows", "docid": "3346", "rank": "8", "page": "1", "url": "https://www.africanstorybook.org/", "windowLocation": "http://localhost:7001/result?query=cows&page=1"}
{"type": "searchResultGenerated", "timestamp": "2026-02-24T13:17:07.996Z", "sessionID": "4a1a57a4-609f-4945-9d87-2e33fb6b8a85", "query": "cows", "docid": "3261", "rank": "9", "page": "1", "url": "https://kids.frontiersin.org/article/10.3389/frym.2015.00017", "windowLocation": "http://localhost:7001/result?query=cows&page=1"}
{"type": "searchResultGenerated", "timestamp": "2026-02-24T13:17:07.996Z", "sessionID": "4a1a57a4-609f-4945-9d87-2e33fb6b8a85", "query": "cows", "docid": "6498", "rank": "10", "page": "1", "url": "http://www.gutenberg.org/files/24545/24545-h/24545-h.htm", "windowLocation": "http://localhost:7001/result?query=cows&page=1"}
{"type": "cursorEnteredSnippet", "timestamp": "2026-02-24T13:17:08.712Z", "sessionID": "4a1a57a4-609f-4945-9d87-2e33fb6b8a85", "query": "cows", "docid": "5712", "rank": "1", "page": "1"}
{"type": "cursorLeftSnippet", "timestamp": "2026-02-24T13:17:08.812Z", "sessionID": "4a1a57a4-609f-4945-9d87-2e33fb6b8a85", "query": "cows", "docid": "5712", "rank": "1", "page": "1"}
{"type": "cursorEnteredSnippet", "timestamp": "2026-02-24T13:17:08.829Z", "sessionID": "4a1a57a4-609f-4945-9d87-2e33fb6b8a85", "query": "cows", "docid": "3434", "rank": "2", "page": "1"}
{"type": "clickedResult", "timestamp": "2026-02-24T13:17:13.034Z", "sessionID": "4a1a57a4-609f-4945-9d87-2e33fb6b8a85", "query": "cows", "rank": "2", "page": "1", "url": "https://www.africanstorybook.org/"}
{"type": "cursorLeftSnippet", "timestamp": "2026-02-24T13:17:14.643Z", "sessionID": "4a1a57a4-609f-4945-9d87-2e33fb6b8a85", "query": "cows", "docid": "3434", "rank": "2", "page": "1"}
{"type": "searchResultGenerated", "timestamp": "2026-02-24T13:17:17.919Z", "sessionID": "4a1a57a4-609f-4945-9d87-2e33fb6b8a85", "query": "cows", "docid": "5712", "rank": "1", "page": "1", "url": "http://www.gutenberg.org/files/24478/24478-h/24478-h.htm#Page_129", "windowLocation": "http://localhost:7001/result?query=cows&page=1"}
{"type": "searchResultGenerated", "timestamp": "2026-02-24T13:17:17.919Z", "sessionID": "4a1a57a4-609f-4945-9d87-2e33fb6b8a85", "query": "cows", "docid": "3434", "rank": "2", "page": "1", "url": "https://www.africanstorybook.org/", "windowLocation": "http://localhost:7001/result?query=cows&page=1"}
{"type": "searchResultGenerated", "timestamp": "2026-02-24T13:17:17.919Z", "sessionID": "4a1a57a4-609f-4945-9d87-2e33fb6b8a85", "query": "cows", "docid": "5660", "rank": "3", "page": "1", "url": "http://www.gutenberg.org/files/16522/16522-h/16522-h.htm#GOING_AFTER_COWS", "windowLocation": "http://localhost:7001/result?query=cows&page=1"}
{"type": "searchResultGenerated", "timestamp": "2026-02-24T13:17:17.919Z", "sessionID": "4a1a57a4-609f-4945-9d87-2e33fb6b8a85", "query": "cows", "docid": "7020", "rank": "4", "page": "1", "url": "http://www.gutenberg.org/files/25359/25359-h/25359-h.htm#Page_204", "windowLocation": "http://localhost:7001/result?query=cows&page=1"}
{"type": "searchResultGenerated", "timestamp": "2026-02-24T13:17:17.920Z", "sessionID": "4a1a57a4-609f-4945-9d87-2e33fb6b8a85", "query": "cows", "docid": "5776", "rank": "5", "page": "1", "url": "http://www.gutenberg.org/files/24478/24478-h/24478-h.htm#Page_142", "windowLocation": "http://localhost:7001/result?query=cows&page=1"}
{"type": "searchResultGenerated", "timestamp": "2026-02-24T13:17:17.920Z", "sessionID": "4a1a57a4-609f-4945-9d87-2e33fb6b8a85", "query": "cows", "docid": "3095", "rank": "6", "page": "1", "url": "https://www.africanstorybook.org/", "windowLocation": "http://localhost:7001/result?query=cows&page=1"}
{"type": "searchResultGenerated", "timestamp": "2026-02-24T13:17:17.920Z", "sessionID": "4a1a57a4-609f-4945-9d87-2e33fb6b8a85", "query": "cows", "docid": "2774", "rank": "7", "page": "1", "url": "https://www.africanstorybook.org/#", "windowLocation": "http://localhost:7001/result?query=cows&page=1"}
{"type": "searchResultGenerated", "timestamp": "2026-02-24T13:17:17.920Z", "sessionID": "4a1a57a4-609f-4945-9d87-2e33fb6b8a85", "query": "cows", "docid": "3346", "rank": "8", "page": "1", "url": "https://www.africanstorybook.org/", "windowLocation": "http://localhost:7001/result?query=cows&page=1"}
{"type": "searchResultGenerated", "timestamp": "2026-02-24T13:17:17.921Z", "sessionID": "4a1a57a4-609f-4945-9d87-2e33fb6b8a85", "query": "cows", "docid": "3261", "rank": "9", "page": "1", "url": "https://kids.frontiersin.org/article/10.3389/frym.2015.00017", "windowLocation": "http://localhost:7001/result?query=cows&page=1"}
{"type": "searchResultGenerated", "timestamp": "2026-02-24T13:17:17.921Z", "sessionID": "4a1a57a4-609f-4945-9d87-2e33fb6b8a85", "query": "cows", "docid": "6498", "rank": "10", "page": "1", "url": "http://www.gutenberg.org/files/24545/24545-h/24545-h.htm", "windowLocation": "http://localhost:7001/result?query=cows&page=1"}
{"type": "cursorEnteredSnippet", "timestamp": "2026-02-24T13:17:18.112Z", "sessionID": "4a1a57a4-609f-4945-9d87-2e33fb6b8a85", "query": "cows", "docid": "5712", "rank": "1", "page": "1"}
{"type": "cursorLeftSnippet", "timestamp": "2026-02-24T13:17:18.228Z", "sessionID": "4a1a57a4-609f-4945-9d87-2e33fb6b8a85", "query": "cows", "docid": "5712", "rank": "1", "page": "1"}
{"type": "cursorEnteredSnippet", "timestamp": "2026-02-24T13:17:18.255Z", "sessionID": "4a1a57a4-609f-4945-9d87-2e33fb6b8a85", "query": "cows", "docid": "3434", "rank": "2", "page": "1"}
{"type": "cursorLeftSnippet", "timestamp": "2026-02-24T13:17:18.295Z", "sessionID": "4a1a57a4-609f-4945-9d87-2e33fb6b8a85", "query": "cows", "docid": "3434", "rank": "2", "page": "1"}
{"type": "cursorEnteredSnippet", "timestamp": "2026-02-24T13:17:18.312Z", "sessionID": "4a1a57a4-609f-4945-9d87-2e33fb6b8a85", "query": "cows", "docid": "5660", "rank": "3", "page": "1"}
{"type": "cursorLeftSnippet", "timestamp": "2026-02-24T13:17:19.729Z", "sessionID": "4a1a57a4-609f-4945-9d87-2e33fb6b8a85", "query": "cows", "docid": "5660", "rank": "3", "page": "1"}
{"type": "cursorEnteredSnippet", "timestamp": "2026-02-24T13:17:19.729Z", "sessionID": "4a1a57a4-609f-4945-9d87-2e33fb6b8a85", "query": "cows", "docid": "3261", "rank": "9", "page": "1"}
{"type": "cursorLeftSnippet", "timestamp": "2026-02-24T13:17:19.878Z", "sessionID": "4a1a57a4-609f-4945-9d87-2e33fb6b8a85", "query": "cows", "docid": "3261", "rank": "9", "page": "1"}
{"type": "cursorEnteredSnippet", "timestamp": "2026-02-24T13:17:19.896Z", "sessionID": "4a1a57a4-609f-4945-9d87-2e33fb6b8a85", "query": "cows", "docid": "6498", "rank": "10", "page": "1"}
{"type": "cursorLeftSnippet", "timestamp": "2026-02-24T13:17:20.145Z", "sessionID": "4a1a57a4-609f-4945-9d87-2e33fb6b8a85", "query": "cows", "docid": "6498", "rank": "10", "page": "1"}
{"type": "pageNavigationClicked", "timestamp": "2026-02-24T13:17:20.536Z", "sessionID": "4a1a57a4-609f-4945-9d87-2e33fb6b8a85", "clicked": "7", "fromPage": 1, "toPage": 7}
{"type": "cursorEnteredSnippet", "timestamp": "2026-02-24T13:17:20.712Z", "sessionID": "4a1a57a4-609f-4945-9d87-2e33fb6b8a85", "query": "cows", "docid": "6498", "rank": "10", "page": "1"}
{"type": "searchResultGenerated", "timestamp": "2026-02-24T13:17:21.004Z", "sessionID": "4a1a57a4-609f-4945-9d87-2e33fb6b8a85", "query": "cows", "docid": "3132", "rank": "1", "page": "7", "url": "https://www.africanstorybook.org/#", "windowLocation": "http://localhost:7001/result?query=cows&page=7"}
{"type": "searchResultGenerated", "timestamp": "2026-02-24T13:17:21.004Z", "sessionID": "4a1a57a4-609f-4945-9d87-2e33fb6b8a85", "query": "cows", "docid": "6753", "rank": "2", "page": "7", "url": "http://www.gutenberg.org/files/19140/19140-h/19140-h.htm", "windowLocation": "http://localhost:7001/result?query=cows&page=7"}
{"type": "searchResultGenerated", "timestamp": "2026-02-24T13:17:21.005Z", "sessionID": "4a1a57a4-609f-4945-9d87-2e33fb6b8a85", "query": "cows", "docid": "7041", "rank": "3", "page": "7", "url": "http://www.gutenberg.org/files/25359/25359-h/25359-h.htm#Page_304", "windowLocation": "http://localhost:7001/result?query=cows&page=7"}
{"type": "searchResultGenerated", "timestamp": "2026-02-24T13:17:21.005Z", "sessionID": "4a1a57a4-609f-4945-9d87-2e33fb6b8a85", "query": "cows", "docid": "5324", "rank": "4", "page": "7", "url": "http://www.gutenberg.org/files/8297/8297-h/8297-h.htm#255", "windowLocation": "http://localhost:7001/result?query=cows&page=7"}
{"type": "searchResultGenerated", "timestamp": "2026-02-24T13:17:21.006Z", "sessionID": "4a1a57a4-609f-4945-9d87-2e33fb6b8a85", "query": "cows", "docid": "6057", "rank": "5", "page": "7", "url": "https://www.commonlit.org/texts/from-the-wild-horses-of-assateague-island", "windowLocation": "http://localhost:7001/result?query=cows&page=7"}
{"type": "cursorEnteredSnippet", "timestamp": "2026-02-24T13:17:21.361Z", "sessionID": "4a1a57a4-609f-4945-9d87-2e33fb6b8a85", "query": "cows", "docid": "5324", "rank": "4", "page": "7"}
{"type": "clickedResult", "timestamp": "2026-02-24T13:17:22.055Z", "sessionID": "4a1a57a4-609f-4945-9d87-2e33fb6b8a85", "query": "cows", "rank": "4", "page": "7", "url": "http://www.gutenberg.org/files/8297/8297-h/8297-h.htm#255"}
{"type": "cursorLeftSnippet", "timestamp": "2026-02-24T13:17:22.505Z", "sessionID": "4a1a57a4-609f-4945-9d87-2e33fb6b8a85", "query": "cows", "docid": "5324", "rank": "4", "page": "7"}
{"type": "cursorEnteredSnippet", "timestamp": "2026-02-24T13:17:27.911Z", "sessionID": "4a1a57a4-609f-4945-9d87-2e33fb6b8a85", "query": "cows", "docid": "3132", "rank": "1", "page": "7"}
{"type": "cursorLeftSnippet", "timestamp": "2026-02-24T13:17:29.694Z", "sessionID": "4a1a57a4-609f-4945-9d87-2e33fb6b8a85", "query": "cows", "docid": "3132", "rank": "1", "page": "7"}
{"type": "searchResultGenerated", "timestamp": "2026-02-24T13:17:30.822Z", "sessionID": "4a1a57a4-609f-4945-9d87-2e33fb6b8a85", "query": "cows", "docid": "5712", "rank": "1", "page": "1", "url": "http://www.gutenberg.org/files/24478/24478-h/24478-h.htm#Page_129", "windowLocation": "http://localhost:7001/result?query=cows&page=1"}
{"type": "searchResultGenerated", "timestamp": "2026-02-24T13:17:30.822Z", "sessionID": "4a1a57a4-609f-4945-9d87-2e33fb6b8a85", "query": "cows", "docid": "3434", "rank": "2", "page": "1", "url": "https://www.africanstorybook.org/", "windowLocation": "http://localhost:7001/result?query=cows&page=1"}
{"type": "searchResultGenerated", "timestamp": "2026-02-24T13:17:30.822Z", "sessionID": "4a1a57a4-609f-4945-9d87-2e33fb6b8a85", "query": "cows", "docid": "5660", "rank": "3", "page": "1", "url": "http://www.gutenberg.org/files/16522/16522-h/16522-h.htm#GOING_AFTER_COWS", "windowLocation": "http://localhost:7001/result?query=cows&page=1"}
{"type": "searchResultGenerated", "timestamp": "2026-02-24T13:17:30.822Z", "sessionID": "4a1a57a4-609f-4945-9d87-2e33fb6b8a85", "query": "cows", "docid": "7020", "rank": "4", "page": "1", "url": "http://www.gutenberg.org/files/25359/25359-h/25359-h.htm#Page_204", "windowLocation": "http://localhost:7001/result?query=cows&page=1"}
{"type": "searchResultGenerated", "timestamp": "2026-02-24T13:17:30.822Z", "sessionID": "4a1a57a4-609f-4945-9d87-2e33fb6b8a85", "query": "cows", "docid": "5776", "rank": "5", "page": "1", "url": "http://www.gutenberg.org/files/24478/24478-h/24478-h.htm#Page_142", "windowLocation": "http://localhost:7001/result?query=cows&page=1"}
{"type": "searchResultGenerated", "timestamp": "2026-02-24T13:17:30.823Z", "sessionID": "4a1a57a4-609f-4945-9d87-2e33fb6b8a85", "query": "cows", "docid": "3095", "rank": "6", "page": "1", "url": "https://www.africanstorybook.org/", "windowLocation": "http://localhost:7001/result?query=cows&page=1"}
{"type": "searchResultGenerated", "timestamp": "2026-02-24T13:17:30.823Z", "sessionID": "4a1a57a4-609f-4945-9d87-2e33fb6b8a85", "query": "cows", "docid": "2774", "rank": "7", "page": "1", "url": "https://www.africanstorybook.org/#", "windowLocation": "http://localhost:7001/result?query=cows&page=1"}
{"type": "searchResultGenerated", "timestamp": "2026-02-24T13:17:30.824Z", "sessionID": "4a1a57a4-609f-4945-9d87-2e33fb6b8a85", "query": "cows", "docid": "3346", "rank": "8", "page": "1", "url": "https://www.africanstorybook.org/", "windowLocation": "http://localhost:7001/result?query=cows&page=1"}
{"type": "searchResultGenerated", "timestamp": "2026-02-24T13:17:30.824Z", "sessionID": "4a1a57a4-609f-4945-9d87-2e33fb6b8a85", "query": "cows", "docid": "3261", "rank": "9", "page": "1", "url": "https://kids.frontiersin.org/article/10.3389/frym.2015.00017", "windowLocation": "http://localhost:7001/result?query=cows&page=1"}
{"type": "searchResultGenerated", "timestamp": "2026-02-24T13:17:30.825Z", "sessionID": "4a1a57a4-609f-4945-9d87-2e33fb6b8a85", "query": "cows", "docid": "6498", "rank": "10", "page": "1", "url": "http://www.gutenberg.org/files/24545/24545-h/24545-h.htm", "windowLocation": "http://localhost:7001/result?query=cows&page=1"}
{"type": "searchResultGenerated", "timestamp": "2026-02-24T13:17:34.500Z", "sessionID": "4a1a57a4-609f-4945-9d87-2e33fb6b8a85", "query": "ducks", "docid": "2938", "rank": "1", "page": "1", "url": "https://www.africanstorybook.org/#", "windowLocation": "http://localhost:7001/result?query=ducks&page=1"}
{"type": "searchResultGenerated", "timestamp": "2026-02-24T13:17:34.501Z", "sessionID": "4a1a57a4-609f-4945-9d87-2e33fb6b8a85", "query": "ducks", "docid": "5607", "rank": "2", "page": "1", "url": "http://www.gutenberg.org/files/15170/15170-h/15170-h.htm#mirror", "windowLocation": "http://localhost:7001/result?query=ducks&page=1"}
{"type": "searchResultGenerated", "timestamp": "2026-02-24T13:17:34.501Z", "sessionID": "4a1a57a4-609f-4945-9d87-2e33fb6b8a85", "query": "ducks", "docid": "5292", "rank": "3", "page": "1", "url": "http://www.gutenberg.org/files/40756/40756-h/40756-h.htm#Page_135", "windowLocation": "http://localhost:7001/result?query=ducks&page=1"}
{"type": "searchResultGenerated", "timestamp": "2026-02-24T13:17:34.502Z", "sessionID": "4a1a57a4-609f-4945-9d87-2e33fb6b8a85", "query": "ducks", "docid": "5499", "rank": "4", "page": "1", "url": "http://www.gutenberg.org/files/28130/28130-h/28130-h.htm#Page_57", "windowLocation": "http://localhost:7001/result?query=ducks&page=1"}
{"type": "searchResultGenerated", "timestamp": "2026-02-24T13:17:34.502Z", "sessionID": "4a1a57a4-609f-4945-9d87-2e33fb6b8a85", "query": "ducks", "docid": "5642", "rank": "5", "page": "1", "url": "http://www.gutenberg.org/files/16522/16522-h/16522-h.htm#ELSIES_DUCKS", "windowLocation": "http://localhost:7001/result?query=ducks&page=1"}
{"type": "searchResultGenerated", "timestamp": "2026-02-24T13:17:34.503Z", "sessionID": "4a1a57a4-609f-4945-9d87-2e33fb6b8a85", "query": "ducks", "docid": "4817", "rank": "6", "page": "1", "url": "http://www.gutenberg.org/files/902/902-h/902-h.htm", "windowLocation": "http://localhost:7001/result?query=ducks&page=1"}
{"type": "searchResultGenerated", "timestamp": "2026-02-24T13:17:34.503Z", "sessionID": "4a1a57a4-609f-4945-9d87-2e33fb6b8a85", "query": "ducks", "docid": "4970", "rank": "7", "page": "1", "url": "http://www.gutenberg.org/files/8950/8950-h/8950-h.htm", "windowLocation": "http://localhost:7001/result?query=ducks&page=1"}
{"type": "searchResultGenerated", "timestamp": "2026-02-24T13:17:34.504Z", "sessionID": "4a1a57a4-609f-4945-9d87-2e33fb6b8a85", "query": "ducks", "docid": "6202", "rank": "8", "page": "1", "url": "http://www.gutenberg.org/files/16891/16891-h/16891-h.htm", "windowLocation": "http://localhost:7001/result?query=ducks&page=1"}
{"type": "searchResultGenerated", "timestamp": "2026-02-24T13:17:34.504Z", "sessionID": "4a1a57a4-609f-4945-9d87-2e33fb6b8a85", "query": "ducks", "docid": "5714", "rank": "9", "page": "1", "url": "http://www.gutenberg.org/files/24940/24940-h/24940-h.htm#Page_69", "windowLocation": "http://localhost:7001/result?query=ducks&page=1"}
{"type": "searchResultGenerated", "timestamp": "2026-02-24T13:17:34.506Z", "sessionID": "4a1a57a4-609f-4945-9d87-2e33fb6b8a85", "query": "ducks", "docid": "5589", "rank": "10", "page": "1", "url": "http://www.gutenberg.org/files/28133/28133-h/28133-h.htm#Page_139", "windowLocation": "http://localhost:7001/result?query=ducks&page=1"}
{"type": "ClickedEndTask", "timestamp": "2026-02-24T13:17:42.231Z", "sessionID": "4a1a57a4-609f-4945-9d87-2e33fb6b8a85"}
{"type": "TaskEndConfirmed", "timestamp": "2026-02-24T13:17:43.318Z", "sessionID": "4a1a57a4-609f-4945-9d87-2e33fb6b8a85"}
