{"type": "TaskStarted", "timestamp": "2026-03-03T15:59:39.275Z", "sessionID": "c619d679-abac-4620-b26e-38934a0f0383"}
{"type": "idSubmitted", "timestamp": "2026-03-03T15:59:39.278Z", "sessionID": "c619d679-abac-4620-b26e-38934a0f0383", "uid": "Participant20"}
{"type": "queryBoxFocused", "timestamp": "2026-03-03T15:59:40.925Z", "sessionID": "c619d679-abac-4620-b26e-38934a0f0383"}
{"type": "querySubmitted", "timestamp": "2026-03-03T15:59:42.424Z", "sessionID": "c619d679-abac-4620-b26e-38934a0f0383", "query": "ducks"}
{"type": "searchResultGenerated", "timestamp": "2026-03-03T15:59:43.503Z", "sessionID": "c619d679-abac-4620-b26e-38934a0f0383", "query": "ducks", "docid": "2938", "rank": "1", "page": "1", "url": "https://www.africanstorybook.org/#", "windowLocation": "http://localhost:7001/result?query=ducks&page=1"}
{"type": "searchResultGenerated", "timestamp": "2026-03-03T15:59:43.503Z", "sessionID": "c619d679-abac-4620-b26e-38934a0f0383", "query": "ducks", "docid": "5607", "rank": "2", "page": "1", "url": "http://www.gutenberg.org/files/15170/15170-h/15170-h.htm#mirror", "windowLocation": "http://localhost:7001/result?query=ducks&page=1"}
{"type": "searchResultGenerated", "timestamp": "2026-03-03T15:59:43.503Z", "sessionID": "c619d679-abac-4620-b26e-38934a0f0383", "query": "ducks", "docid": "5292", "rank": "3", "page": "1", "url": "http://www.gutenberg.org/files/40756/40756-h/40756-h.htm#Page_135", "windowLocation": "http://localhost:7001/result?query=ducks&page=1"}
{"type": "searchResultGenerated", "timestamp": "2026-03-03T15:59:43.503Z", "sessionID": "c619d679-abac-4620-b26e-38934a0f0383", "query": "ducks", "docid": "5499", "rank": "4", "page": "1", "url": "http://www.gutenberg.org/files/28130/28130-h/28130-h.htm#Page_57", "windowLocation": "http://localhost:7001/result?query=ducks&page=1"}
{"type": "searchResultGenerated", "timestamp": "2026-03-03T15:59:43.503Z", "sessionID": "c619d679-abac-4620-b26e-38934a0f0383", "query": "ducks", "docid": "5642", "rank": "5", "page": "1", "url": "http://www.gutenberg.org/files/16522/16522-h/16522-h.htm#ELSIES_DUCKS", "windowLocation": "http://localhost:7001/result?query=ducks&page=1"}
{"type": "searchResultGenerated", "timestamp": "2026-03-03T15:59:43.503Z", "sessionID": "c619d679-abac-4620-b26e-38934a0f0383", "query": "ducks", "docid": "4817", "rank": "6", "page": "1", "url": "http://www.gutenberg.org/files/902/902-h/902-h.htm", "windowLocation": "http://localhost:7001/result?query=ducks&page=1"}
{"type": "searchResultGenerated", "timestamp": "2026-03-03T15:59:43.503Z", "sessionID": "c619d679-abac-4620-b26e-38934a0f0383", "query": "ducks", "docid": "4970", "rank": "7", "page": "1", "url": "http://www.gutenberg.org/files/8950/8950-h/8950-h.htm", "windowLocation": "http://localhost:7001/result?query=ducks&page=1"}
{"type": "searchResultGenerated", "timestamp": "2026-03-03T15:59:43.503Z", "sessionID": "c619d679-abac-4620-b26e-38934a0f0383", "query": "ducks", "docid": "6202", "rank": "8", "page": "1", "url": "http://www.gutenberg.org/files/16891/16891-h/16891-h.htm", "windowLocation": "http://localhost:7001/result?query=ducks&page=1"}
{"type": "searchResultGenerated", "timestamp": "2026-03-03T15:59:43.503Z", "sessionID": "c619d679-abac-4620-b26e-38934a0f0383", "query": "ducks", "docid": "5714", "rank": "9", "page": "1", "url": "http://www.gutenberg.org/files/24940/24940-h/24940-h.htm#Page_69", "windowLocation": "http://localhost:7001/result?query=ducks&page=1"}
{"type": "searchResultGenerated", "timestamp": "2026-03-03T15:59:43.503Z", "sessionID": "c619d679-abac-4620-b26e-38934a0f0383", "query": "ducks", "docid": "5589", "rank": "10", "page": "1", "url": "http://www.gutenberg.org/files/28133/28133-h/28133-h.htm#Page_139", "windowLocation": "http://localhost:7001/result?query=ducks&page=1"}
{"type": "pageNavigationClicked", "timestamp": "2026-03-03T15:59:47.208Z", "sessionID": "c619d679-abac-4620-b26e-38934a0f0383", "clicked": "4", "fromPage": 1, "toPage": 4}
{"type": "searchResultGenerated", "timestamp": "2026-03-03T15:59:47.625Z", "sessionID": "c619d679-abac-4620-b26e-38934a0f0383", "query": "ducks", "docid": "7041", "rank": "1", "page": "4", "url": "http://www.gutenberg.org/files/25359/25359-h/25359-h.htm#Page_304", "windowLocation": "http://localhost:7001/result?query=ducks&page=4"}
{"type": "searchResultGenerated", "timestamp": "2026-03-03T15:59:47.626Z", "sessionID": "c619d679-abac-4620-b26e-38934a0f0383", "query": "ducks", "docid": "3213", "rank": "2", "page": "4", "url": "https://freekidsbooks.org/wp-content/uploads/2020/06/the-dance-of-the-flamingo-Pratham-FKB.pdf", "windowLocation": "http://localhost:7001/result?query=ducks&page=4"}
{"type": "cursorEnteredSnippet", "timestamp": "2026-03-03T15:59:48.312Z", "sessionID": "c619d679-abac-4620-b26e-38934a0f0383", "query": "ducks", "docid": "7041", "rank": "1", "page": "4", "url": "http://www.gutenberg.org/files/25359/25359-h/25359-h.htm#Page_304", "windowLocation": "http://localhost:7001/result?query=ducks&page=4"}
{"type": "cursorLeftSnippet", "timestamp": "2026-03-03T15:59:48.428Z", "sessionID": "c619d679-abac-4620-b26e-38934a0f0383", "query": "ducks", "docid": "7041", "rank": "1", "page": "4", "url": "http://www.gutenberg.org/files/25359/25359-h/25359-h.htm#Page_304", "windowLocation": "http://localhost:7001/result?query=ducks&page=4"}
{"type": "cursorEnteredSnippet", "timestamp": "2026-03-03T15:59:48.579Z", "sessionID": "c619d679-abac-4620-b26e-38934a0f0383", "query": "ducks", "docid": "7041", "rank": "1", "page": "4", "url": "http://www.gutenberg.org/files/25359/25359-h/25359-h.htm#Page_304", "windowLocation": "http://localhost:7001/result?query=ducks&page=4"}
{"type": "clickedResult", "timestamp": "2026-03-03T15:59:49.173Z", "sessionID": "c619d679-abac-4620-b26e-38934a0f0383", "query": "ducks", "rank": "1", "page": "4", "url": "http://www.gutenberg.org/files/25359/25359-h/25359-h.htm#Page_304", "windowLocation": "http://www.gutenberg.org/files/25359/25359-h/25359-h.htm#Page_304"}
{"type": "cursorLeftSnippet", "timestamp": "2026-03-03T15:59:49.669Z", "sessionID": "c619d679-abac-4620-b26e-38934a0f0383", "query": "ducks", "docid": "7041", "rank": "1", "page": "4", "url": "http://www.gutenberg.org/files/25359/25359-h/25359-h.htm#Page_304", "windowLocation": "http://localhost:7001/result?query=ducks&page=4"}
{"type": "ClickedEndTask", "timestamp": "2026-03-03T15:59:54.025Z", "sessionID": "c619d679-abac-4620-b26e-38934a0f0383"}
{"type": "TaskEndConfirmed", "timestamp": "2026-03-03T15:59:54.818Z", "sessionID": "c619d679-abac-4620-b26e-38934a0f0383"}
