{"type": "TaskStarted", "timestamp": "2026-02-24T13:48:27.360Z", "sessionID": "8786b3c9-a4b7-434b-a9a1-eafb553cba74"}
{"type": "idSubmitted", "timestamp": "2026-02-24T13:48:27.361Z", "sessionID": "8786b3c9-a4b7-434b-a9a1-eafb553cba74", "uid": "Participant21"}
{"type": "queryBoxFocused", "timestamp": "2026-02-24T13:48:29.282Z", "sessionID": "8786b3c9-a4b7-434b-a9a1-eafb553cba74"}
{"type": "querySubmitted", "timestamp": "2026-02-24T13:48:30.903Z", "sessionID": "8786b3c9-a4b7-434b-a9a1-eafb553cba74", "query": "ducks"}
{"type": "searchResultGenerated", "timestamp": "2026-02-24T13:48:31.951Z", "sessionID": "8786b3c9-a4b7-434b-a9a1-eafb553cba74", "query": "ducks", "docid": "2938", "rank": "1", "page": "1", "url": "https://www.africanstorybook.org/#", "windowLocation": "http://localhost:7001/result?query=ducks&page=1"}
{"type": "searchResultGenerated", "timestamp": "2026-02-24T13:48:31.951Z", "sessionID": "8786b3c9-a4b7-434b-a9a1-eafb553cba74", "query": "ducks", "docid": "5607", "rank": "2", "page": "1", "url": "http://www.gutenberg.org/files/15170/15170-h/15170-h.htm#mirror", "windowLocation": "http://localhost:7001/result?query=ducks&page=1"}
{"type": "searchResultGenerated", "timestamp": "2026-02-24T13:48:31.951Z", "sessionID": "8786b3c9-a4b7-434b-a9a1-eafb553cba74", "query": "ducks", "docid": "5292", "rank": "3", "page": "1", "url": "http://www.gutenberg.org/files/40756/40756-h/40756-h.htm#Page_135", "windowLocation": "http://localhost:7001/result?query=ducks&page=1"}
{"type": "searchResultGenerated", "timestamp": "2026-02-24T13:48:31.951Z", "sessionID": "8786b3c9-a4b7-434b-a9a1-eafb553cba74", "query": "ducks", "docid": "5499", "rank": "4", "page": "1", "url": "http://www.gutenberg.org/files/28130/28130-h/28130-h.htm#Page_57", "windowLocation": "http://localhost:7001/result?query=ducks&page=1"}
{"type": "searchResultGenerated", "timestamp": "2026-02-24T13:48:31.952Z", "sessionID": "8786b3c9-a4b7-434b-a9a1-eafb553cba74", "query": "ducks", "docid": "5642", "rank": "5", "page": "1", "url": "http://www.gutenberg.org/files/16522/16522-h/16522-h.htm#ELSIES_DUCKS", "windowLocation": "http://localhost:7001/result?query=ducks&page=1"}
{"type": "searchResultGenerated", "timestamp": "2026-02-24T13:48:31.952Z", "sessionID": "8786b3c9-a4b7-434b-a9a1-eafb553cba74", "query": "ducks", "docid": "4817", "rank": "6", "page": "1", "url": "http://www.gutenberg.org/files/902/902-h/902-h.htm", "windowLocation": "http://localhost:7001/result?query=ducks&page=1"}
{"type": "searchResultGenerated", "timestamp": "2026-02-24T13:48:31.952Z", "sessionID": "8786b3c9-a4b7-434b-a9a1-eafb553cba74", "query": "ducks", "docid": "4970", "rank": "7", "page": "1", "url": "http://www.gutenberg.org/files/8950/8950-h/8950-h.htm", "windowLocation": "http://localhost:7001/result?query=ducks&page=1"}
{"type": "searchResultGenerated", "timestamp": "2026-02-24T13:48:31.952Z", "sessionID": "8786b3c9-a4b7-434b-a9a1-eafb553cba74", "query": "ducks", "docid": "6202", "rank": "8", "page": "1", "url": "http://www.gutenberg.org/files/16891/16891-h/16891-h.htm", "windowLocation": "http://localhost:7001/result?query=ducks&page=1"}
{"type": "searchResultGenerated", "timestamp": "2026-02-24T13:48:31.952Z", "sessionID": "8786b3c9-a4b7-434b-a9a1-eafb553cba74", "query": "ducks", "docid": "5714", "rank": "9", "page": "1", "url": "http://www.gutenberg.org/files/24940/24940-h/24940-h.htm#Page_69", "windowLocation": "http://localhost:7001/result?query=ducks&page=1"}
{"type": "searchResultGenerated", "timestamp": "2026-02-24T13:48:31.952Z", "sessionID": "8786b3c9-a4b7-434b-a9a1-eafb553cba74", "query": "ducks", "docid": "5589", "rank": "10", "page": "1", "url": "http://www.gutenberg.org/files/28133/28133-h/28133-h.htm#Page_139", "windowLocation": "http://localhost:7001/result?query=ducks&page=1"}
{"type": "cursorEnteredSnippet", "timestamp": "2026-02-24T13:48:32.416Z", "sessionID": "8786b3c9-a4b7-434b-a9a1-eafb553cba74", "query": "ducks", "docid": "2938", "rank": "1", "page": "1"}
{"type": "cursorLeftSnippet", "timestamp": "2026-02-24T13:48:32.466Z", "sessionID": "8786b3c9-a4b7-434b-a9a1-eafb553cba74", "query": "ducks", "docid": "2938", "rank": "1", "page": "1"}
{"type": "cursorEnteredSnippet", "timestamp": "2026-02-24T13:48:32.483Z", "sessionID": "8786b3c9-a4b7-434b-a9a1-eafb553cba74", "query": "ducks", "docid": "5607", "rank": "2", "page": "1"}
{"type": "cursorLeftSnippet", "timestamp": "2026-02-24T13:48:32.783Z", "sessionID": "8786b3c9-a4b7-434b-a9a1-eafb553cba74", "query": "ducks", "docid": "5607", "rank": "2", "page": "1"}
{"type": "cursorEnteredSnippet", "timestamp": "2026-02-24T13:48:32.916Z", "sessionID": "8786b3c9-a4b7-434b-a9a1-eafb553cba74", "query": "ducks", "docid": "5292", "rank": "3", "page": "1"}
{"type": "clickedResult", "timestamp": "2026-02-24T13:48:33.423Z", "sessionID": "8786b3c9-a4b7-434b-a9a1-eafb553cba74", "query": "ducks", "rank": "3", "page": "1", "url": "http://www.gutenberg.org/files/40756/40756-h/40756-h.htm#Page_135"}
{"type": "cursorLeftSnippet", "timestamp": "2026-02-24T13:48:33.605Z", "sessionID": "8786b3c9-a4b7-434b-a9a1-eafb553cba74", "query": "ducks", "docid": "5292", "rank": "3", "page": "1"}
{"type": "wentBack", "timestamp": "2026-02-24T13:48:35.732Z", "sessionID": "8786b3c9-a4b7-434b-a9a1-eafb553cba74"}
{"type": "queryBoxFocused", "timestamp": "2026-02-24T13:48:37.984Z", "sessionID": "8786b3c9-a4b7-434b-a9a1-eafb553cba74"}
{"type": "querySubmitted", "timestamp": "2026-02-24T13:48:40.784Z", "sessionID": "8786b3c9-a4b7-434b-a9a1-eafb553cba74", "query": "boats"}
{"type": "searchResultGenerated", "timestamp": "2026-02-24T13:48:41.206Z", "sessionID": "8786b3c9-a4b7-434b-a9a1-eafb553cba74", "query": "boats", "docid": "7248", "rank": "1", "page": "1", "url": "http://www.gutenberg.org/files/8504/8504-h/8504-h.htm#5", "windowLocation": "http://localhost:7001/result?query=boats&page=1"}
{"type": "searchResultGenerated", "timestamp": "2026-02-24T13:48:41.206Z", "sessionID": "8786b3c9-a4b7-434b-a9a1-eafb553cba74", "query": "boats", "docid": "1102", "rank": "2", "page": "1", "url": "http://www.gutenberg.org/files/22168/22168-h/22168-h.htm#h2H_4_0007", "windowLocation": "http://localhost:7001/result?query=boats&page=1"}
{"type": "searchResultGenerated", "timestamp": "2026-02-24T13:48:41.207Z", "sessionID": "8786b3c9-a4b7-434b-a9a1-eafb553cba74", "query": "boats", "docid": "5775", "rank": "3", "page": "1", "url": "http://www.gutenberg.org/files/24477/24477-h/24477-h.htm#Page_110", "windowLocation": "http://localhost:7001/result?query=boats&page=1"}
{"type": "searchResultGenerated", "timestamp": "2026-02-24T13:48:41.207Z", "sessionID": "8786b3c9-a4b7-434b-a9a1-eafb553cba74", "query": "boats", "docid": "5855", "rank": "4", "page": "1", "url": "http://www.online-literature.com/wilkie-collins/rambles-beyond-railways/0/", "windowLocation": "http://localhost:7001/result?query=boats&page=1"}
{"type": "searchResultGenerated", "timestamp": "2026-02-24T13:48:41.207Z", "sessionID": "8786b3c9-a4b7-434b-a9a1-eafb553cba74", "query": "boats", "docid": "3758", "rank": "5", "page": "1", "url": "http://www.gutenberg.org/files/38750/38750-h/38750-h.htm#Page_290", "windowLocation": "http://localhost:7001/result?query=boats&page=1"}
{"type": "searchResultGenerated", "timestamp": "2026-02-24T13:48:41.207Z", "sessionID": "8786b3c9-a4b7-434b-a9a1-eafb553cba74", "query": "boats", "docid": "5524", "rank": "6", "page": "1", "url": "http://www.gutenberg.org/files/28130/28130-h/28130-h.htm#Page_47", "windowLocation": "http://localhost:7001/result?query=boats&page=1"}
{"type": "searchResultGenerated", "timestamp": "2026-02-24T13:48:41.208Z", "sessionID": "8786b3c9-a4b7-434b-a9a1-eafb553cba74", "query": "boats", "docid": "3809", "rank": "7", "page": "1", "url": "http://www.gutenberg.org/files/2591/2591-h/2591-h.htm", "windowLocation": "http://localhost:7001/result?query=boats&page=1"}
{"type": "searchResultGenerated", "timestamp": "2026-02-24T13:48:41.208Z", "sessionID": "8786b3c9-a4b7-434b-a9a1-eafb553cba74", "query": "boats", "docid": "6588", "rank": "8", "page": "1", "url": "http://www.gutenberg.org/files/13577/13577-h/13577-h.htm", "windowLocation": "http://localhost:7001/result?query=boats&page=1"}
{"type": "searchResultGenerated", "timestamp": "2026-02-24T13:48:41.208Z", "sessionID": "8786b3c9-a4b7-434b-a9a1-eafb553cba74", "query": "boats", "docid": "7051", "rank": "9", "page": "1", "url": "http://www.gutenberg.org/files/20117/20117-h/20117-h.htm#A_COAT_OF_PAINT", "windowLocation": "http://localhost:7001/result?query=boats&page=1"}
{"type": "searchResultGenerated", "timestamp": "2026-02-24T13:48:41.209Z", "sessionID": "8786b3c9-a4b7-434b-a9a1-eafb553cba74", "query": "boats", "docid": "1201", "rank": "10", "page": "1", "url": "http://www.gutenberg.org/files/21137/21137-h/21137-h.htm", "windowLocation": "http://localhost:7001/result?query=boats&page=1"}
{"type": "cursorEnteredSnippet", "timestamp": "2026-02-24T13:48:41.799Z", "sessionID": "8786b3c9-a4b7-434b-a9a1-eafb553cba74", "query": "boats", "docid": "1102", "rank": "2", "page": "1"}
{"type": "cursorLeftSnippet", "timestamp": "2026-02-24T13:48:41.815Z", "sessionID": "8786b3c9-a4b7-434b-a9a1-eafb553cba74", "query": "boats", "docid": "1102", "rank": "2", "page": "1"}
{"type": "cursorEnteredSnippet", "timestamp": "2026-02-24T13:48:41.832Z", "sessionID": "8786b3c9-a4b7-434b-a9a1-eafb553cba74", "query": "boats", "docid": "5775", "rank": "3", "page": "1"}
{"type": "cursorLeftSnippet", "timestamp": "2026-02-24T13:48:41.883Z", "sessionID": "8786b3c9-a4b7-434b-a9a1-eafb553cba74", "query": "boats", "docid": "5775", "rank": "3", "page": "1"}
{"type": "cursorEnteredSnippet", "timestamp": "2026-02-24T13:48:41.899Z", "sessionID": "8786b3c9-a4b7-434b-a9a1-eafb553cba74", "query": "boats", "docid": "5855", "rank": "4", "page": "1"}
{"type": "cursorLeftSnippet", "timestamp": "2026-02-24T13:48:41.966Z", "sessionID": "8786b3c9-a4b7-434b-a9a1-eafb553cba74", "query": "boats", "docid": "5855", "rank": "4", "page": "1"}
{"type": "cursorEnteredSnippet", "timestamp": "2026-02-24T13:48:42.049Z", "sessionID": "8786b3c9-a4b7-434b-a9a1-eafb553cba74", "query": "boats", "docid": "5775", "rank": "3", "page": "1"}
{"type": "clickedResult", "timestamp": "2026-02-24T13:48:43.051Z", "sessionID": "8786b3c9-a4b7-434b-a9a1-eafb553cba74", "query": "boats", "rank": "3", "page": "1", "url": "http://www.gutenberg.org/files/24477/24477-h/24477-h.htm#Page_110"}
{"type": "cursorLeftSnippet", "timestamp": "2026-02-24T13:48:43.304Z", "sessionID": "8786b3c9-a4b7-434b-a9a1-eafb553cba74", "query": "boats", "docid": "5775", "rank": "3", "page": "1"}
{"type": "wentBack", "timestamp": "2026-02-24T13:48:45.484Z", "sessionID": "8786b3c9-a4b7-434b-a9a1-eafb553cba74"}
{"type": "wentBack", "timestamp": "2026-02-24T13:48:46.875Z", "sessionID": "8786b3c9-a4b7-434b-a9a1-eafb553cba74"}
{"type": "pageNavigationClicked", "timestamp": "2026-02-24T13:48:50.114Z", "sessionID": "8786b3c9-a4b7-434b-a9a1-eafb553cba74", "clicked": "3", "fromPage": 1, "toPage": 3}
{"type": "searchResultGenerated", "timestamp": "2026-02-24T13:48:50.382Z", "sessionID": "8786b3c9-a4b7-434b-a9a1-eafb553cba74", "query": "ducks", "docid": "6235", "rank": "1", "page": "3", "url": "http://www.gutenberg.org/files/7252/7252-h/7252-h.htm", "windowLocation": "http://localhost:7001/result?query=ducks&page=3"}
{"type": "searchResultGenerated", "timestamp": "2026-02-24T13:48:50.383Z", "sessionID": "8786b3c9-a4b7-434b-a9a1-eafb553cba74", "query": "ducks", "docid": "2047", "rank": "2", "page": "3", "url": "https://kids.frontiersin.org/article/10.3389/frym.2020.00083", "windowLocation": "http://localhost:7001/result?query=ducks&page=3"}
{"type": "searchResultGenerated", "timestamp": "2026-02-24T13:48:50.383Z", "sessionID": "8786b3c9-a4b7-434b-a9a1-eafb553cba74", "query": "ducks", "docid": "7365", "rank": "3", "page": "3", "url": "https://www.digitallibrary.io/en/books/details/1391", "windowLocation": "http://localhost:7001/result?query=ducks&page=3"}
{"type": "searchResultGenerated", "timestamp": "2026-02-24T13:48:50.383Z", "sessionID": "8786b3c9-a4b7-434b-a9a1-eafb553cba74", "query": "ducks", "docid": "3208", "rank": "4", "page": "3", "url": "https://www.africanstorybook.org/", "windowLocation": "http://localhost:7001/result?query=ducks&page=3"}
{"type": "searchResultGenerated", "timestamp": "2026-02-24T13:48:50.383Z", "sessionID": "8786b3c9-a4b7-434b-a9a1-eafb553cba74", "query": "ducks", "docid": "4340", "rank": "5", "page": "3", "url": "https://www.commonlit.org/texts/the-open-window", "windowLocation": "http://localhost:7001/result?query=ducks&page=3"}
{"type": "searchResultGenerated", "timestamp": "2026-02-24T13:48:50.383Z", "sessionID": "8786b3c9-a4b7-434b-a9a1-eafb553cba74", "query": "ducks", "docid": "5234", "rank": "6", "page": "3", "url": "http://www.gutenberg.org/files/42159/42159-h/42159-h.htm#Page_308", "windowLocation": "http://localhost:7001/result?query=ducks&page=3"}
{"type": "searchResultGenerated", "timestamp": "2026-02-24T13:48:50.383Z", "sessionID": "8786b3c9-a4b7-434b-a9a1-eafb553cba74", "query": "ducks", "docid": "4261", "rank": "7", "page": "3", "url": "http://www.gutenberg.org/files/20521/20521-h/20521-h.htm#French_Amenities", "windowLocation": "http://localhost:7001/result?query=ducks&page=3"}
{"type": "searchResultGenerated", "timestamp": "2026-02-24T13:48:50.384Z", "sessionID": "8786b3c9-a4b7-434b-a9a1-eafb553cba74", "query": "ducks", "docid": "2967", "rank": "8", "page": "3", "url": "https://kids.frontiersin.org/article/10.3389/frym.2017.00007", "windowLocation": "http://localhost:7001/result?query=ducks&page=3"}
{"type": "searchResultGenerated", "timestamp": "2026-02-24T13:48:50.384Z", "sessionID": "8786b3c9-a4b7-434b-a9a1-eafb553cba74", "query": "ducks", "docid": "3071", "rank": "9", "page": "3", "url": "https://www.africanstorybook.org/", "windowLocation": "http://localhost:7001/result?query=ducks&page=3"}
{"type": "searchResultGenerated", "timestamp": "2026-02-24T13:48:50.384Z", "sessionID": "8786b3c9-a4b7-434b-a9a1-eafb553cba74", "query": "ducks", "docid": "7254", "rank": "10", "page": "3", "url": "https://www.digitallibrary.io/en/books/details/3753", "windowLocation": "http://localhost:7001/result?query=ducks&page=3"}
{"type": "cursorEnteredSnippet", "timestamp": "2026-02-24T13:48:50.440Z", "sessionID": "8786b3c9-a4b7-434b-a9a1-eafb553cba74", "query": "ducks", "docid": "7365", "rank": "3", "page": "3"}
{"type": "cursorLeftSnippet", "timestamp": "2026-02-24T13:48:50.498Z", "sessionID": "8786b3c9-a4b7-434b-a9a1-eafb553cba74", "query": "ducks", "docid": "7365", "rank": "3", "page": "3"}
{"type": "cursorEnteredSnippet", "timestamp": "2026-02-24T13:48:50.499Z", "sessionID": "8786b3c9-a4b7-434b-a9a1-eafb553cba74", "query": "ducks", "docid": "2047", "rank": "2", "page": "3"}
{"type": "cursorLeftSnippet", "timestamp": "2026-02-24T13:48:52.232Z", "sessionID": "8786b3c9-a4b7-434b-a9a1-eafb553cba74", "query": "ducks", "docid": "2047", "rank": "2", "page": "3"}
{"type": "cursorEnteredSnippet", "timestamp": "2026-02-24T13:48:52.232Z", "sessionID": "8786b3c9-a4b7-434b-a9a1-eafb553cba74", "query": "ducks", "docid": "6235", "rank": "1", "page": "3"}
{"type": "cursorLeftSnippet", "timestamp": "2026-02-24T13:48:52.248Z", "sessionID": "8786b3c9-a4b7-434b-a9a1-eafb553cba74", "query": "ducks", "docid": "6235", "rank": "1", "page": "3"}
{"type": "cursorEnteredSnippet", "timestamp": "2026-02-24T13:48:52.566Z", "sessionID": "8786b3c9-a4b7-434b-a9a1-eafb553cba74", "query": "ducks", "docid": "6235", "rank": "1", "page": "3"}
{"type": "cursorLeftSnippet", "timestamp": "2026-02-24T13:48:52.616Z", "sessionID": "8786b3c9-a4b7-434b-a9a1-eafb553cba74", "query": "ducks", "docid": "6235", "rank": "1", "page": "3"}
{"type": "cursorEnteredSnippet", "timestamp": "2026-02-24T13:48:52.649Z", "sessionID": "8786b3c9-a4b7-434b-a9a1-eafb553cba74", "query": "ducks", "docid": "2047", "rank": "2", "page": "3"}
{"type": "clickedResult", "timestamp": "2026-02-24T13:48:53.418Z", "sessionID": "8786b3c9-a4b7-434b-a9a1-eafb553cba74", "query": "ducks", "rank": "2", "page": "3", "url": "https://kids.frontiersin.org/article/10.3389/frym.2020.00083"}
{"type": "cursorLeftSnippet", "timestamp": "2026-02-24T13:48:54.335Z", "sessionID": "8786b3c9-a4b7-434b-a9a1-eafb553cba74", "query": "ducks", "docid": "2047", "rank": "2", "page": "3"}
{"type": "wentBack", "timestamp": "2026-02-24T13:48:59.119Z", "sessionID": "8786b3c9-a4b7-434b-a9a1-eafb553cba74"}
{"type": "ClickedEndTask", "timestamp": "2026-02-24T13:49:06.291Z", "sessionID": "8786b3c9-a4b7-434b-a9a1-eafb553cba74"}
{"type": "TaskEndConfirmed", "timestamp": "2026-02-24T13:49:07.245Z", "sessionID": "8786b3c9-a4b7-434b-a9a1-eafb553cba74"}
