{"type": "TaskStarted", "timestamp": "2026-03-02T15:12:58.809Z", "sessionID": "f1bfe7c9-dad8-4d56-bc9a-723973fac491"}
{"type": "idSubmitted", "timestamp": "2026-03-02T15:12:58.813Z", "sessionID": "f1bfe7c9-dad8-4d56-bc9a-723973fac491", "uid": "Participant16"}
{"type": "queryBoxFocused", "timestamp": "2026-03-02T15:13:00.246Z", "sessionID": "f1bfe7c9-dad8-4d56-bc9a-723973fac491"}
{"type": "querySubmitted", "timestamp": "2026-03-02T15:14:20.009Z", "sessionID": "f1bfe7c9-dad8-4d56-bc9a-723973fac491", "query": "ducks"}
{"type": "searchResultGenerated", "timestamp": "2026-03-02T15:14:21.429Z", "sessionID": "f1bfe7c9-dad8-4d56-bc9a-723973fac491", "query": "ducks", "docid": "2938", "rank": "1", "page": "1", "url": "https://www.africanstorybook.org/#", "windowLocation": "http://localhost:7001/result?query=ducks&page=1"}
{"type": "searchResultGenerated", "timestamp": "2026-03-02T15:14:21.429Z", "sessionID": "f1bfe7c9-dad8-4d56-bc9a-723973fac491", "query": "ducks", "docid": "5607", "rank": "2", "page": "1", "url": "http://www.gutenberg.org/files/15170/15170-h/15170-h.htm#mirror", "windowLocation": "http://localhost:7001/result?query=ducks&page=1"}
{"type": "searchResultGenerated", "timestamp": "2026-03-02T15:14:21.429Z", "sessionID": "f1bfe7c9-dad8-4d56-bc9a-723973fac491", "query": "ducks", "docid": "5292", "rank": "3", "page": "1", "url": "http://www.gutenberg.org/files/40756/40756-h/40756-h.htm#Page_135", "windowLocation": "http://localhost:7001/result?query=ducks&page=1"}
{"type": "searchResultGenerated", "timestamp": "2026-03-02T15:14:21.429Z", "sessionID": "f1bfe7c9-dad8-4d56-bc9a-723973fac491", "query": "ducks", "docid": "5499", "rank": "4", "page": "1", "url": "http://www.gutenberg.org/files/28130/28130-h/28130-h.htm#Page_57", "windowLocation": "http://localhost:7001/result?query=ducks&page=1"}
{"type": "searchResultGenerated", "timestamp": "2026-03-02T15:14:21.429Z", "sessionID": "f1bfe7c9-dad8-4d56-bc9a-723973fac491", "query": "ducks", "docid": "5642", "rank": "5", "page": "1", "url": "http://www.gutenberg.org/files/16522/16522-h/16522-h.htm#ELSIES_DUCKS", "windowLocation": "http://localhost:7001/result?query=ducks&page=1"}
{"type": "searchResultGenerated", "timestamp": "2026-03-02T15:14:21.429Z", "sessionID": "f1bfe7c9-dad8-4d56-bc9a-723973fac491", "query": "ducks", "docid": "4817", "rank": "6", "page": "1", "url": "http://www.gutenberg.org/files/902/902-h/902-h.htm", "windowLocation": "http://localhost:7001/result?query=ducks&page=1"}
{"type": "searchResultGenerated", "timestamp": "2026-03-02T15:14:21.430Z", "sessionID": "f1bfe7c9-dad8-4d56-bc9a-723973fac491", "query": "ducks", "docid": "4970", "rank": "7", "page": "1", "url": "http://www.gutenberg.org/files/8950/8950-h/8950-h.htm", "windowLocation": "http://localhost:7001/result?query=ducks&page=1"}
{"type": "searchResultGenerated", "timestamp": "2026-03-02T15:14:21.430Z", "sessionID": "f1bfe7c9-dad8-4d56-bc9a-723973fac491", "query": "ducks", "docid": "6202", "rank": "8", "page": "1", "url": "http://www.gutenberg.org/files/16891/16891-h/16891-h.htm", "windowLocation": "http://localhost:7001/result?query=ducks&page=1"}
{"type": "searchResultGenerated", "timestamp": "2026-03-02T15:14:21.430Z", "sessionID": "f1bfe7c9-dad8-4d56-bc9a-723973fac491", "query": "ducks", "docid": "5714", "rank": "9", "page": "1", "url": "http://www.gutenberg.org/files/24940/24940-h/24940-h.htm#Page_69", "windowLocation": "http://localhost:7001/result?query=ducks&page=1"}
{"type": "searchResultGenerated", "timestamp": "2026-03-02T15:14:21.430Z", "sessionID": "f1bfe7c9-dad8-4d56-bc9a-723973fac491", "query": "ducks", "docid": "5589", "rank": "10", "page": "1", "url": "http://www.gutenberg.org/files/28133/28133-h/28133-h.htm#Page_139", "windowLocation": "http://localhost:7001/result?query=ducks&page=1"}
{"type": "cursorEnteredSnippet", "timestamp": "2026-03-02T15:14:23.150Z", "sessionID": "f1bfe7c9-dad8-4d56-bc9a-723973fac491", "query": "ducks", "docid": "2938", "rank": "1", "page": "1"}
{"type": "cursorLeftSnippet", "timestamp": "2026-03-02T15:14:23.184Z", "sessionID": "f1bfe7c9-dad8-4d56-bc9a-723973fac491", "query": "ducks", "docid": "2938", "rank": "1", "page": "1"}
{"type": "cursorEnteredSnippet", "timestamp": "2026-03-02T15:14:26.250Z", "sessionID": "f1bfe7c9-dad8-4d56-bc9a-723973fac491", "query": "ducks", "docid": "5589", "rank": "10", "page": "1"}
{"type": "cursorLeftSnippet", "timestamp": "2026-03-02T15:14:26.283Z", "sessionID": "f1bfe7c9-dad8-4d56-bc9a-723973fac491", "query": "ducks", "docid": "5589", "rank": "10", "page": "1"}
{"type": "pageNavigationClicked", "timestamp": "2026-03-02T15:14:27.102Z", "sessionID": "f1bfe7c9-dad8-4d56-bc9a-723973fac491", "clicked": "3", "fromPage": 1, "toPage": 3}
{"type": "searchResultGenerated", "timestamp": "2026-03-02T15:14:27.411Z", "sessionID": "f1bfe7c9-dad8-4d56-bc9a-723973fac491", "query": "ducks", "docid": "6235", "rank": "1", "page": "3", "url": "http://www.gutenberg.org/files/7252/7252-h/7252-h.htm", "windowLocation": "http://localhost:7001/result?query=ducks&page=3"}
{"type": "searchResultGenerated", "timestamp": "2026-03-02T15:14:27.412Z", "sessionID": "f1bfe7c9-dad8-4d56-bc9a-723973fac491", "query": "ducks", "docid": "2047", "rank": "2", "page": "3", "url": "https://kids.frontiersin.org/article/10.3389/frym.2020.00083", "windowLocation": "http://localhost:7001/result?query=ducks&page=3"}
{"type": "searchResultGenerated", "timestamp": "2026-03-02T15:14:27.412Z", "sessionID": "f1bfe7c9-dad8-4d56-bc9a-723973fac491", "query": "ducks", "docid": "7365", "rank": "3", "page": "3", "url": "https://www.digitallibrary.io/en/books/details/1391", "windowLocation": "http://localhost:7001/result?query=ducks&page=3"}
{"type": "searchResultGenerated", "timestamp": "2026-03-02T15:14:27.412Z", "sessionID": "f1bfe7c9-dad8-4d56-bc9a-723973fac491", "query": "ducks", "docid": "3208", "rank": "4", "page": "3", "url": "https://www.africanstorybook.org/", "windowLocation": "http://localhost:7001/result?query=ducks&page=3"}
{"type": "searchResultGenerated", "timestamp": "2026-03-02T15:14:27.412Z", "sessionID": "f1bfe7c9-dad8-4d56-bc9a-723973fac491", "query": "ducks", "docid": "4340", "rank": "5", "page": "3", "url": "https://www.commonlit.org/texts/the-open-window", "windowLocation": "http://localhost:7001/result?query=ducks&page=3"}
{"type": "searchResultGenerated", "timestamp": "2026-03-02T15:14:27.412Z", "sessionID": "f1bfe7c9-dad8-4d56-bc9a-723973fac491", "query": "ducks", "docid": "5234", "rank": "6", "page": "3", "url": "http://www.gutenberg.org/files/42159/42159-h/42159-h.htm#Page_308", "windowLocation": "http://localhost:7001/result?query=ducks&page=3"}
{"type": "searchResultGenerated", "timestamp": "2026-03-02T15:14:27.413Z", "sessionID": "f1bfe7c9-dad8-4d56-bc9a-723973fac491", "query": "ducks", "docid": "4261", "rank": "7", "page": "3", "url": "http://www.gutenberg.org/files/20521/20521-h/20521-h.htm#French_Amenities", "windowLocation": "http://localhost:7001/result?query=ducks&page=3"}
{"type": "searchResultGenerated", "timestamp": "2026-03-02T15:14:27.413Z", "sessionID": "f1bfe7c9-dad8-4d56-bc9a-723973fac491", "query": "ducks", "docid": "2967", "rank": "8", "page": "3", "url": "https://kids.frontiersin.org/article/10.3389/frym.2017.00007", "windowLocation": "http://localhost:7001/result?query=ducks&page=3"}
{"type": "searchResultGenerated", "timestamp": "2026-03-02T15:14:27.413Z", "sessionID": "f1bfe7c9-dad8-4d56-bc9a-723973fac491", "query": "ducks", "docid": "3071", "rank": "9", "page": "3", "url": "https://www.africanstorybook.org/", "windowLocation": "http://localhost:7001/result?query=ducks&page=3"}
{"type": "searchResultGenerated", "timestamp": "2026-03-02T15:14:27.413Z", "sessionID": "f1bfe7c9-dad8-4d56-bc9a-723973fac491", "query": "ducks", "docid": "7254", "rank": "10", "page": "3", "url": "https://www.digitallibrary.io/en/books/details/3753", "windowLocation": "http://localhost:7001/result?query=ducks&page=3"}
{"type": "cursorEnteredSnippet", "timestamp": "2026-03-02T15:14:27.683Z", "sessionID": "f1bfe7c9-dad8-4d56-bc9a-723973fac491", "query": "ducks", "docid": "7365", "rank": "3", "page": "3"}
{"type": "cursorLeftSnippet", "timestamp": "2026-03-02T15:14:27.816Z", "sessionID": "f1bfe7c9-dad8-4d56-bc9a-723973fac491", "query": "ducks", "docid": "7365", "rank": "3", "page": "3"}
{"type": "cursorEnteredSnippet", "timestamp": "2026-03-02T15:14:31.183Z", "sessionID": "f1bfe7c9-dad8-4d56-bc9a-723973fac491", "query": "ducks", "docid": "3208", "rank": "4", "page": "3"}
{"type": "cursorLeftSnippet", "timestamp": "2026-03-02T15:14:31.400Z", "sessionID": "f1bfe7c9-dad8-4d56-bc9a-723973fac491", "query": "ducks", "docid": "3208", "rank": "4", "page": "3"}
{"type": "cursorEnteredSnippet", "timestamp": "2026-03-02T15:14:31.534Z", "sessionID": "f1bfe7c9-dad8-4d56-bc9a-723973fac491", "query": "ducks", "docid": "3208", "rank": "4", "page": "3"}
{"type": "clickedResult", "timestamp": "2026-03-02T15:14:32.469Z", "sessionID": "f1bfe7c9-dad8-4d56-bc9a-723973fac491", "query": "ducks", "rank": "4", "page": "3", "url": "https://www.africanstorybook.org/", "searchAppLocation": "https://www.africanstorybook.org/"}
{"type": "cursorLeftSnippet", "timestamp": "2026-03-02T15:14:34.149Z", "sessionID": "f1bfe7c9-dad8-4d56-bc9a-723973fac491", "query": "ducks", "docid": "3208", "rank": "4", "page": "3"}
{"type": "searchResultGenerated", "timestamp": "2026-03-02T15:14:51.127Z", "sessionID": "f1bfe7c9-dad8-4d56-bc9a-723973fac491", "query": "ducks", "docid": "6235", "rank": "1", "page": "3", "url": "http://www.gutenberg.org/files/7252/7252-h/7252-h.htm", "windowLocation": "http://localhost:7001/result?query=ducks&page=3"}
{"type": "searchResultGenerated", "timestamp": "2026-03-02T15:14:51.127Z", "sessionID": "f1bfe7c9-dad8-4d56-bc9a-723973fac491", "query": "ducks", "docid": "2047", "rank": "2", "page": "3", "url": "https://kids.frontiersin.org/article/10.3389/frym.2020.00083", "windowLocation": "http://localhost:7001/result?query=ducks&page=3"}
{"type": "searchResultGenerated", "timestamp": "2026-03-02T15:14:51.128Z", "sessionID": "f1bfe7c9-dad8-4d56-bc9a-723973fac491", "query": "ducks", "docid": "7365", "rank": "3", "page": "3", "url": "https://www.digitallibrary.io/en/books/details/1391", "windowLocation": "http://localhost:7001/result?query=ducks&page=3"}
{"type": "searchResultGenerated", "timestamp": "2026-03-02T15:14:51.128Z", "sessionID": "f1bfe7c9-dad8-4d56-bc9a-723973fac491", "query": "ducks", "docid": "3208", "rank": "4", "page": "3", "url": "https://www.africanstorybook.org/", "windowLocation": "http://localhost:7001/result?query=ducks&page=3"}
{"type": "searchResultGenerated", "timestamp": "2026-03-02T15:14:51.128Z", "sessionID": "f1bfe7c9-dad8-4d56-bc9a-723973fac491", "query": "ducks", "docid": "4340", "rank": "5", "page": "3", "url": "https://www.commonlit.org/texts/the-open-window", "windowLocation": "http://localhost:7001/result?query=ducks&page=3"}
{"type": "searchResultGenerated", "timestamp": "2026-03-02T15:14:51.128Z", "sessionID": "f1bfe7c9-dad8-4d56-bc9a-723973fac491", "query": "ducks", "docid": "5234", "rank": "6", "page": "3", "url": "http://www.gutenberg.org/files/42159/42159-h/42159-h.htm#Page_308", "windowLocation": "http://localhost:7001/result?query=ducks&page=3"}
{"type": "searchResultGenerated", "timestamp": "2026-03-02T15:14:51.128Z", "sessionID": "f1bfe7c9-dad8-4d56-bc9a-723973fac491", "query": "ducks", "docid": "4261", "rank": "7", "page": "3", "url": "http://www.gutenberg.org/files/20521/20521-h/20521-h.htm#French_Amenities", "windowLocation": "http://localhost:7001/result?query=ducks&page=3"}
{"type": "searchResultGenerated", "timestamp": "2026-03-02T15:14:51.129Z", "sessionID": "f1bfe7c9-dad8-4d56-bc9a-723973fac491", "query": "ducks", "docid": "2967", "rank": "8", "page": "3", "url": "https://kids.frontiersin.org/article/10.3389/frym.2017.00007", "windowLocation": "http://localhost:7001/result?query=ducks&page=3"}
{"type": "searchResultGenerated", "timestamp": "2026-03-02T15:14:51.129Z", "sessionID": "f1bfe7c9-dad8-4d56-bc9a-723973fac491", "query": "ducks", "docid": "3071", "rank": "9", "page": "3", "url": "https://www.africanstorybook.org/", "windowLocation": "http://localhost:7001/result?query=ducks&page=3"}
{"type": "searchResultGenerated", "timestamp": "2026-03-02T15:14:51.129Z", "sessionID": "f1bfe7c9-dad8-4d56-bc9a-723973fac491", "query": "ducks", "docid": "7254", "rank": "10", "page": "3", "url": "https://www.digitallibrary.io/en/books/details/3753", "windowLocation": "http://localhost:7001/result?query=ducks&page=3"}
{"type": "queryBoxFocused", "timestamp": "2026-03-02T15:14:56.577Z", "sessionID": "f1bfe7c9-dad8-4d56-bc9a-723973fac491"}
{"type": "querySubmitted", "timestamp": "2026-03-02T15:15:09.088Z", "sessionID": "f1bfe7c9-dad8-4d56-bc9a-723973fac491", "query": "boats"}
{"type": "searchResultGenerated", "timestamp": "2026-03-02T15:15:09.571Z", "sessionID": "f1bfe7c9-dad8-4d56-bc9a-723973fac491", "query": "boats", "docid": "7248", "rank": "1", "page": "1", "url": "http://www.gutenberg.org/files/8504/8504-h/8504-h.htm#5", "windowLocation": "http://localhost:7001/result?query=boats&page=1"}
{"type": "searchResultGenerated", "timestamp": "2026-03-02T15:15:09.572Z", "sessionID": "f1bfe7c9-dad8-4d56-bc9a-723973fac491", "query": "boats", "docid": "1102", "rank": "2", "page": "1", "url": "http://www.gutenberg.org/files/22168/22168-h/22168-h.htm#h2H_4_0007", "windowLocation": "http://localhost:7001/result?query=boats&page=1"}
{"type": "searchResultGenerated", "timestamp": "2026-03-02T15:15:09.572Z", "sessionID": "f1bfe7c9-dad8-4d56-bc9a-723973fac491", "query": "boats", "docid": "5775", "rank": "3", "page": "1", "url": "http://www.gutenberg.org/files/24477/24477-h/24477-h.htm#Page_110", "windowLocation": "http://localhost:7001/result?query=boats&page=1"}
{"type": "searchResultGenerated", "timestamp": "2026-03-02T15:15:09.573Z", "sessionID": "f1bfe7c9-dad8-4d56-bc9a-723973fac491", "query": "boats", "docid": "5855", "rank": "4", "page": "1", "url": "http://www.online-literature.com/wilkie-collins/rambles-beyond-railways/0/", "windowLocation": "http://localhost:7001/result?query=boats&page=1"}
{"type": "searchResultGenerated", "timestamp": "2026-03-02T15:15:09.574Z", "sessionID": "f1bfe7c9-dad8-4d56-bc9a-723973fac491", "query": "boats", "docid": "3758", "rank": "5", "page": "1", "url": "http://www.gutenberg.org/files/38750/38750-h/38750-h.htm#Page_290", "windowLocation": "http://localhost:7001/result?query=boats&page=1"}
{"type": "searchResultGenerated", "timestamp": "2026-03-02T15:15:09.574Z", "sessionID": "f1bfe7c9-dad8-4d56-bc9a-723973fac491", "query": "boats", "docid": "5524", "rank": "6", "page": "1", "url": "http://www.gutenberg.org/files/28130/28130-h/28130-h.htm#Page_47", "windowLocation": "http://localhost:7001/result?query=boats&page=1"}
{"type": "searchResultGenerated", "timestamp": "2026-03-02T15:15:09.574Z", "sessionID": "f1bfe7c9-dad8-4d56-bc9a-723973fac491", "query": "boats", "docid": "3809", "rank": "7", "page": "1", "url": "http://www.gutenberg.org/files/2591/2591-h/2591-h.htm", "windowLocation": "http://localhost:7001/result?query=boats&page=1"}
{"type": "searchResultGenerated", "timestamp": "2026-03-02T15:15:09.575Z", "sessionID": "f1bfe7c9-dad8-4d56-bc9a-723973fac491", "query": "boats", "docid": "6588", "rank": "8", "page": "1", "url": "http://www.gutenberg.org/files/13577/13577-h/13577-h.htm", "windowLocation": "http://localhost:7001/result?query=boats&page=1"}
{"type": "searchResultGenerated", "timestamp": "2026-03-02T15:15:09.575Z", "sessionID": "f1bfe7c9-dad8-4d56-bc9a-723973fac491", "query": "boats", "docid": "7051", "rank": "9", "page": "1", "url": "http://www.gutenberg.org/files/20117/20117-h/20117-h.htm#A_COAT_OF_PAINT", "windowLocation": "http://localhost:7001/result?query=boats&page=1"}
{"type": "searchResultGenerated", "timestamp": "2026-03-02T15:15:09.575Z", "sessionID": "f1bfe7c9-dad8-4d56-bc9a-723973fac491", "query": "boats", "docid": "1201", "rank": "10", "page": "1", "url": "http://www.gutenberg.org/files/21137/21137-h/21137-h.htm", "windowLocation": "http://localhost:7001/result?query=boats&page=1"}
{"type": "cursorEnteredSnippet", "timestamp": "2026-03-02T15:15:14.750Z", "sessionID": "f1bfe7c9-dad8-4d56-bc9a-723973fac491", "query": "boats", "docid": "7248", "rank": "1", "page": "1"}
{"type": "cursorLeftSnippet", "timestamp": "2026-03-02T15:15:14.798Z", "sessionID": "f1bfe7c9-dad8-4d56-bc9a-723973fac491", "query": "boats", "docid": "7248", "rank": "1", "page": "1"}
{"type": "cursorEnteredSnippet", "timestamp": "2026-03-02T15:15:14.798Z", "sessionID": "f1bfe7c9-dad8-4d56-bc9a-723973fac491", "query": "boats", "docid": "1102", "rank": "2", "page": "1"}
{"type": "cursorLeftSnippet", "timestamp": "2026-03-02T15:15:14.848Z", "sessionID": "f1bfe7c9-dad8-4d56-bc9a-723973fac491", "query": "boats", "docid": "1102", "rank": "2", "page": "1"}
{"type": "cursorEnteredSnippet", "timestamp": "2026-03-02T15:15:14.882Z", "sessionID": "f1bfe7c9-dad8-4d56-bc9a-723973fac491", "query": "boats", "docid": "5775", "rank": "3", "page": "1"}
{"type": "cursorLeftSnippet", "timestamp": "2026-03-02T15:15:15.002Z", "sessionID": "f1bfe7c9-dad8-4d56-bc9a-723973fac491", "query": "boats", "docid": "5775", "rank": "3", "page": "1"}
{"type": "cursorEnteredSnippet", "timestamp": "2026-03-02T15:15:15.031Z", "sessionID": "f1bfe7c9-dad8-4d56-bc9a-723973fac491", "query": "boats", "docid": "1102", "rank": "2", "page": "1"}
{"type": "clickedResult", "timestamp": "2026-03-02T15:15:15.578Z", "sessionID": "f1bfe7c9-dad8-4d56-bc9a-723973fac491", "query": "boats", "rank": "2", "page": "1", "url": "http://www.gutenberg.org/files/22168/22168-h/22168-h.htm#h2H_4_0007", "searchAppLocation": "http://www.gutenberg.org/files/22168/22168-h/22168-h.htm#h2H_4_0007"}
{"type": "cursorLeftSnippet", "timestamp": "2026-03-02T15:15:16.088Z", "sessionID": "f1bfe7c9-dad8-4d56-bc9a-723973fac491", "query": "boats", "docid": "1102", "rank": "2", "page": "1"}
{"type": "searchResultGenerated", "timestamp": "2026-03-02T15:15:25.735Z", "sessionID": "f1bfe7c9-dad8-4d56-bc9a-723973fac491", "query": "boats", "docid": "7248", "rank": "1", "page": "1", "url": "http://www.gutenberg.org/files/8504/8504-h/8504-h.htm#5", "windowLocation": "http://localhost:7001/result?query=boats&page=1"}
{"type": "searchResultGenerated", "timestamp": "2026-03-02T15:15:25.736Z", "sessionID": "f1bfe7c9-dad8-4d56-bc9a-723973fac491", "query": "boats", "docid": "1102", "rank": "2", "page": "1", "url": "http://www.gutenberg.org/files/22168/22168-h/22168-h.htm#h2H_4_0007", "windowLocation": "http://localhost:7001/result?query=boats&page=1"}
{"type": "searchResultGenerated", "timestamp": "2026-03-02T15:15:25.736Z", "sessionID": "f1bfe7c9-dad8-4d56-bc9a-723973fac491", "query": "boats", "docid": "5775", "rank": "3", "page": "1", "url": "http://www.gutenberg.org/files/24477/24477-h/24477-h.htm#Page_110", "windowLocation": "http://localhost:7001/result?query=boats&page=1"}
{"type": "searchResultGenerated", "timestamp": "2026-03-02T15:15:25.737Z", "sessionID": "f1bfe7c9-dad8-4d56-bc9a-723973fac491", "query": "boats", "docid": "5855", "rank": "4", "page": "1", "url": "http://www.online-literature.com/wilkie-collins/rambles-beyond-railways/0/", "windowLocation": "http://localhost:7001/result?query=boats&page=1"}
{"type": "searchResultGenerated", "timestamp": "2026-03-02T15:15:25.737Z", "sessionID": "f1bfe7c9-dad8-4d56-bc9a-723973fac491", "query": "boats", "docid": "3758", "rank": "5", "page": "1", "url": "http://www.gutenberg.org/files/38750/38750-h/38750-h.htm#Page_290", "windowLocation": "http://localhost:7001/result?query=boats&page=1"}
{"type": "searchResultGenerated", "timestamp": "2026-03-02T15:15:25.738Z", "sessionID": "f1bfe7c9-dad8-4d56-bc9a-723973fac491", "query": "boats", "docid": "5524", "rank": "6", "page": "1", "url": "http://www.gutenberg.org/files/28130/28130-h/28130-h.htm#Page_47", "windowLocation": "http://localhost:7001/result?query=boats&page=1"}
{"type": "searchResultGenerated", "timestamp": "2026-03-02T15:15:25.738Z", "sessionID": "f1bfe7c9-dad8-4d56-bc9a-723973fac491", "query": "boats", "docid": "3809", "rank": "7", "page": "1", "url": "http://www.gutenberg.org/files/2591/2591-h/2591-h.htm", "windowLocation": "http://localhost:7001/result?query=boats&page=1"}
{"type": "searchResultGenerated", "timestamp": "2026-03-02T15:15:25.738Z", "sessionID": "f1bfe7c9-dad8-4d56-bc9a-723973fac491", "query": "boats", "docid": "6588", "rank": "8", "page": "1", "url": "http://www.gutenberg.org/files/13577/13577-h/13577-h.htm", "windowLocation": "http://localhost:7001/result?query=boats&page=1"}
{"type": "searchResultGenerated", "timestamp": "2026-03-02T15:15:25.739Z", "sessionID": "f1bfe7c9-dad8-4d56-bc9a-723973fac491", "query": "boats", "docid": "7051", "rank": "9", "page": "1", "url": "http://www.gutenberg.org/files/20117/20117-h/20117-h.htm#A_COAT_OF_PAINT", "windowLocation": "http://localhost:7001/result?query=boats&page=1"}
{"type": "searchResultGenerated", "timestamp": "2026-03-02T15:15:25.739Z", "sessionID": "f1bfe7c9-dad8-4d56-bc9a-723973fac491", "query": "boats", "docid": "1201", "rank": "10", "page": "1", "url": "http://www.gutenberg.org/files/21137/21137-h/21137-h.htm", "windowLocation": "http://localhost:7001/result?query=boats&page=1"}
{"type": "searchResultGenerated", "timestamp": "2026-03-02T15:16:09.598Z", "sessionID": "f1bfe7c9-dad8-4d56-bc9a-723973fac491", "query": "ducks", "docid": "2938", "rank": "1", "page": "1", "url": "https://www.africanstorybook.org/#", "windowLocation": "http://localhost:7001/result?query=ducks&page=1"}
{"type": "searchResultGenerated", "timestamp": "2026-03-02T15:16:09.598Z", "sessionID": "f1bfe7c9-dad8-4d56-bc9a-723973fac491", "query": "ducks", "docid": "5607", "rank": "2", "page": "1", "url": "http://www.gutenberg.org/files/15170/15170-h/15170-h.htm#mirror", "windowLocation": "http://localhost:7001/result?query=ducks&page=1"}
{"type": "searchResultGenerated", "timestamp": "2026-03-02T15:16:09.598Z", "sessionID": "f1bfe7c9-dad8-4d56-bc9a-723973fac491", "query": "ducks", "docid": "5292", "rank": "3", "page": "1", "url": "http://www.gutenberg.org/files/40756/40756-h/40756-h.htm#Page_135", "windowLocation": "http://localhost:7001/result?query=ducks&page=1"}
{"type": "searchResultGenerated", "timestamp": "2026-03-02T15:16:09.599Z", "sessionID": "f1bfe7c9-dad8-4d56-bc9a-723973fac491", "query": "ducks", "docid": "5499", "rank": "4", "page": "1", "url": "http://www.gutenberg.org/files/28130/28130-h/28130-h.htm#Page_57", "windowLocation": "http://localhost:7001/result?query=ducks&page=1"}
{"type": "searchResultGenerated", "timestamp": "2026-03-02T15:16:09.599Z", "sessionID": "f1bfe7c9-dad8-4d56-bc9a-723973fac491", "query": "ducks", "docid": "5642", "rank": "5", "page": "1", "url": "http://www.gutenberg.org/files/16522/16522-h/16522-h.htm#ELSIES_DUCKS", "windowLocation": "http://localhost:7001/result?query=ducks&page=1"}
{"type": "searchResultGenerated", "timestamp": "2026-03-02T15:16:09.599Z", "sessionID": "f1bfe7c9-dad8-4d56-bc9a-723973fac491", "query": "ducks", "docid": "4817", "rank": "6", "page": "1", "url": "http://www.gutenberg.org/files/902/902-h/902-h.htm", "windowLocation": "http://localhost:7001/result?query=ducks&page=1"}
{"type": "searchResultGenerated", "timestamp": "2026-03-02T15:16:09.600Z", "sessionID": "f1bfe7c9-dad8-4d56-bc9a-723973fac491", "query": "ducks", "docid": "4970", "rank": "7", "page": "1", "url": "http://www.gutenberg.org/files/8950/8950-h/8950-h.htm", "windowLocation": "http://localhost:7001/result?query=ducks&page=1"}
{"type": "searchResultGenerated", "timestamp": "2026-03-02T15:16:09.600Z", "sessionID": "f1bfe7c9-dad8-4d56-bc9a-723973fac491", "query": "ducks", "docid": "6202", "rank": "8", "page": "1", "url": "http://www.gutenberg.org/files/16891/16891-h/16891-h.htm", "windowLocation": "http://localhost:7001/result?query=ducks&page=1"}
{"type": "searchResultGenerated", "timestamp": "2026-03-02T15:16:09.600Z", "sessionID": "f1bfe7c9-dad8-4d56-bc9a-723973fac491", "query": "ducks", "docid": "5714", "rank": "9", "page": "1", "url": "http://www.gutenberg.org/files/24940/24940-h/24940-h.htm#Page_69", "windowLocation": "http://localhost:7001/result?query=ducks&page=1"}
{"type": "searchResultGenerated", "timestamp": "2026-03-02T15:16:09.601Z", "sessionID": "f1bfe7c9-dad8-4d56-bc9a-723973fac491", "query": "ducks", "docid": "5589", "rank": "10", "page": "1", "url": "http://www.gutenberg.org/files/28133/28133-h/28133-h.htm#Page_139", "windowLocation": "http://localhost:7001/result?query=ducks&page=1"}
{"type": "queryBoxFocused", "timestamp": "2026-03-02T15:16:20.555Z", "sessionID": "f1bfe7c9-dad8-4d56-bc9a-723973fac491"}
{"type": "querySubmitted", "timestamp": "2026-03-02T15:16:24.758Z", "sessionID": "f1bfe7c9-dad8-4d56-bc9a-723973fac491", "query": "robin"}
{"type": "searchResultGenerated", "timestamp": "2026-03-02T15:16:25.127Z", "sessionID": "f1bfe7c9-dad8-4d56-bc9a-723973fac491", "query": "robin", "docid": "7024", "rank": "1", "page": "1", "url": "http://www.gutenberg.org/files/25359/25359-h/25359-h.htm#WEEROBIN", "windowLocation": "http://localhost:7001/result?query=robin&page=1"}
{"type": "searchResultGenerated", "timestamp": "2026-03-02T15:16:25.128Z", "sessionID": "f1bfe7c9-dad8-4d56-bc9a-723973fac491", "query": "robin", "docid": "1558", "rank": "2", "page": "1", "url": "http://www.gutenberg.org/cache/epub/6323/pg6323-images.html", "windowLocation": "http://localhost:7001/result?query=robin&page=1"}
{"type": "searchResultGenerated", "timestamp": "2026-03-02T15:16:25.129Z", "sessionID": "f1bfe7c9-dad8-4d56-bc9a-723973fac491", "query": "robin", "docid": "1260", "rank": "3", "page": "1", "url": "http://www.gutenberg.org/cache/epub/4265/pg4265-images.html", "windowLocation": "http://localhost:7001/result?query=robin&page=1"}
{"type": "searchResultGenerated", "timestamp": "2026-03-02T15:16:25.130Z", "sessionID": "f1bfe7c9-dad8-4d56-bc9a-723973fac491", "query": "robin", "docid": "1551", "rank": "4", "page": "1", "url": "http://www.gutenberg.org/cache/epub/6323/pg6323-images.html", "windowLocation": "http://localhost:7001/result?query=robin&page=1"}
{"type": "searchResultGenerated", "timestamp": "2026-03-02T15:16:25.131Z", "sessionID": "f1bfe7c9-dad8-4d56-bc9a-723973fac491", "query": "robin", "docid": "1556", "rank": "5", "page": "1", "url": "http://www.gutenberg.org/cache/epub/6323/pg6323-images.html", "windowLocation": "http://localhost:7001/result?query=robin&page=1"}
{"type": "searchResultGenerated", "timestamp": "2026-03-02T15:16:25.132Z", "sessionID": "f1bfe7c9-dad8-4d56-bc9a-723973fac491", "query": "robin", "docid": "1553", "rank": "6", "page": "1", "url": "http://www.gutenberg.org/cache/epub/6323/pg6323-images.html", "windowLocation": "http://localhost:7001/result?query=robin&page=1"}
{"type": "searchResultGenerated", "timestamp": "2026-03-02T15:16:25.133Z", "sessionID": "f1bfe7c9-dad8-4d56-bc9a-723973fac491", "query": "robin", "docid": "1555", "rank": "7", "page": "1", "url": "http://www.gutenberg.org/cache/epub/6323/pg6323-images.html", "windowLocation": "http://localhost:7001/result?query=robin&page=1"}
{"type": "searchResultGenerated", "timestamp": "2026-03-02T15:16:25.133Z", "sessionID": "f1bfe7c9-dad8-4d56-bc9a-723973fac491", "query": "robin", "docid": "1554", "rank": "8", "page": "1", "url": "http://www.gutenberg.org/cache/epub/6323/pg6323-images.html", "windowLocation": "http://localhost:7001/result?query=robin&page=1"}
{"type": "searchResultGenerated", "timestamp": "2026-03-02T15:16:25.134Z", "sessionID": "f1bfe7c9-dad8-4d56-bc9a-723973fac491", "query": "robin", "docid": "6494", "rank": "9", "page": "1", "url": "http://www.gutenberg.org/files/21203/21203-h/21203-h.htm", "windowLocation": "http://localhost:7001/result?query=robin&page=1"}
{"type": "searchResultGenerated", "timestamp": "2026-03-02T15:16:25.135Z", "sessionID": "f1bfe7c9-dad8-4d56-bc9a-723973fac491", "query": "robin", "docid": "5590", "rank": "10", "page": "1", "url": "http://www.gutenberg.org/files/28140/28140-h/28140-h.htm#Page_181", "windowLocation": "http://localhost:7001/result?query=robin&page=1"}
{"type": "ClickedEndTask", "timestamp": "2026-03-02T15:16:36.824Z", "sessionID": "f1bfe7c9-dad8-4d56-bc9a-723973fac491"}
{"type": "TaskEndConfirmed", "timestamp": "2026-03-02T15:16:38.148Z", "sessionID": "f1bfe7c9-dad8-4d56-bc9a-723973fac491"}
