{"type": "TaskStarted", "timestamp": "2026-02-25T10:53:49.949Z", "sessionID": "e1f77ecd-eb16-49b3-9760-6fbf98b32eba"}
{"type": "idSubmitted", "timestamp": "2026-02-25T10:53:49.953Z", "sessionID": "e1f77ecd-eb16-49b3-9760-6fbf98b32eba", "uid": "Participant20"}
{"type": "queryBoxFocused", "timestamp": "2026-02-25T10:54:18.048Z", "sessionID": "e1f77ecd-eb16-49b3-9760-6fbf98b32eba"}
{"type": "querySubmitted", "timestamp": "2026-02-25T10:54:19.823Z", "sessionID": "e1f77ecd-eb16-49b3-9760-6fbf98b32eba", "query": "ducks"}
{"type": "searchResultGenerated", "timestamp": "2026-02-25T10:54:21.032Z", "sessionID": "e1f77ecd-eb16-49b3-9760-6fbf98b32eba", "query": "ducks", "docid": "2938", "rank": "1", "page": "1", "url": "https://www.africanstorybook.org/#", "windowLocation": "http://localhost:7001/result?query=ducks&page=1"}
{"type": "searchResultGenerated", "timestamp": "2026-02-25T10:54:21.032Z", "sessionID": "e1f77ecd-eb16-49b3-9760-6fbf98b32eba", "query": "ducks", "docid": "5607", "rank": "2", "page": "1", "url": "http://www.gutenberg.org/files/15170/15170-h/15170-h.htm#mirror", "windowLocation": "http://localhost:7001/result?query=ducks&page=1"}
{"type": "searchResultGenerated", "timestamp": "2026-02-25T10:54:21.032Z", "sessionID": "e1f77ecd-eb16-49b3-9760-6fbf98b32eba", "query": "ducks", "docid": "5292", "rank": "3", "page": "1", "url": "http://www.gutenberg.org/files/40756/40756-h/40756-h.htm#Page_135", "windowLocation": "http://localhost:7001/result?query=ducks&page=1"}
{"type": "searchResultGenerated", "timestamp": "2026-02-25T10:54:21.032Z", "sessionID": "e1f77ecd-eb16-49b3-9760-6fbf98b32eba", "query": "ducks", "docid": "5499", "rank": "4", "page": "1", "url": "http://www.gutenberg.org/files/28130/28130-h/28130-h.htm#Page_57", "windowLocation": "http://localhost:7001/result?query=ducks&page=1"}
{"type": "searchResultGenerated", "timestamp": "2026-02-25T10:54:21.033Z", "sessionID": "e1f77ecd-eb16-49b3-9760-6fbf98b32eba", "query": "ducks", "docid": "5642", "rank": "5", "page": "1", "url": "http://www.gutenberg.org/files/16522/16522-h/16522-h.htm#ELSIES_DUCKS", "windowLocation": "http://localhost:7001/result?query=ducks&page=1"}
{"type": "searchResultGenerated", "timestamp": "2026-02-25T10:54:21.033Z", "sessionID": "e1f77ecd-eb16-49b3-9760-6fbf98b32eba", "query": "ducks", "docid": "4817", "rank": "6", "page": "1", "url": "http://www.gutenberg.org/files/902/902-h/902-h.htm", "windowLocation": "http://localhost:7001/result?query=ducks&page=1"}
{"type": "searchResultGenerated", "timestamp": "2026-02-25T10:54:21.033Z", "sessionID": "e1f77ecd-eb16-49b3-9760-6fbf98b32eba", "query": "ducks", "docid": "4970", "rank": "7", "page": "1", "url": "http://www.gutenberg.org/files/8950/8950-h/8950-h.htm", "windowLocation": "http://localhost:7001/result?query=ducks&page=1"}
{"type": "searchResultGenerated", "timestamp": "2026-02-25T10:54:21.033Z", "sessionID": "e1f77ecd-eb16-49b3-9760-6fbf98b32eba", "query": "ducks", "docid": "6202", "rank": "8", "page": "1", "url": "http://www.gutenberg.org/files/16891/16891-h/16891-h.htm", "windowLocation": "http://localhost:7001/result?query=ducks&page=1"}
{"type": "searchResultGenerated", "timestamp": "2026-02-25T10:54:21.034Z", "sessionID": "e1f77ecd-eb16-49b3-9760-6fbf98b32eba", "query": "ducks", "docid": "5714", "rank": "9", "page": "1", "url": "http://www.gutenberg.org/files/24940/24940-h/24940-h.htm#Page_69", "windowLocation": "http://localhost:7001/result?query=ducks&page=1"}
{"type": "searchResultGenerated", "timestamp": "2026-02-25T10:54:21.034Z", "sessionID": "e1f77ecd-eb16-49b3-9760-6fbf98b32eba", "query": "ducks", "docid": "5589", "rank": "10", "page": "1", "url": "http://www.gutenberg.org/files/28133/28133-h/28133-h.htm#Page_139", "windowLocation": "http://localhost:7001/result?query=ducks&page=1"}
{"type": "cursorEnteredSnippet", "timestamp": "2026-02-25T10:54:21.461Z", "sessionID": "e1f77ecd-eb16-49b3-9760-6fbf98b32eba", "query": "ducks", "docid": "2938", "rank": "1", "page": "1"}
{"type": "cursorLeftSnippet", "timestamp": "2026-02-25T10:54:21.494Z", "sessionID": "e1f77ecd-eb16-49b3-9760-6fbf98b32eba", "query": "ducks", "docid": "2938", "rank": "1", "page": "1"}
{"type": "cursorEnteredSnippet", "timestamp": "2026-02-25T10:54:21.511Z", "sessionID": "e1f77ecd-eb16-49b3-9760-6fbf98b32eba", "query": "ducks", "docid": "5607", "rank": "2", "page": "1"}
{"type": "cursorLeftSnippet", "timestamp": "2026-02-25T10:54:21.595Z", "sessionID": "e1f77ecd-eb16-49b3-9760-6fbf98b32eba", "query": "ducks", "docid": "5607", "rank": "2", "page": "1"}
{"type": "cursorEnteredSnippet", "timestamp": "2026-02-25T10:54:21.599Z", "sessionID": "e1f77ecd-eb16-49b3-9760-6fbf98b32eba", "query": "ducks", "docid": "5292", "rank": "3", "page": "1"}
{"type": "cursorLeftSnippet", "timestamp": "2026-02-25T10:54:22.051Z", "sessionID": "e1f77ecd-eb16-49b3-9760-6fbf98b32eba", "query": "ducks", "docid": "5292", "rank": "3", "page": "1"}
{"type": "cursorEnteredSnippet", "timestamp": "2026-02-25T10:54:22.052Z", "sessionID": "e1f77ecd-eb16-49b3-9760-6fbf98b32eba", "query": "ducks", "docid": "5499", "rank": "4", "page": "1"}
{"type": "cursorLeftSnippet", "timestamp": "2026-02-25T10:54:22.067Z", "sessionID": "e1f77ecd-eb16-49b3-9760-6fbf98b32eba", "query": "ducks", "docid": "5499", "rank": "4", "page": "1"}
{"type": "cursorEnteredSnippet", "timestamp": "2026-02-25T10:54:22.067Z", "sessionID": "e1f77ecd-eb16-49b3-9760-6fbf98b32eba", "query": "ducks", "docid": "5642", "rank": "5", "page": "1"}
{"type": "cursorLeftSnippet", "timestamp": "2026-02-25T10:54:22.468Z", "sessionID": "e1f77ecd-eb16-49b3-9760-6fbf98b32eba", "query": "ducks", "docid": "5642", "rank": "5", "page": "1"}
{"type": "cursorEnteredSnippet", "timestamp": "2026-02-25T10:54:22.468Z", "sessionID": "e1f77ecd-eb16-49b3-9760-6fbf98b32eba", "query": "ducks", "docid": "4970", "rank": "7", "page": "1"}
{"type": "cursorLeftSnippet", "timestamp": "2026-02-25T10:54:23.163Z", "sessionID": "e1f77ecd-eb16-49b3-9760-6fbf98b32eba", "query": "ducks", "docid": "4970", "rank": "7", "page": "1"}
{"type": "cursorEnteredSnippet", "timestamp": "2026-02-25T10:54:23.163Z", "sessionID": "e1f77ecd-eb16-49b3-9760-6fbf98b32eba", "query": "ducks", "docid": "5714", "rank": "9", "page": "1"}
{"type": "cursorLeftSnippet", "timestamp": "2026-02-25T10:54:23.245Z", "sessionID": "e1f77ecd-eb16-49b3-9760-6fbf98b32eba", "query": "ducks", "docid": "5714", "rank": "9", "page": "1"}
{"type": "cursorEnteredSnippet", "timestamp": "2026-02-25T10:54:23.245Z", "sessionID": "e1f77ecd-eb16-49b3-9760-6fbf98b32eba", "query": "ducks", "docid": "5589", "rank": "10", "page": "1"}
{"type": "cursorLeftSnippet", "timestamp": "2026-02-25T10:54:23.595Z", "sessionID": "e1f77ecd-eb16-49b3-9760-6fbf98b32eba", "query": "ducks", "docid": "5589", "rank": "10", "page": "1"}
{"type": "pageNavigationClicked", "timestamp": "2026-02-25T10:54:24.217Z", "sessionID": "e1f77ecd-eb16-49b3-9760-6fbf98b32eba", "clicked": "3", "fromPage": 1, "toPage": 3}
{"type": "searchResultGenerated", "timestamp": "2026-02-25T10:54:24.600Z", "sessionID": "e1f77ecd-eb16-49b3-9760-6fbf98b32eba", "query": "ducks", "docid": "6235", "rank": "1", "page": "3", "url": "http://www.gutenberg.org/files/7252/7252-h/7252-h.htm", "windowLocation": "http://localhost:7001/result?query=ducks&page=3"}
{"type": "searchResultGenerated", "timestamp": "2026-02-25T10:54:24.600Z", "sessionID": "e1f77ecd-eb16-49b3-9760-6fbf98b32eba", "query": "ducks", "docid": "2047", "rank": "2", "page": "3", "url": "https://kids.frontiersin.org/article/10.3389/frym.2020.00083", "windowLocation": "http://localhost:7001/result?query=ducks&page=3"}
{"type": "searchResultGenerated", "timestamp": "2026-02-25T10:54:24.601Z", "sessionID": "e1f77ecd-eb16-49b3-9760-6fbf98b32eba", "query": "ducks", "docid": "7365", "rank": "3", "page": "3", "url": "https://www.digitallibrary.io/en/books/details/1391", "windowLocation": "http://localhost:7001/result?query=ducks&page=3"}
{"type": "searchResultGenerated", "timestamp": "2026-02-25T10:54:24.601Z", "sessionID": "e1f77ecd-eb16-49b3-9760-6fbf98b32eba", "query": "ducks", "docid": "3208", "rank": "4", "page": "3", "url": "https://www.africanstorybook.org/", "windowLocation": "http://localhost:7001/result?query=ducks&page=3"}
{"type": "searchResultGenerated", "timestamp": "2026-02-25T10:54:24.601Z", "sessionID": "e1f77ecd-eb16-49b3-9760-6fbf98b32eba", "query": "ducks", "docid": "4340", "rank": "5", "page": "3", "url": "https://www.commonlit.org/texts/the-open-window", "windowLocation": "http://localhost:7001/result?query=ducks&page=3"}
{"type": "searchResultGenerated", "timestamp": "2026-02-25T10:54:24.601Z", "sessionID": "e1f77ecd-eb16-49b3-9760-6fbf98b32eba", "query": "ducks", "docid": "5234", "rank": "6", "page": "3", "url": "http://www.gutenberg.org/files/42159/42159-h/42159-h.htm#Page_308", "windowLocation": "http://localhost:7001/result?query=ducks&page=3"}
{"type": "searchResultGenerated", "timestamp": "2026-02-25T10:54:24.601Z", "sessionID": "e1f77ecd-eb16-49b3-9760-6fbf98b32eba", "query": "ducks", "docid": "4261", "rank": "7", "page": "3", "url": "http://www.gutenberg.org/files/20521/20521-h/20521-h.htm#French_Amenities", "windowLocation": "http://localhost:7001/result?query=ducks&page=3"}
{"type": "searchResultGenerated", "timestamp": "2026-02-25T10:54:24.601Z", "sessionID": "e1f77ecd-eb16-49b3-9760-6fbf98b32eba", "query": "ducks", "docid": "2967", "rank": "8", "page": "3", "url": "https://kids.frontiersin.org/article/10.3389/frym.2017.00007", "windowLocation": "http://localhost:7001/result?query=ducks&page=3"}
{"type": "searchResultGenerated", "timestamp": "2026-02-25T10:54:24.602Z", "sessionID": "e1f77ecd-eb16-49b3-9760-6fbf98b32eba", "query": "ducks", "docid": "3071", "rank": "9", "page": "3", "url": "https://www.africanstorybook.org/", "windowLocation": "http://localhost:7001/result?query=ducks&page=3"}
{"type": "searchResultGenerated", "timestamp": "2026-02-25T10:54:24.602Z", "sessionID": "e1f77ecd-eb16-49b3-9760-6fbf98b32eba", "query": "ducks", "docid": "7254", "rank": "10", "page": "3", "url": "https://www.digitallibrary.io/en/books/details/3753", "windowLocation": "http://localhost:7001/result?query=ducks&page=3"}
{"type": "cursorEnteredSnippet", "timestamp": "2026-02-25T10:54:24.978Z", "sessionID": "e1f77ecd-eb16-49b3-9760-6fbf98b32eba", "query": "ducks", "docid": "3208", "rank": "4", "page": "3"}
{"type": "cursorLeftSnippet", "timestamp": "2026-02-25T10:54:25.045Z", "sessionID": "e1f77ecd-eb16-49b3-9760-6fbf98b32eba", "query": "ducks", "docid": "3208", "rank": "4", "page": "3"}
{"type": "cursorEnteredSnippet", "timestamp": "2026-02-25T10:54:25.045Z", "sessionID": "e1f77ecd-eb16-49b3-9760-6fbf98b32eba", "query": "ducks", "docid": "7365", "rank": "3", "page": "3"}
{"type": "cursorLeftSnippet", "timestamp": "2026-02-25T10:54:25.061Z", "sessionID": "e1f77ecd-eb16-49b3-9760-6fbf98b32eba", "query": "ducks", "docid": "7365", "rank": "3", "page": "3"}
{"type": "cursorEnteredSnippet", "timestamp": "2026-02-25T10:54:25.062Z", "sessionID": "e1f77ecd-eb16-49b3-9760-6fbf98b32eba", "query": "ducks", "docid": "2047", "rank": "2", "page": "3"}
{"type": "cursorLeftSnippet", "timestamp": "2026-02-25T10:54:25.094Z", "sessionID": "e1f77ecd-eb16-49b3-9760-6fbf98b32eba", "query": "ducks", "docid": "2047", "rank": "2", "page": "3"}
{"type": "cursorEnteredSnippet", "timestamp": "2026-02-25T10:54:25.095Z", "sessionID": "e1f77ecd-eb16-49b3-9760-6fbf98b32eba", "query": "ducks", "docid": "6235", "rank": "1", "page": "3"}
{"type": "cursorLeftSnippet", "timestamp": "2026-02-25T10:54:25.111Z", "sessionID": "e1f77ecd-eb16-49b3-9760-6fbf98b32eba", "query": "ducks", "docid": "6235", "rank": "1", "page": "3"}
{"type": "searchResultGenerated", "timestamp": "2026-02-25T10:54:26.728Z", "sessionID": "e1f77ecd-eb16-49b3-9760-6fbf98b32eba", "query": "ducks", "docid": "2938", "rank": "1", "page": "1", "url": "https://www.africanstorybook.org/#", "windowLocation": "http://localhost:7001/result?query=ducks&page=1"}
{"type": "searchResultGenerated", "timestamp": "2026-02-25T10:54:26.729Z", "sessionID": "e1f77ecd-eb16-49b3-9760-6fbf98b32eba", "query": "ducks", "docid": "5607", "rank": "2", "page": "1", "url": "http://www.gutenberg.org/files/15170/15170-h/15170-h.htm#mirror", "windowLocation": "http://localhost:7001/result?query=ducks&page=1"}
{"type": "searchResultGenerated", "timestamp": "2026-02-25T10:54:26.729Z", "sessionID": "e1f77ecd-eb16-49b3-9760-6fbf98b32eba", "query": "ducks", "docid": "5292", "rank": "3", "page": "1", "url": "http://www.gutenberg.org/files/40756/40756-h/40756-h.htm#Page_135", "windowLocation": "http://localhost:7001/result?query=ducks&page=1"}
{"type": "searchResultGenerated", "timestamp": "2026-02-25T10:54:26.729Z", "sessionID": "e1f77ecd-eb16-49b3-9760-6fbf98b32eba", "query": "ducks", "docid": "5499", "rank": "4", "page": "1", "url": "http://www.gutenberg.org/files/28130/28130-h/28130-h.htm#Page_57", "windowLocation": "http://localhost:7001/result?query=ducks&page=1"}
{"type": "searchResultGenerated", "timestamp": "2026-02-25T10:54:26.730Z", "sessionID": "e1f77ecd-eb16-49b3-9760-6fbf98b32eba", "query": "ducks", "docid": "5642", "rank": "5", "page": "1", "url": "http://www.gutenberg.org/files/16522/16522-h/16522-h.htm#ELSIES_DUCKS", "windowLocation": "http://localhost:7001/result?query=ducks&page=1"}
{"type": "searchResultGenerated", "timestamp": "2026-02-25T10:54:26.730Z", "sessionID": "e1f77ecd-eb16-49b3-9760-6fbf98b32eba", "query": "ducks", "docid": "4817", "rank": "6", "page": "1", "url": "http://www.gutenberg.org/files/902/902-h/902-h.htm", "windowLocation": "http://localhost:7001/result?query=ducks&page=1"}
{"type": "searchResultGenerated", "timestamp": "2026-02-25T10:54:26.730Z", "sessionID": "e1f77ecd-eb16-49b3-9760-6fbf98b32eba", "query": "ducks", "docid": "4970", "rank": "7", "page": "1", "url": "http://www.gutenberg.org/files/8950/8950-h/8950-h.htm", "windowLocation": "http://localhost:7001/result?query=ducks&page=1"}
{"type": "searchResultGenerated", "timestamp": "2026-02-25T10:54:26.731Z", "sessionID": "e1f77ecd-eb16-49b3-9760-6fbf98b32eba", "query": "ducks", "docid": "6202", "rank": "8", "page": "1", "url": "http://www.gutenberg.org/files/16891/16891-h/16891-h.htm", "windowLocation": "http://localhost:7001/result?query=ducks&page=1"}
{"type": "searchResultGenerated", "timestamp": "2026-02-25T10:54:26.731Z", "sessionID": "e1f77ecd-eb16-49b3-9760-6fbf98b32eba", "query": "ducks", "docid": "5714", "rank": "9", "page": "1", "url": "http://www.gutenberg.org/files/24940/24940-h/24940-h.htm#Page_69", "windowLocation": "http://localhost:7001/result?query=ducks&page=1"}
{"type": "searchResultGenerated", "timestamp": "2026-02-25T10:54:26.731Z", "sessionID": "e1f77ecd-eb16-49b3-9760-6fbf98b32eba", "query": "ducks", "docid": "5589", "rank": "10", "page": "1", "url": "http://www.gutenberg.org/files/28133/28133-h/28133-h.htm#Page_139", "windowLocation": "http://localhost:7001/result?query=ducks&page=1"}
{"type": "cursorEnteredSnippet", "timestamp": "2026-02-25T10:54:27.057Z", "sessionID": "e1f77ecd-eb16-49b3-9760-6fbf98b32eba", "query": "ducks", "docid": "4970", "rank": "7", "page": "1"}
{"type": "cursorLeftSnippet", "timestamp": "2026-02-25T10:54:27.278Z", "sessionID": "e1f77ecd-eb16-49b3-9760-6fbf98b32eba", "query": "ducks", "docid": "4970", "rank": "7", "page": "1"}
{"type": "queryBoxFocused", "timestamp": "2026-02-25T10:54:27.694Z", "sessionID": "e1f77ecd-eb16-49b3-9760-6fbf98b32eba"}
{"type": "querySubmitted", "timestamp": "2026-02-25T10:54:34.455Z", "sessionID": "e1f77ecd-eb16-49b3-9760-6fbf98b32eba", "query": "child"}
{"type": "searchResultGenerated", "timestamp": "2026-02-25T10:54:34.960Z", "sessionID": "e1f77ecd-eb16-49b3-9760-6fbf98b32eba", "query": "child", "docid": "6359", "rank": "1", "page": "1", "url": "http://www.gutenberg.org/files/1467/1467-h/1467-h.htm#page47", "windowLocation": "http://localhost:7001/result?query=child&page=1"}
{"type": "searchResultGenerated", "timestamp": "2026-02-25T10:54:34.960Z", "sessionID": "e1f77ecd-eb16-49b3-9760-6fbf98b32eba", "query": "child", "docid": "6687", "rank": "2", "page": "1", "url": "http://www.gutenberg.org/files/7425/7425-h/7425-h.htm", "windowLocation": "http://localhost:7001/result?query=child&page=1"}
{"type": "searchResultGenerated", "timestamp": "2026-02-25T10:54:34.961Z", "sessionID": "e1f77ecd-eb16-49b3-9760-6fbf98b32eba", "query": "child", "docid": "5135", "rank": "3", "page": "1", "url": "http://www.gutenberg.org/files/8504/8504-h/8504-h.htm#26", "windowLocation": "http://localhost:7001/result?query=child&page=1"}
{"type": "searchResultGenerated", "timestamp": "2026-02-25T10:54:34.961Z", "sessionID": "e1f77ecd-eb16-49b3-9760-6fbf98b32eba", "query": "child", "docid": "7117", "rank": "4", "page": "1", "url": "http://www.gutenberg.org/files/24857/24857-h/24857-h.htm#CHAPTER_IX", "windowLocation": "http://localhost:7001/result?query=child&page=1"}
{"type": "searchResultGenerated", "timestamp": "2026-02-25T10:54:34.962Z", "sessionID": "e1f77ecd-eb16-49b3-9760-6fbf98b32eba", "query": "child", "docid": "5397", "rank": "5", "page": "1", "url": "http://www.gutenberg.org/files/20781/20781-h/20781-h.htm", "windowLocation": "http://localhost:7001/result?query=child&page=1"}
{"type": "searchResultGenerated", "timestamp": "2026-02-25T10:54:34.962Z", "sessionID": "e1f77ecd-eb16-49b3-9760-6fbf98b32eba", "query": "child", "docid": "3378", "rank": "6", "page": "1", "url": "https://www.africanstorybook.org/", "windowLocation": "http://localhost:7001/result?query=child&page=1"}
{"type": "searchResultGenerated", "timestamp": "2026-02-25T10:54:34.963Z", "sessionID": "e1f77ecd-eb16-49b3-9760-6fbf98b32eba", "query": "child", "docid": "1270", "rank": "7", "page": "1", "url": "http://www.gutenberg.org/cache/epub/5796/pg5796.html", "windowLocation": "http://localhost:7001/result?query=child&page=1"}
{"type": "searchResultGenerated", "timestamp": "2026-02-25T10:54:34.964Z", "sessionID": "e1f77ecd-eb16-49b3-9760-6fbf98b32eba", "query": "child", "docid": "4398", "rank": "8", "page": "1", "url": "http://www.gutenberg.org/files/18561/18561-h/18561-h.htm#Crickets", "windowLocation": "http://localhost:7001/result?query=child&page=1"}
{"type": "searchResultGenerated", "timestamp": "2026-02-25T10:54:34.964Z", "sessionID": "e1f77ecd-eb16-49b3-9760-6fbf98b32eba", "query": "child", "docid": "3404", "rank": "9", "page": "1", "url": "https://www.africanstorybook.org/", "windowLocation": "http://localhost:7001/result?query=child&page=1"}
{"type": "searchResultGenerated", "timestamp": "2026-02-25T10:54:34.965Z", "sessionID": "e1f77ecd-eb16-49b3-9760-6fbf98b32eba", "query": "child", "docid": "6581", "rank": "10", "page": "1", "url": "http://www.gutenberg.org/files/22604/22604-h/22604-h.htm", "windowLocation": "http://localhost:7001/result?query=child&page=1"}
{"type": "cursorEnteredSnippet", "timestamp": "2026-02-25T10:54:35.477Z", "sessionID": "e1f77ecd-eb16-49b3-9760-6fbf98b32eba", "query": "child", "docid": "6359", "rank": "1", "page": "1"}
{"type": "cursorLeftSnippet", "timestamp": "2026-02-25T10:54:35.510Z", "sessionID": "e1f77ecd-eb16-49b3-9760-6fbf98b32eba", "query": "child", "docid": "6359", "rank": "1", "page": "1"}
{"type": "cursorEnteredSnippet", "timestamp": "2026-02-25T10:54:35.511Z", "sessionID": "e1f77ecd-eb16-49b3-9760-6fbf98b32eba", "query": "child", "docid": "6687", "rank": "2", "page": "1"}
{"type": "cursorLeftSnippet", "timestamp": "2026-02-25T10:54:35.760Z", "sessionID": "e1f77ecd-eb16-49b3-9760-6fbf98b32eba", "query": "child", "docid": "6687", "rank": "2", "page": "1"}
{"type": "cursorEnteredSnippet", "timestamp": "2026-02-25T10:54:35.777Z", "sessionID": "e1f77ecd-eb16-49b3-9760-6fbf98b32eba", "query": "child", "docid": "5135", "rank": "3", "page": "1"}
{"type": "clickedResult", "timestamp": "2026-02-25T10:54:36.113Z", "sessionID": "e1f77ecd-eb16-49b3-9760-6fbf98b32eba", "query": "child", "rank": "3", "page": "1", "url": "http://www.gutenberg.org/files/8504/8504-h/8504-h.htm#26", "searchAppLocation": "http://www.gutenberg.org/files/8504/8504-h/8504-h.htm#26"}
{"type": "cursorLeftSnippet", "timestamp": "2026-02-25T10:54:36.561Z", "sessionID": "e1f77ecd-eb16-49b3-9760-6fbf98b32eba", "query": "child", "docid": "5135", "rank": "3", "page": "1"}
{"type": "searchResultGenerated", "timestamp": "2026-02-25T10:54:39.963Z", "sessionID": "e1f77ecd-eb16-49b3-9760-6fbf98b32eba", "query": "child", "docid": "6359", "rank": "1", "page": "1", "url": "http://www.gutenberg.org/files/1467/1467-h/1467-h.htm#page47", "windowLocation": "http://localhost:7001/result?query=child&page=1"}
{"type": "searchResultGenerated", "timestamp": "2026-02-25T10:54:39.964Z", "sessionID": "e1f77ecd-eb16-49b3-9760-6fbf98b32eba", "query": "child", "docid": "6687", "rank": "2", "page": "1", "url": "http://www.gutenberg.org/files/7425/7425-h/7425-h.htm", "windowLocation": "http://localhost:7001/result?query=child&page=1"}
{"type": "searchResultGenerated", "timestamp": "2026-02-25T10:54:39.964Z", "sessionID": "e1f77ecd-eb16-49b3-9760-6fbf98b32eba", "query": "child", "docid": "5135", "rank": "3", "page": "1", "url": "http://www.gutenberg.org/files/8504/8504-h/8504-h.htm#26", "windowLocation": "http://localhost:7001/result?query=child&page=1"}
{"type": "searchResultGenerated", "timestamp": "2026-02-25T10:54:39.965Z", "sessionID": "e1f77ecd-eb16-49b3-9760-6fbf98b32eba", "query": "child", "docid": "7117", "rank": "4", "page": "1", "url": "http://www.gutenberg.org/files/24857/24857-h/24857-h.htm#CHAPTER_IX", "windowLocation": "http://localhost:7001/result?query=child&page=1"}
{"type": "searchResultGenerated", "timestamp": "2026-02-25T10:54:39.965Z", "sessionID": "e1f77ecd-eb16-49b3-9760-6fbf98b32eba", "query": "child", "docid": "5397", "rank": "5", "page": "1", "url": "http://www.gutenberg.org/files/20781/20781-h/20781-h.htm", "windowLocation": "http://localhost:7001/result?query=child&page=1"}
{"type": "searchResultGenerated", "timestamp": "2026-02-25T10:54:39.966Z", "sessionID": "e1f77ecd-eb16-49b3-9760-6fbf98b32eba", "query": "child", "docid": "3378", "rank": "6", "page": "1", "url": "https://www.africanstorybook.org/", "windowLocation": "http://localhost:7001/result?query=child&page=1"}
{"type": "searchResultGenerated", "timestamp": "2026-02-25T10:54:39.966Z", "sessionID": "e1f77ecd-eb16-49b3-9760-6fbf98b32eba", "query": "child", "docid": "1270", "rank": "7", "page": "1", "url": "http://www.gutenberg.org/cache/epub/5796/pg5796.html", "windowLocation": "http://localhost:7001/result?query=child&page=1"}
{"type": "searchResultGenerated", "timestamp": "2026-02-25T10:54:39.967Z", "sessionID": "e1f77ecd-eb16-49b3-9760-6fbf98b32eba", "query": "child", "docid": "4398", "rank": "8", "page": "1", "url": "http://www.gutenberg.org/files/18561/18561-h/18561-h.htm#Crickets", "windowLocation": "http://localhost:7001/result?query=child&page=1"}
{"type": "searchResultGenerated", "timestamp": "2026-02-25T10:54:39.967Z", "sessionID": "e1f77ecd-eb16-49b3-9760-6fbf98b32eba", "query": "child", "docid": "3404", "rank": "9", "page": "1", "url": "https://www.africanstorybook.org/", "windowLocation": "http://localhost:7001/result?query=child&page=1"}
{"type": "searchResultGenerated", "timestamp": "2026-02-25T10:54:39.968Z", "sessionID": "e1f77ecd-eb16-49b3-9760-6fbf98b32eba", "query": "child", "docid": "6581", "rank": "10", "page": "1", "url": "http://www.gutenberg.org/files/22604/22604-h/22604-h.htm", "windowLocation": "http://localhost:7001/result?query=child&page=1"}
{"type": "cursorEnteredSnippet", "timestamp": "2026-02-25T10:54:43.810Z", "sessionID": "e1f77ecd-eb16-49b3-9760-6fbf98b32eba", "query": "child", "docid": "6359", "rank": "1", "page": "1"}
{"type": "cursorLeftSnippet", "timestamp": "2026-02-25T10:54:44.027Z", "sessionID": "e1f77ecd-eb16-49b3-9760-6fbf98b32eba", "query": "child", "docid": "6359", "rank": "1", "page": "1"}
{"type": "cursorEnteredSnippet", "timestamp": "2026-02-25T10:55:04.660Z", "sessionID": "e1f77ecd-eb16-49b3-9760-6fbf98b32eba", "query": "child", "docid": "6687", "rank": "2", "page": "1"}
{"type": "cursorLeftSnippet", "timestamp": "2026-02-25T10:55:04.709Z", "sessionID": "e1f77ecd-eb16-49b3-9760-6fbf98b32eba", "query": "child", "docid": "6687", "rank": "2", "page": "1"}
{"type": "cursorEnteredSnippet", "timestamp": "2026-02-25T10:55:04.710Z", "sessionID": "e1f77ecd-eb16-49b3-9760-6fbf98b32eba", "query": "child", "docid": "5135", "rank": "3", "page": "1"}
{"type": "cursorLeftSnippet", "timestamp": "2026-02-25T10:55:05.411Z", "sessionID": "e1f77ecd-eb16-49b3-9760-6fbf98b32eba", "query": "child", "docid": "5135", "rank": "3", "page": "1"}
{"type": "cursorEnteredSnippet", "timestamp": "2026-02-25T10:55:05.412Z", "sessionID": "e1f77ecd-eb16-49b3-9760-6fbf98b32eba", "query": "child", "docid": "5397", "rank": "5", "page": "1"}
{"type": "cursorLeftSnippet", "timestamp": "2026-02-25T10:55:05.448Z", "sessionID": "e1f77ecd-eb16-49b3-9760-6fbf98b32eba", "query": "child", "docid": "5397", "rank": "5", "page": "1"}
{"type": "cursorEnteredSnippet", "timestamp": "2026-02-25T10:55:05.465Z", "sessionID": "e1f77ecd-eb16-49b3-9760-6fbf98b32eba", "query": "child", "docid": "3378", "rank": "6", "page": "1"}
{"type": "cursorLeftSnippet", "timestamp": "2026-02-25T10:55:05.532Z", "sessionID": "e1f77ecd-eb16-49b3-9760-6fbf98b32eba", "query": "child", "docid": "3378", "rank": "6", "page": "1"}
{"type": "cursorEnteredSnippet", "timestamp": "2026-02-25T10:55:05.549Z", "sessionID": "e1f77ecd-eb16-49b3-9760-6fbf98b32eba", "query": "child", "docid": "1270", "rank": "7", "page": "1"}
{"type": "cursorLeftSnippet", "timestamp": "2026-02-25T10:55:05.848Z", "sessionID": "e1f77ecd-eb16-49b3-9760-6fbf98b32eba", "query": "child", "docid": "1270", "rank": "7", "page": "1"}
{"type": "cursorEnteredSnippet", "timestamp": "2026-02-25T10:55:05.849Z", "sessionID": "e1f77ecd-eb16-49b3-9760-6fbf98b32eba", "query": "child", "docid": "4398", "rank": "8", "page": "1"}
{"type": "cursorLeftSnippet", "timestamp": "2026-02-25T10:55:05.865Z", "sessionID": "e1f77ecd-eb16-49b3-9760-6fbf98b32eba", "query": "child", "docid": "4398", "rank": "8", "page": "1"}
{"type": "cursorEnteredSnippet", "timestamp": "2026-02-25T10:55:05.866Z", "sessionID": "e1f77ecd-eb16-49b3-9760-6fbf98b32eba", "query": "child", "docid": "3404", "rank": "9", "page": "1"}
{"type": "cursorLeftSnippet", "timestamp": "2026-02-25T10:55:06.726Z", "sessionID": "e1f77ecd-eb16-49b3-9760-6fbf98b32eba", "query": "child", "docid": "3404", "rank": "9", "page": "1"}
{"type": "cursorEnteredSnippet", "timestamp": "2026-02-25T10:55:06.727Z", "sessionID": "e1f77ecd-eb16-49b3-9760-6fbf98b32eba", "query": "child", "docid": "6581", "rank": "10", "page": "1"}
{"type": "cursorLeftSnippet", "timestamp": "2026-02-25T10:55:07.042Z", "sessionID": "e1f77ecd-eb16-49b3-9760-6fbf98b32eba", "query": "child", "docid": "6581", "rank": "10", "page": "1"}
{"type": "pageNavigationClicked", "timestamp": "2026-02-25T10:55:07.873Z", "sessionID": "e1f77ecd-eb16-49b3-9760-6fbf98b32eba", "clicked": "8", "fromPage": 1, "toPage": 8}
{"type": "searchResultGenerated", "timestamp": "2026-02-25T10:55:08.279Z", "sessionID": "e1f77ecd-eb16-49b3-9760-6fbf98b32eba", "query": "child", "docid": "1243", "rank": "1", "page": "8", "url": "http://www.gutenberg.org/files/19909/19909-h/19909-h.htm#TWO_OLD_BOYS", "windowLocation": "http://localhost:7001/result?query=child&page=8"}
{"type": "searchResultGenerated", "timestamp": "2026-02-25T10:55:08.279Z", "sessionID": "e1f77ecd-eb16-49b3-9760-6fbf98b32eba", "query": "child", "docid": "4723", "rank": "2", "page": "8", "url": "https://www.commonlit.org/texts/story-of-an-hour", "windowLocation": "http://localhost:7001/result?query=child&page=8"}
{"type": "searchResultGenerated", "timestamp": "2026-02-25T10:55:08.280Z", "sessionID": "e1f77ecd-eb16-49b3-9760-6fbf98b32eba", "query": "child", "docid": "4837", "rank": "3", "page": "8", "url": "http://www.gutenberg.org/files/3155/3155-h/3155-h.htm", "windowLocation": "http://localhost:7001/result?query=child&page=8"}
{"type": "searchResultGenerated", "timestamp": "2026-02-25T10:55:08.280Z", "sessionID": "e1f77ecd-eb16-49b3-9760-6fbf98b32eba", "query": "child", "docid": "730", "rank": "4", "page": "8", "url": "http://www.gutenberg.org/cache/epub/9963/pg9963-images.html", "windowLocation": "http://localhost:7001/result?query=child&page=8"}
{"type": "searchResultGenerated", "timestamp": "2026-02-25T10:55:08.280Z", "sessionID": "e1f77ecd-eb16-49b3-9760-6fbf98b32eba", "query": "child", "docid": "749", "rank": "5", "page": "8", "url": "http://www.gutenberg.org/files/22433/22433-h/22433-h.htm", "windowLocation": "http://localhost:7001/result?query=child&page=8"}
{"type": "searchResultGenerated", "timestamp": "2026-02-25T10:55:08.281Z", "sessionID": "e1f77ecd-eb16-49b3-9760-6fbf98b32eba", "query": "child", "docid": "4412", "rank": "6", "page": "8", "url": "http://www.gutenberg.org/cache/epub/9106/pg9106-images.html", "windowLocation": "http://localhost:7001/result?query=child&page=8"}
{"type": "searchResultGenerated", "timestamp": "2026-02-25T10:55:08.281Z", "sessionID": "e1f77ecd-eb16-49b3-9760-6fbf98b32eba", "query": "child", "docid": "736", "rank": "7", "page": "8", "url": "http://www.gutenberg.org/cache/epub/13379/pg13379-images.html", "windowLocation": "http://localhost:7001/result?query=child&page=8"}
{"type": "searchResultGenerated", "timestamp": "2026-02-25T10:55:08.282Z", "sessionID": "e1f77ecd-eb16-49b3-9760-6fbf98b32eba", "query": "child", "docid": "1114", "rank": "8", "page": "8", "url": "http://www.gutenberg.org/files/16247/16247-h/16247-h.htm#I", "windowLocation": "http://localhost:7001/result?query=child&page=8"}
{"type": "searchResultGenerated", "timestamp": "2026-02-25T10:55:08.282Z", "sessionID": "e1f77ecd-eb16-49b3-9760-6fbf98b32eba", "query": "child", "docid": "6071", "rank": "9", "page": "8", "url": "http://www.gutenberg.org/files/6932/6932-h/6932-h.htm", "windowLocation": "http://localhost:7001/result?query=child&page=8"}
{"type": "searchResultGenerated", "timestamp": "2026-02-25T10:55:08.282Z", "sessionID": "e1f77ecd-eb16-49b3-9760-6fbf98b32eba", "query": "child", "docid": "6271", "rank": "10", "page": "8", "url": "http://www.gutenberg.org/files/2731/2731-h/2731-h.htm#link2H_4_0001", "windowLocation": "http://localhost:7001/result?query=child&page=8"}
{"type": "cursorEnteredSnippet", "timestamp": "2026-02-25T10:55:08.348Z", "sessionID": "e1f77ecd-eb16-49b3-9760-6fbf98b32eba", "query": "child", "docid": "730", "rank": "4", "page": "8"}
{"type": "clickedResult", "timestamp": "2026-02-25T10:55:09.015Z", "sessionID": "e1f77ecd-eb16-49b3-9760-6fbf98b32eba", "query": "child", "rank": "4", "page": "8", "url": "http://www.gutenberg.org/cache/epub/9963/pg9963-images.html", "searchAppLocation": "http://www.gutenberg.org/cache/epub/9963/pg9963-images.html"}
{"type": "cursorLeftSnippet", "timestamp": "2026-02-25T10:55:09.502Z", "sessionID": "e1f77ecd-eb16-49b3-9760-6fbf98b32eba", "query": "child", "docid": "730", "rank": "4", "page": "8"}
{"type": "searchResultGenerated", "timestamp": "2026-02-25T10:55:13.357Z", "sessionID": "e1f77ecd-eb16-49b3-9760-6fbf98b32eba", "query": "child", "docid": "6359", "rank": "1", "page": "1", "url": "http://www.gutenberg.org/files/1467/1467-h/1467-h.htm#page47", "windowLocation": "http://localhost:7001/result?query=child&page=1"}
{"type": "searchResultGenerated", "timestamp": "2026-02-25T10:55:13.357Z", "sessionID": "e1f77ecd-eb16-49b3-9760-6fbf98b32eba", "query": "child", "docid": "6687", "rank": "2", "page": "1", "url": "http://www.gutenberg.org/files/7425/7425-h/7425-h.htm", "windowLocation": "http://localhost:7001/result?query=child&page=1"}
{"type": "searchResultGenerated", "timestamp": "2026-02-25T10:55:13.358Z", "sessionID": "e1f77ecd-eb16-49b3-9760-6fbf98b32eba", "query": "child", "docid": "5135", "rank": "3", "page": "1", "url": "http://www.gutenberg.org/files/8504/8504-h/8504-h.htm#26", "windowLocation": "http://localhost:7001/result?query=child&page=1"}
{"type": "searchResultGenerated", "timestamp": "2026-02-25T10:55:13.358Z", "sessionID": "e1f77ecd-eb16-49b3-9760-6fbf98b32eba", "query": "child", "docid": "7117", "rank": "4", "page": "1", "url": "http://www.gutenberg.org/files/24857/24857-h/24857-h.htm#CHAPTER_IX", "windowLocation": "http://localhost:7001/result?query=child&page=1"}
{"type": "searchResultGenerated", "timestamp": "2026-02-25T10:55:13.359Z", "sessionID": "e1f77ecd-eb16-49b3-9760-6fbf98b32eba", "query": "child", "docid": "5397", "rank": "5", "page": "1", "url": "http://www.gutenberg.org/files/20781/20781-h/20781-h.htm", "windowLocation": "http://localhost:7001/result?query=child&page=1"}
{"type": "searchResultGenerated", "timestamp": "2026-02-25T10:55:13.360Z", "sessionID": "e1f77ecd-eb16-49b3-9760-6fbf98b32eba", "query": "child", "docid": "3378", "rank": "6", "page": "1", "url": "https://www.africanstorybook.org/", "windowLocation": "http://localhost:7001/result?query=child&page=1"}
{"type": "searchResultGenerated", "timestamp": "2026-02-25T10:55:13.361Z", "sessionID": "e1f77ecd-eb16-49b3-9760-6fbf98b32eba", "query": "child", "docid": "1270", "rank": "7", "page": "1", "url": "http://www.gutenberg.org/cache/epub/5796/pg5796.html", "windowLocation": "http://localhost:7001/result?query=child&page=1"}
{"type": "searchResultGenerated", "timestamp": "2026-02-25T10:55:13.361Z", "sessionID": "e1f77ecd-eb16-49b3-9760-6fbf98b32eba", "query": "child", "docid": "4398", "rank": "8", "page": "1", "url": "http://www.gutenberg.org/files/18561/18561-h/18561-h.htm#Crickets", "windowLocation": "http://localhost:7001/result?query=child&page=1"}
{"type": "searchResultGenerated", "timestamp": "2026-02-25T10:55:13.362Z", "sessionID": "e1f77ecd-eb16-49b3-9760-6fbf98b32eba", "query": "child", "docid": "3404", "rank": "9", "page": "1", "url": "https://www.africanstorybook.org/", "windowLocation": "http://localhost:7001/result?query=child&page=1"}
{"type": "searchResultGenerated", "timestamp": "2026-02-25T10:55:13.363Z", "sessionID": "e1f77ecd-eb16-49b3-9760-6fbf98b32eba", "query": "child", "docid": "6581", "rank": "10", "page": "1", "url": "http://www.gutenberg.org/files/22604/22604-h/22604-h.htm", "windowLocation": "http://localhost:7001/result?query=child&page=1"}
{"type": "searchResultGenerated", "timestamp": "2026-02-25T10:55:14.487Z", "sessionID": "e1f77ecd-eb16-49b3-9760-6fbf98b32eba", "query": "ducks", "docid": "2938", "rank": "1", "page": "1", "url": "https://www.africanstorybook.org/#", "windowLocation": "http://localhost:7001/result?query=ducks&page=1"}
{"type": "searchResultGenerated", "timestamp": "2026-02-25T10:55:14.488Z", "sessionID": "e1f77ecd-eb16-49b3-9760-6fbf98b32eba", "query": "ducks", "docid": "5607", "rank": "2", "page": "1", "url": "http://www.gutenberg.org/files/15170/15170-h/15170-h.htm#mirror", "windowLocation": "http://localhost:7001/result?query=ducks&page=1"}
{"type": "searchResultGenerated", "timestamp": "2026-02-25T10:55:14.489Z", "sessionID": "e1f77ecd-eb16-49b3-9760-6fbf98b32eba", "query": "ducks", "docid": "5292", "rank": "3", "page": "1", "url": "http://www.gutenberg.org/files/40756/40756-h/40756-h.htm#Page_135", "windowLocation": "http://localhost:7001/result?query=ducks&page=1"}
{"type": "searchResultGenerated", "timestamp": "2026-02-25T10:55:14.490Z", "sessionID": "e1f77ecd-eb16-49b3-9760-6fbf98b32eba", "query": "ducks", "docid": "5499", "rank": "4", "page": "1", "url": "http://www.gutenberg.org/files/28130/28130-h/28130-h.htm#Page_57", "windowLocation": "http://localhost:7001/result?query=ducks&page=1"}
{"type": "searchResultGenerated", "timestamp": "2026-02-25T10:55:14.491Z", "sessionID": "e1f77ecd-eb16-49b3-9760-6fbf98b32eba", "query": "ducks", "docid": "5642", "rank": "5", "page": "1", "url": "http://www.gutenberg.org/files/16522/16522-h/16522-h.htm#ELSIES_DUCKS", "windowLocation": "http://localhost:7001/result?query=ducks&page=1"}
{"type": "searchResultGenerated", "timestamp": "2026-02-25T10:55:14.492Z", "sessionID": "e1f77ecd-eb16-49b3-9760-6fbf98b32eba", "query": "ducks", "docid": "4817", "rank": "6", "page": "1", "url": "http://www.gutenberg.org/files/902/902-h/902-h.htm", "windowLocation": "http://localhost:7001/result?query=ducks&page=1"}
{"type": "searchResultGenerated", "timestamp": "2026-02-25T10:55:14.492Z", "sessionID": "e1f77ecd-eb16-49b3-9760-6fbf98b32eba", "query": "ducks", "docid": "4970", "rank": "7", "page": "1", "url": "http://www.gutenberg.org/files/8950/8950-h/8950-h.htm", "windowLocation": "http://localhost:7001/result?query=ducks&page=1"}
{"type": "searchResultGenerated", "timestamp": "2026-02-25T10:55:14.493Z", "sessionID": "e1f77ecd-eb16-49b3-9760-6fbf98b32eba", "query": "ducks", "docid": "6202", "rank": "8", "page": "1", "url": "http://www.gutenberg.org/files/16891/16891-h/16891-h.htm", "windowLocation": "http://localhost:7001/result?query=ducks&page=1"}
{"type": "searchResultGenerated", "timestamp": "2026-02-25T10:55:14.493Z", "sessionID": "e1f77ecd-eb16-49b3-9760-6fbf98b32eba", "query": "ducks", "docid": "5714", "rank": "9", "page": "1", "url": "http://www.gutenberg.org/files/24940/24940-h/24940-h.htm#Page_69", "windowLocation": "http://localhost:7001/result?query=ducks&page=1"}
{"type": "searchResultGenerated", "timestamp": "2026-02-25T10:55:14.498Z", "sessionID": "e1f77ecd-eb16-49b3-9760-6fbf98b32eba", "query": "ducks", "docid": "5589", "rank": "10", "page": "1", "url": "http://www.gutenberg.org/files/28133/28133-h/28133-h.htm#Page_139", "windowLocation": "http://localhost:7001/result?query=ducks&page=1"}
{"type": "cursorEnteredSnippet", "timestamp": "2026-02-25T10:55:15.609Z", "sessionID": "e1f77ecd-eb16-49b3-9760-6fbf98b32eba", "query": "ducks", "docid": "5714", "rank": "9", "page": "1"}
{"type": "cursorLeftSnippet", "timestamp": "2026-02-25T10:55:15.658Z", "sessionID": "e1f77ecd-eb16-49b3-9760-6fbf98b32eba", "query": "ducks", "docid": "5714", "rank": "9", "page": "1"}
{"type": "cursorEnteredSnippet", "timestamp": "2026-02-25T10:55:15.841Z", "sessionID": "e1f77ecd-eb16-49b3-9760-6fbf98b32eba", "query": "ducks", "docid": "5589", "rank": "10", "page": "1"}
{"type": "cursorLeftSnippet", "timestamp": "2026-02-25T10:55:15.958Z", "sessionID": "e1f77ecd-eb16-49b3-9760-6fbf98b32eba", "query": "ducks", "docid": "5589", "rank": "10", "page": "1"}
{"type": "pageNavigationClicked", "timestamp": "2026-02-25T10:55:16.633Z", "sessionID": "e1f77ecd-eb16-49b3-9760-6fbf98b32eba", "clicked": "3", "fromPage": 1, "toPage": 3}
{"type": "cursorEnteredSnippet", "timestamp": "2026-02-25T10:55:16.725Z", "sessionID": "e1f77ecd-eb16-49b3-9760-6fbf98b32eba", "query": "ducks", "docid": "5589", "rank": "10", "page": "1"}
{"type": "cursorLeftSnippet", "timestamp": "2026-02-25T10:55:16.792Z", "sessionID": "e1f77ecd-eb16-49b3-9760-6fbf98b32eba", "query": "ducks", "docid": "5589", "rank": "10", "page": "1"}
{"type": "cursorEnteredSnippet", "timestamp": "2026-02-25T10:55:16.794Z", "sessionID": "e1f77ecd-eb16-49b3-9760-6fbf98b32eba", "query": "ducks", "docid": "5714", "rank": "9", "page": "1"}
{"type": "searchResultGenerated", "timestamp": "2026-02-25T10:55:17.061Z", "sessionID": "e1f77ecd-eb16-49b3-9760-6fbf98b32eba", "query": "ducks", "docid": "6235", "rank": "1", "page": "3", "url": "http://www.gutenberg.org/files/7252/7252-h/7252-h.htm", "windowLocation": "http://localhost:7001/result?query=ducks&page=3"}
{"type": "searchResultGenerated", "timestamp": "2026-02-25T10:55:17.061Z", "sessionID": "e1f77ecd-eb16-49b3-9760-6fbf98b32eba", "query": "ducks", "docid": "2047", "rank": "2", "page": "3", "url": "https://kids.frontiersin.org/article/10.3389/frym.2020.00083", "windowLocation": "http://localhost:7001/result?query=ducks&page=3"}
{"type": "searchResultGenerated", "timestamp": "2026-02-25T10:55:17.061Z", "sessionID": "e1f77ecd-eb16-49b3-9760-6fbf98b32eba", "query": "ducks", "docid": "7365", "rank": "3", "page": "3", "url": "https://www.digitallibrary.io/en/books/details/1391", "windowLocation": "http://localhost:7001/result?query=ducks&page=3"}
{"type": "searchResultGenerated", "timestamp": "2026-02-25T10:55:17.062Z", "sessionID": "e1f77ecd-eb16-49b3-9760-6fbf98b32eba", "query": "ducks", "docid": "3208", "rank": "4", "page": "3", "url": "https://www.africanstorybook.org/", "windowLocation": "http://localhost:7001/result?query=ducks&page=3"}
{"type": "searchResultGenerated", "timestamp": "2026-02-25T10:55:17.062Z", "sessionID": "e1f77ecd-eb16-49b3-9760-6fbf98b32eba", "query": "ducks", "docid": "4340", "rank": "5", "page": "3", "url": "https://www.commonlit.org/texts/the-open-window", "windowLocation": "http://localhost:7001/result?query=ducks&page=3"}
{"type": "searchResultGenerated", "timestamp": "2026-02-25T10:55:17.062Z", "sessionID": "e1f77ecd-eb16-49b3-9760-6fbf98b32eba", "query": "ducks", "docid": "5234", "rank": "6", "page": "3", "url": "http://www.gutenberg.org/files/42159/42159-h/42159-h.htm#Page_308", "windowLocation": "http://localhost:7001/result?query=ducks&page=3"}
{"type": "searchResultGenerated", "timestamp": "2026-02-25T10:55:17.063Z", "sessionID": "e1f77ecd-eb16-49b3-9760-6fbf98b32eba", "query": "ducks", "docid": "4261", "rank": "7", "page": "3", "url": "http://www.gutenberg.org/files/20521/20521-h/20521-h.htm#French_Amenities", "windowLocation": "http://localhost:7001/result?query=ducks&page=3"}
{"type": "searchResultGenerated", "timestamp": "2026-02-25T10:55:17.063Z", "sessionID": "e1f77ecd-eb16-49b3-9760-6fbf98b32eba", "query": "ducks", "docid": "2967", "rank": "8", "page": "3", "url": "https://kids.frontiersin.org/article/10.3389/frym.2017.00007", "windowLocation": "http://localhost:7001/result?query=ducks&page=3"}
{"type": "searchResultGenerated", "timestamp": "2026-02-25T10:55:17.064Z", "sessionID": "e1f77ecd-eb16-49b3-9760-6fbf98b32eba", "query": "ducks", "docid": "3071", "rank": "9", "page": "3", "url": "https://www.africanstorybook.org/", "windowLocation": "http://localhost:7001/result?query=ducks&page=3"}
{"type": "searchResultGenerated", "timestamp": "2026-02-25T10:55:17.064Z", "sessionID": "e1f77ecd-eb16-49b3-9760-6fbf98b32eba", "query": "ducks", "docid": "7254", "rank": "10", "page": "3", "url": "https://www.digitallibrary.io/en/books/details/3753", "windowLocation": "http://localhost:7001/result?query=ducks&page=3"}
{"type": "cursorEnteredSnippet", "timestamp": "2026-02-25T10:55:17.065Z", "sessionID": "e1f77ecd-eb16-49b3-9760-6fbf98b32eba", "query": "ducks", "docid": "6235", "rank": "1", "page": "3"}
{"type": "cursorLeftSnippet", "timestamp": "2026-02-25T10:55:17.175Z", "sessionID": "e1f77ecd-eb16-49b3-9760-6fbf98b32eba", "query": "ducks", "docid": "6235", "rank": "1", "page": "3"}
{"type": "queryBoxFocused", "timestamp": "2026-02-25T10:55:17.952Z", "sessionID": "e1f77ecd-eb16-49b3-9760-6fbf98b32eba"}
{"type": "querySubmitted", "timestamp": "2026-02-25T10:55:22.272Z", "sessionID": "e1f77ecd-eb16-49b3-9760-6fbf98b32eba", "query": "goat"}
{"type": "searchResultGenerated", "timestamp": "2026-02-25T10:55:22.650Z", "sessionID": "e1f77ecd-eb16-49b3-9760-6fbf98b32eba", "query": "goat", "docid": "3233", "rank": "1", "page": "1", "url": "https://www.africanstorybook.org/#", "windowLocation": "http://localhost:7001/result?query=goat&page=1"}
{"type": "searchResultGenerated", "timestamp": "2026-02-25T10:55:22.651Z", "sessionID": "e1f77ecd-eb16-49b3-9760-6fbf98b32eba", "query": "goat", "docid": "2775", "rank": "2", "page": "1", "url": "https://www.africanstorybook.org/", "windowLocation": "http://localhost:7001/result?query=goat&page=1"}
{"type": "searchResultGenerated", "timestamp": "2026-02-25T10:55:22.652Z", "sessionID": "e1f77ecd-eb16-49b3-9760-6fbf98b32eba", "query": "goat", "docid": "5312", "rank": "3", "page": "1", "url": "http://www.gutenberg.org/files/42157/42157-h/42157-h.htm#Page_234", "windowLocation": "http://localhost:7001/result?query=goat&page=1"}
{"type": "searchResultGenerated", "timestamp": "2026-02-25T10:55:22.653Z", "sessionID": "e1f77ecd-eb16-49b3-9760-6fbf98b32eba", "query": "goat", "docid": "7043", "rank": "4", "page": "1", "url": "http://www.gutenberg.org/files/25359/25359-h/25359-h.htm#OEYVIND", "windowLocation": "http://localhost:7001/result?query=goat&page=1"}
{"type": "searchResultGenerated", "timestamp": "2026-02-25T10:55:22.654Z", "sessionID": "e1f77ecd-eb16-49b3-9760-6fbf98b32eba", "query": "goat", "docid": "3300", "rank": "5", "page": "1", "url": "https://www.africanstorybook.org/#", "windowLocation": "http://localhost:7001/result?query=goat&page=1"}
{"type": "searchResultGenerated", "timestamp": "2026-02-25T10:55:22.655Z", "sessionID": "e1f77ecd-eb16-49b3-9760-6fbf98b32eba", "query": "goat", "docid": "5718", "rank": "6", "page": "1", "url": "http://www.gutenberg.org/files/24943/24943-h/24943-h.htm#Page_165", "windowLocation": "http://localhost:7001/result?query=goat&page=1"}
{"type": "searchResultGenerated", "timestamp": "2026-02-25T10:55:22.656Z", "sessionID": "e1f77ecd-eb16-49b3-9760-6fbf98b32eba", "query": "goat", "docid": "7215", "rank": "7", "page": "1", "url": "http://www.gutenberg.org/files/15659/15659-h/15659-h.htm#THE_WOLF_AND_THE_SEVEN_YOUNG_KIDS", "windowLocation": "http://localhost:7001/result?query=goat&page=1"}
{"type": "searchResultGenerated", "timestamp": "2026-02-25T10:55:22.656Z", "sessionID": "e1f77ecd-eb16-49b3-9760-6fbf98b32eba", "query": "goat", "docid": "3208", "rank": "8", "page": "1", "url": "https://www.africanstorybook.org/", "windowLocation": "http://localhost:7001/result?query=goat&page=1"}
{"type": "searchResultGenerated", "timestamp": "2026-02-25T10:55:22.657Z", "sessionID": "e1f77ecd-eb16-49b3-9760-6fbf98b32eba", "query": "goat", "docid": "3270", "rank": "9", "page": "1", "url": "https://www.africanstorybook.org/#", "windowLocation": "http://localhost:7001/result?query=goat&page=1"}
{"type": "searchResultGenerated", "timestamp": "2026-02-25T10:55:22.658Z", "sessionID": "e1f77ecd-eb16-49b3-9760-6fbf98b32eba", "query": "goat", "docid": "6767", "rank": "10", "page": "1", "url": "http://www.gutenberg.org/files/23462/23462-h/23462-h.htm#Page_11", "windowLocation": "http://localhost:7001/result?query=goat&page=1"}
{"type": "cursorEnteredSnippet", "timestamp": "2026-02-25T10:55:23.291Z", "sessionID": "e1f77ecd-eb16-49b3-9760-6fbf98b32eba", "query": "goat", "docid": "3233", "rank": "1", "page": "1"}
{"type": "cursorLeftSnippet", "timestamp": "2026-02-25T10:55:23.342Z", "sessionID": "e1f77ecd-eb16-49b3-9760-6fbf98b32eba", "query": "goat", "docid": "3233", "rank": "1", "page": "1"}
{"type": "cursorEnteredSnippet", "timestamp": "2026-02-25T10:55:23.343Z", "sessionID": "e1f77ecd-eb16-49b3-9760-6fbf98b32eba", "query": "goat", "docid": "2775", "rank": "2", "page": "1"}
{"type": "cursorLeftSnippet", "timestamp": "2026-02-25T10:55:23.391Z", "sessionID": "e1f77ecd-eb16-49b3-9760-6fbf98b32eba", "query": "goat", "docid": "2775", "rank": "2", "page": "1"}
{"type": "cursorEnteredSnippet", "timestamp": "2026-02-25T10:55:23.392Z", "sessionID": "e1f77ecd-eb16-49b3-9760-6fbf98b32eba", "query": "goat", "docid": "5312", "rank": "3", "page": "1"}
{"type": "cursorLeftSnippet", "timestamp": "2026-02-25T10:55:25.208Z", "sessionID": "e1f77ecd-eb16-49b3-9760-6fbf98b32eba", "query": "goat", "docid": "5312", "rank": "3", "page": "1"}
{"type": "cursorEnteredSnippet", "timestamp": "2026-02-25T10:55:25.210Z", "sessionID": "e1f77ecd-eb16-49b3-9760-6fbf98b32eba", "query": "goat", "docid": "3270", "rank": "9", "page": "1"}
{"type": "cursorLeftSnippet", "timestamp": "2026-02-25T10:55:25.291Z", "sessionID": "e1f77ecd-eb16-49b3-9760-6fbf98b32eba", "query": "goat", "docid": "3270", "rank": "9", "page": "1"}
{"type": "cursorEnteredSnippet", "timestamp": "2026-02-25T10:55:25.308Z", "sessionID": "e1f77ecd-eb16-49b3-9760-6fbf98b32eba", "query": "goat", "docid": "6767", "rank": "10", "page": "1"}
{"type": "cursorLeftSnippet", "timestamp": "2026-02-25T10:55:25.658Z", "sessionID": "e1f77ecd-eb16-49b3-9760-6fbf98b32eba", "query": "goat", "docid": "6767", "rank": "10", "page": "1"}
{"type": "cursorEnteredSnippet", "timestamp": "2026-02-25T10:55:25.658Z", "sessionID": "e1f77ecd-eb16-49b3-9760-6fbf98b32eba", "query": "goat", "docid": "3270", "rank": "9", "page": "1"}
{"type": "cursorLeftSnippet", "timestamp": "2026-02-25T10:55:25.741Z", "sessionID": "e1f77ecd-eb16-49b3-9760-6fbf98b32eba", "query": "goat", "docid": "3270", "rank": "9", "page": "1"}
{"type": "cursorEnteredSnippet", "timestamp": "2026-02-25T10:55:25.758Z", "sessionID": "e1f77ecd-eb16-49b3-9760-6fbf98b32eba", "query": "goat", "docid": "3208", "rank": "8", "page": "1"}
{"type": "cursorLeftSnippet", "timestamp": "2026-02-25T10:55:25.841Z", "sessionID": "e1f77ecd-eb16-49b3-9760-6fbf98b32eba", "query": "goat", "docid": "3208", "rank": "8", "page": "1"}
{"type": "cursorEnteredSnippet", "timestamp": "2026-02-25T10:55:27.558Z", "sessionID": "e1f77ecd-eb16-49b3-9760-6fbf98b32eba", "query": "goat", "docid": "3208", "rank": "8", "page": "1"}
{"type": "cursorLeftSnippet", "timestamp": "2026-02-25T10:55:30.058Z", "sessionID": "e1f77ecd-eb16-49b3-9760-6fbf98b32eba", "query": "goat", "docid": "3208", "rank": "8", "page": "1"}
{"type": "cursorEnteredSnippet", "timestamp": "2026-02-25T10:55:30.059Z", "sessionID": "e1f77ecd-eb16-49b3-9760-6fbf98b32eba", "query": "goat", "docid": "3270", "rank": "9", "page": "1"}
{"type": "cursorLeftSnippet", "timestamp": "2026-02-25T10:55:30.125Z", "sessionID": "e1f77ecd-eb16-49b3-9760-6fbf98b32eba", "query": "goat", "docid": "3270", "rank": "9", "page": "1"}
{"type": "cursorEnteredSnippet", "timestamp": "2026-02-25T10:55:30.125Z", "sessionID": "e1f77ecd-eb16-49b3-9760-6fbf98b32eba", "query": "goat", "docid": "6767", "rank": "10", "page": "1"}
{"type": "cursorLeftSnippet", "timestamp": "2026-02-25T10:55:30.291Z", "sessionID": "e1f77ecd-eb16-49b3-9760-6fbf98b32eba", "query": "goat", "docid": "6767", "rank": "10", "page": "1"}
{"type": "pageNavigationClicked", "timestamp": "2026-02-25T10:55:38.375Z", "sessionID": "e1f77ecd-eb16-49b3-9760-6fbf98b32eba", "clicked": "3", "fromPage": 1, "toPage": 3}
{"type": "searchResultGenerated", "timestamp": "2026-02-25T10:55:38.665Z", "sessionID": "e1f77ecd-eb16-49b3-9760-6fbf98b32eba", "query": "goat", "docid": "3239", "rank": "1", "page": "3", "url": "https://www.africanstorybook.org/#", "windowLocation": "http://localhost:7001/result?query=goat&page=3"}
{"type": "searchResultGenerated", "timestamp": "2026-02-25T10:55:38.665Z", "sessionID": "e1f77ecd-eb16-49b3-9760-6fbf98b32eba", "query": "goat", "docid": "3822", "rank": "2", "page": "3", "url": "http://www.gutenberg.org/cache/epub/6328/pg6328-images.html", "windowLocation": "http://localhost:7001/result?query=goat&page=3"}
{"type": "searchResultGenerated", "timestamp": "2026-02-25T10:55:38.666Z", "sessionID": "e1f77ecd-eb16-49b3-9760-6fbf98b32eba", "query": "goat", "docid": "7080", "rank": "3", "page": "3", "url": "http://www.gutenberg.org/cache/epub/5902/pg5902-images.html", "windowLocation": "http://localhost:7001/result?query=goat&page=3"}
{"type": "searchResultGenerated", "timestamp": "2026-02-25T10:55:38.666Z", "sessionID": "e1f77ecd-eb16-49b3-9760-6fbf98b32eba", "query": "goat", "docid": "2947", "rank": "4", "page": "3", "url": "https://www.africanstorybook.org/#", "windowLocation": "http://localhost:7001/result?query=goat&page=3"}
{"type": "searchResultGenerated", "timestamp": "2026-02-25T10:55:38.667Z", "sessionID": "e1f77ecd-eb16-49b3-9760-6fbf98b32eba", "query": "goat", "docid": "3415", "rank": "5", "page": "3", "url": "https://www.africanstorybook.org/", "windowLocation": "http://localhost:7001/result?query=goat&page=3"}
{"type": "searchResultGenerated", "timestamp": "2026-02-25T10:55:38.668Z", "sessionID": "e1f77ecd-eb16-49b3-9760-6fbf98b32eba", "query": "goat", "docid": "7010", "rank": "6", "page": "3", "url": "http://www.gutenberg.org/files/25359/25359-h/25359-h.htm#Page_102", "windowLocation": "http://localhost:7001/result?query=goat&page=3"}
{"type": "searchResultGenerated", "timestamp": "2026-02-25T10:55:38.668Z", "sessionID": "e1f77ecd-eb16-49b3-9760-6fbf98b32eba", "query": "goat", "docid": "2739", "rank": "7", "page": "3", "url": "https://www.africanstorybook.org/", "windowLocation": "http://localhost:7001/result?query=goat&page=3"}
{"type": "searchResultGenerated", "timestamp": "2026-02-25T10:55:38.669Z", "sessionID": "e1f77ecd-eb16-49b3-9760-6fbf98b32eba", "query": "goat", "docid": "3421", "rank": "8", "page": "3", "url": "https://www.africanstorybook.org/", "windowLocation": "http://localhost:7001/result?query=goat&page=3"}
{"type": "searchResultGenerated", "timestamp": "2026-02-25T10:55:38.670Z", "sessionID": "e1f77ecd-eb16-49b3-9760-6fbf98b32eba", "query": "goat", "docid": "3248", "rank": "9", "page": "3", "url": "https://www.africanstorybook.org/", "windowLocation": "http://localhost:7001/result?query=goat&page=3"}
{"type": "searchResultGenerated", "timestamp": "2026-02-25T10:55:38.670Z", "sessionID": "e1f77ecd-eb16-49b3-9760-6fbf98b32eba", "query": "goat", "docid": "3249", "rank": "10", "page": "3", "url": "https://www.africanstorybook.org/", "windowLocation": "http://localhost:7001/result?query=goat&page=3"}
{"type": "cursorEnteredSnippet", "timestamp": "2026-02-25T10:55:39.215Z", "sessionID": "e1f77ecd-eb16-49b3-9760-6fbf98b32eba", "query": "goat", "docid": "2947", "rank": "4", "page": "3"}
{"type": "cursorLeftSnippet", "timestamp": "2026-02-25T10:55:39.324Z", "sessionID": "e1f77ecd-eb16-49b3-9760-6fbf98b32eba", "query": "goat", "docid": "2947", "rank": "4", "page": "3"}
{"type": "cursorEnteredSnippet", "timestamp": "2026-02-25T10:55:39.325Z", "sessionID": "e1f77ecd-eb16-49b3-9760-6fbf98b32eba", "query": "goat", "docid": "7080", "rank": "3", "page": "3"}
{"type": "cursorLeftSnippet", "timestamp": "2026-02-25T10:55:39.357Z", "sessionID": "e1f77ecd-eb16-49b3-9760-6fbf98b32eba", "query": "goat", "docid": "7080", "rank": "3", "page": "3"}
{"type": "cursorEnteredSnippet", "timestamp": "2026-02-25T10:55:39.358Z", "sessionID": "e1f77ecd-eb16-49b3-9760-6fbf98b32eba", "query": "goat", "docid": "3822", "rank": "2", "page": "3"}
{"type": "cursorLeftSnippet", "timestamp": "2026-02-25T10:55:39.407Z", "sessionID": "e1f77ecd-eb16-49b3-9760-6fbf98b32eba", "query": "goat", "docid": "3822", "rank": "2", "page": "3"}
{"type": "cursorEnteredSnippet", "timestamp": "2026-02-25T10:55:39.407Z", "sessionID": "e1f77ecd-eb16-49b3-9760-6fbf98b32eba", "query": "goat", "docid": "3239", "rank": "1", "page": "3"}
{"type": "cursorLeftSnippet", "timestamp": "2026-02-25T10:55:39.424Z", "sessionID": "e1f77ecd-eb16-49b3-9760-6fbf98b32eba", "query": "goat", "docid": "3239", "rank": "1", "page": "3"}
{"type": "searchResultGenerated", "timestamp": "2026-02-25T10:55:45.931Z", "sessionID": "e1f77ecd-eb16-49b3-9760-6fbf98b32eba", "query": "goat", "docid": "3233", "rank": "1", "page": "1", "url": "https://www.africanstorybook.org/#", "windowLocation": "http://localhost:7001/result?query=goat&page=1"}
{"type": "searchResultGenerated", "timestamp": "2026-02-25T10:55:45.933Z", "sessionID": "e1f77ecd-eb16-49b3-9760-6fbf98b32eba", "query": "goat", "docid": "2775", "rank": "2", "page": "1", "url": "https://www.africanstorybook.org/", "windowLocation": "http://localhost:7001/result?query=goat&page=1"}
{"type": "searchResultGenerated", "timestamp": "2026-02-25T10:55:45.934Z", "sessionID": "e1f77ecd-eb16-49b3-9760-6fbf98b32eba", "query": "goat", "docid": "5312", "rank": "3", "page": "1", "url": "http://www.gutenberg.org/files/42157/42157-h/42157-h.htm#Page_234", "windowLocation": "http://localhost:7001/result?query=goat&page=1"}
{"type": "searchResultGenerated", "timestamp": "2026-02-25T10:55:45.934Z", "sessionID": "e1f77ecd-eb16-49b3-9760-6fbf98b32eba", "query": "goat", "docid": "7043", "rank": "4", "page": "1", "url": "http://www.gutenberg.org/files/25359/25359-h/25359-h.htm#OEYVIND", "windowLocation": "http://localhost:7001/result?query=goat&page=1"}
{"type": "searchResultGenerated", "timestamp": "2026-02-25T10:55:45.936Z", "sessionID": "e1f77ecd-eb16-49b3-9760-6fbf98b32eba", "query": "goat", "docid": "3300", "rank": "5", "page": "1", "url": "https://www.africanstorybook.org/#", "windowLocation": "http://localhost:7001/result?query=goat&page=1"}
{"type": "searchResultGenerated", "timestamp": "2026-02-25T10:55:45.936Z", "sessionID": "e1f77ecd-eb16-49b3-9760-6fbf98b32eba", "query": "goat", "docid": "5718", "rank": "6", "page": "1", "url": "http://www.gutenberg.org/files/24943/24943-h/24943-h.htm#Page_165", "windowLocation": "http://localhost:7001/result?query=goat&page=1"}
{"type": "searchResultGenerated", "timestamp": "2026-02-25T10:55:45.937Z", "sessionID": "e1f77ecd-eb16-49b3-9760-6fbf98b32eba", "query": "goat", "docid": "7215", "rank": "7", "page": "1", "url": "http://www.gutenberg.org/files/15659/15659-h/15659-h.htm#THE_WOLF_AND_THE_SEVEN_YOUNG_KIDS", "windowLocation": "http://localhost:7001/result?query=goat&page=1"}
{"type": "searchResultGenerated", "timestamp": "2026-02-25T10:55:45.938Z", "sessionID": "e1f77ecd-eb16-49b3-9760-6fbf98b32eba", "query": "goat", "docid": "3208", "rank": "8", "page": "1", "url": "https://www.africanstorybook.org/", "windowLocation": "http://localhost:7001/result?query=goat&page=1"}
{"type": "searchResultGenerated", "timestamp": "2026-02-25T10:55:45.940Z", "sessionID": "e1f77ecd-eb16-49b3-9760-6fbf98b32eba", "query": "goat", "docid": "3270", "rank": "9", "page": "1", "url": "https://www.africanstorybook.org/#", "windowLocation": "http://localhost:7001/result?query=goat&page=1"}
{"type": "searchResultGenerated", "timestamp": "2026-02-25T10:55:45.941Z", "sessionID": "e1f77ecd-eb16-49b3-9760-6fbf98b32eba", "query": "goat", "docid": "6767", "rank": "10", "page": "1", "url": "http://www.gutenberg.org/files/23462/23462-h/23462-h.htm#Page_11", "windowLocation": "http://localhost:7001/result?query=goat&page=1"}
{"type": "searchResultGenerated", "timestamp": "2026-02-25T10:55:46.796Z", "sessionID": "e1f77ecd-eb16-49b3-9760-6fbf98b32eba", "query": "ducks", "docid": "6235", "rank": "1", "page": "3", "url": "http://www.gutenberg.org/files/7252/7252-h/7252-h.htm", "windowLocation": "http://localhost:7001/result?query=ducks&page=3"}
{"type": "searchResultGenerated", "timestamp": "2026-02-25T10:55:46.797Z", "sessionID": "e1f77ecd-eb16-49b3-9760-6fbf98b32eba", "query": "ducks", "docid": "2047", "rank": "2", "page": "3", "url": "https://kids.frontiersin.org/article/10.3389/frym.2020.00083", "windowLocation": "http://localhost:7001/result?query=ducks&page=3"}
{"type": "searchResultGenerated", "timestamp": "2026-02-25T10:55:46.798Z", "sessionID": "e1f77ecd-eb16-49b3-9760-6fbf98b32eba", "query": "ducks", "docid": "7365", "rank": "3", "page": "3", "url": "https://www.digitallibrary.io/en/books/details/1391", "windowLocation": "http://localhost:7001/result?query=ducks&page=3"}
{"type": "searchResultGenerated", "timestamp": "2026-02-25T10:55:46.798Z", "sessionID": "e1f77ecd-eb16-49b3-9760-6fbf98b32eba", "query": "ducks", "docid": "3208", "rank": "4", "page": "3", "url": "https://www.africanstorybook.org/", "windowLocation": "http://localhost:7001/result?query=ducks&page=3"}
{"type": "searchResultGenerated", "timestamp": "2026-02-25T10:55:46.802Z", "sessionID": "e1f77ecd-eb16-49b3-9760-6fbf98b32eba", "query": "ducks", "docid": "4340", "rank": "5", "page": "3", "url": "https://www.commonlit.org/texts/the-open-window", "windowLocation": "http://localhost:7001/result?query=ducks&page=3"}
{"type": "searchResultGenerated", "timestamp": "2026-02-25T10:55:46.803Z", "sessionID": "e1f77ecd-eb16-49b3-9760-6fbf98b32eba", "query": "ducks", "docid": "5234", "rank": "6", "page": "3", "url": "http://www.gutenberg.org/files/42159/42159-h/42159-h.htm#Page_308", "windowLocation": "http://localhost:7001/result?query=ducks&page=3"}
{"type": "searchResultGenerated", "timestamp": "2026-02-25T10:55:46.803Z", "sessionID": "e1f77ecd-eb16-49b3-9760-6fbf98b32eba", "query": "ducks", "docid": "4261", "rank": "7", "page": "3", "url": "http://www.gutenberg.org/files/20521/20521-h/20521-h.htm#French_Amenities", "windowLocation": "http://localhost:7001/result?query=ducks&page=3"}
{"type": "searchResultGenerated", "timestamp": "2026-02-25T10:55:46.804Z", "sessionID": "e1f77ecd-eb16-49b3-9760-6fbf98b32eba", "query": "ducks", "docid": "2967", "rank": "8", "page": "3", "url": "https://kids.frontiersin.org/article/10.3389/frym.2017.00007", "windowLocation": "http://localhost:7001/result?query=ducks&page=3"}
{"type": "searchResultGenerated", "timestamp": "2026-02-25T10:55:46.805Z", "sessionID": "e1f77ecd-eb16-49b3-9760-6fbf98b32eba", "query": "ducks", "docid": "3071", "rank": "9", "page": "3", "url": "https://www.africanstorybook.org/", "windowLocation": "http://localhost:7001/result?query=ducks&page=3"}
{"type": "searchResultGenerated", "timestamp": "2026-02-25T10:55:46.807Z", "sessionID": "e1f77ecd-eb16-49b3-9760-6fbf98b32eba", "query": "ducks", "docid": "7254", "rank": "10", "page": "3", "url": "https://www.digitallibrary.io/en/books/details/3753", "windowLocation": "http://localhost:7001/result?query=ducks&page=3"}
{"type": "cursorEnteredSnippet", "timestamp": "2026-02-25T10:55:47.624Z", "sessionID": "e1f77ecd-eb16-49b3-9760-6fbf98b32eba", "query": "ducks", "docid": "2047", "rank": "2", "page": "3"}
{"type": "cursorLeftSnippet", "timestamp": "2026-02-25T10:55:47.690Z", "sessionID": "e1f77ecd-eb16-49b3-9760-6fbf98b32eba", "query": "ducks", "docid": "2047", "rank": "2", "page": "3"}
{"type": "cursorEnteredSnippet", "timestamp": "2026-02-25T10:55:47.707Z", "sessionID": "e1f77ecd-eb16-49b3-9760-6fbf98b32eba", "query": "ducks", "docid": "7365", "rank": "3", "page": "3"}
{"type": "cursorLeftSnippet", "timestamp": "2026-02-25T10:55:47.956Z", "sessionID": "e1f77ecd-eb16-49b3-9760-6fbf98b32eba", "query": "ducks", "docid": "7365", "rank": "3", "page": "3"}
{"type": "cursorEnteredSnippet", "timestamp": "2026-02-25T10:55:47.957Z", "sessionID": "e1f77ecd-eb16-49b3-9760-6fbf98b32eba", "query": "ducks", "docid": "2047", "rank": "2", "page": "3"}
{"type": "cursorLeftSnippet", "timestamp": "2026-02-25T10:55:48.023Z", "sessionID": "e1f77ecd-eb16-49b3-9760-6fbf98b32eba", "query": "ducks", "docid": "2047", "rank": "2", "page": "3"}
{"type": "ClickedEndTask", "timestamp": "2026-02-25T10:55:49.351Z", "sessionID": "e1f77ecd-eb16-49b3-9760-6fbf98b32eba"}
{"type": "TaskEndConfirmed", "timestamp": "2026-02-25T10:55:50.160Z", "sessionID": "e1f77ecd-eb16-49b3-9760-6fbf98b32eba"}
