{"type": "TaskStarted", "timestamp": "2026-02-24T15:22:15.410Z", "sessionID": "b41d67fd-16f1-4d54-b2c0-35f0fb4adf57"}
{"type": "idSubmitted", "timestamp": "2026-02-24T15:22:15.414Z", "sessionID": "b41d67fd-16f1-4d54-b2c0-35f0fb4adf57", "uid": "Participant14"}
{"type": "queryBoxFocused", "timestamp": "2026-02-24T15:22:17.075Z", "sessionID": "b41d67fd-16f1-4d54-b2c0-35f0fb4adf57"}
{"type": "querySubmitted", "timestamp": "2026-02-24T15:22:18.929Z", "sessionID": "b41d67fd-16f1-4d54-b2c0-35f0fb4adf57", "query": "ducks"}
{"type": "searchResultGenerated", "timestamp": "2026-02-24T15:22:19.369Z", "sessionID": "b41d67fd-16f1-4d54-b2c0-35f0fb4adf57", "query": "ducks", "docid": "2938", "rank": "1", "page": "1", "url": "https://www.africanstorybook.org/#", "windowLocation": "http://localhost:7001/result?query=ducks&page=1"}
{"type": "searchResultGenerated", "timestamp": "2026-02-24T15:22:19.369Z", "sessionID": "b41d67fd-16f1-4d54-b2c0-35f0fb4adf57", "query": "ducks", "docid": "5607", "rank": "2", "page": "1", "url": "http://www.gutenberg.org/files/15170/15170-h/15170-h.htm#mirror", "windowLocation": "http://localhost:7001/result?query=ducks&page=1"}
{"type": "searchResultGenerated", "timestamp": "2026-02-24T15:22:19.369Z", "sessionID": "b41d67fd-16f1-4d54-b2c0-35f0fb4adf57", "query": "ducks", "docid": "5292", "rank": "3", "page": "1", "url": "http://www.gutenberg.org/files/40756/40756-h/40756-h.htm#Page_135", "windowLocation": "http://localhost:7001/result?query=ducks&page=1"}
{"type": "searchResultGenerated", "timestamp": "2026-02-24T15:22:19.370Z", "sessionID": "b41d67fd-16f1-4d54-b2c0-35f0fb4adf57", "query": "ducks", "docid": "5499", "rank": "4", "page": "1", "url": "http://www.gutenberg.org/files/28130/28130-h/28130-h.htm#Page_57", "windowLocation": "http://localhost:7001/result?query=ducks&page=1"}
{"type": "searchResultGenerated", "timestamp": "2026-02-24T15:22:19.370Z", "sessionID": "b41d67fd-16f1-4d54-b2c0-35f0fb4adf57", "query": "ducks", "docid": "5642", "rank": "5", "page": "1", "url": "http://www.gutenberg.org/files/16522/16522-h/16522-h.htm#ELSIES_DUCKS", "windowLocation": "http://localhost:7001/result?query=ducks&page=1"}
{"type": "searchResultGenerated", "timestamp": "2026-02-24T15:22:19.370Z", "sessionID": "b41d67fd-16f1-4d54-b2c0-35f0fb4adf57", "query": "ducks", "docid": "4817", "rank": "6", "page": "1", "url": "http://www.gutenberg.org/files/902/902-h/902-h.htm", "windowLocation": "http://localhost:7001/result?query=ducks&page=1"}
{"type": "searchResultGenerated", "timestamp": "2026-02-24T15:22:19.370Z", "sessionID": "b41d67fd-16f1-4d54-b2c0-35f0fb4adf57", "query": "ducks", "docid": "4970", "rank": "7", "page": "1", "url": "http://www.gutenberg.org/files/8950/8950-h/8950-h.htm", "windowLocation": "http://localhost:7001/result?query=ducks&page=1"}
{"type": "searchResultGenerated", "timestamp": "2026-02-24T15:22:19.370Z", "sessionID": "b41d67fd-16f1-4d54-b2c0-35f0fb4adf57", "query": "ducks", "docid": "6202", "rank": "8", "page": "1", "url": "http://www.gutenberg.org/files/16891/16891-h/16891-h.htm", "windowLocation": "http://localhost:7001/result?query=ducks&page=1"}
{"type": "searchResultGenerated", "timestamp": "2026-02-24T15:22:19.370Z", "sessionID": "b41d67fd-16f1-4d54-b2c0-35f0fb4adf57", "query": "ducks", "docid": "5714", "rank": "9", "page": "1", "url": "http://www.gutenberg.org/files/24940/24940-h/24940-h.htm#Page_69", "windowLocation": "http://localhost:7001/result?query=ducks&page=1"}
{"type": "searchResultGenerated", "timestamp": "2026-02-24T15:22:19.371Z", "sessionID": "b41d67fd-16f1-4d54-b2c0-35f0fb4adf57", "query": "ducks", "docid": "5589", "rank": "10", "page": "1", "url": "http://www.gutenberg.org/files/28133/28133-h/28133-h.htm#Page_139", "windowLocation": "http://localhost:7001/result?query=ducks&page=1"}
{"type": "cursorEnteredSnippet", "timestamp": "2026-02-24T15:22:19.813Z", "sessionID": "b41d67fd-16f1-4d54-b2c0-35f0fb4adf57", "query": "ducks", "docid": "2938", "rank": "1", "page": "1"}
{"type": "cursorLeftSnippet", "timestamp": "2026-02-24T15:22:19.846Z", "sessionID": "b41d67fd-16f1-4d54-b2c0-35f0fb4adf57", "query": "ducks", "docid": "2938", "rank": "1", "page": "1"}
{"type": "cursorEnteredSnippet", "timestamp": "2026-02-24T15:22:19.846Z", "sessionID": "b41d67fd-16f1-4d54-b2c0-35f0fb4adf57", "query": "ducks", "docid": "5607", "rank": "2", "page": "1"}
{"type": "cursorLeftSnippet", "timestamp": "2026-02-24T15:22:19.896Z", "sessionID": "b41d67fd-16f1-4d54-b2c0-35f0fb4adf57", "query": "ducks", "docid": "5607", "rank": "2", "page": "1"}
{"type": "cursorEnteredSnippet", "timestamp": "2026-02-24T15:22:19.896Z", "sessionID": "b41d67fd-16f1-4d54-b2c0-35f0fb4adf57", "query": "ducks", "docid": "5292", "rank": "3", "page": "1"}
{"type": "cursorLeftSnippet", "timestamp": "2026-02-24T15:22:20.046Z", "sessionID": "b41d67fd-16f1-4d54-b2c0-35f0fb4adf57", "query": "ducks", "docid": "5292", "rank": "3", "page": "1"}
{"type": "cursorEnteredSnippet", "timestamp": "2026-02-24T15:22:20.096Z", "sessionID": "b41d67fd-16f1-4d54-b2c0-35f0fb4adf57", "query": "ducks", "docid": "5607", "rank": "2", "page": "1"}
{"type": "clickedResult", "timestamp": "2026-02-24T15:22:20.570Z", "sessionID": "b41d67fd-16f1-4d54-b2c0-35f0fb4adf57", "query": "ducks", "rank": "2", "page": "1", "url": "http://www.gutenberg.org/files/15170/15170-h/15170-h.htm#mirror"}
{"type": "cursorLeftSnippet", "timestamp": "2026-02-24T15:22:20.667Z", "sessionID": "b41d67fd-16f1-4d54-b2c0-35f0fb4adf57", "query": "ducks", "docid": "5607", "rank": "2", "page": "1"}
{"type": "wentBack", "timestamp": "2026-02-24T15:22:22.728Z", "sessionID": "b41d67fd-16f1-4d54-b2c0-35f0fb4adf57"}
{"type": "pageNavigationClicked", "timestamp": "2026-02-24T15:22:27.749Z", "sessionID": "b41d67fd-16f1-4d54-b2c0-35f0fb4adf57", "clicked": "4", "fromPage": 1, "toPage": 4}
{"type": "searchResultGenerated", "timestamp": "2026-02-24T15:22:28.074Z", "sessionID": "b41d67fd-16f1-4d54-b2c0-35f0fb4adf57", "query": "ducks", "docid": "7041", "rank": "1", "page": "4", "url": "http://www.gutenberg.org/files/25359/25359-h/25359-h.htm#Page_304", "windowLocation": "http://localhost:7001/result?query=ducks&page=4"}
{"type": "searchResultGenerated", "timestamp": "2026-02-24T15:22:28.074Z", "sessionID": "b41d67fd-16f1-4d54-b2c0-35f0fb4adf57", "query": "ducks", "docid": "3213", "rank": "2", "page": "4", "url": "https://freekidsbooks.org/wp-content/uploads/2020/06/the-dance-of-the-flamingo-Pratham-FKB.pdf", "windowLocation": "http://localhost:7001/result?query=ducks&page=4"}
{"type": "cursorEnteredSnippet", "timestamp": "2026-02-24T15:22:28.629Z", "sessionID": "b41d67fd-16f1-4d54-b2c0-35f0fb4adf57", "query": "ducks", "docid": "3213", "rank": "2", "page": "4"}
{"type": "cursorLeftSnippet", "timestamp": "2026-02-24T15:22:28.979Z", "sessionID": "b41d67fd-16f1-4d54-b2c0-35f0fb4adf57", "query": "ducks", "docid": "3213", "rank": "2", "page": "4"}
{"type": "wentBack", "timestamp": "2026-02-24T15:22:30.045Z", "sessionID": "b41d67fd-16f1-4d54-b2c0-35f0fb4adf57"}
{"type": "queryBoxFocused", "timestamp": "2026-02-24T15:22:31.063Z", "sessionID": "b41d67fd-16f1-4d54-b2c0-35f0fb4adf57"}
{"type": "querySubmitted", "timestamp": "2026-02-24T15:22:33.425Z", "sessionID": "b41d67fd-16f1-4d54-b2c0-35f0fb4adf57", "query": "boats"}
{"type": "searchResultGenerated", "timestamp": "2026-02-24T15:22:33.705Z", "sessionID": "b41d67fd-16f1-4d54-b2c0-35f0fb4adf57", "query": "boats", "docid": "7248", "rank": "1", "page": "1", "url": "http://www.gutenberg.org/files/8504/8504-h/8504-h.htm#5", "windowLocation": "http://localhost:7001/result?query=boats&page=1"}
{"type": "searchResultGenerated", "timestamp": "2026-02-24T15:22:33.706Z", "sessionID": "b41d67fd-16f1-4d54-b2c0-35f0fb4adf57", "query": "boats", "docid": "1102", "rank": "2", "page": "1", "url": "http://www.gutenberg.org/files/22168/22168-h/22168-h.htm#h2H_4_0007", "windowLocation": "http://localhost:7001/result?query=boats&page=1"}
{"type": "searchResultGenerated", "timestamp": "2026-02-24T15:22:33.706Z", "sessionID": "b41d67fd-16f1-4d54-b2c0-35f0fb4adf57", "query": "boats", "docid": "5775", "rank": "3", "page": "1", "url": "http://www.gutenberg.org/files/24477/24477-h/24477-h.htm#Page_110", "windowLocation": "http://localhost:7001/result?query=boats&page=1"}
{"type": "searchResultGenerated", "timestamp": "2026-02-24T15:22:33.706Z", "sessionID": "b41d67fd-16f1-4d54-b2c0-35f0fb4adf57", "query": "boats", "docid": "5855", "rank": "4", "page": "1", "url": "http://www.online-literature.com/wilkie-collins/rambles-beyond-railways/0/", "windowLocation": "http://localhost:7001/result?query=boats&page=1"}
{"type": "searchResultGenerated", "timestamp": "2026-02-24T15:22:33.706Z", "sessionID": "b41d67fd-16f1-4d54-b2c0-35f0fb4adf57", "query": "boats", "docid": "3758", "rank": "5", "page": "1", "url": "http://www.gutenberg.org/files/38750/38750-h/38750-h.htm#Page_290", "windowLocation": "http://localhost:7001/result?query=boats&page=1"}
{"type": "searchResultGenerated", "timestamp": "2026-02-24T15:22:33.707Z", "sessionID": "b41d67fd-16f1-4d54-b2c0-35f0fb4adf57", "query": "boats", "docid": "5524", "rank": "6", "page": "1", "url": "http://www.gutenberg.org/files/28130/28130-h/28130-h.htm#Page_47", "windowLocation": "http://localhost:7001/result?query=boats&page=1"}
{"type": "searchResultGenerated", "timestamp": "2026-02-24T15:22:33.707Z", "sessionID": "b41d67fd-16f1-4d54-b2c0-35f0fb4adf57", "query": "boats", "docid": "3809", "rank": "7", "page": "1", "url": "http://www.gutenberg.org/files/2591/2591-h/2591-h.htm", "windowLocation": "http://localhost:7001/result?query=boats&page=1"}
{"type": "searchResultGenerated", "timestamp": "2026-02-24T15:22:33.707Z", "sessionID": "b41d67fd-16f1-4d54-b2c0-35f0fb4adf57", "query": "boats", "docid": "6588", "rank": "8", "page": "1", "url": "http://www.gutenberg.org/files/13577/13577-h/13577-h.htm", "windowLocation": "http://localhost:7001/result?query=boats&page=1"}
{"type": "searchResultGenerated", "timestamp": "2026-02-24T15:22:33.707Z", "sessionID": "b41d67fd-16f1-4d54-b2c0-35f0fb4adf57", "query": "boats", "docid": "7051", "rank": "9", "page": "1", "url": "http://www.gutenberg.org/files/20117/20117-h/20117-h.htm#A_COAT_OF_PAINT", "windowLocation": "http://localhost:7001/result?query=boats&page=1"}
{"type": "searchResultGenerated", "timestamp": "2026-02-24T15:22:33.707Z", "sessionID": "b41d67fd-16f1-4d54-b2c0-35f0fb4adf57", "query": "boats", "docid": "1201", "rank": "10", "page": "1", "url": "http://www.gutenberg.org/files/21137/21137-h/21137-h.htm", "windowLocation": "http://localhost:7001/result?query=boats&page=1"}
{"type": "cursorEnteredSnippet", "timestamp": "2026-02-24T15:22:34.579Z", "sessionID": "b41d67fd-16f1-4d54-b2c0-35f0fb4adf57", "query": "boats", "docid": "7248", "rank": "1", "page": "1"}
{"type": "cursorLeftSnippet", "timestamp": "2026-02-24T15:22:34.596Z", "sessionID": "b41d67fd-16f1-4d54-b2c0-35f0fb4adf57", "query": "boats", "docid": "7248", "rank": "1", "page": "1"}
{"type": "cursorEnteredSnippet", "timestamp": "2026-02-24T15:22:34.596Z", "sessionID": "b41d67fd-16f1-4d54-b2c0-35f0fb4adf57", "query": "boats", "docid": "1102", "rank": "2", "page": "1"}
{"type": "clickedResult", "timestamp": "2026-02-24T15:22:35.491Z", "sessionID": "b41d67fd-16f1-4d54-b2c0-35f0fb4adf57", "query": "boats", "rank": "2", "page": "1", "url": "http://www.gutenberg.org/files/22168/22168-h/22168-h.htm#h2H_4_0007"}
{"type": "cursorLeftSnippet", "timestamp": "2026-02-24T15:22:35.947Z", "sessionID": "b41d67fd-16f1-4d54-b2c0-35f0fb4adf57", "query": "boats", "docid": "1102", "rank": "2", "page": "1"}
{"type": "wentBack", "timestamp": "2026-02-24T15:22:37.664Z", "sessionID": "b41d67fd-16f1-4d54-b2c0-35f0fb4adf57"}
{"type": "wentBack", "timestamp": "2026-02-24T15:22:38.976Z", "sessionID": "b41d67fd-16f1-4d54-b2c0-35f0fb4adf57"}
{"type": "pageNavigationClicked", "timestamp": "2026-02-24T15:22:42.399Z", "sessionID": "b41d67fd-16f1-4d54-b2c0-35f0fb4adf57", "clicked": "3", "fromPage": 1, "toPage": 3}
{"type": "searchResultGenerated", "timestamp": "2026-02-24T15:22:42.706Z", "sessionID": "b41d67fd-16f1-4d54-b2c0-35f0fb4adf57", "query": "ducks", "docid": "6235", "rank": "1", "page": "3", "url": "http://www.gutenberg.org/files/7252/7252-h/7252-h.htm", "windowLocation": "http://localhost:7001/result?query=ducks&page=3"}
{"type": "searchResultGenerated", "timestamp": "2026-02-24T15:22:42.706Z", "sessionID": "b41d67fd-16f1-4d54-b2c0-35f0fb4adf57", "query": "ducks", "docid": "2047", "rank": "2", "page": "3", "url": "https://kids.frontiersin.org/article/10.3389/frym.2020.00083", "windowLocation": "http://localhost:7001/result?query=ducks&page=3"}
{"type": "searchResultGenerated", "timestamp": "2026-02-24T15:22:42.707Z", "sessionID": "b41d67fd-16f1-4d54-b2c0-35f0fb4adf57", "query": "ducks", "docid": "7365", "rank": "3", "page": "3", "url": "https://www.digitallibrary.io/en/books/details/1391", "windowLocation": "http://localhost:7001/result?query=ducks&page=3"}
{"type": "searchResultGenerated", "timestamp": "2026-02-24T15:22:42.707Z", "sessionID": "b41d67fd-16f1-4d54-b2c0-35f0fb4adf57", "query": "ducks", "docid": "3208", "rank": "4", "page": "3", "url": "https://www.africanstorybook.org/", "windowLocation": "http://localhost:7001/result?query=ducks&page=3"}
{"type": "searchResultGenerated", "timestamp": "2026-02-24T15:22:42.707Z", "sessionID": "b41d67fd-16f1-4d54-b2c0-35f0fb4adf57", "query": "ducks", "docid": "4340", "rank": "5", "page": "3", "url": "https://www.commonlit.org/texts/the-open-window", "windowLocation": "http://localhost:7001/result?query=ducks&page=3"}
{"type": "searchResultGenerated", "timestamp": "2026-02-24T15:22:42.708Z", "sessionID": "b41d67fd-16f1-4d54-b2c0-35f0fb4adf57", "query": "ducks", "docid": "5234", "rank": "6", "page": "3", "url": "http://www.gutenberg.org/files/42159/42159-h/42159-h.htm#Page_308", "windowLocation": "http://localhost:7001/result?query=ducks&page=3"}
{"type": "searchResultGenerated", "timestamp": "2026-02-24T15:22:42.708Z", "sessionID": "b41d67fd-16f1-4d54-b2c0-35f0fb4adf57", "query": "ducks", "docid": "4261", "rank": "7", "page": "3", "url": "http://www.gutenberg.org/files/20521/20521-h/20521-h.htm#French_Amenities", "windowLocation": "http://localhost:7001/result?query=ducks&page=3"}
{"type": "searchResultGenerated", "timestamp": "2026-02-24T15:22:42.708Z", "sessionID": "b41d67fd-16f1-4d54-b2c0-35f0fb4adf57", "query": "ducks", "docid": "2967", "rank": "8", "page": "3", "url": "https://kids.frontiersin.org/article/10.3389/frym.2017.00007", "windowLocation": "http://localhost:7001/result?query=ducks&page=3"}
{"type": "searchResultGenerated", "timestamp": "2026-02-24T15:22:42.708Z", "sessionID": "b41d67fd-16f1-4d54-b2c0-35f0fb4adf57", "query": "ducks", "docid": "3071", "rank": "9", "page": "3", "url": "https://www.africanstorybook.org/", "windowLocation": "http://localhost:7001/result?query=ducks&page=3"}
{"type": "searchResultGenerated", "timestamp": "2026-02-24T15:22:42.708Z", "sessionID": "b41d67fd-16f1-4d54-b2c0-35f0fb4adf57", "query": "ducks", "docid": "7254", "rank": "10", "page": "3", "url": "https://www.digitallibrary.io/en/books/details/3753", "windowLocation": "http://localhost:7001/result?query=ducks&page=3"}
{"type": "queryBoxFocused", "timestamp": "2026-02-24T15:22:43.587Z", "sessionID": "b41d67fd-16f1-4d54-b2c0-35f0fb4adf57"}
{"type": "querySubmitted", "timestamp": "2026-02-24T15:22:45.625Z", "sessionID": "b41d67fd-16f1-4d54-b2c0-35f0fb4adf57", "query": "house"}
{"type": "searchResultGenerated", "timestamp": "2026-02-24T15:22:45.969Z", "sessionID": "b41d67fd-16f1-4d54-b2c0-35f0fb4adf57", "query": "house", "docid": "2621", "rank": "1", "page": "1", "url": "https://www.africanstorybook.org/", "windowLocation": "http://localhost:7001/result?query=house&page=1"}
{"type": "searchResultGenerated", "timestamp": "2026-02-24T15:22:45.970Z", "sessionID": "b41d67fd-16f1-4d54-b2c0-35f0fb4adf57", "query": "house", "docid": "4309", "rank": "2", "page": "1", "url": "http://www.gutenberg.org/files/2814/2814-h/2814-h.htm", "windowLocation": "http://localhost:7001/result?query=house&page=1"}
{"type": "searchResultGenerated", "timestamp": "2026-02-24T15:22:45.970Z", "sessionID": "b41d67fd-16f1-4d54-b2c0-35f0fb4adf57", "query": "house", "docid": "3444", "rank": "3", "page": "1", "url": "https://www.africanstorybook.org/#", "windowLocation": "http://localhost:7001/result?query=house&page=1"}
{"type": "searchResultGenerated", "timestamp": "2026-02-24T15:22:45.970Z", "sessionID": "b41d67fd-16f1-4d54-b2c0-35f0fb4adf57", "query": "house", "docid": "5269", "rank": "4", "page": "1", "url": "http://www.gutenberg.org/files/40755/40755-h/40755-h.htm#Page_122", "windowLocation": "http://localhost:7001/result?query=house&page=1"}
{"type": "searchResultGenerated", "timestamp": "2026-02-24T15:22:45.971Z", "sessionID": "b41d67fd-16f1-4d54-b2c0-35f0fb4adf57", "query": "house", "docid": "1219", "rank": "5", "page": "1", "url": "http://www.gutenberg.org/files/19461/19461-h/19461-h.htm#The_Rakshass_Palace", "windowLocation": "http://localhost:7001/result?query=house&page=1"}
{"type": "searchResultGenerated", "timestamp": "2026-02-24T15:22:45.971Z", "sessionID": "b41d67fd-16f1-4d54-b2c0-35f0fb4adf57", "query": "house", "docid": "2671", "rank": "6", "page": "1", "url": "https://simple.wikipedia.org/wiki/Parliament", "windowLocation": "http://localhost:7001/result?query=house&page=1"}
{"type": "searchResultGenerated", "timestamp": "2026-02-24T15:22:45.971Z", "sessionID": "b41d67fd-16f1-4d54-b2c0-35f0fb4adf57", "query": "house", "docid": "2936", "rank": "7", "page": "1", "url": "https://www.africanstorybook.org/#", "windowLocation": "http://localhost:7001/result?query=house&page=1"}
{"type": "searchResultGenerated", "timestamp": "2026-02-24T15:22:45.972Z", "sessionID": "b41d67fd-16f1-4d54-b2c0-35f0fb4adf57", "query": "house", "docid": "3384", "rank": "8", "page": "1", "url": "https://www.africanstorybook.org/", "windowLocation": "http://localhost:7001/result?query=house&page=1"}
{"type": "searchResultGenerated", "timestamp": "2026-02-24T15:22:45.972Z", "sessionID": "b41d67fd-16f1-4d54-b2c0-35f0fb4adf57", "query": "house", "docid": "6598", "rank": "9", "page": "1", "url": "http://www.gutenberg.org/files/20341/20341-h/20341-h.htm", "windowLocation": "http://localhost:7001/result?query=house&page=1"}
{"type": "searchResultGenerated", "timestamp": "2026-02-24T15:22:45.972Z", "sessionID": "b41d67fd-16f1-4d54-b2c0-35f0fb4adf57", "query": "house", "docid": "2892", "rank": "10", "page": "1", "url": "https://www.africanstorybook.org/#", "windowLocation": "http://localhost:7001/result?query=house&page=1"}
{"type": "cursorEnteredSnippet", "timestamp": "2026-02-24T15:22:46.478Z", "sessionID": "b41d67fd-16f1-4d54-b2c0-35f0fb4adf57", "query": "house", "docid": "2621", "rank": "1", "page": "1"}
{"type": "cursorLeftSnippet", "timestamp": "2026-02-24T15:22:46.511Z", "sessionID": "b41d67fd-16f1-4d54-b2c0-35f0fb4adf57", "query": "house", "docid": "2621", "rank": "1", "page": "1"}
{"type": "cursorEnteredSnippet", "timestamp": "2026-02-24T15:22:46.529Z", "sessionID": "b41d67fd-16f1-4d54-b2c0-35f0fb4adf57", "query": "house", "docid": "4309", "rank": "2", "page": "1"}
{"type": "cursorLeftSnippet", "timestamp": "2026-02-24T15:22:46.561Z", "sessionID": "b41d67fd-16f1-4d54-b2c0-35f0fb4adf57", "query": "house", "docid": "4309", "rank": "2", "page": "1"}
{"type": "cursorEnteredSnippet", "timestamp": "2026-02-24T15:22:46.562Z", "sessionID": "b41d67fd-16f1-4d54-b2c0-35f0fb4adf57", "query": "house", "docid": "3444", "rank": "3", "page": "1"}
{"type": "cursorLeftSnippet", "timestamp": "2026-02-24T15:22:48.456Z", "sessionID": "b41d67fd-16f1-4d54-b2c0-35f0fb4adf57", "query": "house", "docid": "3444", "rank": "3", "page": "1"}
{"type": "cursorEnteredSnippet", "timestamp": "2026-02-24T15:22:48.457Z", "sessionID": "b41d67fd-16f1-4d54-b2c0-35f0fb4adf57", "query": "house", "docid": "1219", "rank": "5", "page": "1"}
{"type": "cursorLeftSnippet", "timestamp": "2026-02-24T15:22:48.728Z", "sessionID": "b41d67fd-16f1-4d54-b2c0-35f0fb4adf57", "query": "house", "docid": "1219", "rank": "5", "page": "1"}
{"type": "cursorEnteredSnippet", "timestamp": "2026-02-24T15:22:48.747Z", "sessionID": "b41d67fd-16f1-4d54-b2c0-35f0fb4adf57", "query": "house", "docid": "2671", "rank": "6", "page": "1"}
{"type": "cursorLeftSnippet", "timestamp": "2026-02-24T15:22:48.945Z", "sessionID": "b41d67fd-16f1-4d54-b2c0-35f0fb4adf57", "query": "house", "docid": "2671", "rank": "6", "page": "1"}
{"type": "cursorEnteredSnippet", "timestamp": "2026-02-24T15:22:48.945Z", "sessionID": "b41d67fd-16f1-4d54-b2c0-35f0fb4adf57", "query": "house", "docid": "3384", "rank": "8", "page": "1"}
{"type": "cursorLeftSnippet", "timestamp": "2026-02-24T15:22:49.095Z", "sessionID": "b41d67fd-16f1-4d54-b2c0-35f0fb4adf57", "query": "house", "docid": "3384", "rank": "8", "page": "1"}
{"type": "cursorEnteredSnippet", "timestamp": "2026-02-24T15:22:49.128Z", "sessionID": "b41d67fd-16f1-4d54-b2c0-35f0fb4adf57", "query": "house", "docid": "6598", "rank": "9", "page": "1"}
{"type": "cursorLeftSnippet", "timestamp": "2026-02-24T15:22:49.311Z", "sessionID": "b41d67fd-16f1-4d54-b2c0-35f0fb4adf57", "query": "house", "docid": "6598", "rank": "9", "page": "1"}
{"type": "cursorEnteredSnippet", "timestamp": "2026-02-24T15:22:49.345Z", "sessionID": "b41d67fd-16f1-4d54-b2c0-35f0fb4adf57", "query": "house", "docid": "3384", "rank": "8", "page": "1"}
{"type": "cursorLeftSnippet", "timestamp": "2026-02-24T15:22:49.694Z", "sessionID": "b41d67fd-16f1-4d54-b2c0-35f0fb4adf57", "query": "house", "docid": "3384", "rank": "8", "page": "1"}
{"type": "cursorEnteredSnippet", "timestamp": "2026-02-24T15:22:49.695Z", "sessionID": "b41d67fd-16f1-4d54-b2c0-35f0fb4adf57", "query": "house", "docid": "2892", "rank": "10", "page": "1"}
{"type": "cursorLeftSnippet", "timestamp": "2026-02-24T15:22:49.995Z", "sessionID": "b41d67fd-16f1-4d54-b2c0-35f0fb4adf57", "query": "house", "docid": "2892", "rank": "10", "page": "1"}
{"type": "pageNavigationClicked", "timestamp": "2026-02-24T15:22:50.373Z", "sessionID": "b41d67fd-16f1-4d54-b2c0-35f0fb4adf57", "clicked": "6", "fromPage": 1, "toPage": 6}
{"type": "searchResultGenerated", "timestamp": "2026-02-24T15:22:50.902Z", "sessionID": "b41d67fd-16f1-4d54-b2c0-35f0fb4adf57", "query": "house", "docid": "448", "rank": "1", "page": "6", "url": "http://www.gutenberg.org/files/22532/22532-h/22532-h.htm", "windowLocation": "http://localhost:7001/result?query=house&page=6"}
{"type": "searchResultGenerated", "timestamp": "2026-02-24T15:22:50.903Z", "sessionID": "b41d67fd-16f1-4d54-b2c0-35f0fb4adf57", "query": "house", "docid": "1142", "rank": "2", "page": "6", "url": "http://www.gutenberg.org/cache/epub/6444/pg6444-images.html", "windowLocation": "http://localhost:7001/result?query=house&page=6"}
{"type": "searchResultGenerated", "timestamp": "2026-02-24T15:22:50.903Z", "sessionID": "b41d67fd-16f1-4d54-b2c0-35f0fb4adf57", "query": "house", "docid": "5763", "rank": "3", "page": "6", "url": "http://www.gutenberg.org/files/24477/24477-h/24477-h.htm#Page_112", "windowLocation": "http://localhost:7001/result?query=house&page=6"}
{"type": "searchResultGenerated", "timestamp": "2026-02-24T15:22:50.903Z", "sessionID": "b41d67fd-16f1-4d54-b2c0-35f0fb4adf57", "query": "house", "docid": "6285", "rank": "4", "page": "6", "url": "https://www.gutenberg.org/cache/epub/11111/pg11111-images.html", "windowLocation": "http://localhost:7001/result?query=house&page=6"}
{"type": "searchResultGenerated", "timestamp": "2026-02-24T15:22:50.903Z", "sessionID": "b41d67fd-16f1-4d54-b2c0-35f0fb4adf57", "query": "house", "docid": "6641", "rank": "5", "page": "6", "url": "http://www.gutenberg.org/files/20736/20736-h/20736-h.htm", "windowLocation": "http://localhost:7001/result?query=house&page=6"}
{"type": "searchResultGenerated", "timestamp": "2026-02-24T15:22:50.904Z", "sessionID": "b41d67fd-16f1-4d54-b2c0-35f0fb4adf57", "query": "house", "docid": "2259", "rank": "6", "page": "6", "url": "https://en.wikipedia.org/wiki/Neolithic", "windowLocation": "http://localhost:7001/result?query=house&page=6"}
{"type": "searchResultGenerated", "timestamp": "2026-02-24T15:22:50.904Z", "sessionID": "b41d67fd-16f1-4d54-b2c0-35f0fb4adf57", "query": "house", "docid": "1231", "rank": "7", "page": "6", "url": "http://www.gutenberg.org/files/19909/19909-h/19909-h.htm#BERTS_THANKSGIVING", "windowLocation": "http://localhost:7001/result?query=house&page=6"}
{"type": "searchResultGenerated", "timestamp": "2026-02-24T15:22:50.904Z", "sessionID": "b41d67fd-16f1-4d54-b2c0-35f0fb4adf57", "query": "house", "docid": "6164", "rank": "8", "page": "6", "url": "http://www.gutenberg.org/cache/epub/18581/pg18581.txt", "windowLocation": "http://localhost:7001/result?query=house&page=6"}
{"type": "searchResultGenerated", "timestamp": "2026-02-24T15:22:50.904Z", "sessionID": "b41d67fd-16f1-4d54-b2c0-35f0fb4adf57", "query": "house", "docid": "6575", "rank": "9", "page": "6", "url": "http://www.gutenberg.org/files/24488/24488-h/24488-h.htm", "windowLocation": "http://localhost:7001/result?query=house&page=6"}
{"type": "searchResultGenerated", "timestamp": "2026-02-24T15:22:50.905Z", "sessionID": "b41d67fd-16f1-4d54-b2c0-35f0fb4adf57", "query": "house", "docid": "422", "rank": "10", "page": "6", "url": "http://www.gutenberg.org/cache/epub/778/pg778-images.html", "windowLocation": "http://localhost:7001/result?query=house&page=6"}
{"type": "wentBack", "timestamp": "2026-02-24T15:22:52.431Z", "sessionID": "b41d67fd-16f1-4d54-b2c0-35f0fb4adf57"}
{"type": "wentBack", "timestamp": "2026-02-24T15:22:55.491Z", "sessionID": "b41d67fd-16f1-4d54-b2c0-35f0fb4adf57"}
{"type": "ClickedEndTask", "timestamp": "2026-02-24T15:22:56.881Z", "sessionID": "b41d67fd-16f1-4d54-b2c0-35f0fb4adf57"}
{"type": "TaskEndConfirmed", "timestamp": "2026-02-24T15:22:57.904Z", "sessionID": "b41d67fd-16f1-4d54-b2c0-35f0fb4adf57"}
