{"type": "TaskStarted", "timestamp": "2026-02-25T10:45:20.964Z", "sessionID": "f68c0a3b-5723-4238-a704-c02fe28d5c72"}
{"type": "idSubmitted", "timestamp": "2026-02-25T10:45:20.968Z", "sessionID": "f68c0a3b-5723-4238-a704-c02fe28d5c72", "uid": "Participant18"}
{"type": "queryBoxFocused", "timestamp": "2026-02-25T10:45:22.213Z", "sessionID": "f68c0a3b-5723-4238-a704-c02fe28d5c72"}
{"type": "querySubmitted", "timestamp": "2026-02-25T10:45:25.328Z", "sessionID": "f68c0a3b-5723-4238-a704-c02fe28d5c72", "query": "ducks"}
{"type": "searchResultGenerated", "timestamp": "2026-02-25T10:45:26.659Z", "sessionID": "f68c0a3b-5723-4238-a704-c02fe28d5c72", "query": "ducks", "docid": "2938", "rank": "1", "page": "1", "url": "https://www.africanstorybook.org/#", "windowLocation": "http://localhost:7001/result?query=ducks&page=1"}
{"type": "searchResultGenerated", "timestamp": "2026-02-25T10:45:26.660Z", "sessionID": "f68c0a3b-5723-4238-a704-c02fe28d5c72", "query": "ducks", "docid": "5607", "rank": "2", "page": "1", "url": "http://www.gutenberg.org/files/15170/15170-h/15170-h.htm#mirror", "windowLocation": "http://localhost:7001/result?query=ducks&page=1"}
{"type": "searchResultGenerated", "timestamp": "2026-02-25T10:45:26.660Z", "sessionID": "f68c0a3b-5723-4238-a704-c02fe28d5c72", "query": "ducks", "docid": "5292", "rank": "3", "page": "1", "url": "http://www.gutenberg.org/files/40756/40756-h/40756-h.htm#Page_135", "windowLocation": "http://localhost:7001/result?query=ducks&page=1"}
{"type": "searchResultGenerated", "timestamp": "2026-02-25T10:45:26.660Z", "sessionID": "f68c0a3b-5723-4238-a704-c02fe28d5c72", "query": "ducks", "docid": "5499", "rank": "4", "page": "1", "url": "http://www.gutenberg.org/files/28130/28130-h/28130-h.htm#Page_57", "windowLocation": "http://localhost:7001/result?query=ducks&page=1"}
{"type": "searchResultGenerated", "timestamp": "2026-02-25T10:45:26.661Z", "sessionID": "f68c0a3b-5723-4238-a704-c02fe28d5c72", "query": "ducks", "docid": "5642", "rank": "5", "page": "1", "url": "http://www.gutenberg.org/files/16522/16522-h/16522-h.htm#ELSIES_DUCKS", "windowLocation": "http://localhost:7001/result?query=ducks&page=1"}
{"type": "searchResultGenerated", "timestamp": "2026-02-25T10:45:26.661Z", "sessionID": "f68c0a3b-5723-4238-a704-c02fe28d5c72", "query": "ducks", "docid": "4817", "rank": "6", "page": "1", "url": "http://www.gutenberg.org/files/902/902-h/902-h.htm", "windowLocation": "http://localhost:7001/result?query=ducks&page=1"}
{"type": "searchResultGenerated", "timestamp": "2026-02-25T10:45:26.661Z", "sessionID": "f68c0a3b-5723-4238-a704-c02fe28d5c72", "query": "ducks", "docid": "4970", "rank": "7", "page": "1", "url": "http://www.gutenberg.org/files/8950/8950-h/8950-h.htm", "windowLocation": "http://localhost:7001/result?query=ducks&page=1"}
{"type": "searchResultGenerated", "timestamp": "2026-02-25T10:45:26.661Z", "sessionID": "f68c0a3b-5723-4238-a704-c02fe28d5c72", "query": "ducks", "docid": "6202", "rank": "8", "page": "1", "url": "http://www.gutenberg.org/files/16891/16891-h/16891-h.htm", "windowLocation": "http://localhost:7001/result?query=ducks&page=1"}
{"type": "searchResultGenerated", "timestamp": "2026-02-25T10:45:26.662Z", "sessionID": "f68c0a3b-5723-4238-a704-c02fe28d5c72", "query": "ducks", "docid": "5714", "rank": "9", "page": "1", "url": "http://www.gutenberg.org/files/24940/24940-h/24940-h.htm#Page_69", "windowLocation": "http://localhost:7001/result?query=ducks&page=1"}
{"type": "searchResultGenerated", "timestamp": "2026-02-25T10:45:26.662Z", "sessionID": "f68c0a3b-5723-4238-a704-c02fe28d5c72", "query": "ducks", "docid": "5589", "rank": "10", "page": "1", "url": "http://www.gutenberg.org/files/28133/28133-h/28133-h.htm#Page_139", "windowLocation": "http://localhost:7001/result?query=ducks&page=1"}
{"type": "cursorEnteredSnippet", "timestamp": "2026-02-25T10:45:26.970Z", "sessionID": "f68c0a3b-5723-4238-a704-c02fe28d5c72", "query": "ducks", "docid": "2938", "rank": "1", "page": "1"}
{"type": "cursorLeftSnippet", "timestamp": "2026-02-25T10:45:26.989Z", "sessionID": "f68c0a3b-5723-4238-a704-c02fe28d5c72", "query": "ducks", "docid": "2938", "rank": "1", "page": "1"}
{"type": "cursorEnteredSnippet", "timestamp": "2026-02-25T10:45:27.042Z", "sessionID": "f68c0a3b-5723-4238-a704-c02fe28d5c72", "query": "ducks", "docid": "5292", "rank": "3", "page": "1"}
{"type": "cursorLeftSnippet", "timestamp": "2026-02-25T10:45:27.372Z", "sessionID": "f68c0a3b-5723-4238-a704-c02fe28d5c72", "query": "ducks", "docid": "5292", "rank": "3", "page": "1"}
{"type": "cursorEnteredSnippet", "timestamp": "2026-02-25T10:45:27.405Z", "sessionID": "f68c0a3b-5723-4238-a704-c02fe28d5c72", "query": "ducks", "docid": "5499", "rank": "4", "page": "1"}
{"type": "clickedResult", "timestamp": "2026-02-25T10:45:27.750Z", "sessionID": "f68c0a3b-5723-4238-a704-c02fe28d5c72", "query": "ducks", "rank": "4", "page": "1", "url": "http://www.gutenberg.org/files/28130/28130-h/28130-h.htm#Page_57", "searchAppLocation": "http://www.gutenberg.org/files/28130/28130-h/28130-h.htm#Page_57"}
{"type": "cursorLeftSnippet", "timestamp": "2026-02-25T10:45:27.905Z", "sessionID": "f68c0a3b-5723-4238-a704-c02fe28d5c72", "query": "ducks", "docid": "5499", "rank": "4", "page": "1"}
{"type": "cursorEnteredSnippet", "timestamp": "2026-02-25T10:45:27.922Z", "sessionID": "f68c0a3b-5723-4238-a704-c02fe28d5c72", "query": "ducks", "docid": "5292", "rank": "3", "page": "1"}
{"type": "cursorLeftSnippet", "timestamp": "2026-02-25T10:45:27.922Z", "sessionID": "f68c0a3b-5723-4238-a704-c02fe28d5c72", "query": "ducks", "docid": "5292", "rank": "3", "page": "1"}
{"type": "searchResultGenerated", "timestamp": "2026-02-25T10:45:30.022Z", "sessionID": "f68c0a3b-5723-4238-a704-c02fe28d5c72", "query": "ducks", "docid": "2938", "rank": "1", "page": "1", "url": "https://www.africanstorybook.org/#", "windowLocation": "http://localhost:7001/result?query=ducks&page=1"}
{"type": "searchResultGenerated", "timestamp": "2026-02-25T10:45:30.022Z", "sessionID": "f68c0a3b-5723-4238-a704-c02fe28d5c72", "query": "ducks", "docid": "5607", "rank": "2", "page": "1", "url": "http://www.gutenberg.org/files/15170/15170-h/15170-h.htm#mirror", "windowLocation": "http://localhost:7001/result?query=ducks&page=1"}
{"type": "searchResultGenerated", "timestamp": "2026-02-25T10:45:30.022Z", "sessionID": "f68c0a3b-5723-4238-a704-c02fe28d5c72", "query": "ducks", "docid": "5292", "rank": "3", "page": "1", "url": "http://www.gutenberg.org/files/40756/40756-h/40756-h.htm#Page_135", "windowLocation": "http://localhost:7001/result?query=ducks&page=1"}
{"type": "searchResultGenerated", "timestamp": "2026-02-25T10:45:30.023Z", "sessionID": "f68c0a3b-5723-4238-a704-c02fe28d5c72", "query": "ducks", "docid": "5499", "rank": "4", "page": "1", "url": "http://www.gutenberg.org/files/28130/28130-h/28130-h.htm#Page_57", "windowLocation": "http://localhost:7001/result?query=ducks&page=1"}
{"type": "searchResultGenerated", "timestamp": "2026-02-25T10:45:30.023Z", "sessionID": "f68c0a3b-5723-4238-a704-c02fe28d5c72", "query": "ducks", "docid": "5642", "rank": "5", "page": "1", "url": "http://www.gutenberg.org/files/16522/16522-h/16522-h.htm#ELSIES_DUCKS", "windowLocation": "http://localhost:7001/result?query=ducks&page=1"}
{"type": "searchResultGenerated", "timestamp": "2026-02-25T10:45:30.023Z", "sessionID": "f68c0a3b-5723-4238-a704-c02fe28d5c72", "query": "ducks", "docid": "4817", "rank": "6", "page": "1", "url": "http://www.gutenberg.org/files/902/902-h/902-h.htm", "windowLocation": "http://localhost:7001/result?query=ducks&page=1"}
{"type": "searchResultGenerated", "timestamp": "2026-02-25T10:45:30.023Z", "sessionID": "f68c0a3b-5723-4238-a704-c02fe28d5c72", "query": "ducks", "docid": "4970", "rank": "7", "page": "1", "url": "http://www.gutenberg.org/files/8950/8950-h/8950-h.htm", "windowLocation": "http://localhost:7001/result?query=ducks&page=1"}
{"type": "searchResultGenerated", "timestamp": "2026-02-25T10:45:30.024Z", "sessionID": "f68c0a3b-5723-4238-a704-c02fe28d5c72", "query": "ducks", "docid": "6202", "rank": "8", "page": "1", "url": "http://www.gutenberg.org/files/16891/16891-h/16891-h.htm", "windowLocation": "http://localhost:7001/result?query=ducks&page=1"}
{"type": "searchResultGenerated", "timestamp": "2026-02-25T10:45:30.024Z", "sessionID": "f68c0a3b-5723-4238-a704-c02fe28d5c72", "query": "ducks", "docid": "5714", "rank": "9", "page": "1", "url": "http://www.gutenberg.org/files/24940/24940-h/24940-h.htm#Page_69", "windowLocation": "http://localhost:7001/result?query=ducks&page=1"}
{"type": "searchResultGenerated", "timestamp": "2026-02-25T10:45:30.024Z", "sessionID": "f68c0a3b-5723-4238-a704-c02fe28d5c72", "query": "ducks", "docid": "5589", "rank": "10", "page": "1", "url": "http://www.gutenberg.org/files/28133/28133-h/28133-h.htm#Page_139", "windowLocation": "http://localhost:7001/result?query=ducks&page=1"}
{"type": "cursorEnteredSnippet", "timestamp": "2026-02-25T10:45:30.155Z", "sessionID": "f68c0a3b-5723-4238-a704-c02fe28d5c72", "query": "ducks", "docid": "5607", "rank": "2", "page": "1"}
{"type": "cursorLeftSnippet", "timestamp": "2026-02-25T10:45:30.238Z", "sessionID": "f68c0a3b-5723-4238-a704-c02fe28d5c72", "query": "ducks", "docid": "5607", "rank": "2", "page": "1"}
{"type": "cursorEnteredSnippet", "timestamp": "2026-02-25T10:45:30.256Z", "sessionID": "f68c0a3b-5723-4238-a704-c02fe28d5c72", "query": "ducks", "docid": "5292", "rank": "3", "page": "1"}
{"type": "cursorLeftSnippet", "timestamp": "2026-02-25T10:45:31.323Z", "sessionID": "f68c0a3b-5723-4238-a704-c02fe28d5c72", "query": "ducks", "docid": "5292", "rank": "3", "page": "1"}
{"type": "cursorEnteredSnippet", "timestamp": "2026-02-25T10:45:31.323Z", "sessionID": "f68c0a3b-5723-4238-a704-c02fe28d5c72", "query": "ducks", "docid": "6202", "rank": "8", "page": "1"}
{"type": "cursorLeftSnippet", "timestamp": "2026-02-25T10:45:31.478Z", "sessionID": "f68c0a3b-5723-4238-a704-c02fe28d5c72", "query": "ducks", "docid": "6202", "rank": "8", "page": "1"}
{"type": "cursorEnteredSnippet", "timestamp": "2026-02-25T10:45:31.478Z", "sessionID": "f68c0a3b-5723-4238-a704-c02fe28d5c72", "query": "ducks", "docid": "5714", "rank": "9", "page": "1"}
{"type": "cursorLeftSnippet", "timestamp": "2026-02-25T10:45:31.938Z", "sessionID": "f68c0a3b-5723-4238-a704-c02fe28d5c72", "query": "ducks", "docid": "5714", "rank": "9", "page": "1"}
{"type": "cursorEnteredSnippet", "timestamp": "2026-02-25T10:45:31.956Z", "sessionID": "f68c0a3b-5723-4238-a704-c02fe28d5c72", "query": "ducks", "docid": "5589", "rank": "10", "page": "1"}
{"type": "cursorLeftSnippet", "timestamp": "2026-02-25T10:45:32.271Z", "sessionID": "f68c0a3b-5723-4238-a704-c02fe28d5c72", "query": "ducks", "docid": "5589", "rank": "10", "page": "1"}
{"type": "pageNavigationClicked", "timestamp": "2026-02-25T10:45:32.688Z", "sessionID": "f68c0a3b-5723-4238-a704-c02fe28d5c72", "clicked": "3", "fromPage": 1, "toPage": 3}
{"type": "searchResultGenerated", "timestamp": "2026-02-25T10:45:33.108Z", "sessionID": "f68c0a3b-5723-4238-a704-c02fe28d5c72", "query": "ducks", "docid": "6235", "rank": "1", "page": "3", "url": "http://www.gutenberg.org/files/7252/7252-h/7252-h.htm", "windowLocation": "http://localhost:7001/result?query=ducks&page=3"}
{"type": "searchResultGenerated", "timestamp": "2026-02-25T10:45:33.108Z", "sessionID": "f68c0a3b-5723-4238-a704-c02fe28d5c72", "query": "ducks", "docid": "2047", "rank": "2", "page": "3", "url": "https://kids.frontiersin.org/article/10.3389/frym.2020.00083", "windowLocation": "http://localhost:7001/result?query=ducks&page=3"}
{"type": "searchResultGenerated", "timestamp": "2026-02-25T10:45:33.108Z", "sessionID": "f68c0a3b-5723-4238-a704-c02fe28d5c72", "query": "ducks", "docid": "7365", "rank": "3", "page": "3", "url": "https://www.digitallibrary.io/en/books/details/1391", "windowLocation": "http://localhost:7001/result?query=ducks&page=3"}
{"type": "searchResultGenerated", "timestamp": "2026-02-25T10:45:33.108Z", "sessionID": "f68c0a3b-5723-4238-a704-c02fe28d5c72", "query": "ducks", "docid": "3208", "rank": "4", "page": "3", "url": "https://www.africanstorybook.org/", "windowLocation": "http://localhost:7001/result?query=ducks&page=3"}
{"type": "searchResultGenerated", "timestamp": "2026-02-25T10:45:33.109Z", "sessionID": "f68c0a3b-5723-4238-a704-c02fe28d5c72", "query": "ducks", "docid": "4340", "rank": "5", "page": "3", "url": "https://www.commonlit.org/texts/the-open-window", "windowLocation": "http://localhost:7001/result?query=ducks&page=3"}
{"type": "searchResultGenerated", "timestamp": "2026-02-25T10:45:33.109Z", "sessionID": "f68c0a3b-5723-4238-a704-c02fe28d5c72", "query": "ducks", "docid": "5234", "rank": "6", "page": "3", "url": "http://www.gutenberg.org/files/42159/42159-h/42159-h.htm#Page_308", "windowLocation": "http://localhost:7001/result?query=ducks&page=3"}
{"type": "searchResultGenerated", "timestamp": "2026-02-25T10:45:33.109Z", "sessionID": "f68c0a3b-5723-4238-a704-c02fe28d5c72", "query": "ducks", "docid": "4261", "rank": "7", "page": "3", "url": "http://www.gutenberg.org/files/20521/20521-h/20521-h.htm#French_Amenities", "windowLocation": "http://localhost:7001/result?query=ducks&page=3"}
{"type": "searchResultGenerated", "timestamp": "2026-02-25T10:45:33.109Z", "sessionID": "f68c0a3b-5723-4238-a704-c02fe28d5c72", "query": "ducks", "docid": "2967", "rank": "8", "page": "3", "url": "https://kids.frontiersin.org/article/10.3389/frym.2017.00007", "windowLocation": "http://localhost:7001/result?query=ducks&page=3"}
{"type": "searchResultGenerated", "timestamp": "2026-02-25T10:45:33.109Z", "sessionID": "f68c0a3b-5723-4238-a704-c02fe28d5c72", "query": "ducks", "docid": "3071", "rank": "9", "page": "3", "url": "https://www.africanstorybook.org/", "windowLocation": "http://localhost:7001/result?query=ducks&page=3"}
{"type": "searchResultGenerated", "timestamp": "2026-02-25T10:45:33.109Z", "sessionID": "f68c0a3b-5723-4238-a704-c02fe28d5c72", "query": "ducks", "docid": "7254", "rank": "10", "page": "3", "url": "https://www.digitallibrary.io/en/books/details/3753", "windowLocation": "http://localhost:7001/result?query=ducks&page=3"}
{"type": "cursorEnteredSnippet", "timestamp": "2026-02-25T10:45:33.392Z", "sessionID": "f68c0a3b-5723-4238-a704-c02fe28d5c72", "query": "ducks", "docid": "7365", "rank": "3", "page": "3"}
{"type": "cursorLeftSnippet", "timestamp": "2026-02-25T10:45:33.459Z", "sessionID": "f68c0a3b-5723-4238-a704-c02fe28d5c72", "query": "ducks", "docid": "7365", "rank": "3", "page": "3"}
{"type": "cursorEnteredSnippet", "timestamp": "2026-02-25T10:45:33.471Z", "sessionID": "f68c0a3b-5723-4238-a704-c02fe28d5c72", "query": "ducks", "docid": "3208", "rank": "4", "page": "3"}
{"type": "clickedResult", "timestamp": "2026-02-25T10:45:33.843Z", "sessionID": "f68c0a3b-5723-4238-a704-c02fe28d5c72", "query": "ducks", "rank": "4", "page": "3", "url": "https://www.africanstorybook.org/", "searchAppLocation": "https://www.africanstorybook.org/"}
{"type": "cursorLeftSnippet", "timestamp": "2026-02-25T10:45:35.344Z", "sessionID": "f68c0a3b-5723-4238-a704-c02fe28d5c72", "query": "ducks", "docid": "3208", "rank": "4", "page": "3"}
{"type": "searchResultGenerated", "timestamp": "2026-02-25T10:45:39.146Z", "sessionID": "f68c0a3b-5723-4238-a704-c02fe28d5c72", "query": "ducks", "docid": "2938", "rank": "1", "page": "1", "url": "https://www.africanstorybook.org/#", "windowLocation": "http://localhost:7001/result?query=ducks&page=1"}
{"type": "searchResultGenerated", "timestamp": "2026-02-25T10:45:39.146Z", "sessionID": "f68c0a3b-5723-4238-a704-c02fe28d5c72", "query": "ducks", "docid": "5607", "rank": "2", "page": "1", "url": "http://www.gutenberg.org/files/15170/15170-h/15170-h.htm#mirror", "windowLocation": "http://localhost:7001/result?query=ducks&page=1"}
{"type": "searchResultGenerated", "timestamp": "2026-02-25T10:45:39.147Z", "sessionID": "f68c0a3b-5723-4238-a704-c02fe28d5c72", "query": "ducks", "docid": "5292", "rank": "3", "page": "1", "url": "http://www.gutenberg.org/files/40756/40756-h/40756-h.htm#Page_135", "windowLocation": "http://localhost:7001/result?query=ducks&page=1"}
{"type": "searchResultGenerated", "timestamp": "2026-02-25T10:45:39.147Z", "sessionID": "f68c0a3b-5723-4238-a704-c02fe28d5c72", "query": "ducks", "docid": "5499", "rank": "4", "page": "1", "url": "http://www.gutenberg.org/files/28130/28130-h/28130-h.htm#Page_57", "windowLocation": "http://localhost:7001/result?query=ducks&page=1"}
{"type": "searchResultGenerated", "timestamp": "2026-02-25T10:45:39.148Z", "sessionID": "f68c0a3b-5723-4238-a704-c02fe28d5c72", "query": "ducks", "docid": "5642", "rank": "5", "page": "1", "url": "http://www.gutenberg.org/files/16522/16522-h/16522-h.htm#ELSIES_DUCKS", "windowLocation": "http://localhost:7001/result?query=ducks&page=1"}
{"type": "searchResultGenerated", "timestamp": "2026-02-25T10:45:39.149Z", "sessionID": "f68c0a3b-5723-4238-a704-c02fe28d5c72", "query": "ducks", "docid": "4817", "rank": "6", "page": "1", "url": "http://www.gutenberg.org/files/902/902-h/902-h.htm", "windowLocation": "http://localhost:7001/result?query=ducks&page=1"}
{"type": "searchResultGenerated", "timestamp": "2026-02-25T10:45:39.149Z", "sessionID": "f68c0a3b-5723-4238-a704-c02fe28d5c72", "query": "ducks", "docid": "4970", "rank": "7", "page": "1", "url": "http://www.gutenberg.org/files/8950/8950-h/8950-h.htm", "windowLocation": "http://localhost:7001/result?query=ducks&page=1"}
{"type": "searchResultGenerated", "timestamp": "2026-02-25T10:45:39.150Z", "sessionID": "f68c0a3b-5723-4238-a704-c02fe28d5c72", "query": "ducks", "docid": "6202", "rank": "8", "page": "1", "url": "http://www.gutenberg.org/files/16891/16891-h/16891-h.htm", "windowLocation": "http://localhost:7001/result?query=ducks&page=1"}
{"type": "searchResultGenerated", "timestamp": "2026-02-25T10:45:39.151Z", "sessionID": "f68c0a3b-5723-4238-a704-c02fe28d5c72", "query": "ducks", "docid": "5714", "rank": "9", "page": "1", "url": "http://www.gutenberg.org/files/24940/24940-h/24940-h.htm#Page_69", "windowLocation": "http://localhost:7001/result?query=ducks&page=1"}
{"type": "searchResultGenerated", "timestamp": "2026-02-25T10:45:39.152Z", "sessionID": "f68c0a3b-5723-4238-a704-c02fe28d5c72", "query": "ducks", "docid": "5589", "rank": "10", "page": "1", "url": "http://www.gutenberg.org/files/28133/28133-h/28133-h.htm#Page_139", "windowLocation": "http://localhost:7001/result?query=ducks&page=1"}
{"type": "cursorEnteredSnippet", "timestamp": "2026-02-25T10:45:40.421Z", "sessionID": "f68c0a3b-5723-4238-a704-c02fe28d5c72", "query": "ducks", "docid": "4970", "rank": "7", "page": "1"}
{"type": "cursorLeftSnippet", "timestamp": "2026-02-25T10:45:40.971Z", "sessionID": "f68c0a3b-5723-4238-a704-c02fe28d5c72", "query": "ducks", "docid": "4970", "rank": "7", "page": "1"}
{"type": "queryBoxFocused", "timestamp": "2026-02-25T10:45:41.419Z", "sessionID": "f68c0a3b-5723-4238-a704-c02fe28d5c72"}
{"type": "querySubmitted", "timestamp": "2026-02-25T10:45:45.476Z", "sessionID": "f68c0a3b-5723-4238-a704-c02fe28d5c72", "query": "boat"}
{"type": "searchResultGenerated", "timestamp": "2026-02-25T10:45:45.799Z", "sessionID": "f68c0a3b-5723-4238-a704-c02fe28d5c72", "query": "boat", "docid": "7248", "rank": "1", "page": "1", "url": "http://www.gutenberg.org/files/8504/8504-h/8504-h.htm#5", "windowLocation": "http://localhost:7001/result?query=boat&page=1"}
{"type": "searchResultGenerated", "timestamp": "2026-02-25T10:45:45.800Z", "sessionID": "f68c0a3b-5723-4238-a704-c02fe28d5c72", "query": "boat", "docid": "1102", "rank": "2", "page": "1", "url": "http://www.gutenberg.org/files/22168/22168-h/22168-h.htm#h2H_4_0007", "windowLocation": "http://localhost:7001/result?query=boat&page=1"}
{"type": "searchResultGenerated", "timestamp": "2026-02-25T10:45:45.800Z", "sessionID": "f68c0a3b-5723-4238-a704-c02fe28d5c72", "query": "boat", "docid": "5775", "rank": "3", "page": "1", "url": "http://www.gutenberg.org/files/24477/24477-h/24477-h.htm#Page_110", "windowLocation": "http://localhost:7001/result?query=boat&page=1"}
{"type": "searchResultGenerated", "timestamp": "2026-02-25T10:45:45.801Z", "sessionID": "f68c0a3b-5723-4238-a704-c02fe28d5c72", "query": "boat", "docid": "5855", "rank": "4", "page": "1", "url": "http://www.online-literature.com/wilkie-collins/rambles-beyond-railways/0/", "windowLocation": "http://localhost:7001/result?query=boat&page=1"}
{"type": "searchResultGenerated", "timestamp": "2026-02-25T10:45:45.801Z", "sessionID": "f68c0a3b-5723-4238-a704-c02fe28d5c72", "query": "boat", "docid": "3758", "rank": "5", "page": "1", "url": "http://www.gutenberg.org/files/38750/38750-h/38750-h.htm#Page_290", "windowLocation": "http://localhost:7001/result?query=boat&page=1"}
{"type": "searchResultGenerated", "timestamp": "2026-02-25T10:45:45.802Z", "sessionID": "f68c0a3b-5723-4238-a704-c02fe28d5c72", "query": "boat", "docid": "5524", "rank": "6", "page": "1", "url": "http://www.gutenberg.org/files/28130/28130-h/28130-h.htm#Page_47", "windowLocation": "http://localhost:7001/result?query=boat&page=1"}
{"type": "searchResultGenerated", "timestamp": "2026-02-25T10:45:45.802Z", "sessionID": "f68c0a3b-5723-4238-a704-c02fe28d5c72", "query": "boat", "docid": "3809", "rank": "7", "page": "1", "url": "http://www.gutenberg.org/files/2591/2591-h/2591-h.htm", "windowLocation": "http://localhost:7001/result?query=boat&page=1"}
{"type": "searchResultGenerated", "timestamp": "2026-02-25T10:45:45.803Z", "sessionID": "f68c0a3b-5723-4238-a704-c02fe28d5c72", "query": "boat", "docid": "6588", "rank": "8", "page": "1", "url": "http://www.gutenberg.org/files/13577/13577-h/13577-h.htm", "windowLocation": "http://localhost:7001/result?query=boat&page=1"}
{"type": "searchResultGenerated", "timestamp": "2026-02-25T10:45:45.804Z", "sessionID": "f68c0a3b-5723-4238-a704-c02fe28d5c72", "query": "boat", "docid": "7051", "rank": "9", "page": "1", "url": "http://www.gutenberg.org/files/20117/20117-h/20117-h.htm#A_COAT_OF_PAINT", "windowLocation": "http://localhost:7001/result?query=boat&page=1"}
{"type": "searchResultGenerated", "timestamp": "2026-02-25T10:45:45.805Z", "sessionID": "f68c0a3b-5723-4238-a704-c02fe28d5c72", "query": "boat", "docid": "1201", "rank": "10", "page": "1", "url": "http://www.gutenberg.org/files/21137/21137-h/21137-h.htm", "windowLocation": "http://localhost:7001/result?query=boat&page=1"}
{"type": "cursorEnteredSnippet", "timestamp": "2026-02-25T10:45:46.370Z", "sessionID": "f68c0a3b-5723-4238-a704-c02fe28d5c72", "query": "boat", "docid": "7248", "rank": "1", "page": "1"}
{"type": "cursorLeftSnippet", "timestamp": "2026-02-25T10:45:46.404Z", "sessionID": "f68c0a3b-5723-4238-a704-c02fe28d5c72", "query": "boat", "docid": "7248", "rank": "1", "page": "1"}
{"type": "cursorEnteredSnippet", "timestamp": "2026-02-25T10:45:46.404Z", "sessionID": "f68c0a3b-5723-4238-a704-c02fe28d5c72", "query": "boat", "docid": "1102", "rank": "2", "page": "1"}
{"type": "cursorLeftSnippet", "timestamp": "2026-02-25T10:45:46.604Z", "sessionID": "f68c0a3b-5723-4238-a704-c02fe28d5c72", "query": "boat", "docid": "1102", "rank": "2", "page": "1"}
{"type": "cursorEnteredSnippet", "timestamp": "2026-02-25T10:45:46.688Z", "sessionID": "f68c0a3b-5723-4238-a704-c02fe28d5c72", "query": "boat", "docid": "1102", "rank": "2", "page": "1"}
{"type": "cursorLeftSnippet", "timestamp": "2026-02-25T10:45:46.754Z", "sessionID": "f68c0a3b-5723-4238-a704-c02fe28d5c72", "query": "boat", "docid": "1102", "rank": "2", "page": "1"}
{"type": "cursorEnteredSnippet", "timestamp": "2026-02-25T10:45:46.787Z", "sessionID": "f68c0a3b-5723-4238-a704-c02fe28d5c72", "query": "boat", "docid": "5775", "rank": "3", "page": "1"}
{"type": "cursorLeftSnippet", "timestamp": "2026-02-25T10:45:47.638Z", "sessionID": "f68c0a3b-5723-4238-a704-c02fe28d5c72", "query": "boat", "docid": "5775", "rank": "3", "page": "1"}
{"type": "cursorEnteredSnippet", "timestamp": "2026-02-25T10:45:47.639Z", "sessionID": "f68c0a3b-5723-4238-a704-c02fe28d5c72", "query": "boat", "docid": "1102", "rank": "2", "page": "1"}
{"type": "cursorLeftSnippet", "timestamp": "2026-02-25T10:45:47.704Z", "sessionID": "f68c0a3b-5723-4238-a704-c02fe28d5c72", "query": "boat", "docid": "1102", "rank": "2", "page": "1"}
{"type": "searchResultGenerated", "timestamp": "2026-02-25T10:45:48.809Z", "sessionID": "f68c0a3b-5723-4238-a704-c02fe28d5c72", "query": "ducks", "docid": "2938", "rank": "1", "page": "1", "url": "https://www.africanstorybook.org/#", "windowLocation": "http://localhost:7001/result?query=ducks&page=1"}
{"type": "searchResultGenerated", "timestamp": "2026-02-25T10:45:48.810Z", "sessionID": "f68c0a3b-5723-4238-a704-c02fe28d5c72", "query": "ducks", "docid": "5607", "rank": "2", "page": "1", "url": "http://www.gutenberg.org/files/15170/15170-h/15170-h.htm#mirror", "windowLocation": "http://localhost:7001/result?query=ducks&page=1"}
{"type": "searchResultGenerated", "timestamp": "2026-02-25T10:45:48.810Z", "sessionID": "f68c0a3b-5723-4238-a704-c02fe28d5c72", "query": "ducks", "docid": "5292", "rank": "3", "page": "1", "url": "http://www.gutenberg.org/files/40756/40756-h/40756-h.htm#Page_135", "windowLocation": "http://localhost:7001/result?query=ducks&page=1"}
{"type": "searchResultGenerated", "timestamp": "2026-02-25T10:45:48.811Z", "sessionID": "f68c0a3b-5723-4238-a704-c02fe28d5c72", "query": "ducks", "docid": "5499", "rank": "4", "page": "1", "url": "http://www.gutenberg.org/files/28130/28130-h/28130-h.htm#Page_57", "windowLocation": "http://localhost:7001/result?query=ducks&page=1"}
{"type": "searchResultGenerated", "timestamp": "2026-02-25T10:45:48.811Z", "sessionID": "f68c0a3b-5723-4238-a704-c02fe28d5c72", "query": "ducks", "docid": "5642", "rank": "5", "page": "1", "url": "http://www.gutenberg.org/files/16522/16522-h/16522-h.htm#ELSIES_DUCKS", "windowLocation": "http://localhost:7001/result?query=ducks&page=1"}
{"type": "searchResultGenerated", "timestamp": "2026-02-25T10:45:48.812Z", "sessionID": "f68c0a3b-5723-4238-a704-c02fe28d5c72", "query": "ducks", "docid": "4817", "rank": "6", "page": "1", "url": "http://www.gutenberg.org/files/902/902-h/902-h.htm", "windowLocation": "http://localhost:7001/result?query=ducks&page=1"}
{"type": "searchResultGenerated", "timestamp": "2026-02-25T10:45:48.812Z", "sessionID": "f68c0a3b-5723-4238-a704-c02fe28d5c72", "query": "ducks", "docid": "4970", "rank": "7", "page": "1", "url": "http://www.gutenberg.org/files/8950/8950-h/8950-h.htm", "windowLocation": "http://localhost:7001/result?query=ducks&page=1"}
{"type": "searchResultGenerated", "timestamp": "2026-02-25T10:45:48.813Z", "sessionID": "f68c0a3b-5723-4238-a704-c02fe28d5c72", "query": "ducks", "docid": "6202", "rank": "8", "page": "1", "url": "http://www.gutenberg.org/files/16891/16891-h/16891-h.htm", "windowLocation": "http://localhost:7001/result?query=ducks&page=1"}
{"type": "searchResultGenerated", "timestamp": "2026-02-25T10:45:48.813Z", "sessionID": "f68c0a3b-5723-4238-a704-c02fe28d5c72", "query": "ducks", "docid": "5714", "rank": "9", "page": "1", "url": "http://www.gutenberg.org/files/24940/24940-h/24940-h.htm#Page_69", "windowLocation": "http://localhost:7001/result?query=ducks&page=1"}
{"type": "searchResultGenerated", "timestamp": "2026-02-25T10:45:48.814Z", "sessionID": "f68c0a3b-5723-4238-a704-c02fe28d5c72", "query": "ducks", "docid": "5589", "rank": "10", "page": "1", "url": "http://www.gutenberg.org/files/28133/28133-h/28133-h.htm#Page_139", "windowLocation": "http://localhost:7001/result?query=ducks&page=1"}
{"type": "ClickedEndTask", "timestamp": "2026-02-25T10:45:51.070Z", "sessionID": "f68c0a3b-5723-4238-a704-c02fe28d5c72"}
{"type": "TaskEndConfirmed", "timestamp": "2026-02-25T10:45:51.909Z", "sessionID": "f68c0a3b-5723-4238-a704-c02fe28d5c72"}
