{"type": "TaskStarted", "timestamp": "2026-02-25T10:21:48.712Z", "sessionID": "ada2bcb7-5bf9-4a88-a629-70844920aded"}
{"type": "idSubmitted", "timestamp": "2026-02-25T10:21:48.716Z", "sessionID": "ada2bcb7-5bf9-4a88-a629-70844920aded", "uid": "Participant24"}
{"type": "queryBoxFocused", "timestamp": "2026-02-25T10:21:49.960Z", "sessionID": "ada2bcb7-5bf9-4a88-a629-70844920aded"}
{"type": "querySubmitted", "timestamp": "2026-02-25T10:21:52.847Z", "sessionID": "ada2bcb7-5bf9-4a88-a629-70844920aded", "query": "boats"}
{"type": "searchResultGenerated", "timestamp": "2026-02-25T10:21:54.044Z", "sessionID": "ada2bcb7-5bf9-4a88-a629-70844920aded", "query": "boats", "docid": "7248", "rank": "1", "page": "1", "url": "http://www.gutenberg.org/files/8504/8504-h/8504-h.htm#5", "windowLocation": "http://localhost:7001/result?query=boats&page=1"}
{"type": "searchResultGenerated", "timestamp": "2026-02-25T10:21:54.045Z", "sessionID": "ada2bcb7-5bf9-4a88-a629-70844920aded", "query": "boats", "docid": "1102", "rank": "2", "page": "1", "url": "http://www.gutenberg.org/files/22168/22168-h/22168-h.htm#h2H_4_0007", "windowLocation": "http://localhost:7001/result?query=boats&page=1"}
{"type": "searchResultGenerated", "timestamp": "2026-02-25T10:21:54.045Z", "sessionID": "ada2bcb7-5bf9-4a88-a629-70844920aded", "query": "boats", "docid": "5775", "rank": "3", "page": "1", "url": "http://www.gutenberg.org/files/24477/24477-h/24477-h.htm#Page_110", "windowLocation": "http://localhost:7001/result?query=boats&page=1"}
{"type": "searchResultGenerated", "timestamp": "2026-02-25T10:21:54.045Z", "sessionID": "ada2bcb7-5bf9-4a88-a629-70844920aded", "query": "boats", "docid": "5855", "rank": "4", "page": "1", "url": "http://www.online-literature.com/wilkie-collins/rambles-beyond-railways/0/", "windowLocation": "http://localhost:7001/result?query=boats&page=1"}
{"type": "searchResultGenerated", "timestamp": "2026-02-25T10:21:54.045Z", "sessionID": "ada2bcb7-5bf9-4a88-a629-70844920aded", "query": "boats", "docid": "3758", "rank": "5", "page": "1", "url": "http://www.gutenberg.org/files/38750/38750-h/38750-h.htm#Page_290", "windowLocation": "http://localhost:7001/result?query=boats&page=1"}
{"type": "searchResultGenerated", "timestamp": "2026-02-25T10:21:54.045Z", "sessionID": "ada2bcb7-5bf9-4a88-a629-70844920aded", "query": "boats", "docid": "5524", "rank": "6", "page": "1", "url": "http://www.gutenberg.org/files/28130/28130-h/28130-h.htm#Page_47", "windowLocation": "http://localhost:7001/result?query=boats&page=1"}
{"type": "searchResultGenerated", "timestamp": "2026-02-25T10:21:54.046Z", "sessionID": "ada2bcb7-5bf9-4a88-a629-70844920aded", "query": "boats", "docid": "3809", "rank": "7", "page": "1", "url": "http://www.gutenberg.org/files/2591/2591-h/2591-h.htm", "windowLocation": "http://localhost:7001/result?query=boats&page=1"}
{"type": "searchResultGenerated", "timestamp": "2026-02-25T10:21:54.046Z", "sessionID": "ada2bcb7-5bf9-4a88-a629-70844920aded", "query": "boats", "docid": "6588", "rank": "8", "page": "1", "url": "http://www.gutenberg.org/files/13577/13577-h/13577-h.htm", "windowLocation": "http://localhost:7001/result?query=boats&page=1"}
{"type": "searchResultGenerated", "timestamp": "2026-02-25T10:21:54.046Z", "sessionID": "ada2bcb7-5bf9-4a88-a629-70844920aded", "query": "boats", "docid": "7051", "rank": "9", "page": "1", "url": "http://www.gutenberg.org/files/20117/20117-h/20117-h.htm#A_COAT_OF_PAINT", "windowLocation": "http://localhost:7001/result?query=boats&page=1"}
{"type": "searchResultGenerated", "timestamp": "2026-02-25T10:21:54.046Z", "sessionID": "ada2bcb7-5bf9-4a88-a629-70844920aded", "query": "boats", "docid": "1201", "rank": "10", "page": "1", "url": "http://www.gutenberg.org/files/21137/21137-h/21137-h.htm", "windowLocation": "http://localhost:7001/result?query=boats&page=1"}
{"type": "cursorEnteredSnippet", "timestamp": "2026-02-25T10:21:54.311Z", "sessionID": "ada2bcb7-5bf9-4a88-a629-70844920aded", "query": "boats", "docid": "7248", "rank": "1", "page": "1"}
{"type": "cursorLeftSnippet", "timestamp": "2026-02-25T10:21:54.365Z", "sessionID": "ada2bcb7-5bf9-4a88-a629-70844920aded", "query": "boats", "docid": "7248", "rank": "1", "page": "1"}
{"type": "cursorEnteredSnippet", "timestamp": "2026-02-25T10:21:54.365Z", "sessionID": "ada2bcb7-5bf9-4a88-a629-70844920aded", "query": "boats", "docid": "1102", "rank": "2", "page": "1"}
{"type": "cursorLeftSnippet", "timestamp": "2026-02-25T10:21:54.393Z", "sessionID": "ada2bcb7-5bf9-4a88-a629-70844920aded", "query": "boats", "docid": "1102", "rank": "2", "page": "1"}
{"type": "cursorEnteredSnippet", "timestamp": "2026-02-25T10:21:54.394Z", "sessionID": "ada2bcb7-5bf9-4a88-a629-70844920aded", "query": "boats", "docid": "5775", "rank": "3", "page": "1"}
{"type": "cursorLeftSnippet", "timestamp": "2026-02-25T10:21:54.444Z", "sessionID": "ada2bcb7-5bf9-4a88-a629-70844920aded", "query": "boats", "docid": "5775", "rank": "3", "page": "1"}
{"type": "cursorEnteredSnippet", "timestamp": "2026-02-25T10:21:54.460Z", "sessionID": "ada2bcb7-5bf9-4a88-a629-70844920aded", "query": "boats", "docid": "5855", "rank": "4", "page": "1"}
{"type": "cursorLeftSnippet", "timestamp": "2026-02-25T10:21:55.277Z", "sessionID": "ada2bcb7-5bf9-4a88-a629-70844920aded", "query": "boats", "docid": "5855", "rank": "4", "page": "1"}
{"type": "cursorEnteredSnippet", "timestamp": "2026-02-25T10:21:55.277Z", "sessionID": "ada2bcb7-5bf9-4a88-a629-70844920aded", "query": "boats", "docid": "5524", "rank": "6", "page": "1"}
{"type": "cursorLeftSnippet", "timestamp": "2026-02-25T10:21:56.595Z", "sessionID": "ada2bcb7-5bf9-4a88-a629-70844920aded", "query": "boats", "docid": "5524", "rank": "6", "page": "1"}
{"type": "cursorEnteredSnippet", "timestamp": "2026-02-25T10:21:56.595Z", "sessionID": "ada2bcb7-5bf9-4a88-a629-70844920aded", "query": "boats", "docid": "1201", "rank": "10", "page": "1"}
{"type": "cursorLeftSnippet", "timestamp": "2026-02-25T10:21:56.927Z", "sessionID": "ada2bcb7-5bf9-4a88-a629-70844920aded", "query": "boats", "docid": "1201", "rank": "10", "page": "1"}
{"type": "pageNavigationClicked", "timestamp": "2026-02-25T10:21:57.534Z", "sessionID": "ada2bcb7-5bf9-4a88-a629-70844920aded", "clicked": "6", "fromPage": 1, "toPage": 6}
{"type": "searchResultGenerated", "timestamp": "2026-02-25T10:21:57.925Z", "sessionID": "ada2bcb7-5bf9-4a88-a629-70844920aded", "query": "boats", "docid": "4401", "rank": "1", "page": "6", "url": "https://www.commonlit.org/texts/conflicting-news-reports-on-the-fate-of-the-sinking-titanic", "windowLocation": "http://localhost:7001/result?query=boats&page=6"}
{"type": "searchResultGenerated", "timestamp": "2026-02-25T10:21:57.926Z", "sessionID": "ada2bcb7-5bf9-4a88-a629-70844920aded", "query": "boats", "docid": "5486", "rank": "2", "page": "6", "url": "http://www.gutenberg.org/files/15331/15331-h/15331-h.htm", "windowLocation": "http://localhost:7001/result?query=boats&page=6"}
{"type": "searchResultGenerated", "timestamp": "2026-02-25T10:21:57.926Z", "sessionID": "ada2bcb7-5bf9-4a88-a629-70844920aded", "query": "boats", "docid": "6726", "rank": "3", "page": "6", "url": "http://www.gutenberg.org/files/19495/19495-h/19495-h.htm", "windowLocation": "http://localhost:7001/result?query=boats&page=6"}
{"type": "searchResultGenerated", "timestamp": "2026-02-25T10:21:57.926Z", "sessionID": "ada2bcb7-5bf9-4a88-a629-70844920aded", "query": "boats", "docid": "2958", "rank": "4", "page": "6", "url": "https://kids.frontiersin.org/article/10.3389/frym.2017.00056", "windowLocation": "http://localhost:7001/result?query=boats&page=6"}
{"type": "searchResultGenerated", "timestamp": "2026-02-25T10:21:57.927Z", "sessionID": "ada2bcb7-5bf9-4a88-a629-70844920aded", "query": "boats", "docid": "5513", "rank": "5", "page": "6", "url": "http://www.gutenberg.org/files/28130/28130-h/28130-h.htm#Page_40", "windowLocation": "http://localhost:7001/result?query=boats&page=6"}
{"type": "searchResultGenerated", "timestamp": "2026-02-25T10:21:57.927Z", "sessionID": "ada2bcb7-5bf9-4a88-a629-70844920aded", "query": "boats", "docid": "479", "rank": "6", "page": "6", "url": "http://www.gutenberg.org/files/13859/13859-h/13859-h.htm", "windowLocation": "http://localhost:7001/result?query=boats&page=6"}
{"type": "searchResultGenerated", "timestamp": "2026-02-25T10:21:57.927Z", "sessionID": "ada2bcb7-5bf9-4a88-a629-70844920aded", "query": "boats", "docid": "7311", "rank": "7", "page": "6", "url": "http://www.gutenberg.org/files/11344/11344-h/11344-h.htm#7", "windowLocation": "http://localhost:7001/result?query=boats&page=6"}
{"type": "searchResultGenerated", "timestamp": "2026-02-25T10:21:57.928Z", "sessionID": "ada2bcb7-5bf9-4a88-a629-70844920aded", "query": "boats", "docid": "7418", "rank": "8", "page": "6", "url": "http://www.gutenberg.org/files/18561/18561-h/18561-h.htm#Queenston", "windowLocation": "http://localhost:7001/result?query=boats&page=6"}
{"type": "searchResultGenerated", "timestamp": "2026-02-25T10:21:57.928Z", "sessionID": "ada2bcb7-5bf9-4a88-a629-70844920aded", "query": "boats", "docid": "5605", "rank": "9", "page": "6", "url": "http://www.gutenberg.org/files/19721/19721-h/19721-h.htm", "windowLocation": "http://localhost:7001/result?query=boats&page=6"}
{"type": "searchResultGenerated", "timestamp": "2026-02-25T10:21:57.928Z", "sessionID": "ada2bcb7-5bf9-4a88-a629-70844920aded", "query": "boats", "docid": "3375", "rank": "10", "page": "6", "url": "https://www.africanstorybook.org/", "windowLocation": "http://localhost:7001/result?query=boats&page=6"}
{"type": "cursorEnteredSnippet", "timestamp": "2026-02-25T10:21:58.183Z", "sessionID": "ada2bcb7-5bf9-4a88-a629-70844920aded", "query": "boats", "docid": "2958", "rank": "4", "page": "6"}
{"type": "clickedResult", "timestamp": "2026-02-25T10:21:59.052Z", "sessionID": "ada2bcb7-5bf9-4a88-a629-70844920aded", "query": "boats", "rank": "4", "page": "6", "url": "https://kids.frontiersin.org/article/10.3389/frym.2017.00056", "searchAppLocation": "https://kids.frontiersin.org/article/10.3389/frym.2017.00056"}
{"type": "cursorLeftSnippet", "timestamp": "2026-02-25T10:22:00.002Z", "sessionID": "ada2bcb7-5bf9-4a88-a629-70844920aded", "query": "boats", "docid": "2958", "rank": "4", "page": "6"}
{"type": "searchResultGenerated", "timestamp": "2026-02-25T10:22:05.461Z", "sessionID": "ada2bcb7-5bf9-4a88-a629-70844920aded", "query": "boats", "docid": "7248", "rank": "1", "page": "1", "url": "http://www.gutenberg.org/files/8504/8504-h/8504-h.htm#5", "windowLocation": "http://localhost:7001/result?query=boats&page=1"}
{"type": "searchResultGenerated", "timestamp": "2026-02-25T10:22:05.462Z", "sessionID": "ada2bcb7-5bf9-4a88-a629-70844920aded", "query": "boats", "docid": "1102", "rank": "2", "page": "1", "url": "http://www.gutenberg.org/files/22168/22168-h/22168-h.htm#h2H_4_0007", "windowLocation": "http://localhost:7001/result?query=boats&page=1"}
{"type": "searchResultGenerated", "timestamp": "2026-02-25T10:22:05.462Z", "sessionID": "ada2bcb7-5bf9-4a88-a629-70844920aded", "query": "boats", "docid": "5775", "rank": "3", "page": "1", "url": "http://www.gutenberg.org/files/24477/24477-h/24477-h.htm#Page_110", "windowLocation": "http://localhost:7001/result?query=boats&page=1"}
{"type": "searchResultGenerated", "timestamp": "2026-02-25T10:22:05.462Z", "sessionID": "ada2bcb7-5bf9-4a88-a629-70844920aded", "query": "boats", "docid": "5855", "rank": "4", "page": "1", "url": "http://www.online-literature.com/wilkie-collins/rambles-beyond-railways/0/", "windowLocation": "http://localhost:7001/result?query=boats&page=1"}
{"type": "searchResultGenerated", "timestamp": "2026-02-25T10:22:05.462Z", "sessionID": "ada2bcb7-5bf9-4a88-a629-70844920aded", "query": "boats", "docid": "3758", "rank": "5", "page": "1", "url": "http://www.gutenberg.org/files/38750/38750-h/38750-h.htm#Page_290", "windowLocation": "http://localhost:7001/result?query=boats&page=1"}
{"type": "searchResultGenerated", "timestamp": "2026-02-25T10:22:05.463Z", "sessionID": "ada2bcb7-5bf9-4a88-a629-70844920aded", "query": "boats", "docid": "5524", "rank": "6", "page": "1", "url": "http://www.gutenberg.org/files/28130/28130-h/28130-h.htm#Page_47", "windowLocation": "http://localhost:7001/result?query=boats&page=1"}
{"type": "searchResultGenerated", "timestamp": "2026-02-25T10:22:05.463Z", "sessionID": "ada2bcb7-5bf9-4a88-a629-70844920aded", "query": "boats", "docid": "3809", "rank": "7", "page": "1", "url": "http://www.gutenberg.org/files/2591/2591-h/2591-h.htm", "windowLocation": "http://localhost:7001/result?query=boats&page=1"}
{"type": "searchResultGenerated", "timestamp": "2026-02-25T10:22:05.463Z", "sessionID": "ada2bcb7-5bf9-4a88-a629-70844920aded", "query": "boats", "docid": "6588", "rank": "8", "page": "1", "url": "http://www.gutenberg.org/files/13577/13577-h/13577-h.htm", "windowLocation": "http://localhost:7001/result?query=boats&page=1"}
{"type": "searchResultGenerated", "timestamp": "2026-02-25T10:22:05.464Z", "sessionID": "ada2bcb7-5bf9-4a88-a629-70844920aded", "query": "boats", "docid": "7051", "rank": "9", "page": "1", "url": "http://www.gutenberg.org/files/20117/20117-h/20117-h.htm#A_COAT_OF_PAINT", "windowLocation": "http://localhost:7001/result?query=boats&page=1"}
{"type": "searchResultGenerated", "timestamp": "2026-02-25T10:22:05.464Z", "sessionID": "ada2bcb7-5bf9-4a88-a629-70844920aded", "query": "boats", "docid": "1201", "rank": "10", "page": "1", "url": "http://www.gutenberg.org/files/21137/21137-h/21137-h.htm", "windowLocation": "http://localhost:7001/result?query=boats&page=1"}
{"type": "cursorEnteredSnippet", "timestamp": "2026-02-25T10:22:06.043Z", "sessionID": "ada2bcb7-5bf9-4a88-a629-70844920aded", "query": "boats", "docid": "3809", "rank": "7", "page": "1"}
{"type": "cursorLeftSnippet", "timestamp": "2026-02-25T10:22:06.060Z", "sessionID": "ada2bcb7-5bf9-4a88-a629-70844920aded", "query": "boats", "docid": "3809", "rank": "7", "page": "1"}
{"type": "cursorEnteredSnippet", "timestamp": "2026-02-25T10:22:06.060Z", "sessionID": "ada2bcb7-5bf9-4a88-a629-70844920aded", "query": "boats", "docid": "6588", "rank": "8", "page": "1"}
{"type": "cursorLeftSnippet", "timestamp": "2026-02-25T10:22:06.127Z", "sessionID": "ada2bcb7-5bf9-4a88-a629-70844920aded", "query": "boats", "docid": "6588", "rank": "8", "page": "1"}
{"type": "cursorEnteredSnippet", "timestamp": "2026-02-25T10:22:06.127Z", "sessionID": "ada2bcb7-5bf9-4a88-a629-70844920aded", "query": "boats", "docid": "7051", "rank": "9", "page": "1"}
{"type": "cursorLeftSnippet", "timestamp": "2026-02-25T10:22:06.710Z", "sessionID": "ada2bcb7-5bf9-4a88-a629-70844920aded", "query": "boats", "docid": "7051", "rank": "9", "page": "1"}
{"type": "cursorEnteredSnippet", "timestamp": "2026-02-25T10:22:06.710Z", "sessionID": "ada2bcb7-5bf9-4a88-a629-70844920aded", "query": "boats", "docid": "6588", "rank": "8", "page": "1"}
{"type": "cursorLeftSnippet", "timestamp": "2026-02-25T10:22:06.743Z", "sessionID": "ada2bcb7-5bf9-4a88-a629-70844920aded", "query": "boats", "docid": "6588", "rank": "8", "page": "1"}
{"type": "cursorEnteredSnippet", "timestamp": "2026-02-25T10:22:07.710Z", "sessionID": "ada2bcb7-5bf9-4a88-a629-70844920aded", "query": "boats", "docid": "3809", "rank": "7", "page": "1"}
{"type": "cursorLeftSnippet", "timestamp": "2026-02-25T10:22:07.809Z", "sessionID": "ada2bcb7-5bf9-4a88-a629-70844920aded", "query": "boats", "docid": "3809", "rank": "7", "page": "1"}
{"type": "queryBoxFocused", "timestamp": "2026-02-25T10:22:08.447Z", "sessionID": "ada2bcb7-5bf9-4a88-a629-70844920aded"}
{"type": "querySubmitted", "timestamp": "2026-02-25T10:22:10.560Z", "sessionID": "ada2bcb7-5bf9-4a88-a629-70844920aded", "query": "goat"}
{"type": "searchResultGenerated", "timestamp": "2026-02-25T10:22:10.887Z", "sessionID": "ada2bcb7-5bf9-4a88-a629-70844920aded", "query": "goat", "docid": "3233", "rank": "1", "page": "1", "url": "https://www.africanstorybook.org/#", "windowLocation": "http://localhost:7001/result?query=goat&page=1"}
{"type": "searchResultGenerated", "timestamp": "2026-02-25T10:22:10.888Z", "sessionID": "ada2bcb7-5bf9-4a88-a629-70844920aded", "query": "goat", "docid": "2775", "rank": "2", "page": "1", "url": "https://www.africanstorybook.org/", "windowLocation": "http://localhost:7001/result?query=goat&page=1"}
{"type": "searchResultGenerated", "timestamp": "2026-02-25T10:22:10.888Z", "sessionID": "ada2bcb7-5bf9-4a88-a629-70844920aded", "query": "goat", "docid": "5312", "rank": "3", "page": "1", "url": "http://www.gutenberg.org/files/42157/42157-h/42157-h.htm#Page_234", "windowLocation": "http://localhost:7001/result?query=goat&page=1"}
{"type": "searchResultGenerated", "timestamp": "2026-02-25T10:22:10.889Z", "sessionID": "ada2bcb7-5bf9-4a88-a629-70844920aded", "query": "goat", "docid": "7043", "rank": "4", "page": "1", "url": "http://www.gutenberg.org/files/25359/25359-h/25359-h.htm#OEYVIND", "windowLocation": "http://localhost:7001/result?query=goat&page=1"}
{"type": "searchResultGenerated", "timestamp": "2026-02-25T10:22:10.889Z", "sessionID": "ada2bcb7-5bf9-4a88-a629-70844920aded", "query": "goat", "docid": "3300", "rank": "5", "page": "1", "url": "https://www.africanstorybook.org/#", "windowLocation": "http://localhost:7001/result?query=goat&page=1"}
{"type": "searchResultGenerated", "timestamp": "2026-02-25T10:22:10.890Z", "sessionID": "ada2bcb7-5bf9-4a88-a629-70844920aded", "query": "goat", "docid": "5718", "rank": "6", "page": "1", "url": "http://www.gutenberg.org/files/24943/24943-h/24943-h.htm#Page_165", "windowLocation": "http://localhost:7001/result?query=goat&page=1"}
{"type": "searchResultGenerated", "timestamp": "2026-02-25T10:22:10.890Z", "sessionID": "ada2bcb7-5bf9-4a88-a629-70844920aded", "query": "goat", "docid": "7215", "rank": "7", "page": "1", "url": "http://www.gutenberg.org/files/15659/15659-h/15659-h.htm#THE_WOLF_AND_THE_SEVEN_YOUNG_KIDS", "windowLocation": "http://localhost:7001/result?query=goat&page=1"}
{"type": "searchResultGenerated", "timestamp": "2026-02-25T10:22:10.891Z", "sessionID": "ada2bcb7-5bf9-4a88-a629-70844920aded", "query": "goat", "docid": "3208", "rank": "8", "page": "1", "url": "https://www.africanstorybook.org/", "windowLocation": "http://localhost:7001/result?query=goat&page=1"}
{"type": "searchResultGenerated", "timestamp": "2026-02-25T10:22:10.892Z", "sessionID": "ada2bcb7-5bf9-4a88-a629-70844920aded", "query": "goat", "docid": "3270", "rank": "9", "page": "1", "url": "https://www.africanstorybook.org/#", "windowLocation": "http://localhost:7001/result?query=goat&page=1"}
{"type": "searchResultGenerated", "timestamp": "2026-02-25T10:22:10.892Z", "sessionID": "ada2bcb7-5bf9-4a88-a629-70844920aded", "query": "goat", "docid": "6767", "rank": "10", "page": "1", "url": "http://www.gutenberg.org/files/23462/23462-h/23462-h.htm#Page_11", "windowLocation": "http://localhost:7001/result?query=goat&page=1"}
{"type": "searchResultGenerated", "timestamp": "2026-02-25T10:22:12.454Z", "sessionID": "ada2bcb7-5bf9-4a88-a629-70844920aded", "query": "boats", "docid": "7248", "rank": "1", "page": "1", "url": "http://www.gutenberg.org/files/8504/8504-h/8504-h.htm#5", "windowLocation": "http://localhost:7001/result?query=boats&page=1"}
{"type": "searchResultGenerated", "timestamp": "2026-02-25T10:22:12.455Z", "sessionID": "ada2bcb7-5bf9-4a88-a629-70844920aded", "query": "boats", "docid": "1102", "rank": "2", "page": "1", "url": "http://www.gutenberg.org/files/22168/22168-h/22168-h.htm#h2H_4_0007", "windowLocation": "http://localhost:7001/result?query=boats&page=1"}
{"type": "searchResultGenerated", "timestamp": "2026-02-25T10:22:12.456Z", "sessionID": "ada2bcb7-5bf9-4a88-a629-70844920aded", "query": "boats", "docid": "5775", "rank": "3", "page": "1", "url": "http://www.gutenberg.org/files/24477/24477-h/24477-h.htm#Page_110", "windowLocation": "http://localhost:7001/result?query=boats&page=1"}
{"type": "searchResultGenerated", "timestamp": "2026-02-25T10:22:12.456Z", "sessionID": "ada2bcb7-5bf9-4a88-a629-70844920aded", "query": "boats", "docid": "5855", "rank": "4", "page": "1", "url": "http://www.online-literature.com/wilkie-collins/rambles-beyond-railways/0/", "windowLocation": "http://localhost:7001/result?query=boats&page=1"}
{"type": "searchResultGenerated", "timestamp": "2026-02-25T10:22:12.457Z", "sessionID": "ada2bcb7-5bf9-4a88-a629-70844920aded", "query": "boats", "docid": "3758", "rank": "5", "page": "1", "url": "http://www.gutenberg.org/files/38750/38750-h/38750-h.htm#Page_290", "windowLocation": "http://localhost:7001/result?query=boats&page=1"}
{"type": "searchResultGenerated", "timestamp": "2026-02-25T10:22:12.458Z", "sessionID": "ada2bcb7-5bf9-4a88-a629-70844920aded", "query": "boats", "docid": "5524", "rank": "6", "page": "1", "url": "http://www.gutenberg.org/files/28130/28130-h/28130-h.htm#Page_47", "windowLocation": "http://localhost:7001/result?query=boats&page=1"}
{"type": "searchResultGenerated", "timestamp": "2026-02-25T10:22:12.458Z", "sessionID": "ada2bcb7-5bf9-4a88-a629-70844920aded", "query": "boats", "docid": "3809", "rank": "7", "page": "1", "url": "http://www.gutenberg.org/files/2591/2591-h/2591-h.htm", "windowLocation": "http://localhost:7001/result?query=boats&page=1"}
{"type": "searchResultGenerated", "timestamp": "2026-02-25T10:22:12.459Z", "sessionID": "ada2bcb7-5bf9-4a88-a629-70844920aded", "query": "boats", "docid": "6588", "rank": "8", "page": "1", "url": "http://www.gutenberg.org/files/13577/13577-h/13577-h.htm", "windowLocation": "http://localhost:7001/result?query=boats&page=1"}
{"type": "searchResultGenerated", "timestamp": "2026-02-25T10:22:12.460Z", "sessionID": "ada2bcb7-5bf9-4a88-a629-70844920aded", "query": "boats", "docid": "7051", "rank": "9", "page": "1", "url": "http://www.gutenberg.org/files/20117/20117-h/20117-h.htm#A_COAT_OF_PAINT", "windowLocation": "http://localhost:7001/result?query=boats&page=1"}
{"type": "searchResultGenerated", "timestamp": "2026-02-25T10:22:12.461Z", "sessionID": "ada2bcb7-5bf9-4a88-a629-70844920aded", "query": "boats", "docid": "1201", "rank": "10", "page": "1", "url": "http://www.gutenberg.org/files/21137/21137-h/21137-h.htm", "windowLocation": "http://localhost:7001/result?query=boats&page=1"}
{"type": "cursorEnteredSnippet", "timestamp": "2026-02-25T10:22:13.210Z", "sessionID": "ada2bcb7-5bf9-4a88-a629-70844920aded", "query": "boats", "docid": "3809", "rank": "7", "page": "1"}
{"type": "cursorLeftSnippet", "timestamp": "2026-02-25T10:22:13.760Z", "sessionID": "ada2bcb7-5bf9-4a88-a629-70844920aded", "query": "boats", "docid": "3809", "rank": "7", "page": "1"}
{"type": "ClickedEndTask", "timestamp": "2026-02-25T10:22:14.209Z", "sessionID": "ada2bcb7-5bf9-4a88-a629-70844920aded"}
{"type": "TaskEndConfirmed", "timestamp": "2026-02-25T10:22:15.157Z", "sessionID": "ada2bcb7-5bf9-4a88-a629-70844920aded"}
