{"type": "TaskStarted", "timestamp": "2026-02-24T13:29:21.053Z", "sessionID": "5c3a48cd-84c4-49d1-a332-ac3e445f9178"}
{"type": "idSubmitted", "timestamp": "2026-02-24T13:29:21.056Z", "sessionID": "5c3a48cd-84c4-49d1-a332-ac3e445f9178", "uid": "Participant30"}
{"type": "queryBoxFocused", "timestamp": "2026-02-24T13:29:22.869Z", "sessionID": "5c3a48cd-84c4-49d1-a332-ac3e445f9178"}
{"type": "querySubmitted", "timestamp": "2026-02-24T13:29:24.947Z", "sessionID": "5c3a48cd-84c4-49d1-a332-ac3e445f9178", "query": "ducks"}
{"type": "queryBoxFocused", "timestamp": "2026-02-24T13:29:29.625Z", "sessionID": "5c3a48cd-84c4-49d1-a332-ac3e445f9178"}
{"type": "querySubmitted", "timestamp": "2026-02-24T13:29:34.203Z", "sessionID": "5c3a48cd-84c4-49d1-a332-ac3e445f9178", "query": "parrot"}
{"type": "searchResultGenerated", "timestamp": "2026-02-24T13:29:34.458Z", "sessionID": "5c3a48cd-84c4-49d1-a332-ac3e445f9178", "query": "parrot", "docid": "5255", "rank": "1", "page": "1", "url": "http://www.gutenberg.org/files/42161/42161-h/42161-h.htm#Page_353", "windowLocation": "http://localhost:7001/result?query=parrot&page=1"}
{"type": "searchResultGenerated", "timestamp": "2026-02-24T13:29:34.458Z", "sessionID": "5c3a48cd-84c4-49d1-a332-ac3e445f9178", "query": "parrot", "docid": "5659", "rank": "2", "page": "1", "url": "http://www.gutenberg.org/files/19821/19821-h/19821-h.htm#parrot", "windowLocation": "http://localhost:7001/result?query=parrot&page=1"}
{"type": "searchResultGenerated", "timestamp": "2026-02-24T13:29:34.458Z", "sessionID": "5c3a48cd-84c4-49d1-a332-ac3e445f9178", "query": "parrot", "docid": "6794", "rank": "3", "page": "1", "url": "http://www.gutenberg.org/files/957/957-h/957-h.htm", "windowLocation": "http://localhost:7001/result?query=parrot&page=1"}
{"type": "searchResultGenerated", "timestamp": "2026-02-24T13:29:34.458Z", "sessionID": "5c3a48cd-84c4-49d1-a332-ac3e445f9178", "query": "parrot", "docid": "5626", "rank": "4", "page": "1", "url": "http://www.gutenberg.org/files/19821/19821-h/19821-h.htm#tug", "windowLocation": "http://localhost:7001/result?query=parrot&page=1"}
{"type": "searchResultGenerated", "timestamp": "2026-02-24T13:29:34.458Z", "sessionID": "5c3a48cd-84c4-49d1-a332-ac3e445f9178", "query": "parrot", "docid": "3221", "rank": "5", "page": "1", "url": "https://www.digitallibrary.io/en/books/details/3809", "windowLocation": "http://localhost:7001/result?query=parrot&page=1"}
{"type": "searchResultGenerated", "timestamp": "2026-02-24T13:29:34.458Z", "sessionID": "5c3a48cd-84c4-49d1-a332-ac3e445f9178", "query": "parrot", "docid": "3379", "rank": "6", "page": "1", "url": "https://www.africanstorybook.org/", "windowLocation": "http://localhost:7001/result?query=parrot&page=1"}
{"type": "searchResultGenerated", "timestamp": "2026-02-24T13:29:34.458Z", "sessionID": "5c3a48cd-84c4-49d1-a332-ac3e445f9178", "query": "parrot", "docid": "3282", "rank": "7", "page": "1", "url": "https://www.digitallibrary.io/en/books/details/3704", "windowLocation": "http://localhost:7001/result?query=parrot&page=1"}
{"type": "searchResultGenerated", "timestamp": "2026-02-24T13:29:34.458Z", "sessionID": "5c3a48cd-84c4-49d1-a332-ac3e445f9178", "query": "parrot", "docid": "3144", "rank": "8", "page": "1", "url": "https://freekidsbooks.org/wp-content/uploads/2019/12/FKB-kids-stories-dive.pdf", "windowLocation": "http://localhost:7001/result?query=parrot&page=1"}
{"type": "cursorEnteredSnippet", "timestamp": "2026-02-24T13:29:35.157Z", "sessionID": "5c3a48cd-84c4-49d1-a332-ac3e445f9178", "query": "parrot", "docid": "5255", "rank": "1", "page": "1"}
{"type": "cursorLeftSnippet", "timestamp": "2026-02-24T13:29:35.324Z", "sessionID": "5c3a48cd-84c4-49d1-a332-ac3e445f9178", "query": "parrot", "docid": "5255", "rank": "1", "page": "1"}
{"type": "cursorEnteredSnippet", "timestamp": "2026-02-24T13:29:36.221Z", "sessionID": "5c3a48cd-84c4-49d1-a332-ac3e445f9178", "query": "parrot", "docid": "6794", "rank": "3", "page": "1"}
{"type": "cursorLeftSnippet", "timestamp": "2026-02-24T13:29:37.458Z", "sessionID": "5c3a48cd-84c4-49d1-a332-ac3e445f9178", "query": "parrot", "docid": "6794", "rank": "3", "page": "1"}
{"type": "cursorEnteredSnippet", "timestamp": "2026-02-24T13:29:37.459Z", "sessionID": "5c3a48cd-84c4-49d1-a332-ac3e445f9178", "query": "parrot", "docid": "3221", "rank": "5", "page": "1"}
{"type": "cursorLeftSnippet", "timestamp": "2026-02-24T13:29:37.741Z", "sessionID": "5c3a48cd-84c4-49d1-a332-ac3e445f9178", "query": "parrot", "docid": "3221", "rank": "5", "page": "1"}
{"type": "cursorEnteredSnippet", "timestamp": "2026-02-24T13:29:37.774Z", "sessionID": "5c3a48cd-84c4-49d1-a332-ac3e445f9178", "query": "parrot", "docid": "3379", "rank": "6", "page": "1"}
{"type": "clickedResult", "timestamp": "2026-02-24T13:29:38.062Z", "sessionID": "5c3a48cd-84c4-49d1-a332-ac3e445f9178", "query": "parrot", "rank": "6", "page": "1", "url": "https://www.africanstorybook.org/"}
{"type": "cursorLeftSnippet", "timestamp": "2026-02-24T13:29:38.207Z", "sessionID": "5c3a48cd-84c4-49d1-a332-ac3e445f9178", "query": "parrot", "docid": "3379", "rank": "6", "page": "1"}
{"type": "cursorEnteredSnippet", "timestamp": "2026-02-24T13:29:38.241Z", "sessionID": "5c3a48cd-84c4-49d1-a332-ac3e445f9178", "query": "parrot", "docid": "3221", "rank": "5", "page": "1"}
{"type": "cursorLeftSnippet", "timestamp": "2026-02-24T13:29:38.290Z", "sessionID": "5c3a48cd-84c4-49d1-a332-ac3e445f9178", "query": "parrot", "docid": "3221", "rank": "5", "page": "1"}
{"type": "searchResultGenerated", "timestamp": "2026-02-24T13:29:42.063Z", "sessionID": "5c3a48cd-84c4-49d1-a332-ac3e445f9178", "query": "parrot", "docid": "5255", "rank": "1", "page": "1", "url": "http://www.gutenberg.org/files/42161/42161-h/42161-h.htm#Page_353", "windowLocation": "http://localhost:7001/result?query=parrot&page=1"}
{"type": "searchResultGenerated", "timestamp": "2026-02-24T13:29:42.063Z", "sessionID": "5c3a48cd-84c4-49d1-a332-ac3e445f9178", "query": "parrot", "docid": "5659", "rank": "2", "page": "1", "url": "http://www.gutenberg.org/files/19821/19821-h/19821-h.htm#parrot", "windowLocation": "http://localhost:7001/result?query=parrot&page=1"}
{"type": "searchResultGenerated", "timestamp": "2026-02-24T13:29:42.064Z", "sessionID": "5c3a48cd-84c4-49d1-a332-ac3e445f9178", "query": "parrot", "docid": "6794", "rank": "3", "page": "1", "url": "http://www.gutenberg.org/files/957/957-h/957-h.htm", "windowLocation": "http://localhost:7001/result?query=parrot&page=1"}
{"type": "searchResultGenerated", "timestamp": "2026-02-24T13:29:42.064Z", "sessionID": "5c3a48cd-84c4-49d1-a332-ac3e445f9178", "query": "parrot", "docid": "5626", "rank": "4", "page": "1", "url": "http://www.gutenberg.org/files/19821/19821-h/19821-h.htm#tug", "windowLocation": "http://localhost:7001/result?query=parrot&page=1"}
{"type": "searchResultGenerated", "timestamp": "2026-02-24T13:29:42.064Z", "sessionID": "5c3a48cd-84c4-49d1-a332-ac3e445f9178", "query": "parrot", "docid": "3221", "rank": "5", "page": "1", "url": "https://www.digitallibrary.io/en/books/details/3809", "windowLocation": "http://localhost:7001/result?query=parrot&page=1"}
{"type": "searchResultGenerated", "timestamp": "2026-02-24T13:29:42.064Z", "sessionID": "5c3a48cd-84c4-49d1-a332-ac3e445f9178", "query": "parrot", "docid": "3379", "rank": "6", "page": "1", "url": "https://www.africanstorybook.org/", "windowLocation": "http://localhost:7001/result?query=parrot&page=1"}
{"type": "searchResultGenerated", "timestamp": "2026-02-24T13:29:42.064Z", "sessionID": "5c3a48cd-84c4-49d1-a332-ac3e445f9178", "query": "parrot", "docid": "3282", "rank": "7", "page": "1", "url": "https://www.digitallibrary.io/en/books/details/3704", "windowLocation": "http://localhost:7001/result?query=parrot&page=1"}
{"type": "searchResultGenerated", "timestamp": "2026-02-24T13:29:42.064Z", "sessionID": "5c3a48cd-84c4-49d1-a332-ac3e445f9178", "query": "parrot", "docid": "3144", "rank": "8", "page": "1", "url": "https://freekidsbooks.org/wp-content/uploads/2019/12/FKB-kids-stories-dive.pdf", "windowLocation": "http://localhost:7001/result?query=parrot&page=1"}
{"type": "ClickedEndTask", "timestamp": "2026-02-24T13:29:43.238Z", "sessionID": "5c3a48cd-84c4-49d1-a332-ac3e445f9178"}
{"type": "TaskEndConfirmed", "timestamp": "2026-02-24T13:29:44.199Z", "sessionID": "5c3a48cd-84c4-49d1-a332-ac3e445f9178"}
